
There are no discarded input sections

Memory Configuration

Name             Origin             Length             Attributes
ROM              0x00000000         0x00010000         xr
RAM              0x00080000         0x00100000         xrw
*default*        0x00000000         0xffffffff

Linker script and memory map


.vectors        0x00000000      0x2c0
                0x00000000                        . = ALIGN (0x2)
 *(.vectors)
 .vectors       0x00000000      0x2c0 vbug2-2.o

.jumptable      0x00000400        0x0
 *(.jumptable)
 .jumptable     0x00000400        0x0 vbug2-2.o

.text           0x00001000      0x212
                0x00001000                        _start = .
 *(.text .text.*)
 .text          0x00001000      0x212 vbug2-2.o
                0x00001212                        . = ALIGN (0x2)
                0x00001212                        _start_end = .

.code           0x00001212      0x922
 .code          0x00001212      0x922 vbug2-2.o

.rodata         0x00001b34      0x9f4
 *(.rodata .rodata.*)
 .rodata        0x00001b34      0x9f4 vbug2-2.o
                0x00001b34                _OE_BASE_KEYMAP
                0x00001bb4                _OE_SHIFT_KEYMAP
                0x00001c34                _OE_CTRL_KEYMAP
                0x00001cb4                _OE_ALT_KEYMAP
                0x00001d34                _OE_ALTGR_KEYMAP
                0x00002528                        . = ALIGN (0x2)

.data           0x00002528      0x55e
                0x00002528                        __data_load = LOADADDR (.data)
                0x00002528                        __data_start = .
 *(.data .data.*)
 .data          0x00002528      0x55e vbug2-2.o
                0x00002a86                        . = ALIGN (0x2)
                0x00002a86                        __data_end = .

DATA            0x00002a88     0x2000
 DATA           0x00002a88     0x2000 vbug2-2.o

.checksum       0x00004a88        0x4
                0x00004a88                        . = ALIGN (0x2)
                0x00004a88                        __checksum_addr = .
                0x00004a88        0x4 LONG 0x0

.bss            0x00080000      0x6a2
                0x00080000                        __bss_start = .
 *(.bss .bss.*)
 .bss           0x00080000      0x6a2 vbug2-2.o
 *(COMMON)
                0x000806a2                        . = ALIGN (0x2)
                0x000806a2                        __bss_end = .

/DISCARD/
 *(.comment)
 *(.note.*)
LOAD vbug2-2.o
OUTPUT(vbug2-2.elf elf32-m68k)
