Archive member included to satisfy reference by file (symbol)

../../lib/libmc68000.a(strchr.o)
                              ./fatfs/ff.o (strchr)
../../lib/libmc68000.a(memcpy.o)
                              ./fatfs/ff.o (memcpy)
../../lib/libmc68000.a(memcmp.o)
                              ./fatfs/ff.o (memcmp)
../../lib/libmc68000.a(memset.o)
                              ./kbd/drv_kbd.o (memset)
../../lib/libmc68000.a(putchar.o)
                              vbug2-1.o (putchar)
../../lib/libmc68000.a(printf.o)
                              vbug2-1.o (printf)
../../lib/libmc68000.a(__mulsi3.o)
                              ./fatfs/ff.o (__mulsi3)
../../lib/libmc68000.a(__udivsi3.o)
                              ./fatfs/ff.o (__udivsi3)
../../lib/libmc68000.a(strlen.o)
                              ../../lib/libmc68000.a(printf.o) (strlen)
../../lib/libmc68000.a(puts.o)
                              ../../lib/libmc68000.a(printf.o) (puts)

Discarded input sections

 .comment       0x00000000       0x13 vbug2-1.o
 .comment       0x00000000       0x13 vectors.o
 .comment       0x00000000       0x13 console.o
 .comment       0x00000000       0x13 ./dump/mem_dump.o
 .comment       0x00000000       0x13 ./kbd/drv_kbd.o
 .comment       0x00000000       0x13 ./picoVga/drv_picoVga.o
 .comment       0x00000000       0x13 ./xmodem/xmodem.o
 .comment       0x00000000       0x13 ./uarts/drv_uart0.o
 .comment       0x00000000       0x13 ./ide/ata.o
 .comment       0x00000000       0x13 ./fatfs/diskio.o
 .comment       0x00000000       0x13 ./fatfs/ff.o
 .comment       0x00000000       0x13 ./tst_fat/tstfat.o
 .comment       0x00000000       0x13 ./tst_fat/ler_joblog.o
 .comment       0x00000000       0x13 timers.o
 .comment       0x00000000       0x13 interrupt.o
 .comment       0x00000000       0x13 ../../lib/libmc68000.a(strchr.o)
 .comment       0x00000000       0x13 ../../lib/libmc68000.a(memcpy.o)
 .comment       0x00000000       0x13 ../../lib/libmc68000.a(memcmp.o)
 .comment       0x00000000       0x13 ../../lib/libmc68000.a(memset.o)
 .comment       0x00000000       0x13 ../../lib/libmc68000.a(putchar.o)
 .comment       0x00000000       0x13 ../../lib/libmc68000.a(printf.o)
 .comment       0x00000000       0x13 ../../lib/libmc68000.a(__mulsi3.o)
 .comment       0x00000000       0x13 ../../lib/libmc68000.a(__udivsi3.o)
 .comment       0x00000000       0x13 ../../lib/libmc68000.a(strlen.o)
 .comment       0x00000000       0x13 ../../lib/libmc68000.a(puts.o)

Memory Configuration

Name             Origin             Length             Attributes
ROM              0x00000000         0x00010000         xr
RAM              0x00080000         0x00080000         xrw
*default*        0x00000000         0xffffffff

Linker script and memory map

                0x00000000                        . = 0x0

.vectors        0x00000000        0x0
 *(.vectors)
                0x00000000                        . = ALIGN (0x400)

.text           0x00000000     0x4838
                0x00000000                        . = ALIGN (0x2)
 *(.text*)
 .text          0x00000000      0x1c6 ../../obj/vbu2-1_startup.o
                0x000000c0                _start
                0x0000012e                UartWrCh
                0x00000156                uart0_initialize
 *fill*         0x000001c6        0x2 
 .text          0x000001c8       0x92 vbug2-1.o
                0x000001c8                executar_xmodem
                0x000001dc                clr_flg_program_loaded
                0x000001f0                set_flg_program_loaded
                0x00000202                get_flg_program_loaded
                0x00000210                print_msg
                0x00000232                write_string
 .text.startup  0x0000025a      0x2ec vbug2-1.o
                0x0000025a                main
 *fill*         0x00000546        0x2 
 .text          0x00000548       0x94 vectors.o
                0x00000548                TRAP14_Handler
                0x000005c4                get_system_tick
 .text          0x000005dc       0x22 console.o
                0x000005dc                set_console_output
                0x000005ea                set_console_input
                0x000005f8                enable_interrupts
 *fill*         0x000005fe        0x2 
 .text          0x00000600      0x322 ./dump/mem_dump.o
                0x00000600                dump_memory
                0x00000782                dump_memory2
 *fill*         0x00000922        0x2 
 .text          0x00000924      0x5c2 ./kbd/drv_kbd.o
                0x000009fa                liga_debug
                0x00000a10                init_kbd
                0x00000a90                get_packet
                0x00000d38                get_kbd_key
                0x00000dee                ch9350_shut_up
                0x00000e4c                get_char
                0x00000ec8                print_capslock
 *fill*         0x00000ee6        0x2 
 .text          0x00000ee8       0xbe ./picoVga/drv_picoVga.o
                0x00000ee8                init_picoVga
                0x00000eea                run_cmd
                0x00000efe                picovga_putchar
                0x00000f08                picovga_gotoxy
                0x00000f5c                picovga_gohome
                0x00000f68                picovga_set_color
                0x00000f90                clrscr
 *fill*         0x00000fa6        0x2 
 .text          0x00000fa8       0x4e ./xmodem/xmodem.o
                0x00000fa8                xmodem_loader
 *fill*         0x00000ff6        0x2 
 .text          0x00000ff8      0x198 ./uarts/drv_uart0.o
                0x00000ff8                uart0_debug_char
                0x00001010                uart0_init
                0x00001040                uart0_write
                0x00001072                uart0_read
                0x0000109a                uart0_read_timeout
                0x000010fe                _inbyte
                0x00001150                _outbyte
                0x00001168                uart0_write_string
                0x0000118e                uart0_flush
 .text          0x00001190      0x2fe ./ide/ata.o
                0x00001190                ata_detect
                0x000011ea                ata_read_sector
                0x000012ae                ata_write_sector
                0x000013ae                read_partition_table
                0x000013f2                ata_init
                0x0000147a                ata_disk_status
                0x00001484                ata_disk_initialize
 *fill*         0x0000148e        0x2 
 .text          0x00001490      0x108 ./fatfs/diskio.o
                0x00001490                disk_status
                0x00001498                disk_initialize
                0x000014a0                disk_read
                0x000014f4                disk_write
                0x00001524                disk_ioctl
 .text          0x00001598     0x246e ./fatfs/ff.o
                0x000026f0                f_mount
                0x00002758                f_open
                0x000029fc                f_read
                0x00002c0a                f_write
                0x00002e68                f_sync
                0x00002f6a                f_close
                0x00002f9c                f_lseek
                0x000031c4                f_opendir
                0x0000325e                f_closedir
                0x0000327e                f_readdir
                0x00003314                f_stat
                0x00003390                f_getfree
                0x000034a8                f_truncate
                0x000035be                f_unlink
                0x000036c2                f_mkdir
                0x0000386e                f_rename
 *fill*         0x00003a06        0x2 
 .text          0x00003a08      0x20c ./tst_fat/tstfat.o
                0x00003a08                listar_diretorio_raiz
                0x00003b08                abrir_arquivo
 .text          0x00003c14      0x130 ./tst_fat/ler_joblog.o
                0x00003c14                ler_e_exibir_joblog
 .text          0x00003d44       0x22 timers.o
                0x00003d44                delay10ms
 *fill*         0x00003d66        0x2 
 .text          0x00003d68        0x0 interrupt.o
 .text          0x00003d68      0x168 ./xmodem/xmodem_asm.o
                0x00003da6                xmodem_receive
 .text          0x00003ed0       0x7c vectors_asm.o
                0x00003ed0                SvcBusError
                0x00003ed0                TrapFHandler
                0x00003ed0                SpuriousHandler
                0x00003ed0                Int4Handler
                0x00003ed0                SvcTrace
                0x00003ed0                TrapBHandler
                0x00003ed0                Int1Handler
                0x00003ed0                TrapAHandler
                0x00003ed0                SvcChkIns
                0x00003ed0                Trap4Handler
                0x00003ed0                Trap9Handler
                0x00003ed0                Int5Handler
                0x00003ed0                SvcDiv0_handler
                0x00003ed0                Int7Handler
                0x00003ed0                SvcIllegalIns
                0x00003ed0                SvcLineA
                0x00003ed0                SvcPrivViolation
                0x00003ed0                Trap8Handler
                0x00003ed0                Int6Handler
                0x00003ed0                Trap2Handler
                0x00003ed0                bad_exception
                0x00003ed0                Int3Handler
                0x00003ed0                Trap3Handler
                0x00003ed0                Svcaddress_err
                0x00003ed0                Trap7Handler
                0x00003ed0                Trap0Handler
                0x00003ed0                SvcLineF
                0x00003ed0                TrapCHandler
                0x00003ed0                SvcTrapvIns
                0x00003ed0                Trap5Handler
                0x00003ed0                Trap6Handler
                0x00003ed2                TrapDHandler
                0x00003ed4                Int2Handler
                0x00003ee6                Trap1Handler
                0x00003f36                TrapEHandler
 .text          0x00003f4c       0x1c ../../lib/libmc68000.a(strchr.o)
                0x00003f4c                strchr
 .text          0x00003f68       0x1e ../../lib/libmc68000.a(memcpy.o)
                0x00003f68                memcpy
 *fill*         0x00003f86        0x2 
 .text          0x00003f88       0x3e ../../lib/libmc68000.a(memcmp.o)
                0x00003f88                memcmp
 *fill*         0x00003fc6        0x2 
 .text          0x00003fc8       0x16 ../../lib/libmc68000.a(memset.o)
                0x00003fc8                memset
 *fill*         0x00003fde        0x2 
 .text          0x00003fe0       0x1a ../../lib/libmc68000.a(putchar.o)
                0x00003fe0                putchar
 *fill*         0x00003ffa        0x2 
 .text          0x00003ffc      0x3a6 ../../lib/libmc68000.a(printf.o)
                0x00003ffc                itox
                0x00004046                itodec
                0x000040a4                itooct
                0x000040ea                itoudec
                0x0000413c                pad_zeros
                0x00004180                printf
 *fill*         0x000043a2        0x2 
 .text          0x000043a4       0x36 ../../lib/libmc68000.a(__mulsi3.o)
                0x000043a4                __mulsi3
 *fill*         0x000043da        0x2 
 .text          0x000043dc       0x3a ../../lib/libmc68000.a(__udivsi3.o)
                0x000043dc                __udivsi3
 *fill*         0x00004416        0x2 
 .text          0x00004418       0x12 ../../lib/libmc68000.a(strlen.o)
                0x00004418                strlen
 *fill*         0x0000442a        0x2 
 .text          0x0000442c       0x26 ../../lib/libmc68000.a(puts.o)
                0x0000442c                puts
 *(.rodata)
 .rodata        0x00004452       0xbd vbug2-1.o
                0x00004452                MsgOrionInit
 .rodata        0x0000450f      0x280 ./kbd/drv_kbd.o
                0x0000450f                OE_ALTGR_KEYMAP
                0x0000458f                OE_ALT_KEYMAP
                0x0000460f                OE_CTRL_KEYMAP
                0x0000468f                OE_SHIFT_KEYMAP
                0x0000470f                OE_BASE_KEYMAP
 .rodata        0x0000478f       0x80 ./fatfs/ff.o
 *fill*         0x0000480f        0x1 
 .rodata        0x00004810       0x28 ../../lib/libmc68000.a(printf.o)
                0x00004838                        . = ALIGN (0x2)

.rodata         0x00004838      0x8de
                0x00004838                        . = ALIGN (0x2)
 *(.rodata*)
 .rodata.str1.1
                0x00004838      0x8dd vbug2-1.o
                                0x292 (size before relaxing)
 .rodata.str1.1
                0x00005115       0x51 vectors.o
 .rodata.str1.1
                0x00005115      0x202 ./dump/mem_dump.o
 .rodata.str1.1
                0x00005115       0x4d ./kbd/drv_kbd.o
 .rodata.str1.1
                0x00005115       0x63 ./xmodem/xmodem.o
 .rodata.str1.1
                0x00005115       0xa0 ./uarts/drv_uart0.o
 .rodata.str1.1
                0x00005115       0xd8 ./ide/ata.o
 .rodata.str1.1
                0x00005115       0x18 ./fatfs/ff.o
 .rodata.str1.1
                0x00005115      0x173 ./tst_fat/tstfat.o
 .rodata.str1.1
                0x00005115      0x178 ./tst_fat/ler_joblog.o
 .rodata.str1.1
                0x00005115       0x20 ../../lib/libmc68000.a(printf.o)
                0x00005318                        . = ALIGN (0x2)
 *fill*         0x00005115        0x1 

.data           0x00080000        0x0 load address 0x00005116
                0x00080000                        . = ALIGN (0x2)
                0x00080000                        __data_start = .
 *(.data*)
 .data          0x00080000        0x0 ../../obj/vbu2-1_startup.o
 .data          0x00080000        0x0 vbug2-1.o
 .data          0x00080000        0x0 vectors.o
 .data          0x00080000        0x0 console.o
 .data          0x00080000        0x0 ./dump/mem_dump.o
 .data          0x00080000        0x0 ./kbd/drv_kbd.o
 .data          0x00080000        0x0 ./picoVga/drv_picoVga.o
 .data          0x00080000        0x0 ./xmodem/xmodem.o
 .data          0x00080000        0x0 ./uarts/drv_uart0.o
 .data          0x00080000        0x0 ./ide/ata.o
 .data          0x00080000        0x0 ./fatfs/diskio.o
 .data          0x00080000        0x0 ./fatfs/ff.o
 .data          0x00080000        0x0 ./tst_fat/tstfat.o
 .data          0x00080000        0x0 ./tst_fat/ler_joblog.o
 .data          0x00080000        0x0 timers.o
 .data          0x00080000        0x0 interrupt.o
 .data          0x00080000        0x0 ./xmodem/xmodem_asm.o
 .data          0x00080000        0x0 vectors_asm.o
 .data          0x00080000        0x0 ../../lib/libmc68000.a(strchr.o)
 .data          0x00080000        0x0 ../../lib/libmc68000.a(memcpy.o)
 .data          0x00080000        0x0 ../../lib/libmc68000.a(memcmp.o)
 .data          0x00080000        0x0 ../../lib/libmc68000.a(memset.o)
 .data          0x00080000        0x0 ../../lib/libmc68000.a(putchar.o)
 .data          0x00080000        0x0 ../../lib/libmc68000.a(printf.o)
 .data          0x00080000        0x0 ../../lib/libmc68000.a(__mulsi3.o)
 .data          0x00080000        0x0 ../../lib/libmc68000.a(__udivsi3.o)
 .data          0x00080000        0x0 ../../lib/libmc68000.a(strlen.o)
 .data          0x00080000        0x0 ../../lib/libmc68000.a(puts.o)
                0x00080000                        . = ALIGN (0x2)
                0x00080000                        __data_end = .

.mram           0x00080000        0x8 load address 0x00005116
 *(?.mram)
 .mram          0x00080000        0x8 vbug2-1.o
                0x00080000                flg_system
                0x00080004                systemTick
                0x00005116                        __data_load_start = LOADADDR (.data)

.bss            0x00080008      0x688 load address 0x00005116
                0x00080008                        . = ALIGN (0x2)
                0x00080008                        __bss_start = .
 *(.bss*)
 .bss           0x00080008        0x0 ../../obj/vbu2-1_startup.o
 .bss           0x00080008        0x1 vbug2-1.o
                0x00080008                sys_flags
 *fill*         0x00080009        0x3 
 .bss           0x0008000c        0x0 vectors.o
 .bss           0x0008000c        0x8 console.o
                0x0008000c                cconout
                0x00080010                cconin
 .bss           0x00080014        0x0 ./dump/mem_dump.o
 .bss           0x00080014       0x3b ./kbd/drv_kbd.o
                0x00080014                debug_pkt
                0x00080015                mod_caps
                0x00080016                _CapsFlag
                0x00080017                special_key_status
                0x00080018                key_down
                0x00080019                key_up
                0x0008001a                special_key_down
                0x0008001b                special_key_up
                0x0008001c                type
                0x0008001d                length
                0x0008001e                cmd
                0x0008001f                key_buffer
 *fill*         0x0008004f        0x1 
 .bss           0x00080050        0x0 ./picoVga/drv_picoVga.o
 .bss           0x00080050        0x0 ./xmodem/xmodem.o
 .bss           0x00080050        0x0 ./uarts/drv_uart0.o
 .bss           0x00080050       0x28 ./ide/ata.o
                0x00080050                drives
 .bss           0x00080078       0x64 ./fatfs/diskio.o
 .bss           0x000800dc        0x8 ./fatfs/ff.o
 .bss           0x000800e4      0x27e ./tst_fat/tstfat.o
                0x000800e4                Fno
                0x000800fe                Dir
                0x0008012c                FatFs
 *fill*         0x00080362        0x2 
 .bss           0x00080364      0x2a8 ./tst_fat/ler_joblog.o
                0x00080364                buffer_leitura
 .bss           0x0008060c        0x0 timers.o
 .bss           0x0008060c        0x0 interrupt.o
 .bss           0x0008060c       0x84 ./xmodem/xmodem_asm.o
 .bss           0x00080690        0x0 vectors_asm.o
 .bss           0x00080690        0x0 ../../lib/libmc68000.a(strchr.o)
 .bss           0x00080690        0x0 ../../lib/libmc68000.a(memcpy.o)
 .bss           0x00080690        0x0 ../../lib/libmc68000.a(memcmp.o)
 .bss           0x00080690        0x0 ../../lib/libmc68000.a(memset.o)
 .bss           0x00080690        0x0 ../../lib/libmc68000.a(putchar.o)
 .bss           0x00080690        0x0 ../../lib/libmc68000.a(printf.o)
 .bss           0x00080690        0x0 ../../lib/libmc68000.a(__mulsi3.o)
 .bss           0x00080690        0x0 ../../lib/libmc68000.a(__udivsi3.o)
 .bss           0x00080690        0x0 ../../lib/libmc68000.a(strlen.o)
 .bss           0x00080690        0x0 ../../lib/libmc68000.a(puts.o)
 *(COMMON)
                0x00080690                        . = ALIGN (0x2)
                0x00080690                        __bss_end = .
                0x00100000                        _stack_end = 0x100000
                0x000fe000                        _stack_start = (_stack_end - 0x2000)

/DISCARD/
 *(.comment)
 *(.note*)
 *(.align*)
LOAD ../../obj/vbu2-1_startup.o
LOAD vbug2-1.o
LOAD vectors.o
LOAD console.o
LOAD ./dump/mem_dump.o
LOAD ./kbd/drv_kbd.o
LOAD ./picoVga/drv_picoVga.o
LOAD ./xmodem/xmodem.o
LOAD ./uarts/drv_uart0.o
LOAD ./ide/ata.o
LOAD ./fatfs/diskio.o
LOAD ./fatfs/ff.o
LOAD ./tst_fat/tstfat.o
LOAD ./tst_fat/ler_joblog.o
LOAD timers.o
LOAD interrupt.o
LOAD ./xmodem/xmodem_asm.o
LOAD vectors_asm.o
LOAD ../../lib/libmc68000.a
OUTPUT(vbug2-1.elf elf32-m68k)
