Archive member included to satisfy reference by file (symbol)

../../lib/libmc68000.a(printf.o)
                              vbug2-1.o (printf)
../../lib/libmc68000.a(strlen.o)
                              ../../lib/libmc68000.a(printf.o) (strlen)
../../lib/libmc68000.a(memset.o)
                              ../../lib/libmc68000.a(printf.o) (memset)
../../lib/libmc68000.a(putchar.o)
                              ../../lib/libmc68000.a(printf.o) (putchar)
../../lib/libmc68000.a(puts.o)
                              ../../lib/libmc68000.a(printf.o) (puts)

Discarded input sections

 .comment       0x00000000       0x13 vbug2-1.o
 .comment       0x00000000       0x13 drv_uart.o
 .comment       0x00000000       0x13 drv_kbd.o
 .comment       0x00000000       0x13 drv_picoVga.o
 .comment       0x00000000       0x13 vectors.o
 .comment       0x00000000       0x13 console.o
 .comment       0x00000000       0x13 ../../lib/libmc68000.a(printf.o)
 .comment       0x00000000       0x13 ../../lib/libmc68000.a(strlen.o)
 .comment       0x00000000       0x13 ../../lib/libmc68000.a(memset.o)
 .comment       0x00000000       0x13 ../../lib/libmc68000.a(putchar.o)
 .comment       0x00000000       0x13 ../../lib/libmc68000.a(puts.o)

Memory Configuration

Name             Origin             Length             Attributes
ROM              0x00000000         0x00008000         xr
RAM              0x00080000         0x00100000         xrw
*default*        0x00000000         0xffffffff

Linker script and memory map

                0x00000000                        . = 0x0

.vectors        0x00000000        0x0
 *(.vectors)
                0x00000000                        . = ALIGN (0x400)

.text           0x00000000     0x12bc
                0x00000000                        . = ALIGN (0x2)
 *(.text*)
 .text          0x00000000       0xe6 ../../obj/vbu2-1_startup.o
                0x000000c0                _start
 *fill*         0x000000e6        0x2 
 .text          0x000000e8       0x94 vbug2-1.o
                0x000000e8                main
 .text          0x0000017c       0x86 drv_uart.o
                0x0000017c                uart_init
                0x000001cc                uart_putchar
 *fill*         0x00000202        0x2 
 .text          0x00000204      0x708 drv_kbd.o
                0x0000023c                init_kbd
                0x00000592                get_packet
                0x0000061e                set_keyboard_leds
                0x000006d8                get_kbd_key
                0x0000080c                get_char
                0x000008ba                main_kbd
 .text          0x0000090c       0x28 drv_picoVga.o
                0x0000090c                init_picoVga
                0x00000916                picovga_putchar
 .text          0x00000934      0x1b8 vectors.o
                0x00000934                SvcBusError
                0x0000093e                Svcaddress_err
                0x00000948                SvcIllegalIns
                0x00000952                SvcDiv0_handler
                0x0000095c                SvcChkIns
                0x00000966                SvcTrapvIns
                0x00000970                SvcPrivViolation
                0x0000097a                SvcTrace
                0x00000984                SvcLineA
                0x0000098e                SvcLineF
                0x00000998                bad_exception
                0x000009a2                SpuriousHandler
                0x000009ac                Int1Handler
                0x000009b6                Int2Handler
                0x000009c0                Int3Handler
                0x000009ca                Int4Handler
                0x000009d4                Int5Handler
                0x000009de                Int6Handler
                0x000009e8                Int7Handler
                0x000009f2                Trap0Handler
                0x000009fc                Trap1Handler
                0x00000a60                Trap2Handler
                0x00000a6a                Trap3Handler
                0x00000a74                Trap4Handler
                0x00000a7e                Trap5Handler
                0x00000a88                Trap6Handler
                0x00000a92                Trap7Handler
                0x00000a9c                Trap8Handler
                0x00000aa6                Trap9Handler
                0x00000ab0                TrapAHandler
                0x00000aba                TrapBHandler
                0x00000ac4                TrapCHandler
                0x00000ace                TrapDHandler
                0x00000ad8                TrapEHandler
                0x00000ae2                TrapFHandler
 .text          0x00000aec       0x30 console.o
                0x00000aec                set_console_output
                0x00000b04                set_console_input
 .text          0x00000b1c      0x3a6 ../../lib/libmc68000.a(printf.o)
                0x00000b1c                itox
                0x00000b66                itodec
                0x00000bc4                itooct
                0x00000c0a                itoudec
                0x00000c5c                pad_zeros
                0x00000ca0                printf
 *fill*         0x00000ec2        0x2 
 .text          0x00000ec4       0x12 ../../lib/libmc68000.a(strlen.o)
                0x00000ec4                strlen
 *fill*         0x00000ed6        0x2 
 .text          0x00000ed8       0x16 ../../lib/libmc68000.a(memset.o)
                0x00000ed8                memset
 *fill*         0x00000eee        0x2 
 .text          0x00000ef0       0x1a ../../lib/libmc68000.a(putchar.o)
                0x00000ef0                putchar
 *fill*         0x00000f0a        0x2 
 .text          0x00000f0c       0x26 ../../lib/libmc68000.a(puts.o)
                0x00000f0c                puts
 *(.rodata)
 .rodata        0x00000f32       0xd5 vbug2-1.o
                0x00000f32                MsgOrionInit
 .rodata        0x00001007      0x28c drv_kbd.o
                0x00001007                OE_BASE_KEYMAP
                0x00001087                OE_SHIFT_KEYMAP
                0x00001107                OE_CTRL_KEYMAP
                0x00001187                OE_ALT_KEYMAP
                0x00001207                OE_ALTGR_KEYMAP
 *fill*         0x00001293        0x1 
 .rodata        0x00001294       0x28 ../../lib/libmc68000.a(printf.o)
                0x000012bc                        . = ALIGN (0x2)

.rodata         0x000012bc       0x20
                0x000012bc                        . = ALIGN (0x2)
 *(.rodata*)
 .rodata.str1.1
                0x000012bc       0x20 ../../lib/libmc68000.a(printf.o)
                0x000012dc                        . = ALIGN (0x2)

.data           0x00080000        0x0 load address 0x000012dc
                0x00080000                        . = ALIGN (0x2)
                0x00080000                        __data_start = .
 *(.data*)
 .data          0x00080000        0x0 ../../obj/vbu2-1_startup.o
 .data          0x00080000        0x0 vbug2-1.o
 .data          0x00080000        0x0 drv_uart.o
 .data          0x00080000        0x0 drv_kbd.o
 .data          0x00080000        0x0 drv_picoVga.o
 .data          0x00080000        0x0 vectors.o
 .data          0x00080000        0x0 console.o
 .data          0x00080000        0x0 ../../lib/libmc68000.a(printf.o)
 .data          0x00080000        0x0 ../../lib/libmc68000.a(strlen.o)
 .data          0x00080000        0x0 ../../lib/libmc68000.a(memset.o)
 .data          0x00080000        0x0 ../../lib/libmc68000.a(putchar.o)
 .data          0x00080000        0x0 ../../lib/libmc68000.a(puts.o)
                0x00080000                        . = ALIGN (0x2)
                0x00080000                        __data_end = .

.minha_ram      0x00080000        0x4 load address 0x000012dc
 .minha_ram     0x00080000        0x4 vbug2-1.o
                0x00080000                vbug_status_flag

.mram           0x00080000      0x100
 *(.mram)
 .mram          0x00080000      0x100 vbug2-1.o
                0x00080000                vbug_buffer
                0x000012dc                        __data_load_start = LOADADDR (.data)

.bss            0x00080100       0x44
                0x00080100                        . = ALIGN (0x2)
                0x00080100                        __bss_start = .
 *(.bss*)
 .bss           0x00080100        0x0 ../../obj/vbu2-1_startup.o
 .bss           0x00080100        0x0 vbug2-1.o
 .bss           0x00080100        0x0 drv_uart.o
 .bss           0x00080100       0x3a drv_kbd.o
                0x00080100                key_buffer
                0x00080130                cmd
                0x00080131                length
                0x00080132                type
                0x00080133                special_key_up
                0x00080134                special_key_down
                0x00080135                key_up
                0x00080136                key_down
                0x00080137                special_key_status
                0x00080138                _CapsFlag
                0x00080139                mod_caps
 *fill*         0x0008013a        0x2 
 .bss           0x0008013c        0x0 drv_picoVga.o
 .bss           0x0008013c        0x0 vectors.o
 .bss           0x0008013c        0x8 console.o
                0x0008013c                cconin
                0x00080140                cconout
 .bss           0x00080144        0x0 ../../lib/libmc68000.a(printf.o)
 .bss           0x00080144        0x0 ../../lib/libmc68000.a(strlen.o)
 .bss           0x00080144        0x0 ../../lib/libmc68000.a(memset.o)
 .bss           0x00080144        0x0 ../../lib/libmc68000.a(putchar.o)
 .bss           0x00080144        0x0 ../../lib/libmc68000.a(puts.o)
 *(COMMON)
                0x00080144                        . = ALIGN (0x2)
                0x00080144                        __bss_end = .

.stack          0x00080144     0x1000
                0x00080144                        . = ALIGN (0x2)
                0x00080144                        _stack_start = .
                0x00081144                        . = (. + 0x1000)
 *fill*         0x00080144     0x1000 
                0x00081144                        . = ALIGN (0x2)
                0x00081144                        _stack_end = .

/DISCARD/
 *(.comment)
 *(.note*)
 *(.align*)
LOAD ../../obj/vbu2-1_startup.o
LOAD vbug2-1.o
LOAD drv_uart.o
LOAD drv_kbd.o
LOAD drv_picoVga.o
LOAD vectors.o
LOAD console.o
LOAD ../../lib/libmc68000.a
OUTPUT(vbug2-1.elf elf32-m68k)
