Archive member included to satisfy reference by file (symbol)

../../lib/libmc68000.a(strchr.o)
                              ./fatfs/ff.o (strchr)
../../lib/libmc68000.a(memcpy.o)
                              ./xmodem/xmodem.o (memcpy)
../../lib/libmc68000.a(memcmp.o)
                              ./fatfs/ff.o (memcmp)
../../lib/libmc68000.a(memset.o)
                              ./kbd/drv_kbd.o (memset)
../../lib/libmc68000.a(putchar.o)
                              vbug2-1.o (putchar)
../../lib/libmc68000.a(printf.o)
                              vbug2-1.o (printf)
../../lib/libmc68000.a(__mulsi3.o)
                              ./fatfs/ff.o (__mulsi3)
../../lib/libmc68000.a(__udivsi3.o)
                              ./fatfs/ff.o (__udivsi3)
../../lib/libmc68000.a(strlen.o)
                              ../../lib/libmc68000.a(printf.o) (strlen)
../../lib/libmc68000.a(puts.o)
                              ../../lib/libmc68000.a(printf.o) (puts)

Discarded input sections

 .comment       0x00000000       0x13 vbug2-1.o
 .comment       0x00000000       0x13 vectors.o
 .comment       0x00000000       0x13 console.o
 .comment       0x00000000       0x13 ./dump/mem_dump.o
 .comment       0x00000000       0x13 ./kbd/drv_kbd.o
 .comment       0x00000000       0x13 ./picoVga/drv_picoVga.o
 .comment       0x00000000       0x13 ./xmodem/xmodem.o
 .comment       0x00000000       0x13 ./uarts/drv_uart0.o
 .comment       0x00000000       0x13 ./ide/ata.o
 .comment       0x00000000       0x13 ./fatfs/diskio.o
 .comment       0x00000000       0x13 ./fatfs/ff.o
 .comment       0x00000000       0x13 ./tst_fat/tstfat.o
 .comment       0x00000000       0x13 ./tst_fat/ler_joblog.o
 .comment       0x00000000       0x13 timers.o
 .comment       0x00000000       0x13 interrupt.o
 .comment       0x00000000       0x13 ../../lib/libmc68000.a(strchr.o)
 .comment       0x00000000       0x13 ../../lib/libmc68000.a(memcpy.o)
 .comment       0x00000000       0x13 ../../lib/libmc68000.a(memcmp.o)
 .comment       0x00000000       0x13 ../../lib/libmc68000.a(memset.o)
 .comment       0x00000000       0x13 ../../lib/libmc68000.a(putchar.o)
 .comment       0x00000000       0x13 ../../lib/libmc68000.a(printf.o)
 .comment       0x00000000       0x13 ../../lib/libmc68000.a(__mulsi3.o)
 .comment       0x00000000       0x13 ../../lib/libmc68000.a(__udivsi3.o)
 .comment       0x00000000       0x13 ../../lib/libmc68000.a(strlen.o)
 .comment       0x00000000       0x13 ../../lib/libmc68000.a(puts.o)

Memory Configuration

Name             Origin             Length             Attributes
ROM              0x00000000         0x00010000         xr
RAM              0x00080000         0x00080000         xrw
*default*        0x00000000         0xffffffff

Linker script and memory map

                0x00000000                        . = 0x0

.vectors        0x00000000        0x0
 *(.vectors)
                0x00000000                        . = ALIGN (0x400)

.text           0x00000000     0x77a6
                0x00000000                        . = ALIGN (0x2)
 *(.text*)
 .text          0x00000000      0x192 ../../obj/vbu2-1_startup.o
                0x000000c0                _start
 *fill*         0x00000192        0x2 
 .text          0x00000194      0x54e vbug2-1.o
                0x00000194                executar_xmodem
                0x000001ba                clr_flg_program_loaded
                0x000001d6                set_flg_program_loaded
                0x000001f0                get_flg_program_loaded
                0x00000202                print_msg
                0x00000240                main
 *fill*         0x000006e2        0x2 
 .text          0x000006e4      0x214 vectors.o
                0x00000702                SvcBusError
                0x0000070c                Svcaddress_err
                0x00000716                SvcIllegalIns
                0x00000720                SvcDiv0_handler
                0x0000072a                SvcChkIns
                0x00000734                SvcTrapvIns
                0x0000073e                SvcPrivViolation
                0x00000748                SvcTrace
                0x00000752                SvcLineA
                0x0000075c                SvcLineF
                0x00000766                bad_exception
                0x00000770                SpuriousHandler
                0x0000077a                Int1Handler
                0x00000784                Int2Handler
                0x000007a0                Int3Handler
                0x000007aa                Int4Handler
                0x000007b4                Int5Handler
                0x000007be                Int6Handler
                0x000007c8                Int7Handler
                0x000007d2                Trap0Handler
                0x000007dc                Trap1Handler
                0x00000840                Trap2Handler
                0x0000084a                Trap3Handler
                0x00000854                Trap4Handler
                0x0000085e                Trap5Handler
                0x00000868                Trap6Handler
                0x00000872                Trap7Handler
                0x0000087c                Trap8Handler
                0x00000886                Trap9Handler
                0x00000890                TrapAHandler
                0x0000089a                TrapBHandler
                0x000008a4                TrapCHandler
                0x000008ae                TrapDHandler
                0x000008b8                TrapEHandler
                0x000008c2                TrapFHandler
                0x000008cc                get_system_tick
 .text          0x000008f8       0x3e console.o
                0x000008f8                set_console_output
                0x00000910                set_console_input
                0x00000928                enable_interrupts
 *fill*         0x00000936        0x2 
 .text          0x00000938      0x4d6 ./dump/mem_dump.o
                0x00000938                dump_memory
                0x00000b92                dump_memory2
 *fill*         0x00000e0e        0x2 
 .text          0x00000e10      0x812 ./kbd/drv_kbd.o
                0x00000e78                liga_debug
                0x00000e96                init_kbd
                0x0000118a                get_packet
                0x000013ec                get_kbd_key
                0x00001520                ch9350_shut_up
                0x00001534                get_char
                0x000015fa                print_capslock
 *fill*         0x00001622        0x2 
 .text          0x00001624      0x13c ./picoVga/drv_picoVga.o
                0x00001624                init_picoVga
                0x0000162e                run_cmd
                0x00001658                picovga_putchar
                0x00001676                picovga_gotoxy
                0x000016da                picovga_gohome
                0x000016ee                picovga_set_color
                0x00001740                clrscr
 .text          0x00001760      0x2d6 ./xmodem/xmodem.o
                0x00001760                xmodem_receive
 *fill*         0x00001a36        0x2 
 .text          0x00001a38      0x1d0 ./uarts/drv_uart0.o
                0x00001a38                uart0_init
                0x00001a88                uart0_write
                0x00001ac8                uart0_read
                0x00001b02                _inbyte
                0x00001b80                _outbyte
                0x00001bc0                uart0_write_string
                0x00001bf6                uart0_flush
 .text          0x00001c08      0x6d0 ./ide/ata.o
                0x00001c22                ata_detect
                0x00001cde                ata_read_sector
                0x00001e54                ata_read_sector_multi
                0x00001ea0                ata_write_sector
                0x0000207e                ata_write_sector_multi
                0x000020ca                read_partition_table
                0x000021b8                ata_init
                0x000022ac                ata_disk_status
                0x000022c2                ata_disk_initialize
 .text          0x000022d8      0x1f4 ./fatfs/diskio.o
                0x000022d8                disk_status
                0x000022f2                disk_initialize
                0x0000230c                disk_read
                0x00002372                disk_write
                0x000023d6                disk_ioctl
 .text          0x000024cc     0x3dac ./fatfs/ff.o
                0x000045ac                f_mount
                0x00004668                f_open
                0x00004a5e                f_read
                0x00004de4                f_write
                0x00005204                f_sync
                0x00005364                f_close
                0x0000539e                f_lseek
                0x00005722                f_opendir
                0x000057fe                f_closedir
                0x00005828                f_readdir
                0x000058cc                f_stat
                0x00005944                f_getfree
                0x00005aea                f_truncate
                0x00005c9c                f_unlink
                0x00005de2                f_mkdir
                0x00006024                f_rename
 .text          0x00006278      0x200 ./tst_fat/tstfat.o
                0x00006278                listar_diretorio_raiz
 .text          0x00006478      0x12c ./tst_fat/ler_joblog.o
                0x00006478                ler_e_exibir_joblog
 .text          0x000065a4       0x30 timers.o
                0x000065a4                delay10ms
 .text          0x000065d4        0x0 interrupt.o
 .text          0x000065d4       0x1c ../../lib/libmc68000.a(strchr.o)
                0x000065d4                strchr
 .text          0x000065f0       0x1e ../../lib/libmc68000.a(memcpy.o)
                0x000065f0                memcpy
 *fill*         0x0000660e        0x2 
 .text          0x00006610       0x3e ../../lib/libmc68000.a(memcmp.o)
                0x00006610                memcmp
 *fill*         0x0000664e        0x2 
 .text          0x00006650       0x16 ../../lib/libmc68000.a(memset.o)
                0x00006650                memset
 *fill*         0x00006666        0x2 
 .text          0x00006668       0x1a ../../lib/libmc68000.a(putchar.o)
                0x00006668                putchar
 *fill*         0x00006682        0x2 
 .text          0x00006684      0x3a6 ../../lib/libmc68000.a(printf.o)
                0x00006684                itox
                0x000066ce                itodec
                0x0000672c                itooct
                0x00006772                itoudec
                0x000067c4                pad_zeros
                0x00006808                printf
 *fill*         0x00006a2a        0x2 
 .text          0x00006a2c       0x36 ../../lib/libmc68000.a(__mulsi3.o)
                0x00006a2c                __mulsi3
 *fill*         0x00006a62        0x2 
 .text          0x00006a64       0x3a ../../lib/libmc68000.a(__udivsi3.o)
                0x00006a64                __udivsi3
 *fill*         0x00006a9e        0x2 
 .text          0x00006aa0       0x12 ../../lib/libmc68000.a(strlen.o)
                0x00006aa0                strlen
 *fill*         0x00006ab2        0x2 
 .text          0x00006ab4       0x26 ../../lib/libmc68000.a(puts.o)
                0x00006ab4                puts
 *(.rodata)
 .rodata        0x00006ada      0x34f vbug2-1.o
                0x00006b0e                MsgOrionInit
 .rodata        0x00006e29      0x202 ./dump/mem_dump.o
 .rodata        0x0000702b      0x2cd ./kbd/drv_kbd.o
                0x0000702b                OE_BASE_KEYMAP
                0x000070ab                OE_SHIFT_KEYMAP
                0x0000712b                OE_CTRL_KEYMAP
                0x000071ab                OE_ALT_KEYMAP
                0x0000722b                OE_ALTGR_KEYMAP
 .rodata        0x000072f8      0x11c ./xmodem/xmodem.o
 .rodata        0x00007414       0x23 ./uarts/drv_uart0.o
 .rodata        0x00007437       0xd8 ./ide/ata.o
 .rodata        0x0000750f       0x22 ./fatfs/ff.o
 .rodata        0x00007531       0xee ./tst_fat/tstfat.o
 .rodata        0x0000761f      0x15f ./tst_fat/ler_joblog.o
 .rodata        0x0000777e       0x28 ../../lib/libmc68000.a(printf.o)
                0x000077a6                        . = ALIGN (0x2)

.rodata         0x000077a6       0x20
                0x000077a6                        . = ALIGN (0x2)
 *(.rodata*)
 .rodata.str1.1
                0x000077a6       0x20 ../../lib/libmc68000.a(printf.o)
                0x000077c6                        . = ALIGN (0x2)

.data           0x00080000        0x0 load address 0x000077c6
                0x00080000                        . = ALIGN (0x2)
                0x00080000                        __data_start = .
 *(.data*)
 .data          0x00080000        0x0 ../../obj/vbu2-1_startup.o
 .data          0x00080000        0x0 vbug2-1.o
 .data          0x00080000        0x0 vectors.o
 .data          0x00080000        0x0 console.o
 .data          0x00080000        0x0 ./dump/mem_dump.o
 .data          0x00080000        0x0 ./kbd/drv_kbd.o
 .data          0x00080000        0x0 ./picoVga/drv_picoVga.o
 .data          0x00080000        0x0 ./xmodem/xmodem.o
 .data          0x00080000        0x0 ./uarts/drv_uart0.o
 .data          0x00080000        0x0 ./ide/ata.o
 .data          0x00080000        0x0 ./fatfs/diskio.o
 .data          0x00080000        0x0 ./fatfs/ff.o
 .data          0x00080000        0x0 ./tst_fat/tstfat.o
 .data          0x00080000        0x0 ./tst_fat/ler_joblog.o
 .data          0x00080000        0x0 timers.o
 .data          0x00080000        0x0 interrupt.o
 .data          0x00080000        0x0 ../../lib/libmc68000.a(strchr.o)
 .data          0x00080000        0x0 ../../lib/libmc68000.a(memcpy.o)
 .data          0x00080000        0x0 ../../lib/libmc68000.a(memcmp.o)
 .data          0x00080000        0x0 ../../lib/libmc68000.a(memset.o)
 .data          0x00080000        0x0 ../../lib/libmc68000.a(putchar.o)
 .data          0x00080000        0x0 ../../lib/libmc68000.a(printf.o)
 .data          0x00080000        0x0 ../../lib/libmc68000.a(__mulsi3.o)
 .data          0x00080000        0x0 ../../lib/libmc68000.a(__udivsi3.o)
 .data          0x00080000        0x0 ../../lib/libmc68000.a(strlen.o)
 .data          0x00080000        0x0 ../../lib/libmc68000.a(puts.o)
                0x00080000                        . = ALIGN (0x2)
                0x00080000                        __data_end = .

.mram           0x00080000        0x4 load address 0x000077c6
 .mram          0x00080000        0x4 vectors.o

.mram           0x00080004        0x8 load address 0x000077ca
 *(?.mram)
 .mram          0x00080004        0x8 vbug2-1.o
                0x00080004                systemTick
                0x00080008                flg_system
                0x000077c6                        __data_load_start = LOADADDR (.data)

.bss            0x0008000c      0x684 load address 0x000077ca
                0x0008000c                        . = ALIGN (0x2)
                0x0008000c                        __bss_start = .
 *(.bss*)
 .bss           0x0008000c        0x0 ../../obj/vbu2-1_startup.o
 .bss           0x0008000c        0x0 vbug2-1.o
 .bss           0x0008000c        0x0 vectors.o
 .bss           0x0008000c        0x8 console.o
                0x0008000c                cconin
                0x00080010                cconout
 .bss           0x00080014        0x0 ./dump/mem_dump.o
 .bss           0x00080014       0x3b ./kbd/drv_kbd.o
                0x00080014                key_buffer
                0x00080044                cmd
                0x00080045                length
                0x00080046                type
                0x00080047                special_key_up
                0x00080048                special_key_down
                0x00080049                key_up
                0x0008004a                key_down
                0x0008004b                special_key_status
                0x0008004c                _CapsFlag
                0x0008004d                mod_caps
                0x0008004e                debug_pkt
 *fill*         0x0008004f        0x1 
 .bss           0x00080050        0x0 ./picoVga/drv_picoVga.o
 .bss           0x00080050       0x81 ./xmodem/xmodem.o
                0x00080050                buf_xmodem
                0x000800d0                debug
 *fill*         0x000800d1        0x3 
 .bss           0x000800d4        0x0 ./uarts/drv_uart0.o
 .bss           0x000800d4       0x28 ./ide/ata.o
                0x000800d4                drives
 .bss           0x000800fc       0x64 ./fatfs/diskio.o
 .bss           0x00080160        0x8 ./fatfs/ff.o
 .bss           0x00080168      0x27e ./tst_fat/tstfat.o
                0x00080168                FatFs
                0x0008039e                Dir
                0x000803cc                Fno
 *fill*         0x000803e6        0x2 
 .bss           0x000803e8      0x2a8 ./tst_fat/ler_joblog.o
                0x000803e8                Arq
                0x00080610                buffer_leitura
 .bss           0x00080690        0x0 timers.o
 .bss           0x00080690        0x0 interrupt.o
 .bss           0x00080690        0x0 ../../lib/libmc68000.a(strchr.o)
 .bss           0x00080690        0x0 ../../lib/libmc68000.a(memcpy.o)
 .bss           0x00080690        0x0 ../../lib/libmc68000.a(memcmp.o)
 .bss           0x00080690        0x0 ../../lib/libmc68000.a(memset.o)
 .bss           0x00080690        0x0 ../../lib/libmc68000.a(putchar.o)
 .bss           0x00080690        0x0 ../../lib/libmc68000.a(printf.o)
 .bss           0x00080690        0x0 ../../lib/libmc68000.a(__mulsi3.o)
 .bss           0x00080690        0x0 ../../lib/libmc68000.a(__udivsi3.o)
 .bss           0x00080690        0x0 ../../lib/libmc68000.a(strlen.o)
 .bss           0x00080690        0x0 ../../lib/libmc68000.a(puts.o)
 *(COMMON)
                0x00080690                        . = ALIGN (0x2)
                0x00080690                        __bss_end = .
                0x00100000                        _stack_end = 0x100000
                0x000fe000                        _stack_start = (_stack_end - 0x2000)

/DISCARD/
 *(.comment)
 *(.note*)
 *(.align*)
LOAD ../../obj/vbu2-1_startup.o
LOAD vbug2-1.o
LOAD vectors.o
LOAD console.o
LOAD ./dump/mem_dump.o
LOAD ./kbd/drv_kbd.o
LOAD ./picoVga/drv_picoVga.o
LOAD ./xmodem/xmodem.o
LOAD ./uarts/drv_uart0.o
LOAD ./ide/ata.o
LOAD ./fatfs/diskio.o
LOAD ./fatfs/ff.o
LOAD ./tst_fat/tstfat.o
LOAD ./tst_fat/ler_joblog.o
LOAD timers.o
LOAD interrupt.o
LOAD ../../lib/libmc68000.a
OUTPUT(vbug2-1.elf elf32-m68k)
