Archive member included to satisfy reference by file (symbol)

../../lib/libmc68000.a(strchr.o)
                              ./fatfs/ff.o (strchr)
../../lib/libmc68000.a(memcpy.o)
                              ./fatfs/ff.o (memcpy)
../../lib/libmc68000.a(memcmp.o)
                              ./fatfs/ff.o (memcmp)
../../lib/libmc68000.a(memset.o)
                              ./kbd/drv_kbd.o (memset)
../../lib/libmc68000.a(putchar.o)
                              vbug2-1.o (putchar)
../../lib/libmc68000.a(sprintf.o)
                              ./tst_fat/tstfat.o (sprintf)
../../lib/libmc68000.a(printf.o)
                              ../../lib/libmc68000.a(sprintf.o) (itox)
../../lib/libmc68000.a(__mulsi3.o)
                              ./fatfs/ff.o (__mulsi3)
../../lib/libmc68000.a(__udivsi3.o)
                              ./fatfs/ff.o (__udivsi3)
../../lib/libmc68000.a(strlen.o)
                              ../../lib/libmc68000.a(printf.o) (strlen)
../../lib/libmc68000.a(puts.o)
                              ../../lib/libmc68000.a(printf.o) (puts)

Discarded input sections

 .comment       0x00000000       0x13 vbug2-1.o
 .comment       0x00000000       0x13 vectors.o
 .comment       0x00000000       0x13 console.o
 .comment       0x00000000       0x13 ./dump/mem_dump.o
 .comment       0x00000000       0x13 ./kbd/drv_kbd.o
 .comment       0x00000000       0x13 ./picoVga/drv_picoVga.o
 .comment       0x00000000       0x13 ./xmodem/xmodem.o
 .comment       0x00000000       0x13 ./uarts/drv_uart0.o
 .comment       0x00000000       0x13 ./ide/ata.o
 .comment       0x00000000       0x13 ./fatfs/ff.o
 .comment       0x00000000       0x13 ./fatfs/ffsystem.o
 .comment       0x00000000       0x13 ./fatfs/diskio.o
 .comment       0x00000000       0x13 ./tst_fat/tstfat.o
 .comment       0x00000000       0x13 timers.o
 .comment       0x00000000       0x13 interrupt.o
 .comment       0x00000000       0x13 ../../lib/libmc68000.a(strchr.o)
 .comment       0x00000000       0x13 ../../lib/libmc68000.a(memcpy.o)
 .comment       0x00000000       0x13 ../../lib/libmc68000.a(memcmp.o)
 .comment       0x00000000       0x13 ../../lib/libmc68000.a(memset.o)
 .comment       0x00000000       0x13 ../../lib/libmc68000.a(putchar.o)
 .comment       0x00000000       0x13 ../../lib/libmc68000.a(sprintf.o)
 .comment       0x00000000       0x13 ../../lib/libmc68000.a(printf.o)
 .comment       0x00000000       0x13 ../../lib/libmc68000.a(__mulsi3.o)
 .comment       0x00000000       0x13 ../../lib/libmc68000.a(__udivsi3.o)
 .comment       0x00000000       0x13 ../../lib/libmc68000.a(strlen.o)
 .comment       0x00000000       0x13 ../../lib/libmc68000.a(puts.o)

Memory Configuration

Name             Origin             Length             Attributes
ROM              0x00000000         0x00010000         xr
RAM              0x00080000         0x00080000         xrw
*default*        0x00000000         0xffffffff

Linker script and memory map

                0x00000000                        . = 0x0

.vectors        0x00000000        0x0
 *(.vectors)
                0x00000000                        . = ALIGN (0x400)

.text           0x00000000     0x822a
                0x00000000                        . = ALIGN (0x2)
 *(.text*)
 .text          0x00000000      0x1f0 ../../obj/vbu2-1_startup.o
                0x000000c0                _start
                0x0000012e                UartWrCh
                0x00000156                uart0_initialize
 .text          0x000001f0      0x5d0 vbug2-1.o
                0x000001f0                executar_xmodem
                0x00000216                clr_flg_program_loaded
                0x00000232                set_flg_program_loaded
                0x0000024c                get_flg_program_loaded
                0x0000025e                print_msg
                0x0000029c                write_string
                0x000002d4                main
 .text          0x000007c0       0xf6 vectors.o
                0x000007de                TRAP14_Handler
                0x0000088a                get_system_tick
 *fill*         0x000008b6        0x2 
 .text          0x000008b8       0x3e console.o
                0x000008b8                set_console_output
                0x000008d0                set_console_input
                0x000008e8                enable_interrupts
 *fill*         0x000008f6        0x2 
 .text          0x000008f8      0x622 ./dump/mem_dump.o
                0x000008f8                dump_memory
                0x00000b52                dump_memory2
                0x00000dce                dump_memory_by_addr
 *fill*         0x00000f1a        0x2 
 .text          0x00000f1c      0x7dc ./kbd/drv_kbd.o
                0x00000f84                liga_debug
                0x00000fa2                init_kbd
                0x00001260                get_packet
                0x000014c2                get_kbd_key
                0x000015f6                ch9350_shut_up
                0x0000160a                get_char
                0x000016d0                print_capslock
 .text          0x000016f8      0x17c ./picoVga/drv_picoVga.o
                0x000016f8                init_picoVga
                0x00001702                run_cmd
                0x0000172c                picovga_putchar
                0x00001772                picovga_gotoxy
                0x000017ee                picovga_gohome
                0x00001802                picovga_set_color
                0x00001854                clrscr
 .text          0x00001874       0x6e ./xmodem/xmodem.o
                0x00001874                xmodem_loader
 *fill*         0x000018e2        0x2 
 .text          0x000018e4      0x2a6 ./uarts/drv_uart0.o
                0x000018e4                uart0_debug_char
                0x00001918                uart0_init
                0x00001968                uart0_write
                0x000019a8                uart0_read
                0x000019f0                uart0_read_timeout
                0x00001a84                _inbyte
                0x00001b02                _outbyte
                0x00001b42                uart0_write_string
                0x00001b78                uart0_flush
 *fill*         0x00001b8a        0x2 
 .text          0x00001b8c      0x646 ./ide/ata.o
                0x00001ba6                ata_detect
                0x00001c62                ata_read_sector
                0x00001dd8                ata_write_sector
                0x00001fb6                read_partition_table
                0x000020a4                ata_init
                0x000021a6                ata_disk_status
                0x000021bc                ata_disk_initialize
 *fill*         0x000021d2        0x2 
 .text          0x000021d4     0x4008 ./fatfs/ff.o
                0x00004440                f_mount
                0x000044fc                f_open
                0x000049c2                f_read
                0x00004d48                f_write
                0x00005168                f_sync
                0x000052c8                f_close
                0x00005302                f_lseek
                0x00005686                f_opendir
                0x00005762                f_closedir
                0x0000578c                f_readdir
                0x00005830                f_stat
                0x000058a8                f_getfree
                0x00005a4e                f_truncate
                0x00005c00                f_unlink
                0x00005d46                f_mkdir
                0x00005f88                f_rename
 .text          0x000061dc        0x0 ./fatfs/ffsystem.o
 .text          0x000061dc      0x1c4 ./fatfs/diskio.o
                0x000061dc                disk_status
                0x000061f6                disk_initialize
                0x00006210                disk_read
                0x00006276                disk_write
                0x000062a6                disk_ioctl
 .text          0x000063a0      0x488 ./tst_fat/tstfat.o
                0x000063a0                listar_diretorio_raiz
                0x00006502                open_dir
                0x00006662                ler_e_exibir_joblog
 .text          0x00006828       0x28 timers.o
                0x00006828                delay10ms
 .text          0x00006850        0x0 interrupt.o
 .text          0x00006850      0x168 ./xmodem/xmodem_asm.o
                0x0000688e                xmodem_receive
 .text          0x000069b8       0x7c vectors_asm.o
                0x000069b8                SvcBusError
                0x000069b8                TrapFHandler
                0x000069b8                SpuriousHandler
                0x000069b8                Int4Handler
                0x000069b8                SvcTrace
                0x000069b8                TrapBHandler
                0x000069b8                Int1Handler
                0x000069b8                TrapAHandler
                0x000069b8                SvcChkIns
                0x000069b8                Trap4Handler
                0x000069b8                Trap9Handler
                0x000069b8                Int5Handler
                0x000069b8                SvcDiv0_handler
                0x000069b8                Int7Handler
                0x000069b8                SvcIllegalIns
                0x000069b8                SvcLineA
                0x000069b8                SvcPrivViolation
                0x000069b8                Trap8Handler
                0x000069b8                Int6Handler
                0x000069b8                Trap2Handler
                0x000069b8                bad_exception
                0x000069b8                Int3Handler
                0x000069b8                Trap3Handler
                0x000069b8                Svcaddress_err
                0x000069b8                Trap7Handler
                0x000069b8                Trap0Handler
                0x000069b8                SvcLineF
                0x000069b8                TrapCHandler
                0x000069b8                SvcTrapvIns
                0x000069b8                Trap5Handler
                0x000069b8                Trap6Handler
                0x000069ba                TrapDHandler
                0x000069bc                Int2Handler
                0x000069ce                Trap1Handler
                0x00006a1e                TrapEHandler
 .text          0x00006a34       0x1c ../../lib/libmc68000.a(strchr.o)
                0x00006a34                strchr
 .text          0x00006a50       0x1e ../../lib/libmc68000.a(memcpy.o)
                0x00006a50                memcpy
 *fill*         0x00006a6e        0x2 
 .text          0x00006a70       0x3c ../../lib/libmc68000.a(memcmp.o)
                0x00006a70                memcmp
 .text          0x00006aac       0x16 ../../lib/libmc68000.a(memset.o)
                0x00006aac                memset
 *fill*         0x00006ac2        0x2 
 .text          0x00006ac4       0x1a ../../lib/libmc68000.a(putchar.o)
                0x00006ac4                putchar
 *fill*         0x00006ade        0x2 
 .text          0x00006ae0      0x206 ../../lib/libmc68000.a(sprintf.o)
                0x00006ae0                sprintf
 *fill*         0x00006ce6        0x2 
 .text          0x00006ce8      0x3a6 ../../lib/libmc68000.a(printf.o)
                0x00006ce8                itox
                0x00006d32                itodec
                0x00006d90                itooct
                0x00006dd6                itoudec
                0x00006e28                pad_zeros
                0x00006e6c                printf
 *fill*         0x0000708e        0x2 
 .text          0x00007090       0x36 ../../lib/libmc68000.a(__mulsi3.o)
                0x00007090                __mulsi3
 *fill*         0x000070c6        0x2 
 .text          0x000070c8       0x3a ../../lib/libmc68000.a(__udivsi3.o)
                0x000070c8                __udivsi3
 *fill*         0x00007102        0x2 
 .text          0x00007104       0x12 ../../lib/libmc68000.a(strlen.o)
                0x00007104                strlen
 *fill*         0x00007116        0x2 
 .text          0x00007118       0x26 ../../lib/libmc68000.a(puts.o)
                0x00007118                puts
 *(.rodata)
 .rodata        0x0000713e      0x348 vbug2-1.o
                0x00007172                MsgOrionInit
 .rodata        0x00007486       0x51 vectors.o
 .rodata        0x000074d7      0x202 ./dump/mem_dump.o
 .rodata        0x000076d9      0x2cd ./kbd/drv_kbd.o
                0x000076d9                OE_BASE_KEYMAP
                0x00007759                OE_SHIFT_KEYMAP
                0x000077d9                OE_CTRL_KEYMAP
                0x00007859                OE_ALT_KEYMAP
                0x000078d9                OE_ALTGR_KEYMAP
 .rodata        0x000079a6       0x63 ./xmodem/xmodem.o
 .rodata        0x00007a09       0x8f ./uarts/drv_uart0.o
 .rodata        0x00007a98       0xee ./ide/ata.o
 .rodata        0x00007b86      0x3c7 ./fatfs/ff.o
 .rodata        0x00007f4d      0x2b5 ./tst_fat/tstfat.o
 .rodata        0x00008202       0x28 ../../lib/libmc68000.a(printf.o)
                0x0000822a                        . = ALIGN (0x2)

.rodata         0x0000822a       0x20
                0x0000822a                        . = ALIGN (0x2)
 *(.rodata*)
 .rodata.str1.1
                0x0000822a       0x20 ../../lib/libmc68000.a(sprintf.o)
                                  0xf (size before relaxing)
 .rodata.str1.1
                0x0000824a       0x20 ../../lib/libmc68000.a(printf.o)
                0x0000826a                        . = ALIGN (0x2)

.data           0x00080000        0x0 load address 0x0000824a
                0x00080000                        . = ALIGN (0x2)
                0x00080000                        __data_start = .
 *(.data*)
 .data          0x00080000        0x0 ../../obj/vbu2-1_startup.o
 .data          0x00080000        0x0 vbug2-1.o
 .data          0x00080000        0x0 vectors.o
 .data          0x00080000        0x0 console.o
 .data          0x00080000        0x0 ./dump/mem_dump.o
 .data          0x00080000        0x0 ./kbd/drv_kbd.o
 .data          0x00080000        0x0 ./picoVga/drv_picoVga.o
 .data          0x00080000        0x0 ./xmodem/xmodem.o
 .data          0x00080000        0x0 ./uarts/drv_uart0.o
 .data          0x00080000        0x0 ./ide/ata.o
 .data          0x00080000        0x0 ./fatfs/ff.o
 .data          0x00080000        0x0 ./fatfs/ffsystem.o
 .data          0x00080000        0x0 ./fatfs/diskio.o
 .data          0x00080000        0x0 ./tst_fat/tstfat.o
 .data          0x00080000        0x0 timers.o
 .data          0x00080000        0x0 interrupt.o
 .data          0x00080000        0x0 ./xmodem/xmodem_asm.o
 .data          0x00080000        0x0 vectors_asm.o
 .data          0x00080000        0x0 ../../lib/libmc68000.a(strchr.o)
 .data          0x00080000        0x0 ../../lib/libmc68000.a(memcpy.o)
 .data          0x00080000        0x0 ../../lib/libmc68000.a(memcmp.o)
 .data          0x00080000        0x0 ../../lib/libmc68000.a(memset.o)
 .data          0x00080000        0x0 ../../lib/libmc68000.a(putchar.o)
 .data          0x00080000        0x0 ../../lib/libmc68000.a(sprintf.o)
 .data          0x00080000        0x0 ../../lib/libmc68000.a(printf.o)
 .data          0x00080000        0x0 ../../lib/libmc68000.a(__mulsi3.o)
 .data          0x00080000        0x0 ../../lib/libmc68000.a(__udivsi3.o)
 .data          0x00080000        0x0 ../../lib/libmc68000.a(strlen.o)
 .data          0x00080000        0x0 ../../lib/libmc68000.a(puts.o)
                0x00080000                        . = ALIGN (0x2)
                0x00080000                        __data_end = .

.mram           0x00080000        0x8 load address 0x0000824a
 *(?.mram)
 .mram          0x00080000        0x8 vbug2-1.o
                0x00080000                systemTick
                0x00080004                flg_system
                0x0000824a                        __data_load_start = LOADADDR (.data)

.bss            0x00080008      0x688 load address 0x0000824a
                0x00080008                        . = ALIGN (0x2)
                0x00080008                        __bss_start = .
 *(.bss*)
 .bss           0x00080008        0x0 ../../obj/vbu2-1_startup.o
 .bss           0x00080008        0x1 vbug2-1.o
                0x00080008                sys_flags
 *fill*         0x00080009        0x3 
 .bss           0x0008000c        0x0 vectors.o
 .bss           0x0008000c        0x8 console.o
                0x0008000c                cconin
                0x00080010                cconout
 .bss           0x00080014        0x0 ./dump/mem_dump.o
 .bss           0x00080014       0x3b ./kbd/drv_kbd.o
                0x00080014                key_buffer
                0x00080044                cmd
                0x00080045                length
                0x00080046                type
                0x00080047                special_key_up
                0x00080048                special_key_down
                0x00080049                key_up
                0x0008004a                key_down
                0x0008004b                special_key_status
                0x0008004c                _CapsFlag
                0x0008004d                mod_caps
                0x0008004e                debug_pkt
 *fill*         0x0008004f        0x1 
 .bss           0x00080050        0x0 ./picoVga/drv_picoVga.o
 .bss           0x00080050        0x0 ./xmodem/xmodem.o
 .bss           0x00080050        0x0 ./uarts/drv_uart0.o
 .bss           0x00080050       0x28 ./ide/ata.o
                0x00080050                drives
 .bss           0x00080078        0x8 ./fatfs/ff.o
 .bss           0x00080080        0x0 ./fatfs/ffsystem.o
 .bss           0x00080080       0x64 ./fatfs/diskio.o
 .bss           0x000800e4      0x526 ./tst_fat/tstfat.o
                0x000800e4                FatFs
                0x0008031a                Dir
                0x00080348                Fno
                0x00080362                buffer_leitura
 *fill*         0x0008060a        0x2 
 .bss           0x0008060c        0x0 timers.o
 .bss           0x0008060c        0x0 interrupt.o
 .bss           0x0008060c       0x84 ./xmodem/xmodem_asm.o
 .bss           0x00080690        0x0 vectors_asm.o
 .bss           0x00080690        0x0 ../../lib/libmc68000.a(strchr.o)
 .bss           0x00080690        0x0 ../../lib/libmc68000.a(memcpy.o)
 .bss           0x00080690        0x0 ../../lib/libmc68000.a(memcmp.o)
 .bss           0x00080690        0x0 ../../lib/libmc68000.a(memset.o)
 .bss           0x00080690        0x0 ../../lib/libmc68000.a(putchar.o)
 .bss           0x00080690        0x0 ../../lib/libmc68000.a(sprintf.o)
 .bss           0x00080690        0x0 ../../lib/libmc68000.a(printf.o)
 .bss           0x00080690        0x0 ../../lib/libmc68000.a(__mulsi3.o)
 .bss           0x00080690        0x0 ../../lib/libmc68000.a(__udivsi3.o)
 .bss           0x00080690        0x0 ../../lib/libmc68000.a(strlen.o)
 .bss           0x00080690        0x0 ../../lib/libmc68000.a(puts.o)
 *(COMMON)
                0x00080690                        . = ALIGN (0x2)
                0x00080690                        __bss_end = .
                0x00100000                        _stack_end = 0x100000
                0x000fe000                        _stack_start = (_stack_end - 0x2000)

/DISCARD/
 *(.comment)
 *(.note*)
 *(.align*)
LOAD ../../obj/vbu2-1_startup.o
LOAD vbug2-1.o
LOAD vectors.o
LOAD console.o
LOAD ./dump/mem_dump.o
LOAD ./kbd/drv_kbd.o
LOAD ./picoVga/drv_picoVga.o
LOAD ./xmodem/xmodem.o
LOAD ./uarts/drv_uart0.o
LOAD ./ide/ata.o
LOAD ./fatfs/ff.o
LOAD ./fatfs/ffsystem.o
LOAD ./fatfs/diskio.o
LOAD ./tst_fat/tstfat.o
LOAD timers.o
LOAD interrupt.o
LOAD ./xmodem/xmodem_asm.o
LOAD vectors_asm.o
LOAD ../../lib/libmc68000.a
OUTPUT(vbug2-1.elf elf32-m68k)
