Archive member included to satisfy reference by file (symbol)

../../lib/libmc68000.a(memset.o)
                              ./kbd/drv_kbd.o (memset)
../../lib/libmc68000.a(printf.o)
                              vbug2-1.o (printf)
../../lib/libmc68000.a(strlen.o)
                              ../../lib/libmc68000.a(printf.o) (strlen)
../../lib/libmc68000.a(putchar.o)
                              ../../lib/libmc68000.a(printf.o) (putchar)
../../lib/libmc68000.a(puts.o)
                              ../../lib/libmc68000.a(printf.o) (puts)

Discarded input sections

 .comment       0x00000000       0x13 vbug2-1.o
 .comment       0x00000000       0x13 vectors.o
 .comment       0x00000000       0x13 console.o
 .comment       0x00000000       0x13 ./dump/mem_dump.o
 .comment       0x00000000       0x13 ./kbd/drv_kbd.o
 .comment       0x00000000       0x13 ./picoVga/drv_picoVga.o
 .comment       0x00000000       0x13 ./xmodem/crc16.o
 .comment       0x00000000       0x13 timers.o
 .comment       0x00000000       0x13 ../../lib/libmc68000.a(memset.o)
 .comment       0x00000000       0x13 ../../lib/libmc68000.a(printf.o)
 .comment       0x00000000       0x13 ../../lib/libmc68000.a(strlen.o)
 .comment       0x00000000       0x13 ../../lib/libmc68000.a(putchar.o)
 .comment       0x00000000       0x13 ../../lib/libmc68000.a(puts.o)

Memory Configuration

Name             Origin             Length             Attributes
ROM              0x00000000         0x00010000         xr
RAM              0x00080000         0x00080000         xrw
*default*        0x00000000         0xffffffff

Linker script and memory map

                0x00000000                        . = 0x0

.vectors        0x00000000        0x0
 *(.vectors)
                0x00000000                        . = ALIGN (0x400)

.text           0x00000000     0x1e4c
                0x00000000                        . = ALIGN (0x2)
 *(.text*)
 .text          0x00000000      0x192 ../../obj/vbu2-1_startup.o
                0x000000c0                _start
 *fill*         0x00000192        0x2 
 .text          0x00000194      0x36c vbug2-1.o
                0x00000194                main
 .text          0x00000500      0x1ca vectors.o
                0x00000500                SvcBusError
                0x0000050a                Svcaddress_err
                0x00000514                SvcIllegalIns
                0x0000051e                SvcDiv0_handler
                0x00000528                SvcChkIns
                0x00000532                SvcTrapvIns
                0x0000053c                SvcPrivViolation
                0x00000546                SvcTrace
                0x00000550                SvcLineA
                0x0000055a                SvcLineF
                0x00000564                bad_exception
                0x0000056e                SpuriousHandler
                0x00000578                Int1Handler
                0x00000582                Int2Handler
                0x0000058c                Int3Handler
                0x00000596                Int4Handler
                0x000005a0                Int5Handler
                0x000005aa                Int6Handler
                0x000005b4                Int7Handler
                0x000005d0                Trap0Handler
                0x000005da                Trap1Handler
                0x0000063e                Trap2Handler
                0x00000648                Trap3Handler
                0x00000652                Trap4Handler
                0x0000065c                Trap5Handler
                0x00000666                Trap6Handler
                0x00000670                Trap7Handler
                0x0000067a                Trap8Handler
                0x00000684                Trap9Handler
                0x0000068e                TrapAHandler
                0x00000698                TrapBHandler
                0x000006a2                TrapCHandler
                0x000006ac                TrapDHandler
                0x000006b6                TrapEHandler
                0x000006c0                TrapFHandler
 *fill*         0x000006ca        0x2 
 .text          0x000006cc       0x3e console.o
                0x000006cc                set_console_output
                0x000006e4                set_console_input
                0x000006fc                enable_interrupts
 *fill*         0x0000070a        0x2 
 .text          0x0000070c      0x168 ./dump/mem_dump.o
                0x0000070c                dump_memory
 .text          0x00000874      0x81a ./kbd/drv_kbd.o
                0x000008dc                init_kbd
                0x00000978                enable_kbd_interrupts
                0x00000c30                get_packet
                0x00000e54                get_kbd_key
                0x00000f88                ch9350_shut_up
                0x00000f9c                get_char
                0x00001066                print_capslock
 *fill*         0x0000108e        0x2 
 .text          0x00001090       0xe0 ./picoVga/drv_picoVga.o
                0x00001090                init_picoVga
                0x0000109a                run_cmd
                0x000010b8                picovga_putchar
                0x000010d6                picovga_gotoxy
                0x00001116                picovga_set_color
                0x0000115c                clrscr
 .text          0x00001170       0x6c ./xmodem/crc16.o
                0x00001170                crc16_ccitt
 .text          0x000011dc       0x30 timers.o
                0x000011dc                delay10ms
 .text          0x0000120c       0x16 ../../lib/libmc68000.a(memset.o)
                0x0000120c                memset
 *fill*         0x00001222        0x2 
 .text          0x00001224      0x3a6 ../../lib/libmc68000.a(printf.o)
                0x00001224                itox
                0x0000126e                itodec
                0x000012cc                itooct
                0x00001312                itoudec
                0x00001364                pad_zeros
                0x000013a8                printf
 *fill*         0x000015ca        0x2 
 .text          0x000015cc       0x12 ../../lib/libmc68000.a(strlen.o)
                0x000015cc                strlen
 *fill*         0x000015de        0x2 
 .text          0x000015e0       0x1a ../../lib/libmc68000.a(putchar.o)
                0x000015e0                putchar
 *fill*         0x000015fa        0x2 
 .text          0x000015fc       0x26 ../../lib/libmc68000.a(puts.o)
                0x000015fc                puts
 *(.rodata)
 .rodata        0x00001622      0x236 vbug2-1.o
                0x00001622                MsgOrionInit
 .rodata        0x00001858      0x104 ./dump/mem_dump.o
 .rodata        0x0000195c      0x2c7 ./kbd/drv_kbd.o
                0x0000195c                OE_BASE_KEYMAP
                0x000019dc                OE_SHIFT_KEYMAP
                0x00001a5c                OE_CTRL_KEYMAP
                0x00001adc                OE_ALT_KEYMAP
                0x00001b5c                OE_ALTGR_KEYMAP
 *fill*         0x00001c23        0x1 
 .rodata        0x00001c24      0x200 ./xmodem/crc16.o
 .rodata        0x00001e24       0x28 ../../lib/libmc68000.a(printf.o)
                0x00001e4c                        . = ALIGN (0x2)

.rodata         0x00001e4c       0x20
                0x00001e4c                        . = ALIGN (0x2)
 *(.rodata*)
 .rodata.str1.1
                0x00001e4c       0x20 ../../lib/libmc68000.a(printf.o)
                0x00001e6c                        . = ALIGN (0x2)

.data           0x00080000        0x0 load address 0x00001e6c
                0x00080000                        . = ALIGN (0x2)
                0x00080000                        __data_start = .
 *(.data*)
 .data          0x00080000        0x0 ../../obj/vbu2-1_startup.o
 .data          0x00080000        0x0 vbug2-1.o
 .data          0x00080000        0x0 vectors.o
 .data          0x00080000        0x0 console.o
 .data          0x00080000        0x0 ./dump/mem_dump.o
 .data          0x00080000        0x0 ./kbd/drv_kbd.o
 .data          0x00080000        0x0 ./picoVga/drv_picoVga.o
 .data          0x00080000        0x0 ./xmodem/crc16.o
 .data          0x00080000        0x0 timers.o
 .data          0x00080000        0x0 ../../lib/libmc68000.a(memset.o)
 .data          0x00080000        0x0 ../../lib/libmc68000.a(printf.o)
 .data          0x00080000        0x0 ../../lib/libmc68000.a(strlen.o)
 .data          0x00080000        0x0 ../../lib/libmc68000.a(putchar.o)
 .data          0x00080000        0x0 ../../lib/libmc68000.a(puts.o)
                0x00080000                        . = ALIGN (0x2)
                0x00080000                        __data_end = .

.mram           0x00080000        0x8 load address 0x00001e6c
 *(?.mram)
 .mram          0x00080000        0x8 vbug2-1.o
                0x00080000                systemTick
                0x00080004                flg_system
                0x00001e6c                        __data_load_start = LOADADDR (.data)

.bss            0x00080008       0x44 load address 0x00001e6c
                0x00080008                        . = ALIGN (0x2)
                0x00080008                        __bss_start = .
 *(.bss*)
 .bss           0x00080008        0x0 ../../obj/vbu2-1_startup.o
 .bss           0x00080008        0x0 vbug2-1.o
 .bss           0x00080008        0x0 vectors.o
 .bss           0x00080008        0x8 console.o
                0x00080008                cconin
                0x0008000c                cconout
 .bss           0x00080010        0x0 ./dump/mem_dump.o
 .bss           0x00080010       0x3b ./kbd/drv_kbd.o
                0x00080010                key_buffer
                0x00080040                cmd
                0x00080041                length
                0x00080042                type
                0x00080043                special_key_up
                0x00080044                special_key_down
                0x00080045                key_up
                0x00080046                key_down
                0x00080047                special_key_status
                0x00080048                _CapsFlag
                0x00080049                mod_caps
                0x0008004a                debug_pkt
 *fill*         0x0008004b        0x1 
 .bss           0x0008004c        0x0 ./picoVga/drv_picoVga.o
 .bss           0x0008004c        0x0 ./xmodem/crc16.o
 .bss           0x0008004c        0x0 timers.o
 .bss           0x0008004c        0x0 ../../lib/libmc68000.a(memset.o)
 .bss           0x0008004c        0x0 ../../lib/libmc68000.a(printf.o)
 .bss           0x0008004c        0x0 ../../lib/libmc68000.a(strlen.o)
 .bss           0x0008004c        0x0 ../../lib/libmc68000.a(putchar.o)
 .bss           0x0008004c        0x0 ../../lib/libmc68000.a(puts.o)
 *(COMMON)
                0x0008004c                        . = ALIGN (0x2)
                0x0008004c                        __bss_end = .
                0x00100000                        _stack_end = 0x100000
                0x000fe000                        _stack_start = (_stack_end - 0x2000)

/DISCARD/
 *(.comment)
 *(.note*)
 *(.align*)
LOAD ../../obj/vbu2-1_startup.o
LOAD vbug2-1.o
LOAD vectors.o
LOAD console.o
LOAD ./dump/mem_dump.o
LOAD ./kbd/drv_kbd.o
LOAD ./picoVga/drv_picoVga.o
LOAD ./xmodem/crc16.o
LOAD timers.o
LOAD ../../lib/libmc68000.a
OUTPUT(vbug2-1.elf elf32-m68k)
