Archive member included to satisfy reference by file (symbol)

../../lib/libmc68000.a(printf.o)
                              vbug2-1.o (printf)
../../lib/libmc68000.a(strlen.o)
                              ../../lib/libmc68000.a(printf.o) (strlen)
../../lib/libmc68000.a(memset.o)
                              ../../lib/libmc68000.a(printf.o) (memset)
../../lib/libmc68000.a(putchar.o)
                              ../../lib/libmc68000.a(printf.o) (putchar)
../../lib/libmc68000.a(puts.o)
                              ../../lib/libmc68000.a(printf.o) (puts)

Discarded input sections

 .comment       0x00000000       0x13 vbug2-1.o
 .comment       0x00000000       0x13 drv_uart.o
 .comment       0x00000000       0x13 drv_kbd.o
 .comment       0x00000000       0x13 drv_picoVga.o
 .comment       0x00000000       0x13 vectors.o
 .comment       0x00000000       0x13 console.o
 .comment       0x00000000       0x13 ../../lib/libmc68000.a(printf.o)
 .comment       0x00000000       0x13 ../../lib/libmc68000.a(strlen.o)
 .comment       0x00000000       0x13 ../../lib/libmc68000.a(memset.o)
 .comment       0x00000000       0x13 ../../lib/libmc68000.a(putchar.o)
 .comment       0x00000000       0x13 ../../lib/libmc68000.a(puts.o)

Memory Configuration

Name             Origin             Length             Attributes
ROM              0x00000000         0x00008000         xr
RAM              0x00080000         0x00100000         xrw
*default*        0x00000000         0xffffffff

Linker script and memory map

                0x00000000                        . = 0x0

.vectors        0x00000000        0x0
 *(.vectors)
                0x00000000                        . = ALIGN (0x400)

.text           0x00000000     0x1358
                0x00000000                        . = ALIGN (0x2)
 *(.text*)
 .text          0x00000000       0xe6 ../../obj/vbu2-1_startup.o
                0x000000c0                _start
 *fill*         0x000000e6        0x2 
 .text          0x000000e8       0xc2 vbug2-1.o
                0x000000e8                main
 *fill*         0x000001aa        0x2 
 .text          0x000001ac       0x86 drv_uart.o
                0x000001ac                uart_init
                0x000001fc                uart_putchar
 *fill*         0x00000232        0x2 
 .text          0x00000234      0x708 drv_kbd.o
                0x0000026c                init_kbd
                0x000005c2                get_packet
                0x0000064e                set_keyboard_leds
                0x00000708                get_kbd_key
                0x0000083c                get_char
                0x000008ea                main_kbd
 .text          0x0000093c       0x8e drv_picoVga.o
                0x0000093c                init_picoVga
                0x00000946                picovga_putchar
                0x00000964                picovga_gotoxy
                0x000009b4                picovga_set_color
 *fill*         0x000009ca        0x2 
 .text          0x000009cc      0x1b8 vectors.o
                0x000009cc                SvcBusError
                0x000009d6                Svcaddress_err
                0x000009e0                SvcIllegalIns
                0x000009ea                SvcDiv0_handler
                0x000009f4                SvcChkIns
                0x000009fe                SvcTrapvIns
                0x00000a08                SvcPrivViolation
                0x00000a12                SvcTrace
                0x00000a1c                SvcLineA
                0x00000a26                SvcLineF
                0x00000a30                bad_exception
                0x00000a3a                SpuriousHandler
                0x00000a44                Int1Handler
                0x00000a4e                Int2Handler
                0x00000a58                Int3Handler
                0x00000a62                Int4Handler
                0x00000a6c                Int5Handler
                0x00000a76                Int6Handler
                0x00000a80                Int7Handler
                0x00000a8a                Trap0Handler
                0x00000a94                Trap1Handler
                0x00000af8                Trap2Handler
                0x00000b02                Trap3Handler
                0x00000b0c                Trap4Handler
                0x00000b16                Trap5Handler
                0x00000b20                Trap6Handler
                0x00000b2a                Trap7Handler
                0x00000b34                Trap8Handler
                0x00000b3e                Trap9Handler
                0x00000b48                TrapAHandler
                0x00000b52                TrapBHandler
                0x00000b5c                TrapCHandler
                0x00000b66                TrapDHandler
                0x00000b70                TrapEHandler
                0x00000b7a                TrapFHandler
 .text          0x00000b84       0x30 console.o
                0x00000b84                set_console_output
                0x00000b9c                set_console_input
 .text          0x00000bb4      0x3a6 ../../lib/libmc68000.a(printf.o)
                0x00000bb4                itox
                0x00000bfe                itodec
                0x00000c5c                itooct
                0x00000ca2                itoudec
                0x00000cf4                pad_zeros
                0x00000d38                printf
 *fill*         0x00000f5a        0x2 
 .text          0x00000f5c       0x12 ../../lib/libmc68000.a(strlen.o)
                0x00000f5c                strlen
 *fill*         0x00000f6e        0x2 
 .text          0x00000f70       0x16 ../../lib/libmc68000.a(memset.o)
                0x00000f70                memset
 *fill*         0x00000f86        0x2 
 .text          0x00000f88       0x1a ../../lib/libmc68000.a(putchar.o)
                0x00000f88                putchar
 *fill*         0x00000fa2        0x2 
 .text          0x00000fa4       0x26 ../../lib/libmc68000.a(puts.o)
                0x00000fa4                puts
 *(.rodata)
 .rodata        0x00000fca       0xd9 vbug2-1.o
                0x00000fca                MsgOrionInit
 .rodata        0x000010a3      0x28c drv_kbd.o
                0x000010a3                OE_BASE_KEYMAP
                0x00001123                OE_SHIFT_KEYMAP
                0x000011a3                OE_CTRL_KEYMAP
                0x00001223                OE_ALT_KEYMAP
                0x000012a3                OE_ALTGR_KEYMAP
 *fill*         0x0000132f        0x1 
 .rodata        0x00001330       0x28 ../../lib/libmc68000.a(printf.o)
                0x00001358                        . = ALIGN (0x2)

.rodata         0x00001358       0x20
                0x00001358                        . = ALIGN (0x2)
 *(.rodata*)
 .rodata.str1.1
                0x00001358       0x20 ../../lib/libmc68000.a(printf.o)
                0x00001378                        . = ALIGN (0x2)

.data           0x00080000        0x0 load address 0x00001378
                0x00080000                        . = ALIGN (0x2)
                0x00080000                        __data_start = .
 *(.data*)
 .data          0x00080000        0x0 ../../obj/vbu2-1_startup.o
 .data          0x00080000        0x0 vbug2-1.o
 .data          0x00080000        0x0 drv_uart.o
 .data          0x00080000        0x0 drv_kbd.o
 .data          0x00080000        0x0 drv_picoVga.o
 .data          0x00080000        0x0 vectors.o
 .data          0x00080000        0x0 console.o
 .data          0x00080000        0x0 ../../lib/libmc68000.a(printf.o)
 .data          0x00080000        0x0 ../../lib/libmc68000.a(strlen.o)
 .data          0x00080000        0x0 ../../lib/libmc68000.a(memset.o)
 .data          0x00080000        0x0 ../../lib/libmc68000.a(putchar.o)
 .data          0x00080000        0x0 ../../lib/libmc68000.a(puts.o)
                0x00080000                        . = ALIGN (0x2)
                0x00080000                        __data_end = .

.minha_ram      0x00080000        0x4 load address 0x00001378
 .minha_ram     0x00080000        0x4 vbug2-1.o
                0x00080000                vbug_status_flag

.mram           0x00080000      0x100
 *(.mram)
 .mram          0x00080000      0x100 vbug2-1.o
                0x00080000                vbug_buffer
                0x00001378                        __data_load_start = LOADADDR (.data)

.bss            0x00080100       0x44
                0x00080100                        . = ALIGN (0x2)
                0x00080100                        __bss_start = .
 *(.bss*)
 .bss           0x00080100        0x0 ../../obj/vbu2-1_startup.o
 .bss           0x00080100        0x0 vbug2-1.o
 .bss           0x00080100        0x0 drv_uart.o
 .bss           0x00080100       0x3a drv_kbd.o
                0x00080100                key_buffer
                0x00080130                cmd
                0x00080131                length
                0x00080132                type
                0x00080133                special_key_up
                0x00080134                special_key_down
                0x00080135                key_up
                0x00080136                key_down
                0x00080137                special_key_status
                0x00080138                _CapsFlag
                0x00080139                mod_caps
 *fill*         0x0008013a        0x2 
 .bss           0x0008013c        0x0 drv_picoVga.o
 .bss           0x0008013c        0x0 vectors.o
 .bss           0x0008013c        0x8 console.o
                0x0008013c                cconin
                0x00080140                cconout
 .bss           0x00080144        0x0 ../../lib/libmc68000.a(printf.o)
 .bss           0x00080144        0x0 ../../lib/libmc68000.a(strlen.o)
 .bss           0x00080144        0x0 ../../lib/libmc68000.a(memset.o)
 .bss           0x00080144        0x0 ../../lib/libmc68000.a(putchar.o)
 .bss           0x00080144        0x0 ../../lib/libmc68000.a(puts.o)
 *(COMMON)
                0x00080144                        . = ALIGN (0x2)
                0x00080144                        __bss_end = .

.stack          0x00080144     0x1000
                0x00080144                        . = ALIGN (0x2)
                0x00080144                        _stack_start = .
                0x00081144                        . = (. + 0x1000)
 *fill*         0x00080144     0x1000 
                0x00081144                        . = ALIGN (0x2)
                0x00081144                        _stack_end = .

/DISCARD/
 *(.comment)
 *(.note*)
 *(.align*)
LOAD ../../obj/vbu2-1_startup.o
LOAD vbug2-1.o
LOAD drv_uart.o
LOAD drv_kbd.o
LOAD drv_picoVga.o
LOAD vectors.o
LOAD console.o
LOAD ../../lib/libmc68000.a
OUTPUT(vbug2-1.elf elf32-m68k)
