   1               	#NO_APP
   2               		.file	"tinyBasic.c"
   3               		.text
   4               		.section	.rodata.str1.1,"aMS",@progbits,1
   5               	.LC0:
   6 0000 5469 6E79 		.string	"TinyBasic pgordao @copyleft 2025...\n"
   6      4261 7369 
   6      6320 7067 
   6      6F72 6461 
   6      6F20 4063 
   7               	.LC1:
   8 0025 436F 6D70 		.string	"Compiled for PDS317 cpu MC68000.\n"
   8      696C 6564 
   8      2066 6F72 
   8      2050 4453 
   8      3331 3720 
   9               		.section	.text.startup,"ax",@progbits
  10               		.align	2
  11               		.globl	main
  13               	main:
  14 0000 2F0A      		move.l %a2,-(%sp)
  15 0002 4879 0000 		pea .LC0
  15      0000 
  16 0008 45F9 0000 		lea printf,%a2
  16      0000 
  17 000e 4E92      		jsr (%a2)
  18 0010 4879 0000 		pea .LC1
  18      0000 
  19 0016 4E92      		jsr (%a2)
  20 0018 4EB9 0000 		jsr loop
  20      0000 
  21 001e 508F      		addq.l #8,%sp
  22 0020 7000      		moveq #0,%d0
  23 0022 245F      		move.l (%sp)+,%a2
  24 0024 4E75      		rts
  26               		.ident	"GCC: (GNU) 15.1.0"
