Archive member included to satisfy reference by file (symbol)

/home/pdsilva/.pico-sdk/toolchain/14_2_Rel1/bin/../lib/gcc/arm-none-eabi/14.2.1/../../../../arm-none-eabi/lib/thumb/v8-m.main+fp/softfp/libm.a(libm_a-wf_sqrt.o)
                              CMakeFiles/vgaPico2.dir/home/pdsilva/.pico-sdk/sdk/2.2.0/src/rp2_common/pico_float/float_math.c.o (sqrtf)
/home/pdsilva/.pico-sdk/toolchain/14_2_Rel1/bin/../lib/gcc/arm-none-eabi/14.2.1/../../../../arm-none-eabi/lib/thumb/v8-m.main+fp/softfp/libm.a(libm_a-ef_sqrt.o)
                              /home/pdsilva/.pico-sdk/toolchain/14_2_Rel1/bin/../lib/gcc/arm-none-eabi/14.2.1/../../../../arm-none-eabi/lib/thumb/v8-m.main+fp/softfp/libm.a(libm_a-wf_sqrt.o) (__ieee754_sqrtf)
/home/pdsilva/.pico-sdk/toolchain/14_2_Rel1/bin/../lib/gcc/arm-none-eabi/14.2.1/thumb/v8-m.main+fp/softfp/libgcc.a(_arm_addsubdf3.o)
                              CMakeFiles/vgaPico2.dir/home/pdsilva/.pico-sdk/sdk/2.2.0/src/rp2_common/pico_float/float_math.c.o (__aeabi_f2d)
/home/pdsilva/.pico-sdk/toolchain/14_2_Rel1/bin/../lib/gcc/arm-none-eabi/14.2.1/thumb/v8-m.main+fp/softfp/libgcc.a(_aeabi_ldivmod.o)
                              CMakeFiles/vgaPico2.dir/home/pdsilva/.pico-sdk/sdk/2.2.0/src/common/pico_time/time.c.o (__aeabi_ldivmod)
/home/pdsilva/.pico-sdk/toolchain/14_2_Rel1/bin/../lib/gcc/arm-none-eabi/14.2.1/thumb/v8-m.main+fp/softfp/libgcc.a(_aeabi_uldivmod.o)
                              CMakeFiles/vgaPico2.dir/home/pdsilva/.pico-sdk/sdk/2.2.0/src/rp2_common/hardware_clocks/clocks.c.o (__aeabi_uldivmod)
/home/pdsilva/.pico-sdk/toolchain/14_2_Rel1/bin/../lib/gcc/arm-none-eabi/14.2.1/thumb/v8-m.main+fp/softfp/libgcc.a(_udivmoddi4.o)
                              /home/pdsilva/.pico-sdk/toolchain/14_2_Rel1/bin/../lib/gcc/arm-none-eabi/14.2.1/thumb/v8-m.main+fp/softfp/libgcc.a(_aeabi_ldivmod.o) (__udivmoddi4)
/home/pdsilva/.pico-sdk/toolchain/14_2_Rel1/bin/../lib/gcc/arm-none-eabi/14.2.1/thumb/v8-m.main+fp/softfp/libgcc.a(_dvmd_tls.o)
                              /home/pdsilva/.pico-sdk/toolchain/14_2_Rel1/bin/../lib/gcc/arm-none-eabi/14.2.1/thumb/v8-m.main+fp/softfp/libgcc.a(_aeabi_ldivmod.o) (__aeabi_ldiv0)
/home/pdsilva/.pico-sdk/toolchain/14_2_Rel1/bin/../lib/gcc/arm-none-eabi/14.2.1/../../../../arm-none-eabi/lib/thumb/v8-m.main+fp/softfp/libg.a(libc_a-calloc.o)
                              CMakeFiles/vgaPico2.dir/home/pdsilva/.pico-sdk/sdk/2.2.0/src/rp2_common/pico_malloc/malloc.c.o (calloc)
/home/pdsilva/.pico-sdk/toolchain/14_2_Rel1/bin/../lib/gcc/arm-none-eabi/14.2.1/../../../../arm-none-eabi/lib/thumb/v8-m.main+fp/softfp/libg.a(libc_a-callocr.o)
                              /home/pdsilva/.pico-sdk/toolchain/14_2_Rel1/bin/../lib/gcc/arm-none-eabi/14.2.1/../../../../arm-none-eabi/lib/thumb/v8-m.main+fp/softfp/libg.a(libc_a-calloc.o) (_calloc_r)
/home/pdsilva/.pico-sdk/toolchain/14_2_Rel1/bin/../lib/gcc/arm-none-eabi/14.2.1/../../../../arm-none-eabi/lib/thumb/v8-m.main+fp/softfp/libg.a(libc_a-malloc.o)
                              CMakeFiles/vgaPico2.dir/home/pdsilva/.pico-sdk/sdk/2.2.0/src/rp2_common/pico_malloc/malloc.c.o (malloc)
/home/pdsilva/.pico-sdk/toolchain/14_2_Rel1/bin/../lib/gcc/arm-none-eabi/14.2.1/../../../../arm-none-eabi/lib/thumb/v8-m.main+fp/softfp/libg.a(libc_a-mallocr.o)
                              /home/pdsilva/.pico-sdk/toolchain/14_2_Rel1/bin/../lib/gcc/arm-none-eabi/14.2.1/../../../../arm-none-eabi/lib/thumb/v8-m.main+fp/softfp/libg.a(libc_a-callocr.o) (_malloc_r)
/home/pdsilva/.pico-sdk/toolchain/14_2_Rel1/bin/../lib/gcc/arm-none-eabi/14.2.1/../../../../arm-none-eabi/lib/thumb/v8-m.main+fp/softfp/libg.a(libc_a-mlock.o)
                              /home/pdsilva/.pico-sdk/toolchain/14_2_Rel1/bin/../lib/gcc/arm-none-eabi/14.2.1/../../../../arm-none-eabi/lib/thumb/v8-m.main+fp/softfp/libg.a(libc_a-mallocr.o) (__malloc_lock)
/home/pdsilva/.pico-sdk/toolchain/14_2_Rel1/bin/../lib/gcc/arm-none-eabi/14.2.1/../../../../arm-none-eabi/lib/thumb/v8-m.main+fp/softfp/libg.a(libc_a-realloc.o)
                              CMakeFiles/vgaPico2.dir/home/pdsilva/.pico-sdk/sdk/2.2.0/src/rp2_common/pico_malloc/malloc.c.o (realloc)
/home/pdsilva/.pico-sdk/toolchain/14_2_Rel1/bin/../lib/gcc/arm-none-eabi/14.2.1/../../../../arm-none-eabi/lib/thumb/v8-m.main+fp/softfp/libg.a(libc_a-reallocr.o)
                              /home/pdsilva/.pico-sdk/toolchain/14_2_Rel1/bin/../lib/gcc/arm-none-eabi/14.2.1/../../../../arm-none-eabi/lib/thumb/v8-m.main+fp/softfp/libg.a(libc_a-realloc.o) (_realloc_r)
/home/pdsilva/.pico-sdk/toolchain/14_2_Rel1/bin/../lib/gcc/arm-none-eabi/14.2.1/../../../../arm-none-eabi/lib/thumb/v8-m.main+fp/softfp/libg.a(libc_a-memcmp.o)
                              CMakeFiles/vgaPico2.dir/home/pdsilva/.pico-sdk/sdk/2.2.0/src/rp2_common/pico_atomic/atomic.c.o (memcmp)
/home/pdsilva/.pico-sdk/toolchain/14_2_Rel1/bin/../lib/gcc/arm-none-eabi/14.2.1/../../../../arm-none-eabi/lib/thumb/v8-m.main+fp/softfp/libg.a(libc_a-memmove.o)
[...]
Memory Configuration

Name             Origin             Length             Attributes
FLASH            0x10000000         0x00400000         xr
RAM              0x20000000         0x00080000         xrw
SCRATCH_X        0x20080000         0x00001000         xrw
SCRATCH_Y        0x20081000         0x00001000         xrw
*default*        0x00000000         0xffffffff

Linker script and memory map

LOAD /home/pdsilva/.pico-sdk/toolchain/14_2_Rel1/bin/../lib/gcc/arm-none-eabi/14.2.1/thumb/v8-m.main+fp/softfp/crti.o
LOAD /home/pdsilva/.pico-sdk/toolchain/14_2_Rel1/bin/../lib/gcc/arm-none-eabi/14.2.1/thumb/v8-m.main+fp/softfp/crtbegin.o
LOAD /home/pdsilva/.pico-sdk/toolchain/14_2_Rel1/bin/../lib/gcc/arm-none-eabi/14.2.1/../../../../arm-none-eabi/lib/thumb/v8-m.main+fp/softfp/crt0.o

.flash_begin    0x10000000        0x0
                0x10000000                        __flash_binary_start = .

.text           0x10000000     0x61a4
                0x10000000                        __logical_binary_start = .
 *(.vectors)
 .vectors       0x10000000      0x124 CMakeFiles/vgaPico2.dir/home/pdsilva/.pico-sdk/sdk/2.2.0/src/rp2_common/pico_crt0/crt0.S.o
                0x10000000                __vectors
                0x10000000                __VECTOR_TABLE
                0x10000110                isr_securefault
                0x10000110                isr_irq30
                0x10000110                __unhandled_user_irq
                0x10000110                isr_irq49
                0x10000110                isr_irq13
                0x10000110                isr_irq43
                0x10000110                isr_irq45
                0x10000110                isr_irq27
                0x10000110                isr_irq32
                0x10000110                isr_irq31
                0x10000110                isr_irq5
                0x10000110                isr_irq11
                0x10000110                isr_irq23
                0x10000110                isr_usagefault
                0x10000110                isr_irq48
                0x10000110                isr_irq35
                0x10000110                isr_irq18
                0x10000110                isr_irq50
                0x10000110                isr_irq40
                0x10000110                isr_irq28
                0x10000110                isr_irq19
                0x10000110                isr_irq36
                0x10000110                isr_irq41
                0x10000110                isr_irq0
                0x10000110                isr_irq6
                0x10000110                isr_memmanage
                0x10000110                isr_irq37
                0x10000110                isr_irq42
                0x10000110                isr_irq22
                0x10000110                isr_irq17
                0x10000110                isr_irq38
                0x10000110                isr_irq14
                0x10000110                __vectors_end
                0x10000110                __default_isrs_start
                0x10000110                isr_irq2
                0x10000110                isr_irq10
                0x10000110                isr_irq8
                0x10000110                isr_debugmonitor
                0x10000110                isr_irq24
                0x10000110                isr_irq46
                0x10000110                isr_irq1
                0x10000110                isr_irq47
                0x10000110                isr_irq51
                0x10000110                isr_irq7
                0x10000110                isr_irq21
                0x10000110                isr_irq39
                0x10000110                isr_irq20
                0x10000110                isr_irq15
                0x10000110                isr_irq25
                0x10000110                isr_irq34
                0x10000110                isr_irq4
                0x10000110                isr_busfault
                0x10000110                isr_irq16
                0x10000110                isr_irq44
                0x10000110                isr_irq29
                0x10000110                isr_irq26
                0x10000110                isr_irq33
                0x10000110                isr_irq3
                0x10000110                isr_irq12
                0x10000110                isr_irq9
                0x10000116                unhandled_user_irq_num_in_r0
                0x10000118                isr_invalid
                0x1000011a                isr_nmi
                0x1000011c                isr_hardfault
                0x1000011e                isr_svcall
                0x10000120                isr_pendsv
                0x10000122                isr_systick
                0x10000124                __default_isrs_end
 *(.binary_info_header)
 .binary_info_header
                0x10000124       0x14 CMakeFiles/vgaPico2.dir/home/pdsilva/.pico-sdk/sdk/2.2.0/src/rp2_common/pico_crt0/crt0.S.o
                0x10000138                        __binary_info_header_end = .
 *(.embedded_block)
 .embedded_block
                0x10000138       0x14 CMakeFiles/vgaPico2.dir/home/pdsilva/.pico-sdk/sdk/2.2.0/src/rp2_common/pico_crt0/crt0.S.o
                0x1000014c                        __embedded_block_end = .
 *(.reset)
 .reset         0x1000014c       0x98 CMakeFiles/vgaPico2.dir/home/pdsilva/.pico-sdk/sdk/2.2.0/src/rp2_common/pico_crt0/crt0.S.o
                0x1000014c                _entry_point
 *(.init)
 .init          0x100001e4        0x4 /home/pdsilva/.pico-sdk/toolchain/14_2_Rel1/bin/../lib/gcc/arm-none-eabi/14.2.1/thumb/v8-m.main+fp/softfp/crti.o
                0x100001e4                _init
 *libgcc.a:cmse_nonsecure_call.o()
 *(EXCLUDE_FILE(*libm.a: *libc.a:*lib_a-mem*.o *libgcc.a:) .text*)
 .text.register_tm_clones
                0x100001e8       0x28 /home/pdsilva/.pico-sdk/toolchain/14_2_Rel1/bin/../lib/gcc/arm-none-eabi/14.2.1/thumb/v8-m.main+fp/softfp/crtbegin.o
 .text.frame_dummy
                0x10000210       0x24 /home/pdsilva/.pico-sdk/toolchain/14_2_Rel1/bin/../lib/gcc/arm-none-eabi/14.2.1/thumb/v8-m.main+fp/softfp/crtbegin.o
 .text.protothread_print_bus_read
                0x10000234      0x300 CMakeFiles/vgaPico2.dir/vga.c.o
 .text.timer_callback
                0x10000534       0x28 CMakeFiles/vgaPico2.dir/vga.c.o
 .text.set_sys_clock_khz.constprop.0.isra.0
                0x1000055c       0x2c CMakeFiles/vgaPico2.dir/vga.c.o
 .text.protothread_sched.constprop.0.isra.0
                0x10000588      0x12c CMakeFiles/vgaPico2.dir/vga.c.o
 .text.protothread_sched1.constprop.0.isra.0
                0x100006b4      0x12c CMakeFiles/vgaPico2.dir/vga.c.o
 .text.video_welcome_screen
                0x100007e0       0x8c CMakeFiles/vgaPico2.dir/vga.c.o
                0x100007e0                video_welcome_screen
 .text.startup.main
                0x1000086c      0x180 CMakeFiles/vgaPico2.dir/vga.c.o
                0x1000086c                main
 *fill*         0x100009ec        0x4 
 .text.initReadBus_Pio
                0x100009f0       0xc4 CMakeFiles/vgaPico2.dir/vga_drv.c.o
                0x100009f0                initReadBus_Pio
 .text.pioReset
                0x10000ab4       0xac CMakeFiles/vgaPico2.dir/vga_drv.c.o
                0x10000ab4                pioReset
 .text.initVGA  0x10000b60      0x5bc CMakeFiles/vgaPico2.dir/vga_drv.c.o
                0x10000b60                initVGA
 .text.set_vga_data_array
                0x1000111c       0x10 CMakeFiles/vgaPico2.dir/vga_primitives.c.o
 .text.set_vga_home
                0x1000112c       0x10 CMakeFiles/vgaPico2.dir/vga_primitives.c.o
 .text.set_vga_mode
                0x1000113c       0x38 CMakeFiles/vgaPico2.dir/vga_primitives.c.o
 .text.setTextCursor
                0x10001174       0x44 CMakeFiles/vgaPico2.dir/vga_primitives.c.o
 .text.getTextSize
                0x100011b8       0x10 CMakeFiles/vgaPico2.dir/vga_primitives.c.o
 .text.set_blink_interval
                0x100011c8       0x10 CMakeFiles/vgaPico2.dir/vga_primitives.c.o
                0x100011c8                set_blink_interval
 .text.get_blink_interval
                0x100011d8       0x10 CMakeFiles/vgaPico2.dir/vga_primitives.c.o
 .text.setTextCursorVisible
                0x100011e8       0x10 CMakeFiles/vgaPico2.dir/vga_primitives.c.o
 .text.setTextCursorBlink
                0x100011f8       0x10 CMakeFiles/vgaPico2.dir/vga_primitives.c.o
 .text.setTextColor
                0x10001208       0x10 CMakeFiles/vgaPico2.dir/vga_primitives.c.o
 .text.getTextColor
                0x10001218       0x10 CMakeFiles/vgaPico2.dir/vga_primitives.c.o
 .text.clrscr   0x10001228       0x20 CMakeFiles/vgaPico2.dir/vga_primitives.c.o
 .text.get_vga  0x10001248        0xc CMakeFiles/vgaPico2.dir/vga_primitives.c.o
                0x10001248                get_vga
 .text.drawPixel
                0x10001254       0x4c CMakeFiles/vgaPico2.dir/vga_primitives.c.o
                0x10001254                drawPixel
 .text.drawHLine
                0x100012a0       0x90 CMakeFiles/vgaPico2.dir/vga_primitives.c.o
                0x100012a0                drawHLine
 .text.fillRect
                0x10001330       0xa0 CMakeFiles/vgaPico2.dir/vga_primitives.c.o
                0x10001330                fillRect
 .text.drawChar2
                0x100013d0      0x128 CMakeFiles/vgaPico2.dir/vga_primitives.c.o
                0x100013d0                drawChar2
 .text.drawChar
                0x100014f8      0x1ec CMakeFiles/vgaPico2.dir/vga_primitives.c.o
                0x100014f8                drawChar
 .text.tft_write
                0x100016e4       0x74 CMakeFiles/vgaPico2.dir/vga_primitives.c.o
                0x100016e4                tft_write
 .text.printString
                0x10001758       0x8c CMakeFiles/vgaPico2.dir/vga_primitives.c.o
 .text.printString2
                0x100017e4      0x130 CMakeFiles/vgaPico2.dir/vga_primitives.c.o
 .text.printString1
                0x10001914      0x144 CMakeFiles/vgaPico2.dir/vga_primitives.c.o
 .text.put_cursor
                0x10001a58       0x4c CMakeFiles/vgaPico2.dir/vga_primitives.c.o
                0x10001a58                put_cursor
 .text.create_screen
                0x10001aa4      0x164 CMakeFiles/vgaPico2.dir/vga_primitives.c.o
                0x10001aa4                create_screen
 .text.change_mode
                0x10001c08       0x7c CMakeFiles/vgaPico2.dir/vga_primitives.c.o
                0x10001c08                change_mode
 .text.bus_try_get_event
                0x10001c84       0x2c CMakeFiles/vgaPico2.dir/vga_bus_read.c.o
                0x10001c84                bus_try_get_event
 .text.set_x    0x10001cb0       0x14 CMakeFiles/vgaPico2.dir/cursor.c.o
 .text.set_y    0x10001cc4       0x14 CMakeFiles/vgaPico2.dir/cursor.c.o
 .text.set_position
                0x10001cd8       0x20 CMakeFiles/vgaPico2.dir/cursor.c.o
 .text.set_visible
                0x10001cf8        0xc CMakeFiles/vgaPico2.dir/cursor.c.o
 .text.set_blink
                0x10001d04        0xc CMakeFiles/vgaPico2.dir/cursor.c.o
 .text.set_blink_interval
                0x10001d10        0xc CMakeFiles/vgaPico2.dir/cursor.c.o
 .text.get_blink_interval
                0x10001d1c        0xc CMakeFiles/vgaPico2.dir/cursor.c.o
 .text.set_shape
                0x10001d28        0xc CMakeFiles/vgaPico2.dir/cursor.c.o
 .text.get_x    0x10001d34        0xc CMakeFiles/vgaPico2.dir/cursor.c.o
 .text.get_y    0x10001d40        0xc CMakeFiles/vgaPico2.dir/cursor.c.o
 .text.is_visible
                0x10001d4c        0xc CMakeFiles/vgaPico2.dir/cursor.c.o
 .text.create_default_cursor
                0x10001d58       0x7c CMakeFiles/vgaPico2.dir/cursor.c.o
                0x10001d58                create_default_cursor
 .text.set_font
                0x10001dd4       0x18 CMakeFiles/vgaPico2.dir/font.c.o
                0x10001dd4                set_font
 .text.pico_i2c_init
                0x10001dec       0x28 CMakeFiles/vgaPico2.dir/eeprom.c.o
                0x10001dec                pico_i2c_init
 .text.eeprom_ping
                0x10001e14       0x30 CMakeFiles/vgaPico2.dir/eeprom.c.o
                0x10001e14                eeprom_ping
 .text.print_mem_status
                0x10001e44       0x44 CMakeFiles/vgaPico2.dir/eeprom.c.o
                0x10001e44                print_mem_status
 .text.reset    0x10001e88        0xc CMakeFiles/vgaPico2.dir/eeprom.c.o
                0x10001e88                reset
 .text.eeprom_save_config
                0x10001e94       0x48 CMakeFiles/vgaPico2.dir/eeprom.c.o
                0x10001e94                eeprom_save_config
 .text.eeprom_load_config
                0x10001edc       0xf0 CMakeFiles/vgaPico2.dir/eeprom.c.o
                0x10001edc                eeprom_load_config
 .text.dump     0x10001fcc       0xc8 CMakeFiles/vgaPico2.dir/eeprom.c.o
                0x10001fcc                dump
 .text.gpio_set_function
                0x10002094       0x3c CMakeFiles/vgaPico2.dir/home/pdsilva/.pico-sdk/sdk/2.2.0/src/rp2_common/hardware_gpio/gpio.c.o
                0x10002094                gpio_set_function
 .text.gpio_set_pulls
                0x100020d0       0x28 CMakeFiles/vgaPico2.dir/home/pdsilva/.pico-sdk/sdk/2.2.0/src/rp2_common/hardware_gpio/gpio.c.o
                0x100020d0                gpio_set_pulls
 .text.panic    0x100020f8       0x30 CMakeFiles/vgaPico2.dir/home/pdsilva/.pico-sdk/sdk/2.2.0/src/rp2_common/pico_platform_panic/panic.c.o
                0x100020f8                panic
 .text.hw_claim_lock
                0x10002128       0x24 CMakeFiles/vgaPico2.dir/home/pdsilva/.pico-sdk/sdk/2.2.0/src/common/hardware_claim/claim.c.o
                0x10002128                hw_claim_lock
 .text.hw_claim_unlock
                0x1000214c       0x14 CMakeFiles/vgaPico2.dir/home/pdsilva/.pico-sdk/sdk/2.2.0/src/common/hardware_claim/claim.c.o
                0x1000214c                hw_claim_unlock
 .text.hw_claim_or_assert
                0x10002160       0x58 CMakeFiles/vgaPico2.dir/home/pdsilva/.pico-sdk/sdk/2.2.0/src/common/hardware_claim/claim.c.o
                0x10002160                hw_claim_or_assert
 .text.hw_claim_unused_from_range
                0x100021b8       0x80 CMakeFiles/vgaPico2.dir/home/pdsilva/.pico-sdk/sdk/2.2.0/src/common/hardware_claim/claim.c.o
                0x100021b8                hw_claim_unused_from_range
 .text.next_striped_spin_lock_num
                0x10002238       0x18 CMakeFiles/vgaPico2.dir/home/pdsilva/.pico-sdk/sdk/2.2.0/src/rp2_common/hardware_sync/sync.c.o
                0x10002238                next_striped_spin_lock_num
 .text.spinlock_set_extexclall
                0x10002250       0x10 CMakeFiles/vgaPico2.dir/home/pdsilva/.pico-sdk/sdk/2.2.0/src/rp2_common/hardware_sync_spin_lock/sync_spin_lock.c.o
 .text.spin_locks_reset
                0x10002260       0x18 CMakeFiles/vgaPico2.dir/home/pdsilva/.pico-sdk/sdk/2.2.0/src/rp2_common/hardware_sync_spin_lock/sync_spin_lock.c.o
                0x10002260                spin_locks_reset
 .text.runtime_init_per_core_irq_priorities
                0x10002278       0x40 CMakeFiles/vgaPico2.dir/home/pdsilva/.pico-sdk/sdk/2.2.0/src/rp2_common/hardware_irq/irq.c.o
                0x10002278                runtime_init_per_core_irq_priorities
 .text.irq_set_enabled
                0x100022b8       0x2c CMakeFiles/vgaPico2.dir/home/pdsilva/.pico-sdk/sdk/2.2.0/src/rp2_common/hardware_irq/irq.c.o
                0x100022b8                irq_set_enabled
 .text.irq_set_exclusive_handler
                0x100022e4       0x60 CMakeFiles/vgaPico2.dir/home/pdsilva/.pico-sdk/sdk/2.2.0/src/rp2_common/hardware_irq/irq.c.o
                0x100022e4                irq_set_exclusive_handler
 .text.irq_set_priority
                0x10002344       0x28 CMakeFiles/vgaPico2.dir/home/pdsilva/.pico-sdk/sdk/2.2.0/src/rp2_common/hardware_irq/irq.c.o
                0x10002344                irq_set_priority
 .text.lock_init
                0x1000236c        0xc CMakeFiles/vgaPico2.dir/home/pdsilva/.pico-sdk/sdk/2.2.0/src/common/pico_sync/lock_core.c.o
                0x1000236c                lock_init
 .text.runtime_init_mutex
                0x10002378       0x4c CMakeFiles/vgaPico2.dir/home/pdsilva/.pico-sdk/sdk/2.2.0/src/common/pico_sync/mutex.c.o
                0x10002378                runtime_init_mutex
 .text.sleep_until_callback
                0x100023c4       0x3c CMakeFiles/vgaPico2.dir/home/pdsilva/.pico-sdk/sdk/2.2.0/src/common/pico_time/time.c.o
 .text.alarm_pool_irq_handler
                0x10002400      0x2f0 CMakeFiles/vgaPico2.dir/home/pdsilva/.pico-sdk/sdk/2.2.0/src/common/pico_time/time.c.o
 .text.runtime_init_default_alarm_pool
                0x100026f0      0x100 CMakeFiles/vgaPico2.dir/home/pdsilva/.pico-sdk/sdk/2.2.0/src/common/pico_time/time.c.o
                0x100026f0                runtime_init_default_alarm_pool
 .text.alarm_pool_get_default
                0x100027f0        0x8 CMakeFiles/vgaPico2.dir/home/pdsilva/.pico-sdk/sdk/2.2.0/src/common/pico_time/time.c.o
                0x100027f0                alarm_pool_get_default
 .text.alarm_pool_add_alarm_at_force_in_context
                0x100027f8       0xc8 CMakeFiles/vgaPico2.dir/home/pdsilva/.pico-sdk/sdk/2.2.0/src/common/pico_time/time.c.o
                0x100027f8                alarm_pool_add_alarm_at_force_in_context
 .text.alarm_pool_cancel_alarm
                0x100028c0       0x80 CMakeFiles/vgaPico2.dir/home/pdsilva/.pico-sdk/sdk/2.2.0/src/common/pico_time/time.c.o
                0x100028c0                alarm_pool_cancel_alarm
 .text.sleep_ms
                0x10002940       0xdc CMakeFiles/vgaPico2.dir/home/pdsilva/.pico-sdk/sdk/2.2.0/src/common/pico_time/time.c.o
                0x10002940                sleep_ms
 .text.best_effort_wfe_or_timeout
                0x10002a1c       0xd4 CMakeFiles/vgaPico2.dir/home/pdsilva/.pico-sdk/sdk/2.2.0/src/common/pico_time/time.c.o
                0x10002a1c                best_effort_wfe_or_timeout
 .text.alarm_pool_add_repeating_timer_us
                0x10002af0      0x120 CMakeFiles/vgaPico2.dir/home/pdsilva/.pico-sdk/sdk/2.2.0/src/common/pico_time/time.c.o
                0x10002af0                alarm_pool_add_repeating_timer_us
 .text.cancel_repeating_timer
                0x10002c10       0x9c CMakeFiles/vgaPico2.dir/home/pdsilva/.pico-sdk/sdk/2.2.0/src/common/pico_time/time.c.o
                0x10002c10                cancel_repeating_timer
 .text.timer_hardware_alarm_claim
                0x10002cac       0x24 CMakeFiles/vgaPico2.dir/home/pdsilva/.pico-sdk/sdk/2.2.0/src/rp2_common/hardware_timer/timer.c.o
                0x10002cac                timer_hardware_alarm_claim
 .text.timer_time_us_64
                0x10002cd0       0x10 CMakeFiles/vgaPico2.dir/home/pdsilva/.pico-sdk/sdk/2.2.0/src/rp2_common/hardware_timer/timer.c.o
                0x10002cd0                timer_time_us_64
 .text.time_us_64
                0x10002ce0       0x14 CMakeFiles/vgaPico2.dir/home/pdsilva/.pico-sdk/sdk/2.2.0/src/rp2_common/hardware_timer/timer.c.o
                0x10002ce0                time_us_64
 .text.busy_wait_until
                0x10002cf4       0x24 CMakeFiles/vgaPico2.dir/home/pdsilva/.pico-sdk/sdk/2.2.0/src/rp2_common/hardware_timer/timer.c.o
                0x10002cf4                busy_wait_until
 .text.clock_configure_undivided
                0x10002d18       0xd0 CMakeFiles/vgaPico2.dir/home/pdsilva/.pico-sdk/sdk/2.2.0/src/rp2_common/hardware_clocks/clocks.c.o
                0x10002d18                clock_configure_undivided
 .text.clock_get_hz
                0x10002de8        0xc CMakeFiles/vgaPico2.dir/home/pdsilva/.pico-sdk/sdk/2.2.0/src/rp2_common/hardware_clocks/clocks.c.o
                0x10002de8                clock_get_hz
 .text.set_sys_clock_pll
                0x10002df4      0x184 CMakeFiles/vgaPico2.dir/home/pdsilva/.pico-sdk/sdk/2.2.0/src/rp2_common/hardware_clocks/clocks.c.o
                0x10002df4                set_sys_clock_pll
 .text.check_sys_clock_khz
                0x10002f78      0x19c CMakeFiles/vgaPico2.dir/home/pdsilva/.pico-sdk/sdk/2.2.0/src/rp2_common/hardware_clocks/clocks.c.o
                0x10002f78                check_sys_clock_khz
 .text.pll_init
                0x10003114       0x8c CMakeFiles/vgaPico2.dir/home/pdsilva/.pico-sdk/sdk/2.2.0/src/rp2_common/hardware_pll/pll.c.o
                0x10003114                pll_init
 .text.watchdog_reboot
                0x100031a0       0x98 CMakeFiles/vgaPico2.dir/home/pdsilva/.pico-sdk/sdk/2.2.0/src/rp2_common/hardware_watchdog/watchdog.c.o
                0x100031a0                watchdog_reboot
 .text.tick_start
                0x10003238       0x18 CMakeFiles/vgaPico2.dir/home/pdsilva/.pico-sdk/sdk/2.2.0/src/rp2_common/hardware_ticks/ticks.c.o
                0x10003238                tick_start
 .text.rom_func_lookup
                0x10003250       0x18 CMakeFiles/vgaPico2.dir/home/pdsilva/.pico-sdk/sdk/2.2.0/src/rp2_common/pico_bootrom/bootrom.c.o
                0x10003250                rom_func_lookup
 .text.runtime_init_bootrom_locking_enable
                0x10003268       0x14 CMakeFiles/vgaPico2.dir/home/pdsilva/.pico-sdk/sdk/2.2.0/src/rp2_common/pico_bootrom/bootrom_lock.c.o
                0x10003268                runtime_init_bootrom_locking_enable
 .text.runtime_init_boot_locks_reset
                0x1000327c       0x1c CMakeFiles/vgaPico2.dir/home/pdsilva/.pico-sdk/sdk/2.2.0/src/rp2_common/hardware_boot_lock/boot_lock.c.o
                0x1000327c                runtime_init_boot_locks_reset
 .text.xosc_init
                0x10003298       0x30 CMakeFiles/vgaPico2.dir/home/pdsilva/.pico-sdk/sdk/2.2.0/src/rp2_common/hardware_xosc/xosc.c.o
                0x10003298                xosc_init
 .text.first_per_core_initializer
                0x100032c8        0x4 CMakeFiles/vgaPico2.dir/home/pdsilva/.pico-sdk/sdk/2.2.0/src/rp2_common/pico_runtime/runtime.c.o
 .text.hard_assertion_failure
                0x100032cc        0xc CMakeFiles/vgaPico2.dir/home/pdsilva/.pico-sdk/sdk/2.2.0/src/rp2_common/pico_runtime/runtime.c.o
                0x100032cc                hard_assertion_failure
 .text.runtime_run_initializers
                0x100032d8       0x20 CMakeFiles/vgaPico2.dir/home/pdsilva/.pico-sdk/sdk/2.2.0/src/rp2_common/pico_runtime/runtime.c.o
                0x100032d8                runtime_run_initializers
 .text.runtime_init_early_resets
                0x100032f8       0x34 CMakeFiles/vgaPico2.dir/home/pdsilva/.pico-sdk/sdk/2.2.0/src/rp2_common/pico_runtime_init/runtime_init.c.o
                0x100032f8                runtime_init_early_resets
 .text.runtime_init_usb_power_down
                0x1000332c       0x1c CMakeFiles/vgaPico2.dir/home/pdsilva/.pico-sdk/sdk/2.2.0/src/rp2_common/pico_runtime_init/runtime_init.c.o
                0x1000332c                runtime_init_usb_power_down
 .text.runtime_init_per_core_enable_coprocessors
                0x10003348       0x1c CMakeFiles/vgaPico2.dir/home/pdsilva/.pico-sdk/sdk/2.2.0/src/rp2_common/pico_runtime_init/runtime_init.c.o
                0x10003348                runtime_init_per_core_enable_coprocessors
 .text.runtime_init_post_clock_resets
                0x10003364       0x20 CMakeFiles/vgaPico2.dir/home/pdsilva/.pico-sdk/sdk/2.2.0/src/rp2_common/pico_runtime_init/runtime_init.c.o
                0x10003364                runtime_init_post_clock_resets
 .text.runtime_init_bootrom_reset
                0x10003384       0x14 CMakeFiles/vgaPico2.dir/home/pdsilva/.pico-sdk/sdk/2.2.0/src/rp2_common/pico_runtime_init/runtime_init.c.o
                0x10003384                runtime_init_bootrom_reset
 .text.runtime_init_per_core_bootrom_reset
                0x10003398       0x14 CMakeFiles/vgaPico2.dir/home/pdsilva/.pico-sdk/sdk/2.2.0/src/rp2_common/pico_runtime_init/runtime_init.c.o
                0x10003398                runtime_init_per_core_bootrom_reset
 .text.runtime_init_spin_locks_reset
                0x100033ac        0x4 CMakeFiles/vgaPico2.dir/home/pdsilva/.pico-sdk/sdk/2.2.0/src/rp2_common/pico_runtime_init/runtime_init.c.o
                0x100033ac                runtime_init_spin_locks_reset
 .text.runtime_init_install_ram_vector_table
                0x100033b0       0x68 CMakeFiles/vgaPico2.dir/home/pdsilva/.pico-sdk/sdk/2.2.0/src/rp2_common/pico_runtime_init/runtime_init.c.o
                0x100033b0                runtime_init_install_ram_vector_table
 .text.runtime_init_clocks
                0x10003418       0xdc CMakeFiles/vgaPico2.dir/home/pdsilva/.pico-sdk/sdk/2.2.0/src/rp2_common/pico_runtime_init/runtime_init_clocks.c.o
                0x10003418                runtime_init_clocks
 .text.__rp2350_dcp_engaged_state_save_restore
                0x100034f4       0x3a CMakeFiles/vgaPico2.dir/home/pdsilva/.pico-sdk/sdk/2.2.0/src/rp2_common/pico_double/double_aeabi_dcp.S.o
 *fill*         0x1000352e        0x2 
 .text.__wrap___aeabi_dadd
                0x10003530       0x28 CMakeFiles/vgaPico2.dir/home/pdsilva/.pico-sdk/sdk/2.2.0/src/rp2_common/pico_double/double_aeabi_dcp.S.o
                0x10003538                __wrap___aeabi_dadd
 .text.__wrap___aeabi_dsub
                0x10003558       0x28 CMakeFiles/vgaPico2.dir/home/pdsilva/.pico-sdk/sdk/2.2.0/src/rp2_common/pico_double/double_aeabi_dcp.S.o
                0x10003560                __wrap___aeabi_dsub
 .text.__wrap___aeabi_dmul
                0x10003580       0x4c CMakeFiles/vgaPico2.dir/home/pdsilva/.pico-sdk/sdk/2.2.0/src/rp2_common/pico_double/double_aeabi_dcp.S.o
                0x10003588                __wrap___aeabi_dmul
 .text.__wrap___aeabi_ddiv
                0x100035cc       0x9c CMakeFiles/vgaPico2.dir/home/pdsilva/.pico-sdk/sdk/2.2.0/src/rp2_common/pico_double/double_aeabi_dcp.S.o
                0x100035d4                __wrap___aeabi_ddiv
 .text.__wrap___aeabi_i2d
                0x10003668       0x24 CMakeFiles/vgaPico2.dir/home/pdsilva/.pico-sdk/sdk/2.2.0/src/rp2_common/pico_double/double_aeabi_dcp.S.o
                0x10003670                __wrap___aeabi_i2d
                0x10003670                int2double
 .text.__wrap___aeabi_ui2d
                0x1000368c       0x24 CMakeFiles/vgaPico2.dir/home/pdsilva/.pico-sdk/sdk/2.2.0/src/rp2_common/pico_double/double_aeabi_dcp.S.o
                0x10003694                __wrap___aeabi_ui2d
                0x10003694                uint2double
 .text.__wrap___aeabi_d2iz
                0x100036b0       0x24 CMakeFiles/vgaPico2.dir/home/pdsilva/.pico-sdk/sdk/2.2.0/src/rp2_common/pico_double/double_aeabi_dcp.S.o
                0x100036b8                __wrap___aeabi_d2iz
                0x100036b8                double2int_z
 .text.__wrap___aeabi_d2uiz
                0x100036d4       0x24 CMakeFiles/vgaPico2.dir/home/pdsilva/.pico-sdk/sdk/2.2.0/src/rp2_common/pico_double/double_aeabi_dcp.S.o
                0x100036dc                double2uint_z
                0x100036dc                double2uint
                0x100036dc                __wrap___aeabi_d2uiz
 .text.__wrap___aeabi_dcmpun
                0x100036f8       0x24 CMakeFiles/vgaPico2.dir/home/pdsilva/.pico-sdk/sdk/2.2.0/src/rp2_common/pico_double/double_aeabi_dcp.S.o
                0x10003700                __wrap___aeabi_dcmpun
 .text.__wrap___aeabi_dcmplt
                0x1000371c       0x28 CMakeFiles/vgaPico2.dir/home/pdsilva/.pico-sdk/sdk/2.2.0/src/rp2_common/pico_double/double_aeabi_dcp.S.o
                0x10003724                __wrap___aeabi_dcmplt
 .text.__wrap___aeabi_dcmple
                0x10003744       0x28 CMakeFiles/vgaPico2.dir/home/pdsilva/.pico-sdk/sdk/2.2.0/src/rp2_common/pico_double/double_aeabi_dcp.S.o
                0x1000374c                __wrap___aeabi_dcmple
 .text.__wrap___aeabi_dcmpge
                0x1000376c       0x28 CMakeFiles/vgaPico2.dir/home/pdsilva/.pico-sdk/sdk/2.2.0/src/rp2_common/pico_double/double_aeabi_dcp.S.o
                0x10003774                __wrap___aeabi_dcmpge
 .text.__wrap___aeabi_dcmpgt
                0x10003794       0x28 CMakeFiles/vgaPico2.dir/home/pdsilva/.pico-sdk/sdk/2.2.0/src/rp2_common/pico_double/double_aeabi_dcp.S.o
                0x1000379c                __wrap___aeabi_dcmpgt
 .text.__wrap_malloc
                0x100037bc       0x38 CMakeFiles/vgaPico2.dir/home/pdsilva/.pico-sdk/sdk/2.2.0/src/rp2_common/pico_malloc/malloc.c.o
                0x100037bc                __wrap_malloc
 .text.__wrap_free
                0x100037f4       0x20 CMakeFiles/vgaPico2.dir/home/pdsilva/.pico-sdk/sdk/2.2.0/src/rp2_common/pico_malloc/malloc.c.o
                0x100037f4                __wrap_free
 .text._out_buffer
                0x10003814        0x8 CMakeFiles/vgaPico2.dir/home/pdsilva/.pico-sdk/sdk/2.2.0/src/rp2_common/pico_printf/printf.c.o
 .text._out_null
                0x1000381c        0x4 CMakeFiles/vgaPico2.dir/home/pdsilva/.pico-sdk/sdk/2.2.0/src/rp2_common/pico_printf/printf.c.o
 .text._out_rev
                0x10003820       0x9c CMakeFiles/vgaPico2.dir/home/pdsilva/.pico-sdk/sdk/2.2.0/src/rp2_common/pico_printf/printf.c.o
 .text._ntoa_format
                0x100038bc      0x1d4 CMakeFiles/vgaPico2.dir/home/pdsilva/.pico-sdk/sdk/2.2.0/src/rp2_common/pico_printf/printf.c.o
 .text._out_char
                0x10003a90        0x8 CMakeFiles/vgaPico2.dir/home/pdsilva/.pico-sdk/sdk/2.2.0/src/rp2_common/pico_printf/printf.c.o
 .text._ftoa    0x10003a98      0x4bc CMakeFiles/vgaPico2.dir/home/pdsilva/.pico-sdk/sdk/2.2.0/src/rp2_common/pico_printf/printf.c.o
 *fill*         0x10003f54        0x4 
 .text._etoa    0x10003f58      0x574 CMakeFiles/vgaPico2.dir/home/pdsilva/.pico-sdk/sdk/2.2.0/src/rp2_common/pico_printf/printf.c.o
 .text._vsnprintf
                0x100044cc      0x9e4 CMakeFiles/vgaPico2.dir/home/pdsilva/.pico-sdk/sdk/2.2.0/src/rp2_common/pico_printf/printf.c.o
 .text.__wrap_sprintf
                0x10004eb0       0x2c CMakeFiles/vgaPico2.dir/home/pdsilva/.pico-sdk/sdk/2.2.0/src/rp2_common/pico_printf/printf.c.o
                0x10004eb0                __wrap_sprintf
 .text.weak_raw_vprintf
                0x10004edc       0x30 CMakeFiles/vgaPico2.dir/home/pdsilva/.pico-sdk/sdk/2.2.0/src/rp2_common/pico_printf/printf.c.o
                0x10004edc                weak_raw_vprintf
 .text._exit    0x10004f0c        0x4 CMakeFiles/vgaPico2.dir/home/pdsilva/.pico-sdk/sdk/2.2.0/src/rp2_common/pico_clib_interface/newlib_interface.c.o
                0x10004f0c                _exit
 .text._sbrk    0x10004f10       0x2c CMakeFiles/vgaPico2.dir/home/pdsilva/.pico-sdk/sdk/2.2.0/src/rp2_common/pico_clib_interface/newlib_interface.c.o
                0x10004f10                _sbrk
 .text.exit     0x10004f3c        0x8 CMakeFiles/vgaPico2.dir/home/pdsilva/.pico-sdk/sdk/2.2.0/src/rp2_common/pico_clib_interface/newlib_interface.c.o
                0x10004f3c                exit
 .text.runtime_init
                0x10004f44       0x24 CMakeFiles/vgaPico2.dir/home/pdsilva/.pico-sdk/sdk/2.2.0/src/rp2_common/pico_clib_interface/newlib_interface.c.o
                0x10004f44                runtime_init
 .text.stdio_out_chars_no_crlf
                0x10004f68        0x8 CMakeFiles/vgaPico2.dir/home/pdsilva/.pico-sdk/sdk/2.2.0/src/rp2_common/pico_stdio/stdio.c.o
 .text.stdio_out_chars_crlf
                0x10004f70       0xb0 CMakeFiles/vgaPico2.dir/home/pdsilva/.pico-sdk/sdk/2.2.0/src/rp2_common/pico_stdio/stdio.c.o
 .text.stdio_put_string
                0x10005020       0xec CMakeFiles/vgaPico2.dir/home/pdsilva/.pico-sdk/sdk/2.2.0/src/rp2_common/pico_stdio/stdio.c.o
                0x10005020                stdio_put_string
 .text.stdio_init_all
                0x1000510c        0x4 CMakeFiles/vgaPico2.dir/home/pdsilva/.pico-sdk/sdk/2.2.0/src/rp2_common/pico_stdio/stdio.c.o
                0x1000510c                stdio_init_all
 .text.__wrap_putchar
                0x10005110       0x84 CMakeFiles/vgaPico2.dir/home/pdsilva/.pico-sdk/sdk/2.2.0/src/rp2_common/pico_stdio/stdio.c.o
                0x10005110                stdio_putchar
                0x10005110                __wrap_putchar
 .text.__wrap_puts
                0x10005194       0x3c CMakeFiles/vgaPico2.dir/home/pdsilva/.pico-sdk/sdk/2.2.0/src/rp2_common/pico_stdio/stdio.c.o
                0x10005194                __wrap_puts
                0x10005194                stdio_puts
 .text.pio_sm_claim
                0x100051d0       0x48 CMakeFiles/vgaPico2.dir/home/pdsilva/.pico-sdk/sdk/2.2.0/src/rp2_common/hardware_pio/pio.c.o
                0x100051d0                pio_sm_claim
 .text.pio_add_program
                0x10005218       0xf4 CMakeFiles/vgaPico2.dir/home/pdsilva/.pico-sdk/sdk/2.2.0/src/rp2_common/hardware_pio/pio.c.o
                0x10005218                pio_add_program
 .text.pio_clear_instruction_memory
                0x1000530c       0x34 CMakeFiles/vgaPico2.dir/home/pdsilva/.pico-sdk/sdk/2.2.0/src/rp2_common/hardware_pio/pio.c.o
                0x1000530c                pio_clear_instruction_memory
 .text.pio_sm_set_consecutive_pindirs
                0x10005340       0x8c CMakeFiles/vgaPico2.dir/home/pdsilva/.pico-sdk/sdk/2.2.0/src/rp2_common/hardware_pio/pio.c.o
                0x10005340                pio_sm_set_consecutive_pindirs
 .text.pio_sm_init
                0x100053cc       0xa8 CMakeFiles/vgaPico2.dir/home/pdsilva/.pico-sdk/sdk/2.2.0/src/rp2_common/hardware_pio/pio.c.o
                0x100053cc                pio_sm_init
 .text.dma_claim_unused_channel
                0x10005474       0x20 CMakeFiles/vgaPico2.dir/home/pdsilva/.pico-sdk/sdk/2.2.0/src/rp2_common/hardware_dma/dma.c.o
                0x10005474                dma_claim_unused_channel
 .text.i2c_read_blocking_internal.constprop.0
                0x10005494       0x70 CMakeFiles/vgaPico2.dir/home/pdsilva/.pico-sdk/sdk/2.2.0/src/rp2_common/hardware_i2c/i2c.c.o
 .text.i2c_write_blocking_internal.constprop.0
                0x10005504       0x9c CMakeFiles/vgaPico2.dir/home/pdsilva/.pico-sdk/sdk/2.2.0/src/rp2_common/hardware_i2c/i2c.c.o
 .text.i2c_set_baudrate
                0x100055a0       0xa4 CMakeFiles/vgaPico2.dir/home/pdsilva/.pico-sdk/sdk/2.2.0/src/rp2_common/hardware_i2c/i2c.c.o
                0x100055a0                i2c_set_baudrate
 .text.i2c_init
                0x10005644       0x4c CMakeFiles/vgaPico2.dir/home/pdsilva/.pico-sdk/sdk/2.2.0/src/rp2_common/hardware_i2c/i2c.c.o
                0x10005644                i2c_init
 .text.i2c_write_blocking
                0x10005690       0x10 CMakeFiles/vgaPico2.dir/home/pdsilva/.pico-sdk/sdk/2.2.0/src/rp2_common/hardware_i2c/i2c.c.o
                0x10005690                i2c_write_blocking
 .text.i2c_read_blocking
                0x100056a0       0x10 CMakeFiles/vgaPico2.dir/home/pdsilva/.pico-sdk/sdk/2.2.0/src/rp2_common/hardware_i2c/i2c.c.o
                0x100056a0                i2c_read_blocking
 .text.malloc   0x100056b0       0x10 /home/pdsilva/.pico-sdk/toolchain/14_2_Rel1/bin/../lib/gcc/arm-none-eabi/14.2.1/../../../../arm-none-eabi/lib/thumb/v8-m.main+fp/softfp/libg.a(libc_a-malloc.o)
                0x100056b0                malloc
 .text.free     0x100056c0       0x10 /home/pdsilva/.pico-sdk/toolchain/14_2_Rel1/bin/../lib/gcc/arm-none-eabi/14.2.1/../../../../arm-none-eabi/lib/thumb/v8-m.main+fp/softfp/libg.a(libc_a-malloc.o)
                0x100056c0                free
 .text._malloc_r
                0x100056d0      0x578 /home/pdsilva/.pico-sdk/toolchain/14_2_Rel1/bin/../lib/gcc/arm-none-eabi/14.2.1/../../../../arm-none-eabi/lib/thumb/v8-m.main+fp/softfp/libg.a(libc_a-mallocr.o)
                0x100056d0                _malloc_r
 .text.__malloc_lock
                0x10005c48        0xc /home/pdsilva/.pico-sdk/toolchain/14_2_Rel1/bin/../lib/gcc/arm-none-eabi/14.2.1/../../../../arm-none-eabi/lib/thumb/v8-m.main+fp/softfp/libg.a(libc_a-mlock.o)
                0x10005c48                __malloc_lock
 .text.__malloc_unlock
                0x10005c54        0xc /home/pdsilva/.pico-sdk/toolchain/14_2_Rel1/bin/../lib/gcc/arm-none-eabi/14.2.1/../../../../arm-none-eabi/lib/thumb/v8-m.main+fp/softfp/libg.a(libc_a-mlock.o)
                0x10005c54                __malloc_unlock
 .text.memset   0x10005c60       0x9c /home/pdsilva/.pico-sdk/toolchain/14_2_Rel1/bin/../lib/gcc/arm-none-eabi/14.2.1/../../../../arm-none-eabi/lib/thumb/v8-m.main+fp/softfp/libg.a(libc_a-memset.o)
                0x10005c60                memset
 .text._sbrk_r  0x10005cfc       0x24 /home/pdsilva/.pico-sdk/toolchain/14_2_Rel1/bin/../lib/gcc/arm-none-eabi/14.2.1/../../../../arm-none-eabi/lib/thumb/v8-m.main+fp/softfp/libg.a(libc_a-sbrkr.o)
                0x10005cfc                _sbrk_r
 .text.__errno  0x10005d20        0xc /home/pdsilva/.pico-sdk/toolchain/14_2_Rel1/bin/../lib/gcc/arm-none-eabi/14.2.1/../../../../arm-none-eabi/lib/thumb/v8-m.main+fp/softfp/libg.a(libc_a-errno.o)
                0x10005d20                __errno
 .text.__retarget_lock_acquire_recursive
                0x10005d2c        0x4 /home/pdsilva/.pico-sdk/toolchain/14_2_Rel1/bin/../lib/gcc/arm-none-eabi/14.2.1/../../../../arm-none-eabi/lib/thumb/v8-m.main+fp/softfp/libg.a(libc_a-lock.o)
                0x10005d2c                __retarget_lock_acquire_recursive
 .text.__retarget_lock_release_recursive
                0x10005d30        0x4 /home/pdsilva/.pico-sdk/toolchain/14_2_Rel1/bin/../lib/gcc/arm-none-eabi/14.2.1/../../../../arm-none-eabi/lib/thumb/v8-m.main+fp/softfp/libg.a(libc_a-lock.o)
                0x10005d30                __retarget_lock_release_recursive
 .text.sysconf  0x10005d34       0x1c /home/pdsilva/.pico-sdk/toolchain/14_2_Rel1/bin/../lib/gcc/arm-none-eabi/14.2.1/../../../../arm-none-eabi/lib/thumb/v8-m.main+fp/softfp/libg.a(libc_a-sysconf.o)
                0x10005d34                sysconf
 .text          0x10005d50       0xec /home/pdsilva/.pico-sdk/toolchain/14_2_Rel1/bin/../lib/gcc/arm-none-eabi/14.2.1/../../../../arm-none-eabi/lib/thumb/v8-m.main+fp/softfp/libg.a(libc_a-memcpy.o)
                0x10005d50                memcpy
 .text.strlen   0x10005e3c       0x5c /home/pdsilva/.pico-sdk/toolchain/14_2_Rel1/bin/../lib/gcc/arm-none-eabi/14.2.1/../../../../arm-none-eabi/lib/thumb/v8-m.main+fp/softfp/libg.a(libc_a-strlen-stub.o)
                0x10005e3c                strlen
 .text._malloc_trim_r
                0x10005e98       0xb8 /home/pdsilva/.pico-sdk/toolchain/14_2_Rel1/bin/../lib/gcc/arm-none-eabi/14.2.1/../../../../arm-none-eabi/lib/thumb/v8-m.main+fp/softfp/libg.a(libc_a-freer.o)
                0x10005e98                _malloc_trim_r
 .text._free_r  0x10005f50      0x1e8 /home/pdsilva/.pico-sdk/toolchain/14_2_Rel1/bin/../lib/gcc/arm-none-eabi/14.2.1/../../../../arm-none-eabi/lib/thumb/v8-m.main+fp/softfp/libg.a(libc_a-freer.o)
                0x10005f50                _free_r
 *(.fini)
 .fini          0x10006138        0x4 /home/pdsilva/.pico-sdk/toolchain/14_2_Rel1/bin/../lib/gcc/arm-none-eabi/14.2.1/thumb/v8-m.main+fp/softfp/crti.o
                0x10006138                _fini
 *fill*         0x1000613c        0x4 
 .fini.__stub   0x10006140       0x20 linker stubs
 *crtbegin.o(.ctors)
 *crtbegin?.o(.ctors)
 *(EXCLUDE_FILE(*crtend.o *crtend?.o) .ctors)
 *(SORT_BY_NAME(.ctors.*))
 *(.ctors)
 *crtbegin.o(.dtors)
 *crtbegin?.o(.dtors)
 *(EXCLUDE_FILE(*crtend.o *crtend?.o) .dtors)
 *(SORT_BY_NAME(.dtors.*))
 *(.dtors)
                0x10006160                        . = ALIGN (0x4)
                0x10006160                        PROVIDE (__preinit_array_start = .)
 *(SORT_BY_NAME(.preinit_array.*))
 .preinit_array.00050
                0x10006160        0x4 CMakeFiles/vgaPico2.dir/home/pdsilva/.pico-sdk/sdk/2.2.0/src/rp2_common/pico_runtime_init/runtime_init.c.o
                0x10006160                __pre_init_runtime_init_bootrom_reset
 .preinit_array.00100
                0x10006164        0x4 CMakeFiles/vgaPico2.dir/home/pdsilva/.pico-sdk/sdk/2.2.0/src/rp2_common/pico_runtime_init/runtime_init.c.o
                0x10006164                __pre_init_runtime_init_early_resets
 .preinit_array.00101
                0x10006168        0x4 CMakeFiles/vgaPico2.dir/home/pdsilva/.pico-sdk/sdk/2.2.0/src/rp2_common/pico_runtime_init/runtime_init.c.o
                0x10006168                __pre_init_runtime_init_usb_power_down
 .preinit_array.00500
                0x1000616c        0x4 CMakeFiles/vgaPico2.dir/home/pdsilva/.pico-sdk/sdk/2.2.0/src/rp2_common/pico_runtime_init/runtime_init.c.o
                0x1000616c                __pre_init_runtime_init_clocks
 .preinit_array.00600
                0x10006170        0x4 CMakeFiles/vgaPico2.dir/home/pdsilva/.pico-sdk/sdk/2.2.0/src/rp2_common/pico_runtime_init/runtime_init.c.o
                0x10006170                __pre_init_runtime_init_post_clock_resets
 .preinit_array.01000
                0x10006174        0x4 CMakeFiles/vgaPico2.dir/home/pdsilva/.pico-sdk/sdk/2.2.0/src/rp2_common/hardware_boot_lock/boot_lock.c.o
                0x10006174                __pre_init_runtime_init_boot_locks_reset
 .preinit_array.01000
                0x10006178        0x4 CMakeFiles/vgaPico2.dir/home/pdsilva/.pico-sdk/sdk/2.2.0/src/rp2_common/pico_runtime_init/runtime_init.c.o
                0x10006178                __pre_init_runtime_init_spin_locks_reset
 .preinit_array.01010
                0x1000617c        0x4 CMakeFiles/vgaPico2.dir/home/pdsilva/.pico-sdk/sdk/2.2.0/src/rp2_common/pico_bootrom/bootrom_lock.c.o
                0x1000617c                __pre_init_runtime_init_bootrom_locking_enable
 .preinit_array.01100
                0x10006180        0x4 CMakeFiles/vgaPico2.dir/home/pdsilva/.pico-sdk/sdk/2.2.0/src/common/pico_sync/mutex.c.o
                0x10006180                __pre_init_runtime_init_mutex
 .preinit_array.10080
                0x10006184        0x4 CMakeFiles/vgaPico2.dir/home/pdsilva/.pico-sdk/sdk/2.2.0/src/rp2_common/pico_runtime_init/runtime_init.c.o
                0x10006184                __pre_init_runtime_init_install_ram_vector_table
 .preinit_array.11000
                0x10006188        0x4 CMakeFiles/vgaPico2.dir/home/pdsilva/.pico-sdk/sdk/2.2.0/src/common/pico_time/time.c.o
                0x10006188                __pre_init_runtime_init_default_alarm_pool
 .preinit_array.YYYYY
                0x1000618c        0x4 CMakeFiles/vgaPico2.dir/home/pdsilva/.pico-sdk/sdk/2.2.0/src/rp2_common/pico_runtime/runtime.c.o
                0x1000618c                __pre_init_first_per_core_initializer
 .preinit_array.ZZZZZ.00051
                0x10006190        0x4 CMakeFiles/vgaPico2.dir/home/pdsilva/.pico-sdk/sdk/2.2.0/src/rp2_common/pico_runtime_init/runtime_init.c.o
                0x10006190                __pre_init_runtime_init_per_core_bootrom_reset
 .preinit_array.ZZZZZ.00200
                0x10006194        0x4 CMakeFiles/vgaPico2.dir/home/pdsilva/.pico-sdk/sdk/2.2.0/src/rp2_common/pico_runtime_init/runtime_init.c.o
                0x10006194                __pre_init_runtime_init_per_core_enable_coprocessors
 .preinit_array.ZZZZZ.01000
                0x10006198        0x4 CMakeFiles/vgaPico2.dir/home/pdsilva/.pico-sdk/sdk/2.2.0/src/rp2_common/hardware_sync_spin_lock/sync_spin_lock.c.o
                0x10006198                __pre_init_spinlock_set_extexclall
 .preinit_array.ZZZZZ.01200
                0x1000619c        0x4 CMakeFiles/vgaPico2.dir/home/pdsilva/.pico-sdk/sdk/2.2.0/src/rp2_common/hardware_irq/irq.c.o
                0x1000619c                __pre_init_runtime_init_per_core_irq_priorities
 *(.preinit_array)
                0x100061a0                        PROVIDE (__preinit_array_end = .)
                0x100061a0                        . = ALIGN (0x4)
                0x100061a0                        PROVIDE (__init_array_start = .)
 *(SORT_BY_NAME(.init_array.*))
 *(.init_array)
 .init_array    0x100061a0        0x4 /home/pdsilva/.pico-sdk/toolchain/14_2_Rel1/bin/../lib/gcc/arm-none-eabi/14.2.1/thumb/v8-m.main+fp/softfp/crtbegin.o
                0x100061a4                        PROVIDE (__init_array_end = .)
                0x100061a4                        . = ALIGN (0x4)
                [!provide]                        PROVIDE (__fini_array_start = .)
 *(SORT_BY_NAME(.fini_array.*))
 *(.fini_array)
                [!provide]                        PROVIDE (__fini_array_end = .)
 *(.eh_frame*)
 .eh_frame      0x100061a4        0x0 /home/pdsilva/.pico-sdk/toolchain/14_2_Rel1/bin/../lib/gcc/arm-none-eabi/14.2.1/thumb/v8-m.main+fp/softfp/crtbegin.o
                0x100061a4                        . = ALIGN (0x4)

.glue_7         0x100061a4        0x0
 .glue_7        0x100061a4        0x0 linker stubs

.glue_7t        0x100061a4        0x0
 .glue_7t       0x100061a4        0x0 linker stubs

.vfp11_veneer   0x100061a4        0x0
 .vfp11_veneer  0x100061a4        0x0 linker stubs

.v4_bx          0x100061a4        0x0
 .v4_bx         0x100061a4        0x0 linker stubs

.iplt           0x100061a4        0x0
 .iplt          0x100061a4        0x0 /home/pdsilva/.pico-sdk/toolchain/14_2_Rel1/bin/../lib/gcc/arm-none-eabi/14.2.1/thumb/v8-m.main+fp/softfp/crtbegin.o

.boot2          0x100061a4        0x0
                0x100061a4                        __boot2_start__ = .
 *(.boot2)
                0x100061a4                        __boot2_end__ = .
                0x00000001                        ASSERT (((__boot2_end__ - __boot2_start__) <= 0x100), ERROR: Pico second stage bootloader must be no more than 256 bytes in size)

.rodata         0x100061a8     0x3274
 *(EXCLUDE_FILE(*libm.a: *libc.a:*lib_a-mem*.o *libgcc.a:) .rodata*)
 .rodata.protothread_print_bus_read.str1.4
                0x100061a8      0x3c6 CMakeFiles/vgaPico2.dir/vga.c.o
                                 0x71 (size before relaxing)
 .rodata.set_sys_clock_khz.constprop.0.isra.0.str1.4
                0x1000656e       0x32 CMakeFiles/vgaPico2.dir/vga.c.o
 .rodata.video_welcome_screen.str1.4
                0x1000656e       0xe4 CMakeFiles/vgaPico2.dir/vga.c.o
 *fill*         0x1000656e        0x2 
 .rodata.bus_read_program
                0x10006570        0x8 CMakeFiles/vgaPico2.dir/vga_drv.c.o
 .rodata.bus_read_program_instructions
                0x10006578        0xa CMakeFiles/vgaPico2.dir/vga_drv.c.o
 *fill*         0x10006582        0x2 
 .rodata.rgb_program
                0x10006584        0x8 CMakeFiles/vgaPico2.dir/vga_drv.c.o
 .rodata.rgb_program_instructions
                0x1000658c       0x12 CMakeFiles/vgaPico2.dir/vga_drv.c.o
 *fill*         0x1000659e        0x2 
 .rodata.vsync_program
                0x100065a0        0x8 CMakeFiles/vgaPico2.dir/vga_drv.c.o
 .rodata.vsync_program_instructions
                0x100065a8       0x1c CMakeFiles/vgaPico2.dir/vga_drv.c.o
 .rodata.hsync_program
                0x100065c4        0x8 CMakeFiles/vgaPico2.dir/vga_drv.c.o
 .rodata.hsync_program_instructions
                0x100065cc       0x12 CMakeFiles/vgaPico2.dir/vga_drv.c.o
 *fill*         0x100065de        0x2 
 .rodata.rgb320p_program
                0x100065e0        0x8 CMakeFiles/vgaPico2.dir/vga_drv.c.o
 .rodata.rgb320p_program_instructions
                0x100065e8       0x12 CMakeFiles/vgaPico2.dir/vga_drv.c.o
 *fill*         0x100065fa        0x2 
 .rodata.vsync320p_program
                0x100065fc        0x8 CMakeFiles/vgaPico2.dir/vga_drv.c.o
 .rodata.vsync320p_program_instructions
                0x10006604       0x1c CMakeFiles/vgaPico2.dir/vga_drv.c.o
 .rodata.hsync320p_program
                0x10006620        0x8 CMakeFiles/vgaPico2.dir/vga_drv.c.o
 .rodata.hsync320p_program_instructions
                0x10006628        0xe CMakeFiles/vgaPico2.dir/vga_drv.c.o
 .rodata.printString2.str1.4
                0x10006636        0x3 CMakeFiles/vgaPico2.dir/vga_primitives.c.o
 .rodata.change_mode.str1.4
                0x10006636       0x3d CMakeFiles/vgaPico2.dir/vga_primitives.c.o
 *fill*         0x10006636        0x2 
 .rodata.font_5x7
                0x10006638      0x4fb CMakeFiles/vgaPico2.dir/vga_primitives.c.o
 *fill*         0x10006b33        0x1 
 .rodata.CSWTCH.1
                0x10006b34       0x10 CMakeFiles/vgaPico2.dir/font.c.o
 .rodata.str1.4
                0x10006b44       0x2e CMakeFiles/vgaPico2.dir/font.c.o
 .rodata.font_8x12
                0x10006b44      0x800 CMakeFiles/vgaPico2.dir/font_8x12.c.o
                0x10006b44                font_8x12
 .rodata.font_8x14
                0x10007344      0x800 CMakeFiles/vgaPico2.dir/font_8x14.c.o
                0x10007344                font_8x14
 .rodata.font_8x16
                0x10007b44      0x820 CMakeFiles/vgaPico2.dir/font_8x16.c.o
                0x10007b44                font_8x16
 .rodata.font_8x18
                0x10008364     0x1000 CMakeFiles/vgaPico2.dir/font_8x18.c.o
                0x10008364                font_8x18
 .rodata.print_mem_status.str1.4
                0x10009364       0x65 CMakeFiles/vgaPico2.dir/eeprom.c.o
 .rodata.dump.str1.4
                0x10009364       0x3a CMakeFiles/vgaPico2.dir/eeprom.c.o
 .rodata.panic.str1.4
                0x10009364       0x12 CMakeFiles/vgaPico2.dir/home/pdsilva/.pico-sdk/sdk/2.2.0/src/rp2_common/pico_platform_panic/panic.c.o
 .rodata.timer_hardware_alarm_claim.str1.4
                0x10009364       0x22 CMakeFiles/vgaPico2.dir/home/pdsilva/.pico-sdk/sdk/2.2.0/src/rp2_common/hardware_timer/timer.c.o
 .rodata.hard_assertion_failure.str1.4
                0x10009364        0xc CMakeFiles/vgaPico2.dir/home/pdsilva/.pico-sdk/sdk/2.2.0/src/rp2_common/pico_runtime/runtime.c.o
 .rodata.__wrap_malloc.str1.4
                0x10009364        0xe CMakeFiles/vgaPico2.dir/home/pdsilva/.pico-sdk/sdk/2.2.0/src/rp2_common/pico_malloc/malloc.c.o
 .rodata.str1.4
                0x10009364       0x44 CMakeFiles/vgaPico2.dir/home/pdsilva/.pico-sdk/sdk/2.2.0/src/rp2_common/pico_standard_binary_info/standard_binary_info.c.o
 .rodata.__bi_84
                0x10009364        0xc CMakeFiles/vgaPico2.dir/home/pdsilva/.pico-sdk/sdk/2.2.0/src/rp2_common/pico_standard_binary_info/standard_binary_info.c.o
 .rodata.__bi_78
                0x10009370        0xc CMakeFiles/vgaPico2.dir/home/pdsilva/.pico-sdk/sdk/2.2.0/src/rp2_common/pico_standard_binary_info/standard_binary_info.c.o
 .rodata.__bi_60
                0x1000937c        0xc CMakeFiles/vgaPico2.dir/home/pdsilva/.pico-sdk/sdk/2.2.0/src/rp2_common/pico_standard_binary_info/standard_binary_info.c.o
 .rodata.__bi_54
                0x10009388        0xc CMakeFiles/vgaPico2.dir/home/pdsilva/.pico-sdk/sdk/2.2.0/src/rp2_common/pico_standard_binary_info/standard_binary_info.c.o
 .rodata.__bi_48
                0x10009394        0xc CMakeFiles/vgaPico2.dir/home/pdsilva/.pico-sdk/sdk/2.2.0/src/rp2_common/pico_standard_binary_info/standard_binary_info.c.o
 .rodata.__bi_42
                0x100093a0        0xc CMakeFiles/vgaPico2.dir/home/pdsilva/.pico-sdk/sdk/2.2.0/src/rp2_common/pico_standard_binary_info/standard_binary_info.c.o
 .rodata.__bi_34
                0x100093ac        0xc CMakeFiles/vgaPico2.dir/home/pdsilva/.pico-sdk/sdk/2.2.0/src/rp2_common/pico_standard_binary_info/standard_binary_info.c.o
 .rodata.__bi_26
                0x100093b8        0xc CMakeFiles/vgaPico2.dir/home/pdsilva/.pico-sdk/sdk/2.2.0/src/rp2_common/pico_standard_binary_info/standard_binary_info.c.o
 .rodata._ftoa.str1.4
                0x100093c4       0x15 CMakeFiles/vgaPico2.dir/home/pdsilva/.pico-sdk/sdk/2.2.0/src/rp2_common/pico_printf/printf.c.o
 *fill*         0x100093c4        0x4 
 .rodata.pow10.0
                0x100093c8       0x50 CMakeFiles/vgaPico2.dir/home/pdsilva/.pico-sdk/sdk/2.2.0/src/rp2_common/pico_printf/printf.c.o
 .rodata.crlf_str.0
                0x10009418        0x2 CMakeFiles/vgaPico2.dir/home/pdsilva/.pico-sdk/sdk/2.2.0/src/rp2_common/pico_stdio/stdio.c.o
 .rodata.pio_sm_claim.str1.4
                0x1000941a       0x62 CMakeFiles/vgaPico2.dir/home/pdsilva/.pico-sdk/sdk/2.2.0/src/rp2_common/hardware_pio/pio.c.o
 .rodata.dma_claim_unused_channel.str1.4
                0x1000941a       0x1e CMakeFiles/vgaPico2.dir/home/pdsilva/.pico-sdk/sdk/2.2.0/src/rp2_common/hardware_dma/dma.c.o
 *(.srodata*)
                0x1000947c                        . = ALIGN (0x4)
 *fill*         0x1000941a        0x2 
 *(SORT_BY_ALIGNMENT(SORT_BY_NAME(.flashdata*)))
                0x1000941c                        . = ALIGN (0x4)

.ARM.extab
 *(.ARM.extab* .gnu.linkonce.armextab.*)
                0x1000941c                        __exidx_start = .

.ARM.exidx      0x1000941c        0x8
 *(.ARM.exidx* .gnu.linkonce.armexidx.*)
 .ARM.exidx     0x1000941c        0x8 /home/pdsilva/.pico-sdk/toolchain/14_2_Rel1/bin/../lib/gcc/arm-none-eabi/14.2.1/../../../../arm-none-eabi/lib/thumb/v8-m.main+fp/softfp/libg.a(libc_a-memcpy.o)
 .ARM.exidx.text.__udivmoddi4
                0x10009424        0x0 /home/pdsilva/.pico-sdk/toolchain/14_2_Rel1/bin/../lib/gcc/arm-none-eabi/14.2.1/thumb/v8-m.main+fp/softfp/libgcc.a(_udivmoddi4.o)
                                  0x8 (size before relaxing)
                0x10009424                        __exidx_end = .
                0x10009424                        . = ALIGN (0x4)
                0x10009424                        __binary_info_start = .

.binary_info    0x10009424       0x20
 *(.binary_info.keep.*)
 .binary_info.keep.__bi_ptr84
                0x10009424        0x4 CMakeFiles/vgaPico2.dir/home/pdsilva/.pico-sdk/sdk/2.2.0/src/rp2_common/pico_standard_binary_info/standard_binary_info.c.o
 .binary_info.keep.__bi_ptr78
                0x10009428        0x4 CMakeFiles/vgaPico2.dir/home/pdsilva/.pico-sdk/sdk/2.2.0/src/rp2_common/pico_standard_binary_info/standard_binary_info.c.o
 .binary_info.keep.__bi_ptr60
                0x1000942c        0x4 CMakeFiles/vgaPico2.dir/home/pdsilva/.pico-sdk/sdk/2.2.0/src/rp2_common/pico_standard_binary_info/standard_binary_info.c.o
 .binary_info.keep.__bi_ptr54
                0x10009430        0x4 CMakeFiles/vgaPico2.dir/home/pdsilva/.pico-sdk/sdk/2.2.0/src/rp2_common/pico_standard_binary_info/standard_binary_info.c.o
 .binary_info.keep.__bi_ptr48
                0x10009434        0x4 CMakeFiles/vgaPico2.dir/home/pdsilva/.pico-sdk/sdk/2.2.0/src/rp2_common/pico_standard_binary_info/standard_binary_info.c.o
 .binary_info.keep.__bi_ptr42
                0x10009438        0x4 CMakeFiles/vgaPico2.dir/home/pdsilva/.pico-sdk/sdk/2.2.0/src/rp2_common/pico_standard_binary_info/standard_binary_info.c.o
 .binary_info.keep.__bi_ptr34
                0x1000943c        0x4 CMakeFiles/vgaPico2.dir/home/pdsilva/.pico-sdk/sdk/2.2.0/src/rp2_common/pico_standard_binary_info/standard_binary_info.c.o
 .binary_info.keep.__bi_ptr26
                0x10009440        0x4 CMakeFiles/vgaPico2.dir/home/pdsilva/.pico-sdk/sdk/2.2.0/src/rp2_common/pico_standard_binary_info/standard_binary_info.c.o
 *(.binary_info.*)
                0x10009444                        __binary_info_end = .
                0x10009444                        . = ALIGN (0x4)

.ram_vector_table
                0x20000000      0x110
 *(.ram_vector_table)
 .ram_vector_table
                0x20000000      0x110 CMakeFiles/vgaPico2.dir/home/pdsilva/.pico-sdk/sdk/2.2.0/src/rp2_common/pico_runtime_init/runtime_init.c.o
                0x20000000                ram_vector_table

.uninitialized_data
                0x20000110        0x0
                0x20000110                        . = ALIGN (0x4)
 *(.uninitialized_data*)

.data           0x20000110      0xb50 load address 0x10009444
                0x20000110                        __data_start__ = .
 *(vtable)
 *(.time_critical*)
 .time_critical.vga_line_handler
                0x20000110       0x58 CMakeFiles/vgaPico2.dir/vga_drv.c.o
                0x20000110                vga_line_handler
 .time_critical.mutex_enter_blocking
                0x20000168       0x80 CMakeFiles/vgaPico2.dir/home/pdsilva/.pico-sdk/sdk/2.2.0/src/common/pico_sync/mutex.c.o
                0x20000168                mutex_enter_blocking
 .time_critical.mutex_enter_block_until
                0x200001e8       0x6c CMakeFiles/vgaPico2.dir/home/pdsilva/.pico-sdk/sdk/2.2.0/src/common/pico_sync/mutex.c.o
                0x200001e8                mutex_enter_block_until
 .time_critical.mutex_try_enter_block_until
                0x20000254       0x68 CMakeFiles/vgaPico2.dir/home/pdsilva/.pico-sdk/sdk/2.2.0/src/common/pico_sync/mutex.c.o
                0x20000254                mutex_try_enter_block_until
 .time_critical.mutex_exit
                0x200002bc       0x3c CMakeFiles/vgaPico2.dir/home/pdsilva/.pico-sdk/sdk/2.2.0/src/common/pico_sync/mutex.c.o
                0x200002bc                mutex_exit
 *(.text*)
 .text          0x200002f8       0x30 /home/pdsilva/.pico-sdk/toolchain/14_2_Rel1/bin/../lib/gcc/arm-none-eabi/14.2.1/thumb/v8-m.main+fp/softfp/libgcc.a(_aeabi_uldivmod.o)
                0x200002f8                __aeabi_uldivmod
 .text.__udivmoddi4
                0x20000328      0x34c /home/pdsilva/.pico-sdk/toolchain/14_2_Rel1/bin/../lib/gcc/arm-none-eabi/14.2.1/thumb/v8-m.main+fp/softfp/libgcc.a(_udivmoddi4.o)
                0x20000328                __udivmoddi4
 .text          0x20000674        0x4 /home/pdsilva/.pico-sdk/toolchain/14_2_Rel1/bin/../lib/gcc/arm-none-eabi/14.2.1/thumb/v8-m.main+fp/softfp/libgcc.a(_dvmd_tls.o)
                0x20000674                __aeabi_ldiv0
                0x20000674                __aeabi_idiv0
 .text.__stub   0x20000678        0x8 linker stubs
                0x20000680                        . = ALIGN (0x4)
 *(.rodata*)
                0x20000680                        . = ALIGN (0x4)
 *(.data*)
 .data.last_toggle_time
                0x20000680        0x4 CMakeFiles/vgaPico2.dir/vga.c.o
 .data.rgb_sm   0x20000684        0x4 CMakeFiles/vgaPico2.dir/vga_drv.c.o
                0x20000684                rgb_sm
 .data.vsync_sm
                0x20000688        0x4 CMakeFiles/vgaPico2.dir/vga_drv.c.o
                0x20000688                vsync_sm
 .data.bus_pio1
                0x2000068c        0x4 CMakeFiles/vgaPico2.dir/vga_drv.c.o
                0x2000068c                bus_pio1
 .data.bus_pio0
                0x20000690        0x4 CMakeFiles/vgaPico2.dir/vga_drv.c.o
                0x20000690                bus_pio0
 .data.active_buffer
                0x20000694        0x4 CMakeFiles/vgaPico2.dir/vga_primitives.c.o
                0x20000694                active_buffer
 .data.font_8x18_info
                0x20000698        0xc CMakeFiles/vgaPico2.dir/font.c.o
 .data.font_8x16_info
                0x200006a4        0xc CMakeFiles/vgaPico2.dir/font.c.o
 .data.font_8x14_info
                0x200006b0        0xc CMakeFiles/vgaPico2.dir/font.c.o
 .data.font_8x12_info
                0x200006bc        0xc CMakeFiles/vgaPico2.dir/font.c.o
 .data.striped_spin_lock_num
                0x200006c8        0x1 CMakeFiles/vgaPico2.dir/home/pdsilva/.pico-sdk/sdk/2.2.0/src/rp2_common/hardware_sync/sync.c.o
 *fill*         0x200006c9        0x3 
 .data.default_alarm_pool
                0x200006cc       0x18 CMakeFiles/vgaPico2.dir/home/pdsilva/.pico-sdk/sdk/2.2.0/src/common/pico_time/time.c.o
 .data.i2c1_inst
                0x200006e4        0x8 CMakeFiles/vgaPico2.dir/home/pdsilva/.pico-sdk/sdk/2.2.0/src/rp2_common/hardware_i2c/i2c.c.o
                0x200006e4                i2c1_inst
 .data.i2c0_inst
                0x200006ec        0x8 CMakeFiles/vgaPico2.dir/home/pdsilva/.pico-sdk/sdk/2.2.0/src/rp2_common/hardware_i2c/i2c.c.o
                0x200006ec                i2c0_inst
 .data.__malloc_sbrk_base
                0x200006f4        0x4 /home/pdsilva/.pico-sdk/toolchain/14_2_Rel1/bin/../lib/gcc/arm-none-eabi/14.2.1/../../../../arm-none-eabi/lib/thumb/v8-m.main+fp/softfp/libg.a(libc_a-mallocr.o)
                0x200006f4                __malloc_sbrk_base
 .data.__malloc_trim_threshold
                0x200006f8        0x4 /home/pdsilva/.pico-sdk/toolchain/14_2_Rel1/bin/../lib/gcc/arm-none-eabi/14.2.1/../../../../arm-none-eabi/lib/thumb/v8-m.main+fp/softfp/libg.a(libc_a-mallocr.o)
                0x200006f8                __malloc_trim_threshold
 *fill*         0x200006fc        0x4 
 .data.__malloc_av_
                0x20000700      0x408 /home/pdsilva/.pico-sdk/toolchain/14_2_Rel1/bin/../lib/gcc/arm-none-eabi/14.2.1/../../../../arm-none-eabi/lib/thumb/v8-m.main+fp/softfp/libg.a(libc_a-mallocr.o)
                0x20000700                __malloc_av_
 .data._impure_ptr
                0x20000b08        0x4 /home/pdsilva/.pico-sdk/toolchain/14_2_Rel1/bin/../lib/gcc/arm-none-eabi/14.2.1/../../../../arm-none-eabi/lib/thumb/v8-m.main+fp/softfp/libg.a(libc_a-impure.o)
                0x20000b08                _impure_ptr
 *fill*         0x20000b0c        0x4 
 .data._impure_data
                0x20000b10      0x140 /home/pdsilva/.pico-sdk/toolchain/14_2_Rel1/bin/../lib/gcc/arm-none-eabi/14.2.1/../../../../arm-none-eabi/lib/thumb/v8-m.main+fp/softfp/libg.a(libc_a-impure.o)
                0x20000b10                _impure_data
 *(.sdata*)
                0x20000c50                        . = ALIGN (0x4)
 *(.after_data.*)
                0x20000c50                        . = ALIGN (0x4)
                0x20000c50                        PROVIDE (__mutex_array_start = .)
 *(SORT_BY_NAME(.mutex_array.*))
 *(.mutex_array)
 .mutex_array   0x20000c50        0x8 CMakeFiles/vgaPico2.dir/home/pdsilva/.pico-sdk/sdk/2.2.0/src/rp2_common/pico_malloc/malloc.c.o
 .mutex_array   0x20000c58        0x8 CMakeFiles/vgaPico2.dir/home/pdsilva/.pico-sdk/sdk/2.2.0/src/rp2_common/pico_stdio/stdio.c.o
                0x20000c60                        PROVIDE (__mutex_array_end = .)
 *(.jcr)
                0x20000c60                        . = ALIGN (0x4)

.tm_clone_table
                0x20000c60        0x0 load address 0x10009f94
 .tm_clone_table
                0x20000c60        0x0 /home/pdsilva/.pico-sdk/toolchain/14_2_Rel1/bin/../lib/gcc/arm-none-eabi/14.2.1/thumb/v8-m.main+fp/softfp/crtbegin.o
 .tm_clone_table
                0x20000c60        0x0 /home/pdsilva/.pico-sdk/toolchain/14_2_Rel1/bin/../lib/gcc/arm-none-eabi/14.2.1/thumb/v8-m.main+fp/softfp/crtend.o

.igot.plt       0x20000c60        0x0 load address 0x10009f94
 .igot.plt      0x20000c60        0x0 /home/pdsilva/.pico-sdk/toolchain/14_2_Rel1/bin/../lib/gcc/arm-none-eabi/14.2.1/thumb/v8-m.main+fp/softfp/crtbegin.o

.tdata          0x20000c60        0x0 load address 0x10009f94
                0x20000c60                        . = ALIGN (0x4)
 *(.tdata .tdata.* .gnu.linkonce.td.*)
                0x20000c60                        __tdata_end = .
                0x20000c60                        PROVIDE (__data_end__ = .)
                0x10009444                        __etext = LOADADDR (.data)

.tbss           0x20000c60        0x0 load address 0x10009f94
                0x20000c60                        . = ALIGN (0x4)
                0x20000c60                        __bss_start__ = .
                0x20000c60                        __tls_base = .
 *(.tbss .tbss.* .gnu.linkonce.tb.*)
 *(.tcommon)
                0x20000c60                        __tls_end = .

.bss            0x20000c60    0x25e5c load address 0x10009f94
                0x20000c60                        . = ALIGN (0x4)
                0x20000c60                        __tbss_end = .
 *(SORT_BY_ALIGNMENT(SORT_BY_NAME(.bss*)))
 .bss.default_alarm_pool_entries
                0x20000c60      0x180 CMakeFiles/vgaPico2.dir/home/pdsilva/.pico-sdk/sdk/2.2.0/src/common/pico_time/time.c.o
 .bss.pt_interval_marker.3
                0x20000de0        0x8 CMakeFiles/vgaPico2.dir/vga.c.o
 .bss.sched_thread_time
                0x20000de8       0x50 CMakeFiles/vgaPico2.dir/vga.c.o
                0x20000de8                sched_thread_time
 .bss.sched_thread_time1
                0x20000e38       0x50 CMakeFiles/vgaPico2.dir/vga.c.o
                0x20000e38                sched_thread_time1
 .bss.thread_time
                0x20000e88        0x8 CMakeFiles/vgaPico2.dir/vga.c.o
                0x20000e88                thread_time
 .bss.thread_time1
                0x20000e90        0x8 CMakeFiles/vgaPico2.dir/vga.c.o
                0x20000e90                thread_time1
 .bss.timer     0x20000e98       0x18 CMakeFiles/vgaPico2.dir/vga.c.o
 .bss.__lock___malloc_recursive_mutex
                0x20000eb0        0x1 /home/pdsilva/.pico-sdk/toolchain/14_2_Rel1/bin/../lib/gcc/arm-none-eabi/14.2.1/../../../../arm-none-eabi/lib/thumb/v8-m.main+fp/softfp/libg.a(libc_a-lock.o)
                0x20000eb0                __lock___malloc_recursive_mutex
 *fill*         0x20000eb1        0x3 
 .bss.__malloc_current_mallinfo
                0x20000eb4       0x28 /home/pdsilva/.pico-sdk/toolchain/14_2_Rel1/bin/../lib/gcc/arm-none-eabi/14.2.1/../../../../arm-none-eabi/lib/thumb/v8-m.main+fp/softfp/libg.a(libc_a-mallocr.o)
                0x20000eb4                __malloc_current_mallinfo
 .bss.__malloc_max_sbrked_mem
                0x20000edc        0x4 /home/pdsilva/.pico-sdk/toolchain/14_2_Rel1/bin/../lib/gcc/arm-none-eabi/14.2.1/../../../../arm-none-eabi/lib/thumb/v8-m.main+fp/softfp/libg.a(libc_a-mallocr.o)
                0x20000edc                __malloc_max_sbrked_mem
 .bss.__malloc_max_total_mem
                0x20000ee0        0x4 /home/pdsilva/.pico-sdk/toolchain/14_2_Rel1/bin/../lib/gcc/arm-none-eabi/14.2.1/../../../../arm-none-eabi/lib/thumb/v8-m.main+fp/softfp/libg.a(libc_a-mallocr.o)
                0x20000ee0                __malloc_max_total_mem
 .bss.__malloc_top_pad
                0x20000ee4        0x4 /home/pdsilva/.pico-sdk/toolchain/14_2_Rel1/bin/../lib/gcc/arm-none-eabi/14.2.1/../../../../arm-none-eabi/lib/thumb/v8-m.main+fp/softfp/libg.a(libc_a-mallocr.o)
                0x20000ee4                __malloc_top_pad
 .bss.__sf      0x20000ee8      0x138 /home/pdsilva/.pico-sdk/toolchain/14_2_Rel1/bin/../lib/gcc/arm-none-eabi/14.2.1/../../../../arm-none-eabi/lib/thumb/v8-m.main+fp/softfp/libg.a(libc_a-findfp.o)
                0x20000ee8                __sf
 .bss._sw_spin_locks
                0x20001020       0x20 CMakeFiles/vgaPico2.dir/home/pdsilva/.pico-sdk/sdk/2.2.0/src/rp2_common/hardware_sync_spin_lock/sync_spin_lock.c.o
                0x20001020                _sw_spin_locks
 .bss._used_instruction_space
                0x20001040        0xc CMakeFiles/vgaPico2.dir/home/pdsilva/.pico-sdk/sdk/2.2.0/src/rp2_common/hardware_pio/pio.c.o
 .bss.bus_sm    0x2000104c        0x4 CMakeFiles/vgaPico2.dir/vga_drv.c.o
                0x2000104c                bus_sm
 .bss.claimed   0x20001050        0x2 CMakeFiles/vgaPico2.dir/home/pdsilva/.pico-sdk/sdk/2.2.0/src/rp2_common/hardware_timer/timer.c.o
 *fill*         0x20001052        0x2 
 .bss.claimed   0x20001054        0x2 CMakeFiles/vgaPico2.dir/home/pdsilva/.pico-sdk/sdk/2.2.0/src/rp2_common/hardware_pio/pio.c.o
 *fill*         0x20001056        0x2 
 .bss.configured_freq
                0x20001058       0x28 CMakeFiles/vgaPico2.dir/home/pdsilva/.pico-sdk/sdk/2.2.0/src/rp2_common/hardware_clocks/clocks.c.o
 .bss.data_line.1
                0x20001080        0x4 CMakeFiles/vgaPico2.dir/vga_drv.c.o
 .bss.drivers   0x20001084        0x4 CMakeFiles/vgaPico2.dir/home/pdsilva/.pico-sdk/sdk/2.2.0/src/rp2_common/pico_stdio/stdio.c.o
 .bss.errno     0x20001088        0x4 /home/pdsilva/.pico-sdk/toolchain/14_2_Rel1/bin/../lib/gcc/arm-none-eabi/14.2.1/../../../../arm-none-eabi/lib/thumb/v8-m.main+fp/softfp/libg.a(libc_a-reent.o)
                0x20001088                errno
 .bss.filter    0x2000108c        0x4 CMakeFiles/vgaPico2.dir/home/pdsilva/.pico-sdk/sdk/2.2.0/src/rp2_common/pico_stdio/stdio.c.o
 .bss.font      0x20001090        0x4 CMakeFiles/vgaPico2.dir/vga_primitives.c.o
                0x20001090                font
 .bss.heap_end.0
                0x20001094        0x4 CMakeFiles/vgaPico2.dir/home/pdsilva/.pico-sdk/sdk/2.2.0/src/rp2_common/pico_clib_interface/newlib_interface.c.o
 .bss.hsync_sm  0x20001098        0x4 CMakeFiles/vgaPico2.dir/vga_drv.c.o
                0x20001098                hsync_sm
 .bss.i.0       0x2000109c        0x4 CMakeFiles/vgaPico2.dir/vga.c.o
 .bss.i.1       0x200010a0        0x4 CMakeFiles/vgaPico2.dir/vga.c.o
 .bss.idx.2     0x200010a4        0x4 CMakeFiles/vgaPico2.dir/vga.c.o
 .bss.lazy_vsnprintf
                0x200010a8        0x4 CMakeFiles/vgaPico2.dir/home/pdsilva/.pico-sdk/sdk/2.2.0/src/rp2_common/pico_printf/printf.c.o
 .bss.load_value
                0x200010ac        0x4 CMakeFiles/vgaPico2.dir/home/pdsilva/.pico-sdk/sdk/2.2.0/src/rp2_common/hardware_watchdog/watchdog.c.o
 .bss.object.0  0x200010b0       0x18 /home/pdsilva/.pico-sdk/toolchain/14_2_Rel1/bin/../lib/gcc/arm-none-eabi/14.2.1/thumb/v8-m.main+fp/softfp/crtbegin.o
 .bss.physical_line.0
                0x200010c8        0x4 CMakeFiles/vgaPico2.dir/vga_drv.c.o
 .bss.pools     0x200010cc       0x20 CMakeFiles/vgaPico2.dir/home/pdsilva/.pico-sdk/sdk/2.2.0/src/common/pico_time/time.c.o
 .bss.pt_executed
                0x200010ec        0x4 CMakeFiles/vgaPico2.dir/vga.c.o
                0x200010ec                pt_executed
 .bss.pt_executed1
                0x200010f0        0x4 CMakeFiles/vgaPico2.dir/vga.c.o
                0x200010f0                pt_executed1
 .bss.pt_sched  0x200010f4        0x4 CMakeFiles/vgaPico2.dir/vga.c.o
 .bss.pt_sched1
                0x200010f8        0x4 CMakeFiles/vgaPico2.dir/vga.c.o
 .bss.pt_sched_method
                0x200010fc        0x4 CMakeFiles/vgaPico2.dir/vga.c.o
                0x200010fc                pt_sched_method
 .bss.pt_task_count
                0x20001100        0x4 CMakeFiles/vgaPico2.dir/vga.c.o
                0x20001100                pt_task_count
 .bss.pt_task_count1
                0x20001104        0x4 CMakeFiles/vgaPico2.dir/vga.c.o
                0x20001104                pt_task_count1
 .bss.pt_thread_list
                0x20001108       0x78 CMakeFiles/vgaPico2.dir/vga.c.o
 .bss.pt_thread_list1
                0x20001180       0x78 CMakeFiles/vgaPico2.dir/vga.c.o
 .bss.rgb_chan_0
                0x200011f8        0x4 CMakeFiles/vgaPico2.dir/vga_drv.c.o
                0x200011f8                rgb_chan_0
 .bss.rgb_chan_1
                0x200011fc        0x4 CMakeFiles/vgaPico2.dir/vga_drv.c.o
                0x200011fc                rgb_chan_1
 .bss.sched_count
                0x20001200        0x4 CMakeFiles/vgaPico2.dir/vga.c.o
                0x20001200                sched_count
 .bss.sched_count1
                0x20001204        0x4 CMakeFiles/vgaPico2.dir/vga.c.o
                0x20001204                sched_count1
 .bss.sched_thread_stats
                0x20001208       0x28 CMakeFiles/vgaPico2.dir/vga.c.o
                0x20001208                sched_thread_stats
 .bss.sched_thread_stats1
                0x20001230       0x28 CMakeFiles/vgaPico2.dir/vga.c.o
                0x20001230                sched_thread_stats1
 .bss.sleep_notifier
                0x20001258        0x4 CMakeFiles/vgaPico2.dir/home/pdsilva/.pico-sdk/sdk/2.2.0/src/common/pico_time/time.c.o
 .bss.this      0x2000125c        0x4 CMakeFiles/vgaPico2.dir/cursor.c.o
 .bss.vga       0x20001260        0x4 CMakeFiles/vgaPico2.dir/vga.c.o
                0x20001260                vga
 .bss.vga       0x20001264        0x4 CMakeFiles/vgaPico2.dir/vga_primitives.c.o
 .bss.vga_buffer_global
                0x20001268        0x4 CMakeFiles/vgaPico2.dir/vga_drv.c.o
                0x20001268                vga_buffer_global
 .bss.vga_nvc_config
                0x2000126c       0x44 CMakeFiles/vgaPico2.dir/vga.c.o
                0x2000126c                vga_nvc_config
 .bss.vga_video_data_array0
                0x200012b0    0x25800 CMakeFiles/vgaPico2.dir/vga_primitives.c.o
                0x200012b0                vga_video_data_array0
 .bss._claimed  0x20026ab0        0x2 CMakeFiles/vgaPico2.dir/home/pdsilva/.pico-sdk/sdk/2.2.0/src/rp2_common/hardware_dma/dma.c.o
 .bss.cursor_x  0x20026ab2        0x2 CMakeFiles/vgaPico2.dir/vga.c.o
                0x20026ab2                cursor_x
 .bss.cursor_y  0x20026ab4        0x2 CMakeFiles/vgaPico2.dir/vga.c.o
                0x20026ab4                cursor_y
 .bss.bg_color  0x20026ab6        0x1 CMakeFiles/vgaPico2.dir/vga.c.o
                0x20026ab6                bg_color
 .bss.eeprom_present
                0x20026ab7        0x1 CMakeFiles/vgaPico2.dir/eeprom.c.o
                0x20026ab7                eeprom_present
 .bss.is_coldstart
                0x20026ab8        0x1 CMakeFiles/vgaPico2.dir/vga.c.o
 .bss.system_run
                0x20026ab9        0x1 CMakeFiles/vgaPico2.dir/vga.c.o
 .bss.text_color
                0x20026aba        0x1 CMakeFiles/vgaPico2.dir/vga.c.o
                0x20026aba                text_color
 .bss.video_mode
                0x20026abb        0x1 CMakeFiles/vgaPico2.dir/vga.c.o
                0x20026abb                video_mode
 *(COMMON)
                [!provide]                        PROVIDE (__global_pointer$ = (. + 0x800))
 *(.sbss*)
                0x20026abc                        . = ALIGN (0x4)
                0x20026abc                        __bss_end__ = .

.heap           0x20026abc      0x800 load address 0x10009f94
                0x20026abc                        __end__ = .
                0x20026abc                        end = __end__
 *(.heap*)
 .heap          0x20026abc      0x800 CMakeFiles/vgaPico2.dir/home/pdsilva/.pico-sdk/sdk/2.2.0/src/rp2_common/pico_crt0/crt0.S.o
                0x20080000                        __HeapLimit = (ORIGIN (RAM) + LENGTH (RAM))

.scratch_x      0x20080000        0x0 load address 0x10009f94
                0x20080000                        __scratch_x_start__ = .
 *(.scratch_x.*)
                0x20080000                        . = ALIGN (0x4)
                0x20080000                        __scratch_x_end__ = .
                0x10009f94                        __scratch_x_source__ = LOADADDR (.scratch_x)

.scratch_y      0x20081000        0x0 load address 0x10009f94
                0x20081000                        __scratch_y_start__ = .
 *(.scratch_y.*)
                0x20081000                        . = ALIGN (0x4)
                0x20081000                        __scratch_y_end__ = .
                0x10009f94                        __scratch_y_source__ = LOADADDR (.scratch_y)

.stack1_dummy   0x20080000      0x800
 *(.stack1*)
 .stack1        0x20080000      0x800 CMakeFiles/vgaPico2.dir/home/pdsilva/.pico-sdk/sdk/2.2.0/src/rp2_common/pico_multicore/multicore.c.o

.stack_dummy    0x20081000      0x800
 *(.stack*)
 .stack         0x20081000      0x800 CMakeFiles/vgaPico2.dir/home/pdsilva/.pico-sdk/sdk/2.2.0/src/rp2_common/pico_crt0/crt0.S.o

.flash_end      0x10009f94       0x14
 *(.embedded_end_block*)
 .embedded_end_block
                0x10009f94       0x14 CMakeFiles/vgaPico2.dir/home/pdsilva/.pico-sdk/sdk/2.2.0/src/rp2_common/pico_crt0/crt0.S.o
                0x10009fa8                        PROVIDE (__flash_binary_end = .)
                0x20080000                        __StackLimit = (ORIGIN (RAM) + LENGTH (RAM))
                0x20081000                        __StackOneTop = (ORIGIN (SCRATCH_X) + LENGTH (SCRATCH_X))
                0x20082000                        __StackTop = (ORIGIN (SCRATCH_Y) + LENGTH (SCRATCH_Y))
                0x20080800                        __StackOneBottom = (__StackOneTop - SIZEOF (.stack1_dummy))
                0x20081800                        __StackBottom = (__StackTop - SIZEOF (.stack_dummy))
                0x20082000                        PROVIDE (__stack = __StackTop)
                [!provide]                        PROVIDE (__heap_start = __end__)
                [!provide]                        PROVIDE (__heap_end = __HeapLimit)
                [!provide]                        PROVIDE (__tls_align = MAX (ALIGNOF (.tdata), ALIGNOF (.tbss)))
                [!provide]                        PROVIDE (__tls_size_align = (((__tls_size + __tls_align) - 0x1) & ~ ((__tls_align - 0x1))))
                [!provide]                        PROVIDE (__arm32_tls_tcb_offset = MAX (0x8, __tls_align))
                [!provide]                        PROVIDE (_end = __end__)
                [!provide]                        PROVIDE (__llvm_libc_heap_limit = __HeapLimit)
                0x00000001                        ASSERT ((__StackLimit >= __HeapLimit), region RAM overflowed)
                0x00000001                        ASSERT (((__binary_info_header_end - __logical_binary_start) <= 0x400), Binary info must be in first 1024 bytes of the binary)
                0x00000001                        ASSERT (((__embedded_block_end - __logical_binary_start) <= 0x1000), Embedded block must be in first 4096 bytes of the binary)
LOAD CMakeFiles/vgaPico2.dir/vga.c.o
LOAD CMakeFiles/vgaPico2.dir/vga_drv.c.o
LOAD CMakeFiles/vgaPico2.dir/vga_primitives.c.o
LOAD CMakeFiles/vgaPico2.dir/vga_bus_read.c.o
LOAD CMakeFiles/vgaPico2.dir/cursor.c.o
LOAD CMakeFiles/vgaPico2.dir/font.c.o
LOAD CMakeFiles/vgaPico2.dir/font_8x12.c.o
LOAD CMakeFiles/vgaPico2.dir/font_8x14.c.o
LOAD CMakeFiles/vgaPico2.dir/font_8x16.c.o
LOAD CMakeFiles/vgaPico2.dir/font_8x18.c.o
LOAD CMakeFiles/vgaPico2.dir/eeprom.c.o
LOAD CMakeFiles/vgaPico2.dir/home/pdsilva/.pico-sdk/sdk/2.2.0/src/rp2_common/pico_stdlib/stdlib.c.o
LOAD CMakeFiles/vgaPico2.dir/home/pdsilva/.pico-sdk/sdk/2.2.0/src/rp2_common/hardware_gpio/gpio.c.o
LOAD CMakeFiles/vgaPico2.dir/home/pdsilva/.pico-sdk/sdk/2.2.0/src/rp2350/pico_platform/platform.c.o
LOAD CMakeFiles/vgaPico2.dir/home/pdsilva/.pico-sdk/sdk/2.2.0/src/rp2_common/pico_platform_common/common.c.o
LOAD CMakeFiles/vgaPico2.dir/home/pdsilva/.pico-sdk/sdk/2.2.0/src/rp2_common/pico_platform_panic/panic.c.o
LOAD CMakeFiles/vgaPico2.dir/home/pdsilva/.pico-sdk/sdk/2.2.0/src/common/hardware_claim/claim.c.o
LOAD CMakeFiles/vgaPico2.dir/home/pdsilva/.pico-sdk/sdk/2.2.0/src/rp2_common/hardware_sync/sync.c.o
LOAD CMakeFiles/vgaPico2.dir/home/pdsilva/.pico-sdk/sdk/2.2.0/src/rp2_common/hardware_sync_spin_lock/sync_spin_lock.c.o
LOAD CMakeFiles/vgaPico2.dir/home/pdsilva/.pico-sdk/sdk/2.2.0/src/rp2_common/hardware_irq/irq.c.o
LOAD CMakeFiles/vgaPico2.dir/home/pdsilva/.pico-sdk/sdk/2.2.0/src/rp2_common/hardware_irq/irq_handler_chain.S.o
LOAD CMakeFiles/vgaPico2.dir/home/pdsilva/.pico-sdk/sdk/2.2.0/src/common/pico_sync/sem.c.o
LOAD CMakeFiles/vgaPico2.dir/home/pdsilva/.pico-sdk/sdk/2.2.0/src/common/pico_sync/lock_core.c.o
LOAD CMakeFiles/vgaPico2.dir/home/pdsilva/.pico-sdk/sdk/2.2.0/src/common/pico_sync/mutex.c.o
LOAD CMakeFiles/vgaPico2.dir/home/pdsilva/.pico-sdk/sdk/2.2.0/src/common/pico_sync/critical_section.c.o
LOAD CMakeFiles/vgaPico2.dir/home/pdsilva/.pico-sdk/sdk/2.2.0/src/common/pico_time/time.c.o
LOAD CMakeFiles/vgaPico2.dir/home/pdsilva/.pico-sdk/sdk/2.2.0/src/common/pico_time/timeout_helper.c.o
LOAD CMakeFiles/vgaPico2.dir/home/pdsilva/.pico-sdk/sdk/2.2.0/src/rp2_common/hardware_timer/timer.c.o
LOAD CMakeFiles/vgaPico2.dir/home/pdsilva/.pico-sdk/sdk/2.2.0/src/common/pico_util/datetime.c.o
LOAD CMakeFiles/vgaPico2.dir/home/pdsilva/.pico-sdk/sdk/2.2.0/src/common/pico_util/pheap.c.o
LOAD CMakeFiles/vgaPico2.dir/home/pdsilva/.pico-sdk/sdk/2.2.0/src/common/pico_util/queue.c.o
LOAD CMakeFiles/vgaPico2.dir/home/pdsilva/.pico-sdk/sdk/2.2.0/src/rp2_common/hardware_uart/uart.c.o
LOAD CMakeFiles/vgaPico2.dir/home/pdsilva/.pico-sdk/sdk/2.2.0/src/rp2_common/hardware_clocks/clocks.c.o
LOAD CMakeFiles/vgaPico2.dir/home/pdsilva/.pico-sdk/sdk/2.2.0/src/rp2_common/hardware_pll/pll.c.o
LOAD CMakeFiles/vgaPico2.dir/home/pdsilva/.pico-sdk/sdk/2.2.0/src/rp2_common/hardware_vreg/vreg.c.o
LOAD CMakeFiles/vgaPico2.dir/home/pdsilva/.pico-sdk/sdk/2.2.0/src/rp2_common/hardware_watchdog/watchdog.c.o
LOAD CMakeFiles/vgaPico2.dir/home/pdsilva/.pico-sdk/sdk/2.2.0/src/rp2_common/hardware_ticks/ticks.c.o
LOAD CMakeFiles/vgaPico2.dir/home/pdsilva/.pico-sdk/sdk/2.2.0/src/rp2_common/pico_bootrom/bootrom.c.o
LOAD CMakeFiles/vgaPico2.dir/home/pdsilva/.pico-sdk/sdk/2.2.0/src/rp2_common/pico_bootrom/bootrom_lock.c.o
LOAD CMakeFiles/vgaPico2.dir/home/pdsilva/.pico-sdk/sdk/2.2.0/src/rp2_common/hardware_boot_lock/boot_lock.c.o
LOAD CMakeFiles/vgaPico2.dir/home/pdsilva/.pico-sdk/sdk/2.2.0/src/rp2_common/pico_flash/flash.c.o
LOAD CMakeFiles/vgaPico2.dir/home/pdsilva/.pico-sdk/sdk/2.2.0/src/rp2_common/hardware_xosc/xosc.c.o
LOAD CMakeFiles/vgaPico2.dir/home/pdsilva/.pico-sdk/sdk/2.2.0/src/rp2_common/hardware_divider/divider.c.o
LOAD CMakeFiles/vgaPico2.dir/home/pdsilva/.pico-sdk/sdk/2.2.0/src/rp2_common/pico_runtime/runtime.c.o
LOAD CMakeFiles/vgaPico2.dir/home/pdsilva/.pico-sdk/sdk/2.2.0/src/rp2_common/pico_runtime_init/runtime_init.c.o
LOAD CMakeFiles/vgaPico2.dir/home/pdsilva/.pico-sdk/sdk/2.2.0/src/rp2_common/pico_runtime_init/runtime_init_clocks.c.o
LOAD CMakeFiles/vgaPico2.dir/home/pdsilva/.pico-sdk/sdk/2.2.0/src/rp2_common/pico_runtime_init/runtime_init_stack_guard.c.o
LOAD CMakeFiles/vgaPico2.dir/home/pdsilva/.pico-sdk/sdk/2.2.0/src/rp2_common/pico_bit_ops/bit_ops_aeabi.S.o
LOAD CMakeFiles/vgaPico2.dir/home/pdsilva/.pico-sdk/sdk/2.2.0/src/rp2_common/pico_divider/divider_compiler.c.o
LOAD CMakeFiles/vgaPico2.dir/home/pdsilva/.pico-sdk/sdk/2.2.0/src/rp2_common/pico_double/double_math.c.o
LOAD CMakeFiles/vgaPico2.dir/home/pdsilva/.pico-sdk/sdk/2.2.0/src/rp2_common/pico_double/double_aeabi_dcp.S.o
LOAD CMakeFiles/vgaPico2.dir/home/pdsilva/.pico-sdk/sdk/2.2.0/src/rp2_common/pico_double/double_fma_dcp.S.o
LOAD CMakeFiles/vgaPico2.dir/home/pdsilva/.pico-sdk/sdk/2.2.0/src/rp2_common/pico_double/double_sci_m33.S.o
LOAD CMakeFiles/vgaPico2.dir/home/pdsilva/.pico-sdk/sdk/2.2.0/src/rp2_common/pico_double/double_conv_m33.S.o
LOAD CMakeFiles/vgaPico2.dir/home/pdsilva/.pico-sdk/sdk/2.2.0/src/rp2_common/pico_float/float_math.c.o
LOAD CMakeFiles/vgaPico2.dir/home/pdsilva/.pico-sdk/sdk/2.2.0/src/rp2_common/pico_float/float_conv32_vfp.S.o
LOAD CMakeFiles/vgaPico2.dir/home/pdsilva/.pico-sdk/sdk/2.2.0/src/rp2_common/pico_float/float_common_m33.S.o
LOAD CMakeFiles/vgaPico2.dir/home/pdsilva/.pico-sdk/sdk/2.2.0/src/rp2_common/pico_float/float_sci_m33_vfp.S.o
LOAD CMakeFiles/vgaPico2.dir/home/pdsilva/.pico-sdk/sdk/2.2.0/src/rp2_common/pico_malloc/malloc.c.o
LOAD CMakeFiles/vgaPico2.dir/home/pdsilva/.pico-sdk/sdk/2.2.0/src/rp2_common/pico_atomic/atomic.c.o
LOAD CMakeFiles/vgaPico2.dir/home/pdsilva/.pico-sdk/sdk/2.2.0/src/rp2_common/pico_cxx_options/new_delete.cpp.o
LOAD CMakeFiles/vgaPico2.dir/home/pdsilva/.pico-sdk/sdk/2.2.0/src/rp2_common/pico_standard_binary_info/standard_binary_info.c.o
LOAD CMakeFiles/vgaPico2.dir/home/pdsilva/.pico-sdk/sdk/2.2.0/src/rp2_common/pico_printf/printf.c.o
LOAD CMakeFiles/vgaPico2.dir/home/pdsilva/.pico-sdk/sdk/2.2.0/src/rp2_common/pico_crt0/crt0.S.o
LOAD CMakeFiles/vgaPico2.dir/home/pdsilva/.pico-sdk/sdk/2.2.0/src/rp2_common/pico_clib_interface/newlib_interface.c.o
LOAD CMakeFiles/vgaPico2.dir/home/pdsilva/.pico-sdk/sdk/2.2.0/src/rp2_common/pico_stdio/stdio.c.o
LOAD CMakeFiles/vgaPico2.dir/home/pdsilva/.pico-sdk/sdk/2.2.0/src/rp2_common/hardware_pio/pio.c.o
LOAD CMakeFiles/vgaPico2.dir/home/pdsilva/.pico-sdk/sdk/2.2.0/src/rp2_common/hardware_dma/dma.c.o
LOAD CMakeFiles/vgaPico2.dir/home/pdsilva/.pico-sdk/sdk/2.2.0/src/rp2_common/pico_multicore/multicore.c.o
LOAD CMakeFiles/vgaPico2.dir/home/pdsilva/.pico-sdk/sdk/2.2.0/src/rp2_common/hardware_i2c/i2c.c.o
LOAD pico-sdk/src/rp2350/boot_stage2/CMakeFiles/bs2_default_library.dir/bs2_default_padded_checksummed.S.o
LOAD /home/pdsilva/.pico-sdk/toolchain/14_2_Rel1/bin/../lib/gcc/arm-none-eabi/14.2.1/../../../../arm-none-eabi/lib/thumb/v8-m.main+fp/softfp/libstdc++.a
LOAD /home/pdsilva/.pico-sdk/toolchain/14_2_Rel1/bin/../lib/gcc/arm-none-eabi/14.2.1/../../../../arm-none-eabi/lib/thumb/v8-m.main+fp/softfp/libm.a
START GROUP
LOAD /home/pdsilva/.pico-sdk/toolchain/14_2_Rel1/bin/../lib/gcc/arm-none-eabi/14.2.1/thumb/v8-m.main+fp/softfp/libgcc.a
LOAD /home/pdsilva/.pico-sdk/toolchain/14_2_Rel1/bin/../lib/gcc/arm-none-eabi/14.2.1/../../../../arm-none-eabi/lib/thumb/v8-m.main+fp/softfp/libg.a
LOAD /home/pdsilva/.pico-sdk/toolchain/14_2_Rel1/bin/../lib/gcc/arm-none-eabi/14.2.1/../../../../arm-none-eabi/lib/thumb/v8-m.main+fp/softfp/libc.a
END GROUP
START GROUP
LOAD /home/pdsilva/.pico-sdk/toolchain/14_2_Rel1/bin/../lib/gcc/arm-none-eabi/14.2.1/thumb/v8-m.main+fp/softfp/libgcc.a
LOAD /home/pdsilva/.pico-sdk/toolchain/14_2_Rel1/bin/../lib/gcc/arm-none-eabi/14.2.1/../../../../arm-none-eabi/lib/thumb/v8-m.main+fp/softfp/libc.a
LOAD /home/pdsilva/.pico-sdk/toolchain/14_2_Rel1/bin/../lib/gcc/arm-none-eabi/14.2.1/../../../../arm-none-eabi/lib/thumb/v8-m.main+fp/softfp/libnosys.a
END GROUP
LOAD /home/pdsilva/.pico-sdk/toolchain/14_2_Rel1/bin/../lib/gcc/arm-none-eabi/14.2.1/thumb/v8-m.main+fp/softfp/crtend.o
LOAD /home/pdsilva/.pico-sdk/toolchain/14_2_Rel1/bin/../lib/gcc/arm-none-eabi/14.2.1/thumb/v8-m.main+fp/softfp/crtn.o
OUTPUT(vgaPico2.elf elf32-littlearm)
LOAD linker stubs

.rel.dyn        0x10009fa8        0x0
 .rel.iplt      0x10009fa8        0x0 /home/pdsilva/.pico-sdk/toolchain/14_2_Rel1/bin/../lib/gcc/arm-none-eabi/14.2.1/thumb/v8-m.main+fp/softfp/crtbegin.o

.ARM.attributes
                0x00000000       0x34
 .ARM.attributes
                0x00000000       0x26 /home/pdsilva/.pico-sdk/toolchain/14_2_Rel1/bin/../lib/gcc/arm-none-eabi/14.2.1/thumb/v8-m.main+fp/softfp/crti.o
 .ARM.attributes
                0x00000026       0x36 /home/pdsilva/.pico-sdk/toolchain/14_2_Rel1/bin/../lib/gcc/arm-none-eabi/14.2.1/thumb/v8-m.main+fp/softfp/crtbegin.o
 .ARM.attributes
                0x0000005c       0x38 CMakeFiles/vgaPico2.dir/vga.c.o
 .ARM.attributes
                0x00000094       0x38 CMakeFiles/vgaPico2.dir/vga_drv.c.o
 .ARM.attributes
                0x000000cc       0x38 CMakeFiles/vgaPico2.dir/vga_primitives.c.o
 .ARM.attributes
                0x00000104       0x38 CMakeFiles/vgaPico2.dir/vga_bus_read.c.o
 .ARM.attributes
                0x0000013c       0x38 CMakeFiles/vgaPico2.dir/cursor.c.o
 .ARM.attributes
                0x00000174       0x38 CMakeFiles/vgaPico2.dir/font.c.o
 .ARM.attributes
                0x000001ac       0x38 CMakeFiles/vgaPico2.dir/font_8x12.c.o
 .ARM.attributes
                0x000001e4       0x38 CMakeFiles/vgaPico2.dir/font_8x14.c.o
 .ARM.attributes
                0x0000021c       0x38 CMakeFiles/vgaPico2.dir/font_8x16.c.o
 .ARM.attributes
                0x00000254       0x38 CMakeFiles/vgaPico2.dir/font_8x18.c.o
 .ARM.attributes
                0x0000028c       0x38 CMakeFiles/vgaPico2.dir/eeprom.c.o
 .ARM.attributes
                0x000002c4       0x38 CMakeFiles/vgaPico2.dir/home/pdsilva/.pico-sdk/sdk/2.2.0/src/rp2_common/hardware_gpio/gpio.c.o
 .ARM.attributes
                0x000002fc       0x38 CMakeFiles/vgaPico2.dir/home/pdsilva/.pico-sdk/sdk/2.2.0/src/rp2_common/pico_platform_panic/panic.c.o
 .ARM.attributes
                0x00000334       0x38 CMakeFiles/vgaPico2.dir/home/pdsilva/.pico-sdk/sdk/2.2.0/src/common/hardware_claim/claim.c.o
 .ARM.attributes
                0x0000036c       0x38 CMakeFiles/vgaPico2.dir/home/pdsilva/.pico-sdk/sdk/2.2.0/src/rp2_common/hardware_sync/sync.c.o
 .ARM.attributes
                0x000003a4       0x38 CMakeFiles/vgaPico2.dir/home/pdsilva/.pico-sdk/sdk/2.2.0/src/rp2_common/hardware_sync_spin_lock/sync_spin_lock.c.o
 .ARM.attributes
                0x000003dc       0x38 CMakeFiles/vgaPico2.dir/home/pdsilva/.pico-sdk/sdk/2.2.0/src/rp2_common/hardware_irq/irq.c.o
 .ARM.attributes
                0x00000414       0x38 CMakeFiles/vgaPico2.dir/home/pdsilva/.pico-sdk/sdk/2.2.0/src/common/pico_sync/lock_core.c.o
 .ARM.attributes
                0x0000044c       0x38 CMakeFiles/vgaPico2.dir/home/pdsilva/.pico-sdk/sdk/2.2.0/src/common/pico_sync/mutex.c.o
 .ARM.attributes
                0x00000484       0x38 CMakeFiles/vgaPico2.dir/home/pdsilva/.pico-sdk/sdk/2.2.0/src/common/pico_time/time.c.o
 .ARM.attributes
                0x000004bc       0x38 CMakeFiles/vgaPico2.dir/home/pdsilva/.pico-sdk/sdk/2.2.0/src/rp2_common/hardware_timer/timer.c.o
 .ARM.attributes
                0x000004f4       0x38 CMakeFiles/vgaPico2.dir/home/pdsilva/.pico-sdk/sdk/2.2.0/src/rp2_common/hardware_clocks/clocks.c.o
 .ARM.attributes
                0x0000052c       0x38 CMakeFiles/vgaPico2.dir/home/pdsilva/.pico-sdk/sdk/2.2.0/src/rp2_common/hardware_pll/pll.c.o
 .ARM.attributes
                0x00000564       0x38 CMakeFiles/vgaPico2.dir/home/pdsilva/.pico-sdk/sdk/2.2.0/src/rp2_common/hardware_watchdog/watchdog.c.o
 .ARM.attributes
                0x0000059c       0x38 CMakeFiles/vgaPico2.dir/home/pdsilva/.pico-sdk/sdk/2.2.0/src/rp2_common/hardware_ticks/ticks.c.o
 .ARM.attributes
                0x000005d4       0x38 CMakeFiles/vgaPico2.dir/home/pdsilva/.pico-sdk/sdk/2.2.0/src/rp2_common/pico_bootrom/bootrom.c.o
 .ARM.attributes
                0x0000060c       0x38 CMakeFiles/vgaPico2.dir/home/pdsilva/.pico-sdk/sdk/2.2.0/src/rp2_common/pico_bootrom/bootrom_lock.c.o
 .ARM.attributes
                0x00000644       0x38 CMakeFiles/vgaPico2.dir/home/pdsilva/.pico-sdk/sdk/2.2.0/src/rp2_common/hardware_boot_lock/boot_lock.c.o
 .ARM.attributes
                0x0000067c       0x38 CMakeFiles/vgaPico2.dir/home/pdsilva/.pico-sdk/sdk/2.2.0/src/rp2_common/hardware_xosc/xosc.c.o
 .ARM.attributes
                0x000006b4       0x38 CMakeFiles/vgaPico2.dir/home/pdsilva/.pico-sdk/sdk/2.2.0/src/rp2_common/pico_runtime/runtime.c.o
 .ARM.attributes
                0x000006ec       0x38 CMakeFiles/vgaPico2.dir/home/pdsilva/.pico-sdk/sdk/2.2.0/src/rp2_common/pico_runtime_init/runtime_init.c.o
 .ARM.attributes
                0x00000724       0x38 CMakeFiles/vgaPico2.dir/home/pdsilva/.pico-sdk/sdk/2.2.0/src/rp2_common/pico_runtime_init/runtime_init_clocks.c.o
 .ARM.attributes
                0x0000075c       0x28 CMakeFiles/vgaPico2.dir/home/pdsilva/.pico-sdk/sdk/2.2.0/src/rp2_common/pico_double/double_aeabi_dcp.S.o
 .ARM.attributes
                0x00000784       0x38 CMakeFiles/vgaPico2.dir/home/pdsilva/.pico-sdk/sdk/2.2.0/src/rp2_common/pico_malloc/malloc.c.o
 .ARM.attributes
                0x000007bc       0x38 CMakeFiles/vgaPico2.dir/home/pdsilva/.pico-sdk/sdk/2.2.0/src/rp2_common/pico_standard_binary_info/standard_binary_info.c.o
 .ARM.attributes
                0x000007f4       0x38 CMakeFiles/vgaPico2.dir/home/pdsilva/.pico-sdk/sdk/2.2.0/src/rp2_common/pico_printf/printf.c.o
 .ARM.attributes
                0x0000082c       0x28 CMakeFiles/vgaPico2.dir/home/pdsilva/.pico-sdk/sdk/2.2.0/src/rp2_common/pico_crt0/crt0.S.o
 .ARM.attributes
                0x00000854       0x38 CMakeFiles/vgaPico2.dir/home/pdsilva/.pico-sdk/sdk/2.2.0/src/rp2_common/pico_clib_interface/newlib_interface.c.o
 .ARM.attributes
                0x0000088c       0x38 CMakeFiles/vgaPico2.dir/home/pdsilva/.pico-sdk/sdk/2.2.0/src/rp2_common/pico_stdio/stdio.c.o
 .ARM.attributes
                0x000008c4       0x38 CMakeFiles/vgaPico2.dir/home/pdsilva/.pico-sdk/sdk/2.2.0/src/rp2_common/hardware_pio/pio.c.o
 .ARM.attributes
                0x000008fc       0x38 CMakeFiles/vgaPico2.dir/home/pdsilva/.pico-sdk/sdk/2.2.0/src/rp2_common/hardware_dma/dma.c.o
 .ARM.attributes
                0x00000934       0x38 CMakeFiles/vgaPico2.dir/home/pdsilva/.pico-sdk/sdk/2.2.0/src/rp2_common/pico_multicore/multicore.c.o
 .ARM.attributes
                0x0000096c       0x38 CMakeFiles/vgaPico2.dir/home/pdsilva/.pico-sdk/sdk/2.2.0/src/rp2_common/hardware_i2c/i2c.c.o
 .ARM.attributes
                0x000009a4       0x26 /home/pdsilva/.pico-sdk/toolchain/14_2_Rel1/bin/../lib/gcc/arm-none-eabi/14.2.1/thumb/v8-m.main+fp/softfp/libgcc.a(_aeabi_uldivmod.o)
 .ARM.attributes
                0x000009ca       0x36 /home/pdsilva/.pico-sdk/toolchain/14_2_Rel1/bin/../lib/gcc/arm-none-eabi/14.2.1/thumb/v8-m.main+fp/softfp/libgcc.a(_udivmoddi4.o)
 .ARM.attributes
                0x00000a00       0x26 /home/pdsilva/.pico-sdk/toolchain/14_2_Rel1/bin/../lib/gcc/arm-none-eabi/14.2.1/thumb/v8-m.main+fp/softfp/libgcc.a(_dvmd_tls.o)
 .ARM.attributes
                0x00000a26       0x36 /home/pdsilva/.pico-sdk/toolchain/14_2_Rel1/bin/../lib/gcc/arm-none-eabi/14.2.1/../../../../arm-none-eabi/lib/thumb/v8-m.main+fp/softfp/libg.a(libc_a-malloc.o)
 .ARM.attributes
                0x00000a5c       0x36 /home/pdsilva/.pico-sdk/toolchain/14_2_Rel1/bin/../lib/gcc/arm-none-eabi/14.2.1/../../../../arm-none-eabi/lib/thumb/v8-m.main+fp/softfp/libg.a(libc_a-mallocr.o)
 .ARM.attributes
                0x00000a92       0x36 /home/pdsilva/.pico-sdk/toolchain/14_2_Rel1/bin/../lib/gcc/arm-none-eabi/14.2.1/../../../../arm-none-eabi/lib/thumb/v8-m.main+fp/softfp/libg.a(libc_a-mlock.o)
 .ARM.attributes
                0x00000ac8       0x36 /home/pdsilva/.pico-sdk/toolchain/14_2_Rel1/bin/../lib/gcc/arm-none-eabi/14.2.1/../../../../arm-none-eabi/lib/thumb/v8-m.main+fp/softfp/libg.a(libc_a-memset.o)
 .ARM.attributes
                0x00000afe       0x36 /home/pdsilva/.pico-sdk/toolchain/14_2_Rel1/bin/../lib/gcc/arm-none-eabi/14.2.1/../../../../arm-none-eabi/lib/thumb/v8-m.main+fp/softfp/libg.a(libc_a-impure.o)
 .ARM.attributes
                0x00000b34       0x36 /home/pdsilva/.pico-sdk/toolchain/14_2_Rel1/bin/../lib/gcc/arm-none-eabi/14.2.1/../../../../arm-none-eabi/lib/thumb/v8-m.main+fp/softfp/libg.a(libc_a-sbrkr.o)
 .ARM.attributes
                0x00000b6a       0x36 /home/pdsilva/.pico-sdk/toolchain/14_2_Rel1/bin/../lib/gcc/arm-none-eabi/14.2.1/../../../../arm-none-eabi/lib/thumb/v8-m.main+fp/softfp/libg.a(libc_a-errno.o)
 .ARM.attributes
                0x00000ba0       0x36 /home/pdsilva/.pico-sdk/toolchain/14_2_Rel1/bin/../lib/gcc/arm-none-eabi/14.2.1/../../../../arm-none-eabi/lib/thumb/v8-m.main+fp/softfp/libg.a(libc_a-lock.o)
 .ARM.attributes
                0x00000bd6       0x36 /home/pdsilva/.pico-sdk/toolchain/14_2_Rel1/bin/../lib/gcc/arm-none-eabi/14.2.1/../../../../arm-none-eabi/lib/thumb/v8-m.main+fp/softfp/libg.a(libc_a-sysconf.o)
 .ARM.attributes
                0x00000c0c       0x24 /home/pdsilva/.pico-sdk/toolchain/14_2_Rel1/bin/../lib/gcc/arm-none-eabi/14.2.1/../../../../arm-none-eabi/lib/thumb/v8-m.main+fp/softfp/libg.a(libc_a-memcpy.o)
 .ARM.attributes
                0x00000c30       0x36 /home/pdsilva/.pico-sdk/toolchain/14_2_Rel1/bin/../lib/gcc/arm-none-eabi/14.2.1/../../../../arm-none-eabi/lib/thumb/v8-m.main+fp/softfp/libg.a(libc_a-strlen-stub.o)
 .ARM.attributes
                0x00000c66       0x36 /home/pdsilva/.pico-sdk/toolchain/14_2_Rel1/bin/../lib/gcc/arm-none-eabi/14.2.1/../../../../arm-none-eabi/lib/thumb/v8-m.main+fp/softfp/libg.a(libc_a-freer.o)
 .ARM.attributes