Archive member included to satisfy reference by file (symbol)

../../lib/libc68k.a(strchr.o)
                              ./fatfs/ff.o (strchr)
../../lib/libc68k.a(memcpy.o)
                              ./fatfs/ff.o (memcpy)
../../lib/libc68k.a(malloc.o)
                              ./shell/commands.o (free)
../../lib/libc68k.a(memcmp.o)
                              ./shell/decodecmd.o (memcmp)
../../lib/libc68k.a(strlen.o)
                              ./shell/commands.o (strlen)
../../lib/libc68k.a(memset.o)
                              ./shell/commands.o (memset)
../../lib/libc68k.a(strcat.o)
                              ./shell/decodecmd.o (strcat)
../../lib/libc68k.a(strcpy.o)
                              ./shell/commands.o (strcpy)
../../lib/libc68k.a(putchar.o)
                              ./shell/commands.o (putchar)
../../lib/libc68k.a(sprintf.o)
                              ./shell/commands.o (sprintf)
../../lib/libc68k.a(printf.o)
                              ../../lib/libc68k.a(sprintf.o) (itox)
../../lib/libc68k.a(__mulsi3.o)
                              ./shell/decodecmd.o (__mulsi3)
../../lib/libc68k.a(__umodsi3.o)
                              ./shell/commands.o (__umodsi3)
../../lib/libc68k.a(__udivsi3.o)
                              ./shell/commands.o (__udivsi3)
../../lib/libc68k.a(strtoul.o)
                              ./shell/commands.o (strtoul)
../../lib/libc68k.a(isspace.o)
                              ./shell/decodecmd.o (isspace)
../../lib/libc68k.a(atoi.o)   ./shell/commands.o (atoi)
../../lib/libc68k.a(strcasecmp.o)
                              ./shell/decodecmd.o (strcasecmp)
../../lib/libc68k.a(puts.o)   ../../lib/libc68k.a(printf.o) (puts)
../../lib/libc68k.a(strtol.o)
                              ../../lib/libc68k.a(atoi.o) (strtol)

Discarded input sections

 .comment       0x00000000       0x13 orion68.o
 .comment       0x00000000       0x13 vectors.o
 .comment       0x00000000       0x13 console.o
 .comment       0x00000000       0x13 ./dump/mem_dump.o
 .comment       0x00000000       0x13 ./shell/io.o
 .comment       0x00000000       0x13 ./shell/printerro.o
 .comment       0x00000000       0x13 ./shell/commands.o
 .comment       0x00000000       0x13 ./shell/decodecmd.o
 .comment       0x00000000       0x13 ./shell/srecord.o
 .comment       0x00000000       0x13 ./kbd/drv_kbd.o
 .comment       0x00000000       0x13 ./picoVga/drv_picoVga.o
 .comment       0x00000000       0x13 ./xmodem/xmodem.o
 .comment       0x00000000       0x13 ./uarts/drv_uart0.o
 .comment       0x00000000       0x13 ./ide/ata.o
 .comment       0x00000000       0x13 ./fatfs/ff.o
 .comment       0x00000000       0x13 ./fatfs/ffsystem.o
 .comment       0x00000000       0x13 ./fatfs/diskio.o
 .comment       0x00000000       0x13 ./tst_fat/tstfat.o
 .comment       0x00000000       0x13 timers.o
 .comment       0x00000000       0x13 interrupt.o
 .comment       0x00000000       0x13 ../../lib/libc68k.a(strchr.o)
 .comment       0x00000000       0x13 ../../lib/libc68k.a(memcpy.o)
 .comment       0x00000000       0x13 ../../lib/libc68k.a(malloc.o)
 .comment       0x00000000       0x13 ../../lib/libc68k.a(memcmp.o)
 .comment       0x00000000       0x13 ../../lib/libc68k.a(strlen.o)
 .comment       0x00000000       0x13 ../../lib/libc68k.a(memset.o)
 .comment       0x00000000       0x13 ../../lib/libc68k.a(strcat.o)
 .comment       0x00000000       0x13 ../../lib/libc68k.a(strcpy.o)
 .comment       0x00000000       0x13 ../../lib/libc68k.a(putchar.o)
 .comment       0x00000000       0x13 ../../lib/libc68k.a(sprintf.o)
 .comment       0x00000000       0x13 ../../lib/libc68k.a(printf.o)
 .comment       0x00000000       0x13 ../../lib/libc68k.a(__mulsi3.o)
 .comment       0x00000000       0x13 ../../lib/libc68k.a(__umodsi3.o)
 .comment       0x00000000       0x13 ../../lib/libc68k.a(__udivsi3.o)
 .comment       0x00000000       0x13 ../../lib/libc68k.a(strtoul.o)
 .comment       0x00000000       0x13 ../../lib/libc68k.a(isspace.o)
 .comment       0x00000000       0x13 ../../lib/libc68k.a(atoi.o)
 .comment       0x00000000       0x13 ../../lib/libc68k.a(strcasecmp.o)
 .comment       0x00000000       0x13 ../../lib/libc68k.a(puts.o)
 .comment       0x00000000       0x13 ../../lib/libc68k.a(strtol.o)

Memory Configuration

Name             Origin             Length             Attributes
ROM              0x00000000         0x00010000         xr
RAM              0x00080000         0x00080000         xrw
*default*        0x00000000         0xffffffff

Linker script and memory map

                0x00000000                        . = 0x0

.vectors        0x00000000        0x0
 *(.vectors)
                0x00000000                        . = ALIGN (0x400)

.text           0x00000000     0xb760
                0x00000000                        . = ALIGN (0x2)
 *(.text*)
 .text          0x00000000      0x1f0 ../../obj/orion68_startup.o
                0x000000c0                _start
                0x0000012e                UartWrCh
                0x00000156                uart0_initialize
 .text          0x000001f0      0x25c orion68.o
                0x000001f0                executar_xmodem
                0x00000216                clr_flg_program_loaded
                0x00000232                set_flg_program_loaded
                0x0000024c                get_flg_program_loaded
                0x0000025e                print_msg
                0x0000029c                write_string
                0x000002d4                display_prompt
                0x0000035a                main
 .text          0x0000044c       0xf6 vectors.o
                0x0000046a                TRAP14_Handler
                0x00000516                get_system_tick
 *fill*         0x00000542        0x2 
 .text          0x00000544       0x3e console.o
                0x00000544                set_console_output
                0x0000055c                set_console_input
                0x00000574                enable_interrupts
 *fill*         0x00000582        0x2 
 .text          0x00000584      0x658 ./dump/mem_dump.o
                0x00000584                dump_memory
                0x000007fa                dump_memory2
                0x00000a76                dump_memory_by_addr
 .text          0x00000bdc       0x50 ./shell/io.o
                0x00000bdc                get_key
                0x00000c00                _putchar_hex
 .text          0x00000c2c       0x4a ./shell/printerro.o
                0x00000c2c                printerro
 *fill*         0x00000c76        0x2 
 .text          0x00000c78     0x1106 ./shell/commands.o
                0x00000cea                do_help
                0x00000d86                do_notimplemented
                0x00000d9e                do_dump
                0x00000df6                serial_has_char
                0x00000e00                do_srecord
                0x00000ede                do_binfile
                0x0000106e                do_binmem
                0x0000117a                do_run
                0x000011ac                do_writemem
                0x000013c6                do_dir
                0x0000159e                do_delete
                0x000015e2                do_exit
                0x0000160e                do_mkdir
                0x000016a0                do_rename
                0x000016f8                do_cd
                0x00001726                do_ls
                0x00001736                do_shst
                0x00001756                do_loadmem
                0x000018b0                do_copyfile
                0x00001a7c                do_cat
                0x00001bb6                do_time
                0x00001ca0                do_uptime
                0x00001d74                do_ehbasic
 *fill*         0x00001d7e        0x2 
 .text          0x00001d80      0xc6e ./shell/decodecmd.o
                0x00001d80                getline
                0x0000204c                process_command_builtin
                0x000021ba                load_elf_executable
                0x000025b2                open_executable_file
                0x000026ea                process_command_executable
                0x00002892                process_command
                0x000028dc                execute_cmd
 *fill*         0x000029ee        0x2 
 .text          0x000029f0      0x45e ./shell/srecord.o
                0x000029f0                srec_getnibble
                0x00002aa0                srec_getbyte
                0x00002ad8                srec_getword
                0x00002afe                srec_getdword
                0x00002b26                srec_get6word
                0x00002b4c                srec_putbyte
                0x00002b6e                srec_getline
                0x00002bec                read_srecord
 *fill*         0x00002e4e        0x2 
 .text          0x00002e50      0x7dc ./kbd/drv_kbd.o
                0x00002eb8                liga_debug
                0x00002ed6                init_kbd
                0x00003194                get_packet
                0x000033f6                get_kbd_key
                0x0000352a                ch9350_shut_up
                0x0000353e                get_char
                0x00003604                print_capslock
 .text          0x0000362c      0x17c ./picoVga/drv_picoVga.o
                0x0000362c                init_picoVga
                0x00003636                run_cmd
                0x00003660                picovga_putchar
                0x000036a6                picovga_gotoxy
                0x00003722                picovga_gohome
                0x00003736                picovga_set_color
                0x00003788                clrscr
 .text          0x000037a8       0x6e ./xmodem/xmodem.o
                0x000037a8                xmodem_loader
 *fill*         0x00003816        0x2 
 .text          0x00003818      0x266 ./uarts/drv_uart0.o
                0x00003818                uart0_debug_char
                0x0000384c                uart0_init
                0x0000389c                uart0_write
                0x000038dc                uart0_read
                0x00003916                uart0_read_timeout
                0x00003978                _inbyte
                0x000039f6                _outbyte
                0x00003a36                uart0_write_string
                0x00003a6c                uart0_flush
 *fill*         0x00003a7e        0x2 
 .text          0x00003a80      0x7da ./ide/ata.o
                0x00003a9a                ata_detect
                0x00003b56                ata_read_sector
                0x00003ccc                ata_write_sector
                0x00003eaa                read_partition_table
                0x00003f98                ata_init
                0x00004030                ata_disk_status
                0x00004046                ata_disk_initialize
                0x0000405c                ata_wait_not_busy
                0x000040a0                ata_wait_for_data
                0x000040e4                ata_read_identity
 *fill*         0x0000425a        0x2 
 .text          0x0000425c     0x410e ./fatfs/ff.o
                0x00006346                f_mount
                0x00006402                f_open
                0x00006820                f_read
                0x00006ba4                f_write
                0x00006fc2                f_sync
                0x00007122                f_close
                0x0000715c                f_chdrive
                0x00007186                f_chdir
                0x0000722a                f_getcwd
                0x00007478                f_lseek
                0x000077fc                f_opendir
                0x000078d8                f_closedir
                0x00007902                f_readdir
                0x000079a6                f_stat
                0x00007a1e                f_getfree
                0x00007bc4                f_truncate
                0x00007d76                f_unlink
                0x00007ed4                f_mkdir
                0x00008116                f_rename
 *fill*         0x0000836a        0x2 
 .text          0x0000836c        0x0 ./fatfs/ffsystem.o
 .text          0x0000836c      0x1c2 ./fatfs/diskio.o
                0x0000836c                disk_status
                0x00008386                disk_initialize
                0x0000839e                disk_read
                0x00008404                disk_write
                0x00008434                disk_ioctl
 *fill*         0x0000852e        0x2 
 .text          0x00008530      0x462 ./tst_fat/tstfat.o
                0x00008530                listar_diretorio_raiz
                0x000086d4                open_dir
                0x000087cc                ler_e_exibir_joblog
 *fill*         0x00008992        0x2 
 .text          0x00008994       0x28 timers.o
                0x00008994                delay10ms
 .text          0x000089bc        0x0 interrupt.o
 .text          0x000089bc      0x168 ./xmodem/xmodem_asm.o
                0x000089fa                xmodem_receive
 .text          0x00008b24       0x7c vectors_asm.o
                0x00008b24                SvcBusError
                0x00008b24                TrapFHandler
                0x00008b24                SpuriousHandler
                0x00008b24                Int4Handler
                0x00008b24                SvcTrace
                0x00008b24                TrapBHandler
                0x00008b24                Int1Handler
                0x00008b24                TrapAHandler
                0x00008b24                SvcChkIns
                0x00008b24                Trap4Handler
                0x00008b24                Trap9Handler
                0x00008b24                Int5Handler
                0x00008b24                SvcDiv0_handler
                0x00008b24                Int7Handler
                0x00008b24                SvcIllegalIns
                0x00008b24                SvcLineA
                0x00008b24                SvcPrivViolation
                0x00008b24                Trap8Handler
                0x00008b24                Int6Handler
                0x00008b24                Trap2Handler
                0x00008b24                bad_exception
                0x00008b24                Int3Handler
                0x00008b24                Trap3Handler
                0x00008b24                Svcaddress_err
                0x00008b24                Trap7Handler
                0x00008b24                Trap0Handler
                0x00008b24                SvcLineF
                0x00008b24                TrapCHandler
                0x00008b24                SvcTrapvIns
                0x00008b24                Trap5Handler
                0x00008b24                Trap6Handler
                0x00008b26                TrapDHandler
                0x00008b28                Int2Handler
                0x00008b3a                Trap1Handler
                0x00008b8a                TrapEHandler
 .text          0x00008ba0       0x1c ../../lib/libc68k.a(strchr.o)
                0x00008ba0                strchr
 .text          0x00008bbc       0x1e ../../lib/libc68k.a(memcpy.o)
                0x00008bbc                memcpy
 *fill*         0x00008bda        0x2 
 .text          0x00008bdc      0x360 ../../lib/libc68k.a(malloc.o)
                0x00008d90                malloc_init
                0x00008e06                free
                0x00008e52                malloc
                0x00008e66                calloc
                0x00008ec6                malloc_num_free
                0x00008ee0                malloc_num_used
                0x00008efc                malloc_num_fresh
                0x00008f18                malloc_check
 .text          0x00008f3c       0x3c ../../lib/libc68k.a(memcmp.o)
                0x00008f3c                memcmp
 .text          0x00008f78       0x12 ../../lib/libc68k.a(strlen.o)
                0x00008f78                strlen
 *fill*         0x00008f8a        0x2 
 .text          0x00008f8c       0x16 ../../lib/libc68k.a(memset.o)
                0x00008f8c                memset
 *fill*         0x00008fa2        0x2 
 .text          0x00008fa4       0x26 ../../lib/libc68k.a(strcat.o)
                0x00008fa4                strcat
 *fill*         0x00008fca        0x2 
 .text          0x00008fcc       0x18 ../../lib/libc68k.a(strcpy.o)
                0x00008fcc                strcpy
 .text          0x00008fe4       0x1a ../../lib/libc68k.a(putchar.o)
                0x00008fe4                putchar
 *fill*         0x00008ffe        0x2 
 .text          0x00009000      0x206 ../../lib/libc68k.a(sprintf.o)
                0x00009000                sprintf
 *fill*         0x00009206        0x2 
 .text          0x00009208      0x3a6 ../../lib/libc68k.a(printf.o)
                0x00009208                itox
                0x00009252                itodec
                0x000092b0                itooct
                0x000092f6                itoudec
                0x00009348                pad_zeros
                0x0000938c                printf
 *fill*         0x000095ae        0x2 
 .text          0x000095b0       0x36 ../../lib/libc68k.a(__mulsi3.o)
                0x000095b0                __mulsi3
 *fill*         0x000095e6        0x2 
 .text          0x000095e8       0x2c ../../lib/libc68k.a(__umodsi3.o)
                0x000095e8                __umodsi3
 .text          0x00009614       0x3a ../../lib/libc68k.a(__udivsi3.o)
                0x00009614                __udivsi3
 *fill*         0x0000964e        0x2 
 .text          0x00009650      0x148 ../../lib/libc68k.a(strtoul.o)
                0x00009650                strtoul
 .text          0x00009798        0xc ../../lib/libc68k.a(isspace.o)
                0x00009798                isspace
 .text          0x000097a4       0x16 ../../lib/libc68k.a(atoi.o)
                0x000097a4                atoi
 *fill*         0x000097ba        0x2 
 .text          0x000097bc       0x54 ../../lib/libc68k.a(strcasecmp.o)
                0x000097bc                strcasecmp
 .text          0x00009810       0x26 ../../lib/libc68k.a(puts.o)
                0x00009810                puts
 *fill*         0x00009836        0x2 
 .text          0x00009838       0x32 ../../lib/libc68k.a(strtol.o)
                0x00009838                strtol
 *(.rodata)
 .rodata        0x0000986a      0x134 orion68.o
                0x0000989e                MsgOrionInit
 .rodata        0x0000999e       0x51 vectors.o
 .rodata        0x000099ef      0x2d6 ./dump/mem_dump.o
 .rodata        0x00009cc5        0x5 ./shell/io.o
 .rodata        0x00009cca      0x2fa ./shell/printerro.o
 .rodata        0x00009fc4      0x627 ./shell/commands.o
 *fill*         0x0000a5eb        0x1 
 .rodata        0x0000a5ec      0x833 ./shell/decodecmd.o
                0x0000a5ec                g_elf_header_bytes
                0x0000a8ea                g_cmd_table
 .rodata        0x0000ae1f      0x119 ./shell/srecord.o
 .rodata        0x0000af38      0x2cd ./kbd/drv_kbd.o
                0x0000af38                OE_BASE_KEYMAP
                0x0000afb8                OE_SHIFT_KEYMAP
                0x0000b038                OE_CTRL_KEYMAP
                0x0000b0b8                OE_ALT_KEYMAP
                0x0000b138                OE_ALTGR_KEYMAP
 .rodata        0x0000b205       0x63 ./xmodem/xmodem.o
 .rodata        0x0000b268       0x2d ./uarts/drv_uart0.o
 .rodata        0x0000b295      0x1cb ./ide/ata.o
 .rodata        0x0000b460       0xbe ./fatfs/ff.o
 .rodata        0x0000b51e      0x219 ./tst_fat/tstfat.o
 *fill*         0x0000b737        0x1 
 .rodata        0x0000b738       0x28 ../../lib/libc68k.a(printf.o)
                0x0000b760                        . = ALIGN (0x2)

.rodata         0x0000b760       0x20
                0x0000b760                        . = ALIGN (0x2)
 *(.rodata*)
 .rodata.str1.1
                0x0000b760       0x20 ../../lib/libc68k.a(sprintf.o)
                                  0xf (size before relaxing)
 .rodata.str1.1
                0x0000b780       0x20 ../../lib/libc68k.a(printf.o)
                0x0000b7a0                        . = ALIGN (0x2)

.data           0x00080000       0x58 load address 0x0000b780
                0x00080000                        . = ALIGN (0x2)
                0x00080000                        __data_start = .
 *(.data*)
 .data          0x00080000        0x0 ../../obj/orion68_startup.o
 .data          0x00080000        0x0 orion68.o
 .data          0x00080000        0x0 vectors.o
 .data          0x00080000        0x0 console.o
 .data          0x00080000        0x0 ./dump/mem_dump.o
 .data          0x00080000        0x0 ./shell/io.o
 .data          0x00080000       0x50 ./shell/printerro.o
 .data          0x00080050        0x0 ./shell/commands.o
 .data          0x00080050        0x8 ./shell/decodecmd.o
 .data          0x00080058        0x0 ./shell/srecord.o
 .data          0x00080058        0x0 ./kbd/drv_kbd.o
 .data          0x00080058        0x0 ./picoVga/drv_picoVga.o
 .data          0x00080058        0x0 ./xmodem/xmodem.o
 .data          0x00080058        0x0 ./uarts/drv_uart0.o
 .data          0x00080058        0x0 ./ide/ata.o
 .data          0x00080058        0x0 ./fatfs/ff.o
 .data          0x00080058        0x0 ./fatfs/ffsystem.o
 .data          0x00080058        0x0 ./fatfs/diskio.o
 .data          0x00080058        0x0 ./tst_fat/tstfat.o
 .data          0x00080058        0x0 timers.o
 .data          0x00080058        0x0 interrupt.o
 .data          0x00080058        0x0 ./xmodem/xmodem_asm.o
 .data          0x00080058        0x0 vectors_asm.o
 .data          0x00080058        0x0 ../../lib/libc68k.a(strchr.o)
 .data          0x00080058        0x0 ../../lib/libc68k.a(memcpy.o)
 .data          0x00080058        0x0 ../../lib/libc68k.a(malloc.o)
 .data          0x00080058        0x0 ../../lib/libc68k.a(memcmp.o)
 .data          0x00080058        0x0 ../../lib/libc68k.a(strlen.o)
 .data          0x00080058        0x0 ../../lib/libc68k.a(memset.o)
 .data          0x00080058        0x0 ../../lib/libc68k.a(strcat.o)
 .data          0x00080058        0x0 ../../lib/libc68k.a(strcpy.o)
 .data          0x00080058        0x0 ../../lib/libc68k.a(putchar.o)
 .data          0x00080058        0x0 ../../lib/libc68k.a(sprintf.o)
 .data          0x00080058        0x0 ../../lib/libc68k.a(printf.o)
 .data          0x00080058        0x0 ../../lib/libc68k.a(__mulsi3.o)
 .data          0x00080058        0x0 ../../lib/libc68k.a(__umodsi3.o)
 .data          0x00080058        0x0 ../../lib/libc68k.a(__udivsi3.o)
 .data          0x00080058        0x0 ../../lib/libc68k.a(strtoul.o)
 .data          0x00080058        0x0 ../../lib/libc68k.a(isspace.o)
 .data          0x00080058        0x0 ../../lib/libc68k.a(atoi.o)
 .data          0x00080058        0x0 ../../lib/libc68k.a(strcasecmp.o)
 .data          0x00080058        0x0 ../../lib/libc68k.a(puts.o)
 .data          0x00080058        0x0 ../../lib/libc68k.a(strtol.o)
                0x00080058                        . = ALIGN (0x2)
                0x00080058                        __data_end = .

.mram           0x00080058        0x8 load address 0x0000b7d8
 *(?.mram)
 .mram          0x00080058        0x8 orion68.o
                0x00080058                systemTick
                0x0008005c                flg_system
                0x0000b780                        __data_load_start = LOADADDR (.data)

.bss            0x00080060      0xaa8 load address 0x0000b7d8
                0x00080060                        . = ALIGN (0x2)
                0x00080060                        __bss_start = .
 *(.bss*)
 .bss           0x00080060        0x0 ../../obj/orion68_startup.o
 .bss           0x00080060      0x3bc orion68.o
                0x00080060                sys_flags
                0x00080062                FatFs
                0x0008029c                g_cmd_buffer
                0x0008031c                buffer
                0x0008039c                syspath
 .bss           0x0008041c        0x0 vectors.o
 .bss           0x0008041c        0x8 console.o
                0x0008041c                cconin
                0x00080420                cconout
 .bss           0x00080424        0x0 ./dump/mem_dump.o
 .bss           0x00080424        0x0 ./shell/io.o
 .bss           0x00080424        0x0 ./shell/printerro.o
 .bss           0x00080424      0x272 ./shell/commands.o
                0x00080424                basic_running
 *fill*         0x00080696        0x2 
 .bss           0x00080698        0x4 ./shell/decodecmd.o
 .bss           0x0008069c        0x9 ./shell/srecord.o
                0x0008069c                g_srec_buffer
                0x000806a0                g_srec_ptr
                0x000806a4                g_srec_checksum
 *fill*         0x000806a5        0x3 
 .bss           0x000806a8       0x3b ./kbd/drv_kbd.o
                0x000806a8                key_buffer
                0x000806d8                cmd
                0x000806d9                length
                0x000806da                type
                0x000806db                special_key_up
                0x000806dc                special_key_down
                0x000806dd                key_up
                0x000806de                key_down
                0x000806df                special_key_status
                0x000806e0                _CapsFlag
                0x000806e1                mod_caps
                0x000806e2                debug_pkt
 *fill*         0x000806e3        0x1 
 .bss           0x000806e4        0x0 ./picoVga/drv_picoVga.o
 .bss           0x000806e4        0x0 ./xmodem/xmodem.o
 .bss           0x000806e4        0x0 ./uarts/drv_uart0.o
 .bss           0x000806e4       0x28 ./ide/ata.o
                0x000806e4                drives
 .bss           0x0008070c        0xd ./fatfs/ff.o
 *fill*         0x00080719        0x3 
 .bss           0x0008071c        0x0 ./fatfs/ffsystem.o
 .bss           0x0008071c       0x64 ./fatfs/diskio.o
 .bss           0x00080780      0x2f0 ./tst_fat/tstfat.o
                0x00080780                Dir
                0x000807ae                Fno
                0x000807c8                buffer_leitura
 .bss           0x00080a70        0x0 timers.o
 .bss           0x00080a70        0x0 interrupt.o
 .bss           0x00080a70       0x84 ./xmodem/xmodem_asm.o
 .bss           0x00080af4        0x0 vectors_asm.o
 .bss           0x00080af4        0x0 ../../lib/libc68k.a(strchr.o)
 .bss           0x00080af4        0x0 ../../lib/libc68k.a(memcpy.o)
 .bss           0x00080af4       0x14 ../../lib/libc68k.a(malloc.o)
 .bss           0x00080b08        0x0 ../../lib/libc68k.a(memcmp.o)
 .bss           0x00080b08        0x0 ../../lib/libc68k.a(strlen.o)
 .bss           0x00080b08        0x0 ../../lib/libc68k.a(memset.o)
 .bss           0x00080b08        0x0 ../../lib/libc68k.a(strcat.o)
 .bss           0x00080b08        0x0 ../../lib/libc68k.a(strcpy.o)
 .bss           0x00080b08        0x0 ../../lib/libc68k.a(putchar.o)
 .bss           0x00080b08        0x0 ../../lib/libc68k.a(sprintf.o)
 .bss           0x00080b08        0x0 ../../lib/libc68k.a(printf.o)
 .bss           0x00080b08        0x0 ../../lib/libc68k.a(__mulsi3.o)
 .bss           0x00080b08        0x0 ../../lib/libc68k.a(__umodsi3.o)
 .bss           0x00080b08        0x0 ../../lib/libc68k.a(__udivsi3.o)
 .bss           0x00080b08        0x0 ../../lib/libc68k.a(strtoul.o)
 .bss           0x00080b08        0x0 ../../lib/libc68k.a(isspace.o)
 .bss           0x00080b08        0x0 ../../lib/libc68k.a(atoi.o)
 .bss           0x00080b08        0x0 ../../lib/libc68k.a(strcasecmp.o)
 .bss           0x00080b08        0x0 ../../lib/libc68k.a(puts.o)
 .bss           0x00080b08        0x0 ../../lib/libc68k.a(strtol.o)
 *(COMMON)
                0x00080b08                        . = ALIGN (0x2)
                0x00080b08                        __bss_end = .
                0x00100000                        _stack_end = 0x100000
                0x000fe000                        _stack_start = (_stack_end - 0x2000)

/DISCARD/
 *(.comment)
 *(.note*)
 *(.align*)
LOAD ../../obj/orion68_startup.o
LOAD orion68.o
LOAD vectors.o
LOAD console.o
LOAD ./dump/mem_dump.o
LOAD ./shell/io.o
LOAD ./shell/printerro.o
LOAD ./shell/commands.o
LOAD ./shell/decodecmd.o
LOAD ./shell/srecord.o
LOAD ./kbd/drv_kbd.o
LOAD ./picoVga/drv_picoVga.o
LOAD ./xmodem/xmodem.o
LOAD ./uarts/drv_uart0.o
LOAD ./ide/ata.o
LOAD ./fatfs/ff.o
LOAD ./fatfs/ffsystem.o
LOAD ./fatfs/diskio.o
LOAD ./tst_fat/tstfat.o
LOAD timers.o
LOAD interrupt.o
LOAD ./xmodem/xmodem_asm.o
LOAD vectors_asm.o
LOAD ../../lib/libc68k.a
OUTPUT(orion68.elf elf32-m68k)
