Archive member included to satisfy reference by file (symbol)

../../lib/libc68k.a(strchr.o)
                              ./fatfs/ff.o (strchr)
../../lib/libc68k.a(memcpy.o)
                              ./shell/commands.o (memcpy)
../../lib/libc68k.a(malloc.o)
                              ./shell/commands.o (free)
../../lib/libc68k.a(memcmp.o)
                              ./shell/decodecmd.o (memcmp)
../../lib/libc68k.a(strlen.o)
                              ./shell/commands.o (strlen)
../../lib/libc68k.a(memset.o)
                              ./shell/commands.o (memset)
../../lib/libc68k.a(strcat.o)
                              ./shell/commands.o (strcat)
../../lib/libc68k.a(strcpy.o)
                              ./shell/commands.o (strcpy)
../../lib/libc68k.a(putchar.o)
                              ./shell/commands.o (putchar)
../../lib/libc68k.a(sprintf.o)
                              ./shell/commands.o (sprintf)
../../lib/libc68k.a(printf.o)
                              ../../lib/libc68k.a(sprintf.o) (itox)
../../lib/libc68k.a(__mulsi3.o)
                              ./shell/decodecmd.o (__mulsi3)
../../lib/libc68k.a(__umodsi3.o)
                              ./shell/commands.o (__umodsi3)
../../lib/libc68k.a(__udivsi3.o)
                              ./shell/commands.o (__udivsi3)
../../lib/libc68k.a(strtoul.o)
                              ./shell/commands.o (strtoul)
../../lib/libc68k.a(isspace.o)
                              ./shell/decodecmd.o (isspace)
../../lib/libc68k.a(atoi.o)   ./shell/commands.o (atoi)
../../lib/libc68k.a(strcasecmp.o)
                              ./shell/decodecmd.o (strcasecmp)
../../lib/libc68k.a(puts.o)   ../../lib/libc68k.a(printf.o) (puts)
../../lib/libc68k.a(strtol.o)
                              ../../lib/libc68k.a(atoi.o) (strtol)

Discarded input sections

 .comment       0x00000000       0x13 orion68.o
 .comment       0x00000000       0x13 vectors.o
 .comment       0x00000000       0x13 console.o
 .comment       0x00000000       0x13 ./dump/mem_dump.o
 .comment       0x00000000       0x13 ./shell/io.o
 .comment       0x00000000       0x13 ./shell/printerro.o
 .comment       0x00000000       0x13 ./shell/commands.o
 .comment       0x00000000       0x13 ./shell/decodecmd.o
 .comment       0x00000000       0x13 ./shell/srecord.o
 .comment       0x00000000       0x13 ./kbd/drv_kbd.o
 .comment       0x00000000       0x13 ./picoVga/drv_picoVga.o
 .comment       0x00000000       0x13 ./xmodem/xmodem.o
 .comment       0x00000000       0x13 ./uarts/drv_uart0.o
 .comment       0x00000000       0x13 ./ide/ata.o
 .comment       0x00000000       0x13 ./fatfs/ff.o
 .comment       0x00000000       0x13 ./fatfs/ffsystem.o
 .comment       0x00000000       0x13 ./fatfs/diskio.o
 .comment       0x00000000       0x13 ./tst_fat/tstfat.o
 .comment       0x00000000       0x13 timers.o
 .comment       0x00000000       0x13 interrupt.o
 .comment       0x00000000       0x13 ../../lib/libc68k.a(strchr.o)
 .comment       0x00000000       0x13 ../../lib/libc68k.a(memcpy.o)
 .comment       0x00000000       0x13 ../../lib/libc68k.a(malloc.o)
 .comment       0x00000000       0x13 ../../lib/libc68k.a(memcmp.o)
 .comment       0x00000000       0x13 ../../lib/libc68k.a(strlen.o)
 .comment       0x00000000       0x13 ../../lib/libc68k.a(memset.o)
 .comment       0x00000000       0x13 ../../lib/libc68k.a(strcat.o)
 .comment       0x00000000       0x13 ../../lib/libc68k.a(strcpy.o)
 .comment       0x00000000       0x13 ../../lib/libc68k.a(putchar.o)
 .comment       0x00000000       0x13 ../../lib/libc68k.a(sprintf.o)
 .comment       0x00000000       0x13 ../../lib/libc68k.a(printf.o)
 .comment       0x00000000       0x13 ../../lib/libc68k.a(__mulsi3.o)
 .comment       0x00000000       0x13 ../../lib/libc68k.a(__umodsi3.o)
 .comment       0x00000000       0x13 ../../lib/libc68k.a(__udivsi3.o)
 .comment       0x00000000       0x13 ../../lib/libc68k.a(strtoul.o)
 .comment       0x00000000       0x13 ../../lib/libc68k.a(isspace.o)
 .comment       0x00000000       0x13 ../../lib/libc68k.a(atoi.o)
 .comment       0x00000000       0x13 ../../lib/libc68k.a(strcasecmp.o)
 .comment       0x00000000       0x13 ../../lib/libc68k.a(puts.o)
 .comment       0x00000000       0x13 ../../lib/libc68k.a(strtol.o)

Memory Configuration

Name             Origin             Length             Attributes
ROM              0x00000000         0x00010000         xr
RAM              0x00080000         0x00080000         xrw
*default*        0x00000000         0xffffffff

Linker script and memory map

                0x00000000                        . = 0x0

.vectors        0x00000000        0x0
 *(.vectors)
                0x00000000                        . = ALIGN (0x400)

.text           0x00000000     0xbc08
                0x00000000                        . = ALIGN (0x2)
 *(.text*)
 .text          0x00000000      0x1f0 ../../obj/orion68_startup.o
                0x000000c0                _start
                0x0000012e                UartWrCh
                0x00000156                uart0_initialize
 .text          0x000001f0      0x25a orion68.o
                0x000001f0                executar_xmodem
                0x00000216                clr_flg_program_loaded
                0x00000232                set_flg_program_loaded
                0x0000024c                get_flg_program_loaded
                0x0000025e                print_msg
                0x0000029c                write_string
                0x000002d4                display_prompt
                0x0000035a                main
 *fill*         0x0000044a        0x2 
 .text          0x0000044c       0xf6 vectors.o
                0x0000046a                TRAP14_Handler
                0x00000516                get_system_tick
 *fill*         0x00000542        0x2 
 .text          0x00000544       0x3e console.o
                0x00000544                set_console_output
                0x0000055c                set_console_input
                0x00000574                enable_interrupts
 *fill*         0x00000582        0x2 
 .text          0x00000584      0x658 ./dump/mem_dump.o
                0x00000584                dump_memory
                0x000007fa                dump_memory2
                0x00000a76                dump_memory_by_addr
 .text          0x00000bdc       0x50 ./shell/io.o
                0x00000bdc                get_key
                0x00000c00                _putchar_hex
 .text          0x00000c2c       0x4a ./shell/printerro.o
                0x00000c2c                printerro
 *fill*         0x00000c76        0x2 
 .text          0x00000c78     0x134e ./shell/commands.o
                0x00000cea                do_help
                0x00000d86                do_notimplemented
                0x00000d9e                do_dump
                0x00000df6                serial_has_char
                0x00000e00                do_srecord
                0x00000ede                do_binfile
                0x0000106e                do_binmem
                0x0000117a                do_run
                0x000011ac                do_writemem
                0x000013c6                do_ls
                0x000015e2                do_delete
                0x00001626                do_exit
                0x00001652                do_mkdir
                0x00001760                do_rename
                0x000017b8                do_cd
                0x000017e6                do_dir
                0x000017f6                do_shst
                0x00001816                do_loadmem
                0x00001970                do_copyfile
                0x00001b3c                do_cat
                0x00001c76                do_time
                0x00001d60                do_uptime
                0x00001e34                do_ehbasic
                0x00001e3e                do_readsect
                0x00001e7a                do_writesect
                0x00001eb6                do_writemem1
 *fill*         0x00001fc6        0x2 
 .text          0x00001fc8      0xc6e ./shell/decodecmd.o
                0x00001fc8                getline
                0x00002294                process_command_builtin
                0x00002402                load_elf_executable
                0x000027fa                open_executable_file
                0x00002932                process_command_executable
                0x00002ada                process_command
                0x00002b24                execute_cmd
 *fill*         0x00002c36        0x2 
 .text          0x00002c38      0x45e ./shell/srecord.o
                0x00002c38                srec_getnibble
                0x00002ce8                srec_getbyte
                0x00002d20                srec_getword
                0x00002d46                srec_getdword
                0x00002d6e                srec_get6word
                0x00002d94                srec_putbyte
                0x00002db6                srec_getline
                0x00002e34                read_srecord
 *fill*         0x00003096        0x2 
 .text          0x00003098      0x7dc ./kbd/drv_kbd.o
                0x00003100                liga_debug
                0x0000311e                init_kbd
                0x000033dc                get_packet
                0x0000363e                get_kbd_key
                0x00003772                ch9350_shut_up
                0x00003786                get_char
                0x0000384c                print_capslock
 .text          0x00003874      0x17c ./picoVga/drv_picoVga.o
                0x00003874                init_picoVga
                0x0000387e                run_cmd
                0x000038a8                picovga_putchar
                0x000038ee                picovga_gotoxy
                0x0000396a                picovga_gohome
                0x0000397e                picovga_set_color
                0x000039d0                clrscr
 .text          0x000039f0       0x6e ./xmodem/xmodem.o
                0x000039f0                xmodem_loader
 *fill*         0x00003a5e        0x2 
 .text          0x00003a60      0x266 ./uarts/drv_uart0.o
                0x00003a60                uart0_debug_char
                0x00003a94                uart0_init
                0x00003ae4                uart0_write
                0x00003b24                uart0_read
                0x00003b5e                uart0_read_timeout
                0x00003bc0                _inbyte
                0x00003c3e                _outbyte
                0x00003c7e                uart0_write_string
                0x00003cb4                uart0_flush
 *fill*         0x00003cc6        0x2 
 .text          0x00003cc8      0x7da ./ide/ata.o
                0x00003ce2                ata_detect
                0x00003d9e                ata_read_sector
                0x00003f14                ata_write_sector
                0x000040f2                read_partition_table
                0x000041e0                ata_init
                0x00004278                ata_disk_status
                0x0000428e                ata_disk_initialize
                0x000042a4                ata_wait_not_busy
                0x000042e8                ata_wait_for_data
                0x0000432c                ata_read_identity
 *fill*         0x000044a2        0x2 
 .text          0x000044a4     0x41e6 ./fatfs/ff.o
                0x0000668e                f_mount
                0x0000674a                f_open
                0x00006b40                f_read
                0x00006ec4                f_write
                0x000072e2                f_sync
                0x00007442                f_close
                0x0000747c                f_chdrive
                0x000074a6                f_chdir
                0x0000754a                f_getcwd
                0x00007798                f_lseek
                0x00007b1c                f_opendir
                0x00007bf8                f_closedir
                0x00007c22                f_readdir
                0x00007cc6                f_stat
                0x00007d3e                f_getfree
                0x00007ee4                f_truncate
                0x00008096                f_unlink
                0x000081f4                f_mkdir
                0x00008436                f_rename
 *fill*         0x0000868a        0x2 
 .text          0x0000868c        0x0 ./fatfs/ffsystem.o
 .text          0x0000868c      0x226 ./fatfs/diskio.o
                0x0000868c                disk_status
                0x000086a6                disk_initialize
                0x000086be                disk_read
                0x0000873a                disk_write
                0x000087b6                disk_ioctl
 *fill*         0x000088b2        0x2 
 .text          0x000088b4      0x46c ./tst_fat/tstfat.o
                0x000088b4                listar_diretorio_raiz
                0x00008a78                open_dir
                0x00008b3a                ler_e_exibir_joblog
                0x00008cca                le_setor
                0x00008cfe                wr_setor
 .text          0x00008d20       0x28 timers.o
                0x00008d20                delay10ms
 .text          0x00008d48        0x0 interrupt.o
 .text          0x00008d48      0x168 ./xmodem/xmodem_asm.o
                0x00008d86                xmodem_receive
 .text          0x00008eb0       0x7c vectors_asm.o
                0x00008eb0                SvcBusError
                0x00008eb0                TrapFHandler
                0x00008eb0                SpuriousHandler
                0x00008eb0                Int4Handler
                0x00008eb0                SvcTrace
                0x00008eb0                TrapBHandler
                0x00008eb0                Int1Handler
                0x00008eb0                TrapAHandler
                0x00008eb0                SvcChkIns
                0x00008eb0                Trap4Handler
                0x00008eb0                Trap9Handler
                0x00008eb0                Int5Handler
                0x00008eb0                SvcDiv0_handler
                0x00008eb0                Int7Handler
                0x00008eb0                SvcIllegalIns
                0x00008eb0                SvcLineA
                0x00008eb0                SvcPrivViolation
                0x00008eb0                Trap8Handler
                0x00008eb0                Int6Handler
                0x00008eb0                Trap2Handler
                0x00008eb0                bad_exception
                0x00008eb0                Int3Handler
                0x00008eb0                Trap3Handler
                0x00008eb0                Svcaddress_err
                0x00008eb0                Trap7Handler
                0x00008eb0                Trap0Handler
                0x00008eb0                SvcLineF
                0x00008eb0                TrapCHandler
                0x00008eb0                SvcTrapvIns
                0x00008eb0                Trap5Handler
                0x00008eb0                Trap6Handler
                0x00008eb2                TrapDHandler
                0x00008eb4                Int2Handler
                0x00008ec6                Trap1Handler
                0x00008f16                TrapEHandler
 .text          0x00008f2c       0x1c ../../lib/libc68k.a(strchr.o)
                0x00008f2c                strchr
 .text          0x00008f48       0x1e ../../lib/libc68k.a(memcpy.o)
                0x00008f48                memcpy
 *fill*         0x00008f66        0x2 
 .text          0x00008f68      0x360 ../../lib/libc68k.a(malloc.o)
                0x0000911c                malloc_init
                0x00009192                free
                0x000091de                malloc
                0x000091f2                calloc
                0x00009252                malloc_num_free
                0x0000926c                malloc_num_used
                0x00009288                malloc_num_fresh
                0x000092a4                malloc_check
 .text          0x000092c8       0x3c ../../lib/libc68k.a(memcmp.o)
                0x000092c8                memcmp
 .text          0x00009304       0x12 ../../lib/libc68k.a(strlen.o)
                0x00009304                strlen
 *fill*         0x00009316        0x2 
 .text          0x00009318       0x16 ../../lib/libc68k.a(memset.o)
                0x00009318                memset
 *fill*         0x0000932e        0x2 
 .text          0x00009330       0x26 ../../lib/libc68k.a(strcat.o)
                0x00009330                strcat
 *fill*         0x00009356        0x2 
 .text          0x00009358       0x18 ../../lib/libc68k.a(strcpy.o)
                0x00009358                strcpy
 .text          0x00009370       0x1a ../../lib/libc68k.a(putchar.o)
                0x00009370                putchar
 *fill*         0x0000938a        0x2 
 .text          0x0000938c      0x206 ../../lib/libc68k.a(sprintf.o)
                0x0000938c                sprintf
 *fill*         0x00009592        0x2 
 .text          0x00009594      0x3a6 ../../lib/libc68k.a(printf.o)
                0x00009594                itox
                0x000095de                itodec
                0x0000963c                itooct
                0x00009682                itoudec
                0x000096d4                pad_zeros
                0x00009718                printf
 *fill*         0x0000993a        0x2 
 .text          0x0000993c       0x36 ../../lib/libc68k.a(__mulsi3.o)
                0x0000993c                __mulsi3
 *fill*         0x00009972        0x2 
 .text          0x00009974       0x2c ../../lib/libc68k.a(__umodsi3.o)
                0x00009974                __umodsi3
 .text          0x000099a0       0x3a ../../lib/libc68k.a(__udivsi3.o)
                0x000099a0                __udivsi3
 *fill*         0x000099da        0x2 
 .text          0x000099dc      0x148 ../../lib/libc68k.a(strtoul.o)
                0x000099dc                strtoul
 .text          0x00009b24        0xc ../../lib/libc68k.a(isspace.o)
                0x00009b24                isspace
 .text          0x00009b30       0x16 ../../lib/libc68k.a(atoi.o)
                0x00009b30                atoi
 *fill*         0x00009b46        0x2 
 .text          0x00009b48       0x54 ../../lib/libc68k.a(strcasecmp.o)
                0x00009b48                strcasecmp
 .text          0x00009b9c       0x26 ../../lib/libc68k.a(puts.o)
                0x00009b9c                puts
 *fill*         0x00009bc2        0x2 
 .text          0x00009bc4       0x32 ../../lib/libc68k.a(strtol.o)
                0x00009bc4                strtol
 *(.rodata)
 .rodata        0x00009bf6      0x134 orion68.o
                0x00009c2a                MsgOrionInit
 .rodata        0x00009d2a       0x51 vectors.o
 .rodata        0x00009d7b      0x2d6 ./dump/mem_dump.o
 .rodata        0x0000a051        0x5 ./shell/io.o
 .rodata        0x0000a056      0x2fa ./shell/printerro.o
 .rodata        0x0000a350      0x6b0 ./shell/commands.o
 .rodata        0x0000aa00      0x8d9 ./shell/decodecmd.o
                0x0000aa00                g_elf_header_bytes
                0x0000ad68                g_cmd_table
 .rodata        0x0000b2d9      0x119 ./shell/srecord.o
 .rodata        0x0000b3f2      0x2cd ./kbd/drv_kbd.o
                0x0000b3f2                OE_BASE_KEYMAP
                0x0000b472                OE_SHIFT_KEYMAP
                0x0000b4f2                OE_CTRL_KEYMAP
                0x0000b572                OE_ALT_KEYMAP
                0x0000b5f2                OE_ALTGR_KEYMAP
 .rodata        0x0000b6bf       0x63 ./xmodem/xmodem.o
 .rodata        0x0000b722       0x2d ./uarts/drv_uart0.o
 .rodata        0x0000b74f      0x1cb ./ide/ata.o
 .rodata        0x0000b91a       0x98 ./fatfs/ff.o
 .rodata        0x0000b9b2       0x2d ./fatfs/diskio.o
 .rodata        0x0000b9df      0x200 ./tst_fat/tstfat.o
 *fill*         0x0000bbdf        0x1 
 .rodata        0x0000bbe0       0x28 ../../lib/libc68k.a(printf.o)
                0x0000bc08                        . = ALIGN (0x2)

.rodata         0x0000bc08       0x20
                0x0000bc08                        . = ALIGN (0x2)
 *(.rodata*)
 .rodata.str1.1
                0x0000bc08       0x20 ../../lib/libc68k.a(sprintf.o)
                                  0xf (size before relaxing)
 .rodata.str1.1
                0x0000bc28       0x20 ../../lib/libc68k.a(printf.o)
                0x0000bc48                        . = ALIGN (0x2)

.data           0x00080000       0x58 load address 0x0000bc28
                0x00080000                        . = ALIGN (0x2)
                0x00080000                        __data_start = .
 *(.data*)
 .data          0x00080000        0x0 ../../obj/orion68_startup.o
 .data          0x00080000        0x0 orion68.o
 .data          0x00080000        0x0 vectors.o
 .data          0x00080000        0x0 console.o
 .data          0x00080000        0x0 ./dump/mem_dump.o
 .data          0x00080000        0x0 ./shell/io.o
 .data          0x00080000       0x50 ./shell/printerro.o
 .data          0x00080050        0x0 ./shell/commands.o
 .data          0x00080050        0x8 ./shell/decodecmd.o
 .data          0x00080058        0x0 ./shell/srecord.o
 .data          0x00080058        0x0 ./kbd/drv_kbd.o
 .data          0x00080058        0x0 ./picoVga/drv_picoVga.o
 .data          0x00080058        0x0 ./xmodem/xmodem.o
 .data          0x00080058        0x0 ./uarts/drv_uart0.o
 .data          0x00080058        0x0 ./ide/ata.o
 .data          0x00080058        0x0 ./fatfs/ff.o
 .data          0x00080058        0x0 ./fatfs/ffsystem.o
 .data          0x00080058        0x0 ./fatfs/diskio.o
 .data          0x00080058        0x0 ./tst_fat/tstfat.o
 .data          0x00080058        0x0 timers.o
 .data          0x00080058        0x0 interrupt.o
 .data          0x00080058        0x0 ./xmodem/xmodem_asm.o
 .data          0x00080058        0x0 vectors_asm.o
 .data          0x00080058        0x0 ../../lib/libc68k.a(strchr.o)
 .data          0x00080058        0x0 ../../lib/libc68k.a(memcpy.o)
 .data          0x00080058        0x0 ../../lib/libc68k.a(malloc.o)
 .data          0x00080058        0x0 ../../lib/libc68k.a(memcmp.o)
 .data          0x00080058        0x0 ../../lib/libc68k.a(strlen.o)
 .data          0x00080058        0x0 ../../lib/libc68k.a(memset.o)
 .data          0x00080058        0x0 ../../lib/libc68k.a(strcat.o)
 .data          0x00080058        0x0 ../../lib/libc68k.a(strcpy.o)
 .data          0x00080058        0x0 ../../lib/libc68k.a(putchar.o)
 .data          0x00080058        0x0 ../../lib/libc68k.a(sprintf.o)
 .data          0x00080058        0x0 ../../lib/libc68k.a(printf.o)
 .data          0x00080058        0x0 ../../lib/libc68k.a(__mulsi3.o)
 .data          0x00080058        0x0 ../../lib/libc68k.a(__umodsi3.o)
 .data          0x00080058        0x0 ../../lib/libc68k.a(__udivsi3.o)
 .data          0x00080058        0x0 ../../lib/libc68k.a(strtoul.o)
 .data          0x00080058        0x0 ../../lib/libc68k.a(isspace.o)
 .data          0x00080058        0x0 ../../lib/libc68k.a(atoi.o)
 .data          0x00080058        0x0 ../../lib/libc68k.a(strcasecmp.o)
 .data          0x00080058        0x0 ../../lib/libc68k.a(puts.o)
 .data          0x00080058        0x0 ../../lib/libc68k.a(strtol.o)
                0x00080058                        . = ALIGN (0x2)
                0x00080058                        __data_end = .

.mram           0x00080058        0x8 load address 0x0000bc80
 *(?.mram)
 .mram          0x00080058        0x8 orion68.o
                0x00080058                systemTick
                0x0008005c                flg_system
                0x0000bc28                        __data_load_start = LOADADDR (.data)

.bss            0x00080060      0xaa8 load address 0x0000bc80
                0x00080060                        . = ALIGN (0x2)
                0x00080060                        __bss_start = .
 *(.bss*)
 .bss           0x00080060        0x0 ../../obj/orion68_startup.o
 .bss           0x00080060      0x3bc orion68.o
                0x00080060                sys_flags
                0x00080062                FatFs
                0x0008029c                g_cmd_buffer
                0x0008031c                buffer
                0x0008039c                syspath
 .bss           0x0008041c        0x0 vectors.o
 .bss           0x0008041c        0x8 console.o
                0x0008041c                cconin
                0x00080420                cconout
 .bss           0x00080424        0x0 ./dump/mem_dump.o
 .bss           0x00080424        0x0 ./shell/io.o
 .bss           0x00080424        0x0 ./shell/printerro.o
 .bss           0x00080424      0x272 ./shell/commands.o
                0x00080424                basic_running
 *fill*         0x00080696        0x2 
 .bss           0x00080698        0x4 ./shell/decodecmd.o
 .bss           0x0008069c        0x9 ./shell/srecord.o
                0x0008069c                g_srec_buffer
                0x000806a0                g_srec_ptr
                0x000806a4                g_srec_checksum
 *fill*         0x000806a5        0x3 
 .bss           0x000806a8       0x3b ./kbd/drv_kbd.o
                0x000806a8                key_buffer
                0x000806d8                cmd
                0x000806d9                length
                0x000806da                type
                0x000806db                special_key_up
                0x000806dc                special_key_down
                0x000806dd                key_up
                0x000806de                key_down
                0x000806df                special_key_status
                0x000806e0                _CapsFlag
                0x000806e1                mod_caps
                0x000806e2                debug_pkt
 *fill*         0x000806e3        0x1 
 .bss           0x000806e4        0x0 ./picoVga/drv_picoVga.o
 .bss           0x000806e4        0x0 ./xmodem/xmodem.o
 .bss           0x000806e4        0x0 ./uarts/drv_uart0.o
 .bss           0x000806e4       0x28 ./ide/ata.o
                0x000806e4                drives
 .bss           0x0008070c        0xd ./fatfs/ff.o
 *fill*         0x00080719        0x3 
 .bss           0x0008071c        0x0 ./fatfs/ffsystem.o
 .bss           0x0008071c       0x64 ./fatfs/diskio.o
 .bss           0x00080780      0x2f0 ./tst_fat/tstfat.o
                0x00080780                Dir
                0x000807ae                Fno
                0x000807c8                buffer_leitura
 .bss           0x00080a70        0x0 timers.o
 .bss           0x00080a70        0x0 interrupt.o
 .bss           0x00080a70       0x84 ./xmodem/xmodem_asm.o
 .bss           0x00080af4        0x0 vectors_asm.o
 .bss           0x00080af4        0x0 ../../lib/libc68k.a(strchr.o)
 .bss           0x00080af4        0x0 ../../lib/libc68k.a(memcpy.o)
 .bss           0x00080af4       0x14 ../../lib/libc68k.a(malloc.o)
 .bss           0x00080b08        0x0 ../../lib/libc68k.a(memcmp.o)
 .bss           0x00080b08        0x0 ../../lib/libc68k.a(strlen.o)
 .bss           0x00080b08        0x0 ../../lib/libc68k.a(memset.o)
 .bss           0x00080b08        0x0 ../../lib/libc68k.a(strcat.o)
 .bss           0x00080b08        0x0 ../../lib/libc68k.a(strcpy.o)
 .bss           0x00080b08        0x0 ../../lib/libc68k.a(putchar.o)
 .bss           0x00080b08        0x0 ../../lib/libc68k.a(sprintf.o)
 .bss           0x00080b08        0x0 ../../lib/libc68k.a(printf.o)
 .bss           0x00080b08        0x0 ../../lib/libc68k.a(__mulsi3.o)
 .bss           0x00080b08        0x0 ../../lib/libc68k.a(__umodsi3.o)
 .bss           0x00080b08        0x0 ../../lib/libc68k.a(__udivsi3.o)
 .bss           0x00080b08        0x0 ../../lib/libc68k.a(strtoul.o)
 .bss           0x00080b08        0x0 ../../lib/libc68k.a(isspace.o)
 .bss           0x00080b08        0x0 ../../lib/libc68k.a(atoi.o)
 .bss           0x00080b08        0x0 ../../lib/libc68k.a(strcasecmp.o)
 .bss           0x00080b08        0x0 ../../lib/libc68k.a(puts.o)
 .bss           0x00080b08        0x0 ../../lib/libc68k.a(strtol.o)
 *(COMMON)
                0x00080b08                        . = ALIGN (0x2)
                0x00080b08                        __bss_end = .
                0x00100000                        _stack_end = 0x100000
                0x000fe000                        _stack_start = (_stack_end - 0x2000)

/DISCARD/
 *(.comment)
 *(.note*)
 *(.align*)
LOAD ../../obj/orion68_startup.o
LOAD orion68.o
LOAD vectors.o
LOAD console.o
LOAD ./dump/mem_dump.o
LOAD ./shell/io.o
LOAD ./shell/printerro.o
LOAD ./shell/commands.o
LOAD ./shell/decodecmd.o
LOAD ./shell/srecord.o
LOAD ./kbd/drv_kbd.o
LOAD ./picoVga/drv_picoVga.o
LOAD ./xmodem/xmodem.o
LOAD ./uarts/drv_uart0.o
LOAD ./ide/ata.o
LOAD ./fatfs/ff.o
LOAD ./fatfs/ffsystem.o
LOAD ./fatfs/diskio.o
LOAD ./tst_fat/tstfat.o
LOAD timers.o
LOAD interrupt.o
LOAD ./xmodem/xmodem_asm.o
LOAD vectors_asm.o
LOAD ../../lib/libc68k.a
OUTPUT(orion68.elf elf32-m68k)
