Archive member included to satisfy reference by file (symbol)

../../lib/libc68k.a(strchr.o)
                              ./fatfs/ff.o (strchr)
../../lib/libc68k.a(memcpy.o)
                              ./shell/elf_loader.o (memcpy)
../../lib/libc68k.a(malloc.o)
                              ./shell/commands.o (free)
../../lib/libc68k.a(memcmp.o)
                              ./shell/decodecmd.o (memcmp)
../../lib/libc68k.a(strlen.o)
                              ./shell/commands.o (strlen)
../../lib/libc68k.a(memset.o)
                              ./shell/elf_loader.o (memset)
../../lib/libc68k.a(strcat.o)
                              ./shell/commands.o (strcat)
../../lib/libc68k.a(strcpy.o)
                              ./shell/commands.o (strcpy)
../../lib/libc68k.a(putchar.o)
                              ./shell/commands.o (putchar)
../../lib/libc68k.a(sprintf.o)
                              ./shell/commands.o (sprintf)
../../lib/libc68k.a(printf.o)
                              ../../lib/libc68k.a(sprintf.o) (itox)
../../lib/libc68k.a(__mulsi3.o)
                              ./shell/elf_loader.o (__mulsi3)
../../lib/libc68k.a(__umodsi3.o)
                              ./shell/commands.o (__umodsi3)
../../lib/libc68k.a(__udivsi3.o)
                              ./shell/commands.o (__udivsi3)
../../lib/libc68k.a(strtoul.o)
                              ./shell/commands.o (strtoul)
../../lib/libc68k.a(isspace.o)
                              ./shell/decodecmd.o (isspace)
../../lib/libc68k.a(atoi.o)   ./shell/commands.o (atoi)
../../lib/libc68k.a(strcasecmp.o)
                              ./shell/decodecmd.o (strcasecmp)
../../lib/libc68k.a(puts.o)   ../../lib/libc68k.a(printf.o) (puts)
../../lib/libc68k.a(strtol.o)
                              ../../lib/libc68k.a(atoi.o) (strtol)

Discarded input sections

 .comment       0x00000000       0x13 orion68.o
 .comment       0x00000000       0x13 vectors.o
 .comment       0x00000000       0x13 console.o
 .comment       0x00000000       0x13 ./dump/mem_dump.o
 .comment       0x00000000       0x13 ./shell/io.o
 .comment       0x00000000       0x13 ./shell/picow.o
 .comment       0x00000000       0x13 ./shell/elf_loader.o
 .comment       0x00000000       0x13 ./shell/printerro.o
 .comment       0x00000000       0x13 ./shell/commands.o
 .comment       0x00000000       0x13 ./shell/decodecmd.o
 .comment       0x00000000       0x13 ./shell/crc32.o
 .comment       0x00000000       0x13 ./shell/ringbuffer.o
 .comment       0x00000000       0x13 ./kbd/drv_kbd.o
 .comment       0x00000000       0x13 ./kbd/keycodes_ps2.o
 .comment       0x00000000       0x13 ./kbd/kbdps2.o
 .comment       0x00000000       0x13 ./kbd/ringbuffer.o
 .comment       0x00000000       0x13 ./rtc/rp5c01a.o
 .comment       0x00000000       0x13 ./picoVga/drv_picoVga.o
 .comment       0x00000000       0x13 ./uarts/drv_uart0.o
 .comment       0x00000000       0x13 ./ide/ata.o
 .comment       0x00000000       0x13 ./fatfs/ff.o
 .comment       0x00000000       0x13 ./fatfs/ffsystem.o
 .comment       0x00000000       0x13 ./fatfs/diskio.o
 .comment       0x00000000       0x13 ./tst_fat/tstfat.o
 .comment       0x00000000       0x13 timers.o
 .comment       0x00000000       0x13 interrupt.o
 .comment       0x00000000       0x13 ../../lib/libc68k.a(strchr.o)
 .comment       0x00000000       0x13 ../../lib/libc68k.a(memcpy.o)
 .comment       0x00000000       0x13 ../../lib/libc68k.a(malloc.o)
 .comment       0x00000000       0x13 ../../lib/libc68k.a(memcmp.o)
 .comment       0x00000000       0x13 ../../lib/libc68k.a(strlen.o)
 .comment       0x00000000       0x13 ../../lib/libc68k.a(memset.o)
 .comment       0x00000000       0x13 ../../lib/libc68k.a(strcat.o)
 .comment       0x00000000       0x13 ../../lib/libc68k.a(strcpy.o)
 .comment       0x00000000       0x13 ../../lib/libc68k.a(putchar.o)
 .comment       0x00000000       0x13 ../../lib/libc68k.a(sprintf.o)
 .comment       0x00000000       0x13 ../../lib/libc68k.a(printf.o)
 .comment       0x00000000       0x13 ../../lib/libc68k.a(__mulsi3.o)
 .comment       0x00000000       0x13 ../../lib/libc68k.a(__umodsi3.o)
 .comment       0x00000000       0x13 ../../lib/libc68k.a(__udivsi3.o)
 .comment       0x00000000       0x13 ../../lib/libc68k.a(strtoul.o)
 .comment       0x00000000       0x13 ../../lib/libc68k.a(isspace.o)
 .comment       0x00000000       0x13 ../../lib/libc68k.a(atoi.o)
 .comment       0x00000000       0x13 ../../lib/libc68k.a(strcasecmp.o)
 .comment       0x00000000       0x13 ../../lib/libc68k.a(puts.o)
 .comment       0x00000000       0x13 ../../lib/libc68k.a(strtol.o)

Memory Configuration

Name             Origin             Length             Attributes
ROM              0x00000000         0x00010000         xr
RAM              0x00080004         0x00080000         xrw
*default*        0x00000000         0xffffffff

Linker script and memory map

                0x00000000                        . = 0x0

.vectors        0x00000000        0x0
 *(.vectors)
                0x00000000                        . = ALIGN (0x400)

.text           0x00000000     0xca10
                0x00000000                        . = ALIGN (0x2)
 *(.text*)
 .text          0x00000000      0x252 ../../obj/orion68_startup.o
                0x000000c0                _start
                0x0000015e                UartWrCh
                0x00000186                uart0_initialize
                0x00000200                _delay_ms
 *fill*         0x00000252        0x2 
 .text          0x00000254      0x228 orion68.o
                0x00000254                executar_xmodem
                0x00000274                clr_flg_program_loaded
                0x0000028a                set_flg_program_loaded
                0x0000029e                get_flg_program_loaded
                0x000002aa                print_msg
                0x000002e6                write_string
                0x00000318                display_prompt
                0x0000039c                main
 .text          0x0000047c      0x118 vectors.o
                0x00000494                TRAP14_Handler
                0x0000053e                get_system_tick
                0x00000568                trata_int3_handler
 .text          0x00000594       0x2c console.o
                0x00000594                set_console_output
                0x000005a6                set_console_input
                0x000005b8                enable_interrupts
 .text          0x000005c0      0x66a ./dump/mem_dump.o
                0x000005c0                dump_memory
                0x0000083e                dump_memory2
                0x00000ac2                dump_memory_by_addr
 *fill*         0x00000c2a        0x2 
 .text          0x00000c2c       0x54 ./shell/io.o
                0x00000c2c                get_key
                0x00000c56                _putchar_hex
 .text          0x00000c80      0x270 ./shell/picow.o
                0x00000c80                receber_arquivo_do_pico
 .text          0x00000ef0      0x322 ./shell/elf_loader.o
                0x00000ef0                carregar_elf32
                0x00001030                carregar_elf32_fatfs
 *fill*         0x00001212        0x2 
 .text          0x00001214       0x44 ./shell/printerro.o
                0x00001214                printerro
 .text          0x00001258     0x14bc ./shell/commands.o
                0x000012c8                do_help
                0x00001358                do_notimplemented
                0x0000136a                do_runelf_fromhd
                0x00001398                do_runelf
                0x000013d4                do_dump
                0x00001426                serial_has_char
                0x0000142a                do_srecord
                0x000014e2                do_binfile
                0x00001662                do_binmem
                0x0000176e                do_ideinit
                0x000017b2                do_idemode
                0x00001804                do_run
                0x00001830                do_writemem
                0x00001a4a                do_ls
                0x00001c7a                do_delete
                0x00001ca6                do_exit
                0x00001ccc                do_mkdir
                0x00001db4                do_rmdir
                0x00001ec4                do_rename
                0x00001f1a                do_cd
                0x00001f42                do_dir
                0x00001f4c                do_shst
                0x00001f66                do_loadmem
                0x000020a4                do_copyfile
                0x00002258                do_cat
                0x00002390                do_time
                0x00002478                do_tstkbd
                0x000024c8                do_uptime
                0x0000259c                do_ehbasic
                0x000025a0                do_readsect
                0x000025d4                do_writesect
                0x00002608                do_writemem1
 .text          0x00002714      0xbfa ./shell/decodecmd.o
                0x00002714                getline
                0x000029a6                process_command_builtin
                0x00002b0e                load_elf_executable
                0x00002f06                open_executable_file
                0x0000302a                process_command_executable
                0x000031ae                process_command
                0x000031f2                execute_cmd
 *fill*         0x0000330e        0x2 
 .text          0x00003310       0xfc ./shell/crc32.o
                0x00003310                crc32_init
                0x00003382                crc32_update
                0x000033f4                crc32_calculate
 .text          0x0000340c       0xba ./shell/ringbuffer.o
                0x0000340c                kb_init
                0x00003420                kb_put
                0x0000346e                kb_get
                0x000034b2                kb_available
 *fill*         0x000034c6        0x2 
 .text          0x000034c8      0x78c ./kbd/drv_kbd.o
                0x00003526                liga_debug
                0x0000353e                init_kbd
                0x000037dc                get_packet
                0x00003a3a                get_kbd_key
                0x00003b5c                ch9350_shut_up
                0x00003b6a                get_char
                0x00003c32                print_capslock
 .text          0x00003c54        0x0 ./kbd/keycodes_ps2.o
 .text          0x00003c54       0xa8 ./kbd/kbdps2.o
                0x00003c76                init_keyboard
                0x00003c9e                keyboard_get_key
                0x00003cb2                keyboard_has_key
                0x00003cc6                enable_keyboard_interrupt
                0x00003cca                disable_keyboard_interrupt
                0x00003cce                keyboard_flush
                0x00003cd2                process_keyboard
 .text          0x00003cfc      0x114 ./kbd/ringbuffer.o
                0x00003cfc                ring_buf_init
                0x00003d26                ring_buf_get
                0x00003d7a                ring_buf_put
 .text          0x00003e10      0x556 ./rtc/rp5c01a.o
                0x00003e44                get_fattime
                0x00003ffc                set_rtc_time
                0x00004204                rtc_delay
                0x00004224                rtc_write_config_byte
                0x00004260                rtc_read_config_byte
                0x00004296                ler_segundo
                0x000042ce                rtc_inicializar
 *fill*         0x00004366        0x2 
 .text          0x00004368      0x15a ./picoVga/drv_picoVga.o
                0x00004368                init_picoVga
                0x0000436c                run_cmd
                0x00004394                picovga_putchar
                0x000043d8                picovga_gotoxy
                0x0000444e                picovga_gohome
                0x0000445c                picovga_set_color
                0x000044a8                clrscr
 *fill*         0x000044c2        0x2 
 .text          0x000044c4      0x248 ./uarts/drv_uart0.o
                0x000044c4                uart0_debug_char
                0x000044f6                uart0_init
                0x00004536                uart0_write
                0x00004574                uart0_read
                0x000045ac                uart0_read_timeout
                0x00004610                _inbyte
                0x00004690                _outbyte
                0x000046ce                uart0_write_string
                0x000046fe                uart0_flush
 .text          0x0000470c      0x6e6 ./ide/ata.o
                0x00004720                set_ide_bus_mode
                0x00004760                go_8bits_mode
                0x000047d6                ata_detect
                0x00004894                ata_read_sector
                0x00004a48                ata_write_sector
                0x00004a50                read_partition_table
                0x00004b3a                ata_init
                0x00004bcc                ata_disk_status
                0x00004bdc                ata_disk_initialize
                0x00004bec                ata_wait_not_busy
                0x00004c2e                ata_wait_for_data
                0x00004c70                ata_read_identity
 *fill*         0x00004df2        0x2 
 .text          0x00004df4     0x412e ./fatfs/ff.o
                0x00006f5c                f_mount
                0x0000701a                f_open
                0x000073fa                f_read
                0x0000777e                f_write
                0x00007b9c                f_sync
                0x00007cf4                f_close
                0x00007d2a                f_chdrive
                0x00007d4e                f_chdir
                0x00007df2                f_getcwd
                0x00008040                f_lseek
                0x000083c4                f_opendir
                0x00008498                f_closedir
                0x000084be                f_readdir
                0x0000855e                f_stat
                0x000085d8                f_getfree
                0x00008780                f_truncate
                0x0000892e                f_unlink
                0x00008a8c                f_mkdir
                0x00008cce                f_rename
 *fill*         0x00008f22        0x2 
 .text          0x00008f24        0x0 ./fatfs/ffsystem.o
 .text          0x00008f24      0x220 ./fatfs/diskio.o
                0x00008f24                disk_status
                0x00008f3c                disk_initialize
                0x00008f52                disk_read
                0x00008fd0                disk_write
                0x0000904e                disk_ioctl
 .text          0x00009144      0x44e ./tst_fat/tstfat.o
                0x00009144                listar_diretorio_raiz
                0x00009300                open_dir
                0x000093ba                ler_e_exibir_joblog
                0x00009548                le_setor
                0x00009576                wr_setor
 *fill*         0x00009592        0x2 
 .text          0x00009594      0x32a timers.o
                0x00009594                delay10ms
                0x000095b6                cpu_delay
                0x000095d2                init_timer
                0x000095f2                get_tick_count
                0x000095fa                add_timer
                0x00009692                delete_timer
                0x000096de                start_timer
                0x0000975e                stop_timer
                0x00009792                reset_timer
                0x000097e0                set_interval
                0x00009814                update_timers
 *fill*         0x000098be        0x2 
 .text          0x000098c0        0x0 interrupt.o
 .text          0x000098c0      0x168 ./xmodem/xmodem_asm.o
                0x000098fe                xmodem_receive
 .text          0x00009a28       0x8c vectors_asm.o
                0x00009a28                SvcBusError
                0x00009a28                TrapFHandler
                0x00009a28                SpuriousHandler
                0x00009a28                Int4Handler
                0x00009a28                SvcTrace
                0x00009a28                TrapBHandler
                0x00009a28                Int1Handler
                0x00009a28                TrapAHandler
                0x00009a28                SvcChkIns
                0x00009a28                Trap4Handler
                0x00009a28                Trap9Handler
                0x00009a28                Int5Handler
                0x00009a28                SvcDiv0_handler
                0x00009a28                Int7Handler
                0x00009a28                SvcIllegalIns
                0x00009a28                SvcLineA
                0x00009a28                SvcPrivViolation
                0x00009a28                Trap8Handler
                0x00009a28                Int6Handler
                0x00009a28                Trap2Handler
                0x00009a28                bad_exception
                0x00009a28                Trap3Handler
                0x00009a28                Svcaddress_err
                0x00009a28                Trap7Handler
                0x00009a28                Trap0Handler
                0x00009a28                SvcLineF
                0x00009a28                TrapCHandler
                0x00009a28                SvcTrapvIns
                0x00009a28                Trap5Handler
                0x00009a28                Trap6Handler
                0x00009a2a                TrapDHandler
                0x00009a2c                Int2Handler
                0x00009a3e                Int3Handler
                0x00009a4e                Trap1Handler
                0x00009a9e                TrapEHandler
 .text          0x00009ab4       0x1c ../../lib/libc68k.a(strchr.o)
                0x00009ab4                strchr
 .text          0x00009ad0       0x1e ../../lib/libc68k.a(memcpy.o)
                0x00009ad0                memcpy
 *fill*         0x00009aee        0x2 
 .text          0x00009af0      0x360 ../../lib/libc68k.a(malloc.o)
                0x00009ca4                malloc_init
                0x00009d1a                free
                0x00009d66                malloc
                0x00009d7a                calloc
                0x00009dda                malloc_num_free
                0x00009df4                malloc_num_used
                0x00009e10                malloc_num_fresh
                0x00009e2c                malloc_check
 .text          0x00009e50       0x3c ../../lib/libc68k.a(memcmp.o)
                0x00009e50                memcmp
 .text          0x00009e8c       0x12 ../../lib/libc68k.a(strlen.o)
                0x00009e8c                strlen
 *fill*         0x00009e9e        0x2 
 .text          0x00009ea0       0x16 ../../lib/libc68k.a(memset.o)
                0x00009ea0                memset
 *fill*         0x00009eb6        0x2 
 .text          0x00009eb8       0x26 ../../lib/libc68k.a(strcat.o)
                0x00009eb8                strcat
 *fill*         0x00009ede        0x2 
 .text          0x00009ee0       0x18 ../../lib/libc68k.a(strcpy.o)
                0x00009ee0                strcpy
 .text          0x00009ef8       0x1a ../../lib/libc68k.a(putchar.o)
                0x00009ef8                putchar
 *fill*         0x00009f12        0x2 
 .text          0x00009f14      0x206 ../../lib/libc68k.a(sprintf.o)
                0x00009f14                sprintf
 *fill*         0x0000a11a        0x2 
 .text          0x0000a11c      0x3a6 ../../lib/libc68k.a(printf.o)
                0x0000a11c                itox
                0x0000a166                itodec
                0x0000a1c4                itooct
                0x0000a20a                itoudec
                0x0000a25c                pad_zeros
                0x0000a2a0                printf
 *fill*         0x0000a4c2        0x2 
 .text          0x0000a4c4       0x36 ../../lib/libc68k.a(__mulsi3.o)
                0x0000a4c4                __mulsi3
 *fill*         0x0000a4fa        0x2 
 .text          0x0000a4fc       0x2c ../../lib/libc68k.a(__umodsi3.o)
                0x0000a4fc                __umodsi3
 .text          0x0000a528       0x3a ../../lib/libc68k.a(__udivsi3.o)
                0x0000a528                __udivsi3
 *fill*         0x0000a562        0x2 
 .text          0x0000a564      0x148 ../../lib/libc68k.a(strtoul.o)
                0x0000a564                strtoul
 .text          0x0000a6ac        0xc ../../lib/libc68k.a(isspace.o)
                0x0000a6ac                isspace
 .text          0x0000a6b8       0x16 ../../lib/libc68k.a(atoi.o)
                0x0000a6b8                atoi
 *fill*         0x0000a6ce        0x2 
 .text          0x0000a6d0       0x54 ../../lib/libc68k.a(strcasecmp.o)
                0x0000a6d0                strcasecmp
 .text          0x0000a724       0x26 ../../lib/libc68k.a(puts.o)
                0x0000a724                puts
 *fill*         0x0000a74a        0x2 
 .text          0x0000a74c       0x32 ../../lib/libc68k.a(strtol.o)
                0x0000a74c                strtol
 *(.rodata)
 .rodata        0x0000a77e      0x11f orion68.o
                0x0000a7b2                MsgOrionInit
 .rodata        0x0000a89d       0x51 vectors.o
 .rodata        0x0000a8ee      0x2d6 ./dump/mem_dump.o
 .rodata        0x0000abc4        0x5 ./shell/io.o
 .rodata        0x0000abc9      0x126 ./shell/picow.o
 .rodata        0x0000acef      0x2fa ./shell/printerro.o
 .rodata        0x0000afe9      0x787 ./shell/commands.o
 .rodata        0x0000b770      0x9b7 ./shell/decodecmd.o
                0x0000b770                g_elf_header_bytes
                0x0000bb66                g_cmd_table
 .rodata        0x0000c127      0x2cd ./kbd/drv_kbd.o
                0x0000c127                OE_BASE_KEYMAP
                0x0000c1a7                OE_SHIFT_KEYMAP
                0x0000c227                OE_CTRL_KEYMAP
                0x0000c2a7                OE_ALT_KEYMAP
                0x0000c327                OE_ALTGR_KEYMAP
 .rodata        0x0000c3f4      0x108 ./kbd/keycodes_ps2.o
                0x0000c3f4                g_ps2_keymap
                0x0000c478                g_ps2_keymap_shift
 .rodata        0x0000c4fc       0x48 ./rtc/rp5c01a.o
 .rodata        0x0000c544       0x2d ./uarts/drv_uart0.o
 .rodata        0x0000c571      0x1b2 ./ide/ata.o
 .rodata        0x0000c723       0x98 ./fatfs/ff.o
 .rodata        0x0000c7bb       0x2d ./fatfs/diskio.o
 .rodata        0x0000c7e8      0x200 ./tst_fat/tstfat.o
 .rodata        0x0000c9e8       0x28 ../../lib/libc68k.a(printf.o)
                0x0000ca10                        . = ALIGN (0x2)

.rodata         0x0000ca10       0x20
                0x0000ca10                        . = ALIGN (0x2)
 *(.rodata*)
 .rodata.str1.1
                0x0000ca10       0x20 ../../lib/libc68k.a(sprintf.o)
                                  0xf (size before relaxing)
 .rodata.str1.1
                0x0000ca30       0x20 ../../lib/libc68k.a(printf.o)
                0x0000ca50                        . = ALIGN (0x2)

.data           0x00080004       0x58 load address 0x0000ca30
                0x00080004                        . = ALIGN (0x2)
                0x00080004                        __data_start = .
 *(.data*)
 .data          0x00080004        0x0 ../../obj/orion68_startup.o
 .data          0x00080004        0x0 orion68.o
 .data          0x00080004        0x0 vectors.o
 .data          0x00080004        0x0 console.o
 .data          0x00080004        0x0 ./dump/mem_dump.o
 .data          0x00080004        0x0 ./shell/io.o
 .data          0x00080004        0x0 ./shell/picow.o
 .data          0x00080004        0x0 ./shell/elf_loader.o
 .data          0x00080004       0x50 ./shell/printerro.o
 .data          0x00080054        0x0 ./shell/commands.o
 .data          0x00080054        0x8 ./shell/decodecmd.o
 .data          0x0008005c        0x0 ./shell/crc32.o
 .data          0x0008005c        0x0 ./shell/ringbuffer.o
 .data          0x0008005c        0x0 ./kbd/drv_kbd.o
 .data          0x0008005c        0x0 ./kbd/keycodes_ps2.o
 .data          0x0008005c        0x0 ./kbd/kbdps2.o
 .data          0x0008005c        0x0 ./kbd/ringbuffer.o
 .data          0x0008005c        0x0 ./rtc/rp5c01a.o
 .data          0x0008005c        0x0 ./picoVga/drv_picoVga.o
 .data          0x0008005c        0x0 ./uarts/drv_uart0.o
 .data          0x0008005c        0x0 ./ide/ata.o
 .data          0x0008005c        0x0 ./fatfs/ff.o
 .data          0x0008005c        0x0 ./fatfs/ffsystem.o
 .data          0x0008005c        0x0 ./fatfs/diskio.o
 .data          0x0008005c        0x0 ./tst_fat/tstfat.o
 .data          0x0008005c        0x0 timers.o
 .data          0x0008005c        0x0 interrupt.o
 .data          0x0008005c        0x0 ./xmodem/xmodem_asm.o
 .data          0x0008005c        0x0 vectors_asm.o
 .data          0x0008005c        0x0 ../../lib/libc68k.a(strchr.o)
 .data          0x0008005c        0x0 ../../lib/libc68k.a(memcpy.o)
 .data          0x0008005c        0x0 ../../lib/libc68k.a(malloc.o)
 .data          0x0008005c        0x0 ../../lib/libc68k.a(memcmp.o)
 .data          0x0008005c        0x0 ../../lib/libc68k.a(strlen.o)
 .data          0x0008005c        0x0 ../../lib/libc68k.a(memset.o)
 .data          0x0008005c        0x0 ../../lib/libc68k.a(strcat.o)
 .data          0x0008005c        0x0 ../../lib/libc68k.a(strcpy.o)
 .data          0x0008005c        0x0 ../../lib/libc68k.a(putchar.o)
 .data          0x0008005c        0x0 ../../lib/libc68k.a(sprintf.o)
 .data          0x0008005c        0x0 ../../lib/libc68k.a(printf.o)
 .data          0x0008005c        0x0 ../../lib/libc68k.a(__mulsi3.o)
 .data          0x0008005c        0x0 ../../lib/libc68k.a(__umodsi3.o)
 .data          0x0008005c        0x0 ../../lib/libc68k.a(__udivsi3.o)
 .data          0x0008005c        0x0 ../../lib/libc68k.a(strtoul.o)
 .data          0x0008005c        0x0 ../../lib/libc68k.a(isspace.o)
 .data          0x0008005c        0x0 ../../lib/libc68k.a(atoi.o)
 .data          0x0008005c        0x0 ../../lib/libc68k.a(strcasecmp.o)
 .data          0x0008005c        0x0 ../../lib/libc68k.a(puts.o)
 .data          0x0008005c        0x0 ../../lib/libc68k.a(strtol.o)
                0x0008005c                        . = ALIGN (0x2)
                0x0008005c                        __data_end = .

.mram           0x0008005c        0x8 load address 0x0000ca88
 *(?.mram)
 .mram          0x0008005c        0x8 orion68.o
                0x0008005c                systemTick
                0x00080060                flg_system
                0x0000ca30                        __data_load_start = LOADADDR (.data)

.bss            0x00080064      0xf9c load address 0x0000ca88
                0x00080064                        . = ALIGN (0x2)
                0x00080064                        __bss_start = .
 *(.bss*)
 .bss           0x00080064        0x0 ../../obj/orion68_startup.o
 .bss           0x00080064      0x3bc orion68.o
                0x00080064                sys_flags
                0x00080066                FatFs
                0x000802a0                g_cmd_buffer
                0x00080320                buffer
                0x000803a0                syspath
 .bss           0x00080420        0x0 vectors.o
 .bss           0x00080420        0x8 console.o
                0x00080420                cconin
                0x00080424                cconout
 .bss           0x00080428        0x0 ./dump/mem_dump.o
 .bss           0x00080428        0x0 ./shell/io.o
 .bss           0x00080428        0x0 ./shell/picow.o
 .bss           0x00080428        0x0 ./shell/elf_loader.o
 .bss           0x00080428        0x0 ./shell/printerro.o
 .bss           0x00080428      0x22a ./shell/commands.o
                0x00080428                basic_running
 *fill*         0x00080652        0x2 
 .bss           0x00080654        0x4 ./shell/decodecmd.o
 .bss           0x00080658      0x400 ./shell/crc32.o
 .bss           0x00080a58      0x102 ./shell/ringbuffer.o
 *fill*         0x00080b5a        0x2 
 .bss           0x00080b5c       0x3b ./kbd/drv_kbd.o
                0x00080b5c                key_buffer
                0x00080b8c                cmd
                0x00080b8d                length
                0x00080b8e                type
                0x00080b8f                special_key_up
                0x00080b90                special_key_down
                0x00080b91                key_up
                0x00080b92                key_down
                0x00080b93                special_key_status
                0x00080b94                _CapsFlag
                0x00080b95                mod_caps
                0x00080b96                debug_pkt
 *fill*         0x00080b97        0x1 
 .bss           0x00080b98        0x0 ./kbd/keycodes_ps2.o
 .bss           0x00080b98       0x22 ./kbd/kbdps2.o
                0x00080b98                g_has_keyboard
                0x00080b9a                g_buf_scancode
                0x00080baa                g_buf_keypress
 *fill*         0x00080bba        0x2 
 .bss           0x00080bbc        0x0 ./kbd/ringbuffer.o
 .bss           0x00080bbc        0x0 ./rtc/rp5c01a.o
 .bss           0x00080bbc        0x0 ./picoVga/drv_picoVga.o
 .bss           0x00080bbc        0x0 ./uarts/drv_uart0.o
 .bss           0x00080bbc       0x29 ./ide/ata.o
                0x00080bbc                drives
                0x00080be4                ide_bus_mode
 *fill*         0x00080be5        0x3 
 .bss           0x00080be8        0xd ./fatfs/ff.o
 *fill*         0x00080bf5        0x3 
 .bss           0x00080bf8        0x0 ./fatfs/ffsystem.o
 .bss           0x00080bf8       0x64 ./fatfs/diskio.o
 .bss           0x00080c5c      0x2f0 ./tst_fat/tstfat.o
                0x00080c5c                Dir
                0x00080c8a                Fno
                0x00080ca4                buffer_leitura
 .bss           0x00080f4c       0x1c timers.o
                0x00080f4c                g_timers
                0x00080f60                g_tick_count
 .bss           0x00080f68        0x0 interrupt.o
 .bss           0x00080f68       0x84 ./xmodem/xmodem_asm.o
 .bss           0x00080fec        0x0 vectors_asm.o
 .bss           0x00080fec        0x0 ../../lib/libc68k.a(strchr.o)
 .bss           0x00080fec        0x0 ../../lib/libc68k.a(memcpy.o)
 .bss           0x00080fec       0x14 ../../lib/libc68k.a(malloc.o)
 .bss           0x00081000        0x0 ../../lib/libc68k.a(memcmp.o)
 .bss           0x00081000        0x0 ../../lib/libc68k.a(strlen.o)
 .bss           0x00081000        0x0 ../../lib/libc68k.a(memset.o)
 .bss           0x00081000        0x0 ../../lib/libc68k.a(strcat.o)
 .bss           0x00081000        0x0 ../../lib/libc68k.a(strcpy.o)
 .bss           0x00081000        0x0 ../../lib/libc68k.a(putchar.o)
 .bss           0x00081000        0x0 ../../lib/libc68k.a(sprintf.o)
 .bss           0x00081000        0x0 ../../lib/libc68k.a(printf.o)
 .bss           0x00081000        0x0 ../../lib/libc68k.a(__mulsi3.o)
 .bss           0x00081000        0x0 ../../lib/libc68k.a(__umodsi3.o)
 .bss           0x00081000        0x0 ../../lib/libc68k.a(__udivsi3.o)
 .bss           0x00081000        0x0 ../../lib/libc68k.a(strtoul.o)
 .bss           0x00081000        0x0 ../../lib/libc68k.a(isspace.o)
 .bss           0x00081000        0x0 ../../lib/libc68k.a(atoi.o)
 .bss           0x00081000        0x0 ../../lib/libc68k.a(strcasecmp.o)
 .bss           0x00081000        0x0 ../../lib/libc68k.a(puts.o)
 .bss           0x00081000        0x0 ../../lib/libc68k.a(strtol.o)
 *(COMMON)
                0x00081000                        . = ALIGN (0x2)
                0x00081000                        __bss_end = .
                0x00100000                        _stack_end = 0x100000
                0x000fe000                        _stack_start = (_stack_end - 0x2000)

/DISCARD/
 *(.comment)
 *(.note*)
 *(.align*)
LOAD ../../obj/orion68_startup.o
LOAD orion68.o
LOAD vectors.o
LOAD console.o
LOAD ./dump/mem_dump.o
LOAD ./shell/io.o
LOAD ./shell/picow.o
LOAD ./shell/elf_loader.o
LOAD ./shell/printerro.o
LOAD ./shell/commands.o
LOAD ./shell/decodecmd.o
LOAD ./shell/crc32.o
LOAD ./shell/ringbuffer.o
LOAD ./kbd/drv_kbd.o
LOAD ./kbd/keycodes_ps2.o
LOAD ./kbd/kbdps2.o
LOAD ./kbd/ringbuffer.o
LOAD ./rtc/rp5c01a.o
LOAD ./picoVga/drv_picoVga.o
LOAD ./uarts/drv_uart0.o
LOAD ./ide/ata.o
LOAD ./fatfs/ff.o
LOAD ./fatfs/ffsystem.o
LOAD ./fatfs/diskio.o
LOAD ./tst_fat/tstfat.o
LOAD timers.o
LOAD interrupt.o
LOAD ./xmodem/xmodem_asm.o
LOAD vectors_asm.o
LOAD ../../lib/libc68k.a
OUTPUT(orion68.elf elf32-m68k)
