Archive member included to satisfy reference by file (symbol)

../../lib/libc68k.a(strchr.o)
                              ./fatfs/ff.o (strchr)
../../lib/libc68k.a(memcpy.o)
                              ./shell/commands.o (memcpy)
../../lib/libc68k.a(malloc.o)
                              ./shell/commands.o (free)
../../lib/libc68k.a(memcmp.o)
                              ./shell/decodecmd.o (memcmp)
../../lib/libc68k.a(strlen.o)
                              ./shell/commands.o (strlen)
../../lib/libc68k.a(memset.o)
                              ./shell/commands.o (memset)
../../lib/libc68k.a(strcat.o)
                              ./shell/commands.o (strcat)
../../lib/libc68k.a(strcpy.o)
                              ./shell/commands.o (strcpy)
../../lib/libc68k.a(putchar.o)
                              ./shell/commands.o (putchar)
../../lib/libc68k.a(sprintf.o)
                              ./shell/commands.o (sprintf)
../../lib/libc68k.a(printf.o)
                              ../../lib/libc68k.a(sprintf.o) (itox)
../../lib/libc68k.a(__mulsi3.o)
                              ./shell/decodecmd.o (__mulsi3)
../../lib/libc68k.a(__umodsi3.o)
                              ./shell/commands.o (__umodsi3)
../../lib/libc68k.a(__udivsi3.o)
                              ./shell/commands.o (__udivsi3)
../../lib/libc68k.a(strtoul.o)
                              ./shell/commands.o (strtoul)
../../lib/libc68k.a(isspace.o)
                              ./shell/decodecmd.o (isspace)
../../lib/libc68k.a(atoi.o)   ./shell/commands.o (atoi)
../../lib/libc68k.a(strcasecmp.o)
                              ./shell/decodecmd.o (strcasecmp)
../../lib/libc68k.a(puts.o)   ../../lib/libc68k.a(printf.o) (puts)
../../lib/libc68k.a(strtol.o)
                              ../../lib/libc68k.a(atoi.o) (strtol)

Discarded input sections

 .comment       0x00000000       0x13 orion68.o
 .comment       0x00000000       0x13 vectors.o
 .comment       0x00000000       0x13 console.o
 .comment       0x00000000       0x13 ./dump/mem_dump.o
 .comment       0x00000000       0x13 ./shell/io.o
 .comment       0x00000000       0x13 ./shell/picow.o
 .comment       0x00000000       0x13 ./shell/printerro.o
 .comment       0x00000000       0x13 ./shell/commands.o
 .comment       0x00000000       0x13 ./shell/decodecmd.o
 .comment       0x00000000       0x13 ./shell/srecord.o
 .comment       0x00000000       0x13 ./kbd/drv_kbd.o
 .comment       0x00000000       0x13 ./kbd/keycodes_ps2.o
 .comment       0x00000000       0x13 ./kbd/kbdps2.o
 .comment       0x00000000       0x13 ./kbd/ringbuffer.o
 .comment       0x00000000       0x13 ./rtc/rp5c01a.o
 .comment       0x00000000       0x13 ./picoVga/drv_picoVga.o
 .comment       0x00000000       0x13 ./xmodem/xmodem.o
 .comment       0x00000000       0x13 ./uarts/drv_uart0.o
 .comment       0x00000000       0x13 ./ide/ata.o
 .comment       0x00000000       0x13 ./fatfs/ff.o
 .comment       0x00000000       0x13 ./fatfs/ffsystem.o
 .comment       0x00000000       0x13 ./fatfs/diskio.o
 .comment       0x00000000       0x13 ./tst_fat/tstfat.o
 .comment       0x00000000       0x13 timers.o
 .comment       0x00000000       0x13 interrupt.o
 .comment       0x00000000       0x13 ../../lib/libc68k.a(strchr.o)
 .comment       0x00000000       0x13 ../../lib/libc68k.a(memcpy.o)
 .comment       0x00000000       0x13 ../../lib/libc68k.a(malloc.o)
 .comment       0x00000000       0x13 ../../lib/libc68k.a(memcmp.o)
 .comment       0x00000000       0x13 ../../lib/libc68k.a(strlen.o)
 .comment       0x00000000       0x13 ../../lib/libc68k.a(memset.o)
 .comment       0x00000000       0x13 ../../lib/libc68k.a(strcat.o)
 .comment       0x00000000       0x13 ../../lib/libc68k.a(strcpy.o)
 .comment       0x00000000       0x13 ../../lib/libc68k.a(putchar.o)
 .comment       0x00000000       0x13 ../../lib/libc68k.a(sprintf.o)
 .comment       0x00000000       0x13 ../../lib/libc68k.a(printf.o)
 .comment       0x00000000       0x13 ../../lib/libc68k.a(__mulsi3.o)
 .comment       0x00000000       0x13 ../../lib/libc68k.a(__umodsi3.o)
 .comment       0x00000000       0x13 ../../lib/libc68k.a(__udivsi3.o)
 .comment       0x00000000       0x13 ../../lib/libc68k.a(strtoul.o)
 .comment       0x00000000       0x13 ../../lib/libc68k.a(isspace.o)
 .comment       0x00000000       0x13 ../../lib/libc68k.a(atoi.o)
 .comment       0x00000000       0x13 ../../lib/libc68k.a(strcasecmp.o)
 .comment       0x00000000       0x13 ../../lib/libc68k.a(puts.o)
 .comment       0x00000000       0x13 ../../lib/libc68k.a(strtol.o)

Memory Configuration

Name             Origin             Length             Attributes
ROM              0x00000000         0x00010000         xr
RAM              0x00080004         0x00080000         xrw
*default*        0x00000000         0xffffffff

Linker script and memory map

                0x00000000                        . = 0x0

.vectors        0x00000000        0x0
 *(.vectors)
                0x00000000                        . = ALIGN (0x400)

.text           0x00000000     0xcbbc
                0x00000000                        . = ALIGN (0x2)
 *(.text*)
 .text          0x00000000      0x24c ../../obj/orion68_startup.o
                0x000000c0                _start
                0x00000158                UartWrCh
                0x00000180                uart0_initialize
                0x000001fa                _delay_ms
 .text          0x0000024c      0x248 orion68.o
                0x0000024c                executar_xmodem
                0x00000272                clr_flg_program_loaded
                0x0000028e                set_flg_program_loaded
                0x000002a8                get_flg_program_loaded
                0x000002ba                print_msg
                0x000002f8                write_string
                0x00000330                display_prompt
                0x000003b6                main
 .text          0x00000494       0xf6 vectors.o
                0x000004b2                TRAP14_Handler
                0x0000055e                get_system_tick
 *fill*         0x0000058a        0x2 
 .text          0x0000058c       0x3e console.o
                0x0000058c                set_console_output
                0x000005a4                set_console_input
                0x000005bc                enable_interrupts
 *fill*         0x000005ca        0x2 
 .text          0x000005cc      0x658 ./dump/mem_dump.o
                0x000005cc                dump_memory
                0x00000842                dump_memory2
                0x00000abe                dump_memory_by_addr
 .text          0x00000c24       0x50 ./shell/io.o
                0x00000c24                get_key
                0x00000c48                _putchar_hex
 .text          0x00000c74       0x9a ./shell/picow.o
                0x00000c74                receber_arquivo_do_pico
 *fill*         0x00000d0e        0x2 
 .text          0x00000d10       0x4a ./shell/printerro.o
                0x00000d10                printerro
 *fill*         0x00000d5a        0x2 
 .text          0x00000d5c     0x154e ./shell/commands.o
                0x00000dce                do_help
                0x00000e6a                do_notimplemented
                0x00000e82                do_dump
                0x00000eda                serial_has_char
                0x00000ee4                do_srecord
                0x00000fbe                do_binfile
                0x0000114e                do_binmem
                0x0000125a                do_ideinit
                0x000012a4                do_idemode
                0x000012f8                do_run
                0x0000132a                do_writemem
                0x00001544                do_ls
                0x00001780                do_delete
                0x000017b2                do_exit
                0x000017de                do_mkdir
                0x000018ec                do_rmdir
                0x00001a16                do_rename
                0x00001a6e                do_cd
                0x00001a9c                do_dir
                0x00001aac                do_shst
                0x00001acc                do_loadmem
                0x00001c26                do_copyfile
                0x00001df2                do_cat
                0x00001f2c                do_time
                0x00002016                do_tstkbd
                0x00002044                do_uptime
                0x00002118                do_ehbasic
                0x00002122                do_readsect
                0x0000215e                do_writesect
                0x0000219a                do_writemem1
 *fill*         0x000022aa        0x2 
 .text          0x000022ac      0xc6e ./shell/decodecmd.o
                0x000022ac                getline
                0x00002578                process_command_builtin
                0x000026e6                load_elf_executable
                0x00002ade                open_executable_file
                0x00002c16                process_command_executable
                0x00002dbe                process_command
                0x00002e08                execute_cmd
 *fill*         0x00002f1a        0x2 
 .text          0x00002f1c      0x45e ./shell/srecord.o
                0x00002f1c                srec_getnibble
                0x00002fcc                srec_getbyte
                0x00003004                srec_getword
                0x0000302a                srec_getdword
                0x00003052                srec_get6word
                0x00003078                srec_putbyte
                0x0000309a                srec_getline
                0x00003118                read_srecord
 *fill*         0x0000337a        0x2 
 .text          0x0000337c      0x7dc ./kbd/drv_kbd.o
                0x000033e4                liga_debug
                0x00003402                init_kbd
                0x000036c0                get_packet
                0x00003922                get_kbd_key
                0x00003a56                ch9350_shut_up
                0x00003a6a                get_char
                0x00003b30                print_capslock
 .text          0x00003b58        0x0 ./kbd/keycodes_ps2.o
 .text          0x00003b58       0xd6 ./kbd/kbdps2.o
                0x00003b80                init_keyboard
                0x00003bb0                keyboard_get_key
                0x00003bca                keyboard_has_key
                0x00003be4                enable_keyboard_interrupt
                0x00003bee                disable_keyboard_interrupt
                0x00003bf8                keyboard_flush
                0x00003c02                process_keyboard
 *fill*         0x00003c2e        0x2 
 .text          0x00003c30      0x11e ./kbd/ringbuffer.o
                0x00003c30                ring_buf_init
                0x00003c60                ring_buf_get
                0x00003cb6                ring_buf_put
 *fill*         0x00003d4e        0x2 
 .text          0x00003d50      0x56c ./rtc/rp5c01a.o
                0x00003d8a                get_fattime
                0x00003f42                set_rtc_time
                0x00004148                rtc_delay
                0x00004172                rtc_write_config_byte
                0x000041b0                rtc_read_config_byte
                0x000041e8                ler_segundo
                0x00004222                rtc_inicializar
 .text          0x000042bc      0x17c ./picoVga/drv_picoVga.o
                0x000042bc                init_picoVga
                0x000042c6                run_cmd
                0x000042f0                picovga_putchar
                0x00004336                picovga_gotoxy
                0x000043b2                picovga_gohome
                0x000043c6                picovga_set_color
                0x00004418                clrscr
 .text          0x00004438       0x6e ./xmodem/xmodem.o
                0x00004438                xmodem_loader
 *fill*         0x000044a6        0x2 
 .text          0x000044a8      0x266 ./uarts/drv_uart0.o
                0x000044a8                uart0_debug_char
                0x000044dc                uart0_init
                0x0000452c                uart0_write
                0x0000456c                uart0_read
                0x000045a6                uart0_read_timeout
                0x00004608                _inbyte
                0x00004686                _outbyte
                0x000046c6                uart0_write_string
                0x000046fc                uart0_flush
 *fill*         0x0000470e        0x2 
 .text          0x00004710      0x706 ./ide/ata.o
                0x0000472a                set_ide_bus_mode
                0x0000476c                go_8bits_mode
                0x000047ea                ata_detect
                0x000048a6                ata_read_sector
                0x00004a58                ata_write_sector
                0x00004a66                read_partition_table
                0x00004b54                ata_init
                0x00004bec                ata_disk_status
                0x00004c02                ata_disk_initialize
                0x00004c18                ata_wait_not_busy
                0x00004c5c                ata_wait_for_data
                0x00004ca0                ata_read_identity
 *fill*         0x00004e16        0x2 
 .text          0x00004e18     0x41e6 ./fatfs/ff.o
                0x00007002                f_mount
                0x000070be                f_open
                0x000074b4                f_read
                0x00007838                f_write
                0x00007c56                f_sync
                0x00007db6                f_close
                0x00007df0                f_chdrive
                0x00007e1a                f_chdir
                0x00007ebe                f_getcwd
                0x0000810c                f_lseek
                0x00008490                f_opendir
                0x0000856c                f_closedir
                0x00008596                f_readdir
                0x0000863a                f_stat
                0x000086b2                f_getfree
                0x00008858                f_truncate
                0x00008a0a                f_unlink
                0x00008b68                f_mkdir
                0x00008daa                f_rename
 *fill*         0x00008ffe        0x2 
 .text          0x00009000        0x0 ./fatfs/ffsystem.o
 .text          0x00009000      0x226 ./fatfs/diskio.o
                0x00009000                disk_status
                0x0000901a                disk_initialize
                0x00009032                disk_read
                0x000090ae                disk_write
                0x0000912a                disk_ioctl
 *fill*         0x00009226        0x2 
 .text          0x00009228      0x46c ./tst_fat/tstfat.o
                0x00009228                listar_diretorio_raiz
                0x000093ec                open_dir
                0x000094ae                ler_e_exibir_joblog
                0x0000963e                le_setor
                0x00009672                wr_setor
 .text          0x00009694      0x37c timers.o
                0x00009694                delay10ms
                0x000096bc                cpu_delay
                0x000096e0                init_timer
                0x00009706                get_tick_count
                0x00009714                add_timer
                0x000097aa                delete_timer
                0x000097fc                start_timer
                0x00009882                stop_timer
                0x000098bc                reset_timer
                0x00009910                set_interval
                0x0000994a                update_timers
 .text          0x00009a10        0x0 interrupt.o
 .text          0x00009a10      0x168 ./xmodem/xmodem_asm.o
                0x00009a4e                xmodem_receive
 .text          0x00009b78       0x7c vectors_asm.o
                0x00009b78                SvcBusError
                0x00009b78                TrapFHandler
                0x00009b78                SpuriousHandler
                0x00009b78                Int4Handler
                0x00009b78                SvcTrace
                0x00009b78                TrapBHandler
                0x00009b78                Int1Handler
                0x00009b78                TrapAHandler
                0x00009b78                SvcChkIns
                0x00009b78                Trap4Handler
                0x00009b78                Trap9Handler
                0x00009b78                Int5Handler
                0x00009b78                SvcDiv0_handler
                0x00009b78                Int7Handler
                0x00009b78                SvcIllegalIns
                0x00009b78                SvcLineA
                0x00009b78                SvcPrivViolation
                0x00009b78                Trap8Handler
                0x00009b78                Int6Handler
                0x00009b78                Trap2Handler
                0x00009b78                bad_exception
                0x00009b78                Int3Handler
                0x00009b78                Trap3Handler
                0x00009b78                Svcaddress_err
                0x00009b78                Trap7Handler
                0x00009b78                Trap0Handler
                0x00009b78                SvcLineF
                0x00009b78                TrapCHandler
                0x00009b78                SvcTrapvIns
                0x00009b78                Trap5Handler
                0x00009b78                Trap6Handler
                0x00009b7a                TrapDHandler
                0x00009b7c                Int2Handler
                0x00009b8e                Trap1Handler
                0x00009bde                TrapEHandler
 .text          0x00009bf4       0x1c ../../lib/libc68k.a(strchr.o)
                0x00009bf4                strchr
 .text          0x00009c10       0x1e ../../lib/libc68k.a(memcpy.o)
                0x00009c10                memcpy
 *fill*         0x00009c2e        0x2 
 .text          0x00009c30      0x360 ../../lib/libc68k.a(malloc.o)
                0x00009de4                malloc_init
                0x00009e5a                free
                0x00009ea6                malloc
                0x00009eba                calloc
                0x00009f1a                malloc_num_free
                0x00009f34                malloc_num_used
                0x00009f50                malloc_num_fresh
                0x00009f6c                malloc_check
 .text          0x00009f90       0x3c ../../lib/libc68k.a(memcmp.o)
                0x00009f90                memcmp
 .text          0x00009fcc       0x12 ../../lib/libc68k.a(strlen.o)
                0x00009fcc                strlen
 *fill*         0x00009fde        0x2 
 .text          0x00009fe0       0x16 ../../lib/libc68k.a(memset.o)
                0x00009fe0                memset
 *fill*         0x00009ff6        0x2 
 .text          0x00009ff8       0x26 ../../lib/libc68k.a(strcat.o)
                0x00009ff8                strcat
 *fill*         0x0000a01e        0x2 
 .text          0x0000a020       0x18 ../../lib/libc68k.a(strcpy.o)
                0x0000a020                strcpy
 .text          0x0000a038       0x1a ../../lib/libc68k.a(putchar.o)
                0x0000a038                putchar
 *fill*         0x0000a052        0x2 
 .text          0x0000a054      0x206 ../../lib/libc68k.a(sprintf.o)
                0x0000a054                sprintf
 *fill*         0x0000a25a        0x2 
 .text          0x0000a25c      0x3a6 ../../lib/libc68k.a(printf.o)
                0x0000a25c                itox
                0x0000a2a6                itodec
                0x0000a304                itooct
                0x0000a34a                itoudec
                0x0000a39c                pad_zeros
                0x0000a3e0                printf
 *fill*         0x0000a602        0x2 
 .text          0x0000a604       0x36 ../../lib/libc68k.a(__mulsi3.o)
                0x0000a604                __mulsi3
 *fill*         0x0000a63a        0x2 
 .text          0x0000a63c       0x2c ../../lib/libc68k.a(__umodsi3.o)
                0x0000a63c                __umodsi3
 .text          0x0000a668       0x3a ../../lib/libc68k.a(__udivsi3.o)
                0x0000a668                __udivsi3
 *fill*         0x0000a6a2        0x2 
 .text          0x0000a6a4      0x148 ../../lib/libc68k.a(strtoul.o)
                0x0000a6a4                strtoul
 .text          0x0000a7ec        0xc ../../lib/libc68k.a(isspace.o)
                0x0000a7ec                isspace
 .text          0x0000a7f8       0x16 ../../lib/libc68k.a(atoi.o)
                0x0000a7f8                atoi
 *fill*         0x0000a80e        0x2 
 .text          0x0000a810       0x54 ../../lib/libc68k.a(strcasecmp.o)
                0x0000a810                strcasecmp
 .text          0x0000a864       0x26 ../../lib/libc68k.a(puts.o)
                0x0000a864                puts
 *fill*         0x0000a88a        0x2 
 .text          0x0000a88c       0x32 ../../lib/libc68k.a(strtol.o)
                0x0000a88c                strtol
 *(.rodata)
 .rodata        0x0000a8be      0x11f orion68.o
                0x0000a8f2                MsgOrionInit
 .rodata        0x0000a9dd       0x51 vectors.o
 .rodata        0x0000aa2e      0x2d6 ./dump/mem_dump.o
 .rodata        0x0000ad04        0x5 ./shell/io.o
 .rodata        0x0000ad09      0x2fa ./shell/printerro.o
 .rodata        0x0000b003      0x79a ./shell/commands.o
 *fill*         0x0000b79d        0x1 
 .rodata        0x0000b79e      0x9b9 ./shell/decodecmd.o
                0x0000b79e                g_elf_header_bytes
                0x0000bb96                g_cmd_table
 .rodata        0x0000c157      0x119 ./shell/srecord.o
 .rodata        0x0000c270      0x2cd ./kbd/drv_kbd.o
                0x0000c270                OE_BASE_KEYMAP
                0x0000c2f0                OE_SHIFT_KEYMAP
                0x0000c370                OE_CTRL_KEYMAP
                0x0000c3f0                OE_ALT_KEYMAP
                0x0000c470                OE_ALTGR_KEYMAP
 .rodata        0x0000c53d      0x108 ./kbd/keycodes_ps2.o
                0x0000c53d                g_ps2_keymap
                0x0000c5c1                g_ps2_keymap_shift
 .rodata        0x0000c645       0x48 ./rtc/rp5c01a.o
 .rodata        0x0000c68d       0x63 ./xmodem/xmodem.o
 .rodata        0x0000c6f0       0x2d ./uarts/drv_uart0.o
 .rodata        0x0000c71d      0x1b2 ./ide/ata.o
 .rodata        0x0000c8cf       0x98 ./fatfs/ff.o
 .rodata        0x0000c967       0x2d ./fatfs/diskio.o
 .rodata        0x0000c994      0x200 ./tst_fat/tstfat.o
 .rodata        0x0000cb94       0x28 ../../lib/libc68k.a(printf.o)
                0x0000cbbc                        . = ALIGN (0x2)

.rodata         0x0000cbbc       0x20
                0x0000cbbc                        . = ALIGN (0x2)
 *(.rodata*)
 .rodata.str1.1
                0x0000cbbc       0x20 ../../lib/libc68k.a(sprintf.o)
                                  0xf (size before relaxing)
 .rodata.str1.1
                0x0000cbdc       0x20 ../../lib/libc68k.a(printf.o)
                0x0000cbfc                        . = ALIGN (0x2)

.data           0x00080004       0x58 load address 0x0000cbdc
                0x00080004                        . = ALIGN (0x2)
                0x00080004                        __data_start = .
 *(.data*)
 .data          0x00080004        0x0 ../../obj/orion68_startup.o
 .data          0x00080004        0x0 orion68.o
 .data          0x00080004        0x0 vectors.o
 .data          0x00080004        0x0 console.o
 .data          0x00080004        0x0 ./dump/mem_dump.o
 .data          0x00080004        0x0 ./shell/io.o
 .data          0x00080004        0x0 ./shell/picow.o
 .data          0x00080004       0x50 ./shell/printerro.o
 .data          0x00080054        0x0 ./shell/commands.o
 .data          0x00080054        0x8 ./shell/decodecmd.o
 .data          0x0008005c        0x0 ./shell/srecord.o
 .data          0x0008005c        0x0 ./kbd/drv_kbd.o
 .data          0x0008005c        0x0 ./kbd/keycodes_ps2.o
 .data          0x0008005c        0x0 ./kbd/kbdps2.o
 .data          0x0008005c        0x0 ./kbd/ringbuffer.o
 .data          0x0008005c        0x0 ./rtc/rp5c01a.o
 .data          0x0008005c        0x0 ./picoVga/drv_picoVga.o
 .data          0x0008005c        0x0 ./xmodem/xmodem.o
 .data          0x0008005c        0x0 ./uarts/drv_uart0.o
 .data          0x0008005c        0x0 ./ide/ata.o
 .data          0x0008005c        0x0 ./fatfs/ff.o
 .data          0x0008005c        0x0 ./fatfs/ffsystem.o
 .data          0x0008005c        0x0 ./fatfs/diskio.o
 .data          0x0008005c        0x0 ./tst_fat/tstfat.o
 .data          0x0008005c        0x0 timers.o
 .data          0x0008005c        0x0 interrupt.o
 .data          0x0008005c        0x0 ./xmodem/xmodem_asm.o
 .data          0x0008005c        0x0 vectors_asm.o
 .data          0x0008005c        0x0 ../../lib/libc68k.a(strchr.o)
 .data          0x0008005c        0x0 ../../lib/libc68k.a(memcpy.o)
 .data          0x0008005c        0x0 ../../lib/libc68k.a(malloc.o)
 .data          0x0008005c        0x0 ../../lib/libc68k.a(memcmp.o)
 .data          0x0008005c        0x0 ../../lib/libc68k.a(strlen.o)
 .data          0x0008005c        0x0 ../../lib/libc68k.a(memset.o)
 .data          0x0008005c        0x0 ../../lib/libc68k.a(strcat.o)
 .data          0x0008005c        0x0 ../../lib/libc68k.a(strcpy.o)
 .data          0x0008005c        0x0 ../../lib/libc68k.a(putchar.o)
 .data          0x0008005c        0x0 ../../lib/libc68k.a(sprintf.o)
 .data          0x0008005c        0x0 ../../lib/libc68k.a(printf.o)
 .data          0x0008005c        0x0 ../../lib/libc68k.a(__mulsi3.o)
 .data          0x0008005c        0x0 ../../lib/libc68k.a(__umodsi3.o)
 .data          0x0008005c        0x0 ../../lib/libc68k.a(__udivsi3.o)
 .data          0x0008005c        0x0 ../../lib/libc68k.a(strtoul.o)
 .data          0x0008005c        0x0 ../../lib/libc68k.a(isspace.o)
 .data          0x0008005c        0x0 ../../lib/libc68k.a(atoi.o)
 .data          0x0008005c        0x0 ../../lib/libc68k.a(strcasecmp.o)
 .data          0x0008005c        0x0 ../../lib/libc68k.a(puts.o)
 .data          0x0008005c        0x0 ../../lib/libc68k.a(strtol.o)
                0x0008005c                        . = ALIGN (0x2)
                0x0008005c                        __data_end = .

.mram           0x0008005c        0x8 load address 0x0000cc34
 *(?.mram)
 .mram          0x0008005c        0x8 orion68.o
                0x0008005c                systemTick
                0x00080060                flg_system
                0x0000cbdc                        __data_load_start = LOADADDR (.data)

.bss            0x00080064      0xaa4 load address 0x0000cc34
                0x00080064                        . = ALIGN (0x2)
                0x00080064                        __bss_start = .
 *(.bss*)
 .bss           0x00080064        0x0 ../../obj/orion68_startup.o
 .bss           0x00080064      0x3bc orion68.o
                0x00080064                sys_flags
                0x00080066                FatFs
                0x000802a0                g_cmd_buffer
                0x00080320                buffer
                0x000803a0                syspath
 .bss           0x00080420        0x0 vectors.o
 .bss           0x00080420        0x8 console.o
                0x00080420                cconin
                0x00080424                cconout
 .bss           0x00080428        0x0 ./dump/mem_dump.o
 .bss           0x00080428        0x0 ./shell/io.o
 .bss           0x00080428        0x0 ./shell/picow.o
 .bss           0x00080428        0x0 ./shell/printerro.o
 .bss           0x00080428      0x22a ./shell/commands.o
                0x00080428                basic_running
 *fill*         0x00080652        0x2 
 .bss           0x00080654        0x4 ./shell/decodecmd.o
 .bss           0x00080658        0x9 ./shell/srecord.o
                0x00080658                g_srec_buffer
                0x0008065c                g_srec_ptr
                0x00080660                g_srec_checksum
 *fill*         0x00080661        0x3 
 .bss           0x00080664       0x3b ./kbd/drv_kbd.o
                0x00080664                key_buffer
                0x00080694                cmd
                0x00080695                length
                0x00080696                type
                0x00080697                special_key_up
                0x00080698                special_key_down
                0x00080699                key_up
                0x0008069a                key_down
                0x0008069b                special_key_status
                0x0008069c                _CapsFlag
                0x0008069d                mod_caps
                0x0008069e                debug_pkt
 *fill*         0x0008069f        0x1 
 .bss           0x000806a0        0x0 ./kbd/keycodes_ps2.o
 .bss           0x000806a0       0x22 ./kbd/kbdps2.o
                0x000806a0                g_has_keyboard
                0x000806a2                g_buf_scancode
                0x000806b2                g_buf_keypress
 *fill*         0x000806c2        0x2 
 .bss           0x000806c4        0x0 ./kbd/ringbuffer.o
 .bss           0x000806c4        0x0 ./rtc/rp5c01a.o
 .bss           0x000806c4        0x0 ./picoVga/drv_picoVga.o
 .bss           0x000806c4        0x0 ./xmodem/xmodem.o
 .bss           0x000806c4        0x0 ./uarts/drv_uart0.o
 .bss           0x000806c4       0x29 ./ide/ata.o
                0x000806c4                drives
                0x000806ec                ide_bus_mode
 *fill*         0x000806ed        0x3 
 .bss           0x000806f0        0xd ./fatfs/ff.o
 *fill*         0x000806fd        0x3 
 .bss           0x00080700        0x0 ./fatfs/ffsystem.o
 .bss           0x00080700       0x64 ./fatfs/diskio.o
 .bss           0x00080764      0x2f0 ./tst_fat/tstfat.o
                0x00080764                Dir
                0x00080792                Fno
                0x000807ac                buffer_leitura
 .bss           0x00080a54       0x1c timers.o
                0x00080a54                g_timers
                0x00080a68                g_tick_count
 .bss           0x00080a70        0x0 interrupt.o
 .bss           0x00080a70       0x84 ./xmodem/xmodem_asm.o
 .bss           0x00080af4        0x0 vectors_asm.o
 .bss           0x00080af4        0x0 ../../lib/libc68k.a(strchr.o)
 .bss           0x00080af4        0x0 ../../lib/libc68k.a(memcpy.o)
 .bss           0x00080af4       0x14 ../../lib/libc68k.a(malloc.o)
 .bss           0x00080b08        0x0 ../../lib/libc68k.a(memcmp.o)
 .bss           0x00080b08        0x0 ../../lib/libc68k.a(strlen.o)
 .bss           0x00080b08        0x0 ../../lib/libc68k.a(memset.o)
 .bss           0x00080b08        0x0 ../../lib/libc68k.a(strcat.o)
 .bss           0x00080b08        0x0 ../../lib/libc68k.a(strcpy.o)
 .bss           0x00080b08        0x0 ../../lib/libc68k.a(putchar.o)
 .bss           0x00080b08        0x0 ../../lib/libc68k.a(sprintf.o)
 .bss           0x00080b08        0x0 ../../lib/libc68k.a(printf.o)
 .bss           0x00080b08        0x0 ../../lib/libc68k.a(__mulsi3.o)
 .bss           0x00080b08        0x0 ../../lib/libc68k.a(__umodsi3.o)
 .bss           0x00080b08        0x0 ../../lib/libc68k.a(__udivsi3.o)
 .bss           0x00080b08        0x0 ../../lib/libc68k.a(strtoul.o)
 .bss           0x00080b08        0x0 ../../lib/libc68k.a(isspace.o)
 .bss           0x00080b08        0x0 ../../lib/libc68k.a(atoi.o)
 .bss           0x00080b08        0x0 ../../lib/libc68k.a(strcasecmp.o)
 .bss           0x00080b08        0x0 ../../lib/libc68k.a(puts.o)
 .bss           0x00080b08        0x0 ../../lib/libc68k.a(strtol.o)
 *(COMMON)
                0x00080b08                        . = ALIGN (0x2)
                0x00080b08                        __bss_end = .
                0x00100000                        _stack_end = 0x100000
                0x000fe000                        _stack_start = (_stack_end - 0x2000)

/DISCARD/
 *(.comment)
 *(.note*)
 *(.align*)
LOAD ../../obj/orion68_startup.o
LOAD orion68.o
LOAD vectors.o
LOAD console.o
LOAD ./dump/mem_dump.o
LOAD ./shell/io.o
LOAD ./shell/picow.o
LOAD ./shell/printerro.o
LOAD ./shell/commands.o
LOAD ./shell/decodecmd.o
LOAD ./shell/srecord.o
LOAD ./kbd/drv_kbd.o
LOAD ./kbd/keycodes_ps2.o
LOAD ./kbd/kbdps2.o
LOAD ./kbd/ringbuffer.o
LOAD ./rtc/rp5c01a.o
LOAD ./picoVga/drv_picoVga.o
LOAD ./xmodem/xmodem.o
LOAD ./uarts/drv_uart0.o
LOAD ./ide/ata.o
LOAD ./fatfs/ff.o
LOAD ./fatfs/ffsystem.o
LOAD ./fatfs/diskio.o
LOAD ./tst_fat/tstfat.o
LOAD timers.o
LOAD interrupt.o
LOAD ./xmodem/xmodem_asm.o
LOAD vectors_asm.o
LOAD ../../lib/libc68k.a
OUTPUT(orion68.elf elf32-m68k)
