Archive member included to satisfy reference by file (symbol)

../../lib/libc68k.a(strchr.o)
                              ./fatfs/ff.o (strchr)
../../lib/libc68k.a(memcpy.o)
                              ./shell/commands.o (memcpy)
../../lib/libc68k.a(malloc.o)
                              ./shell/commands.o (free)
../../lib/libc68k.a(memcmp.o)
                              ./shell/decodecmd.o (memcmp)
../../lib/libc68k.a(strlen.o)
                              ./shell/commands.o (strlen)
../../lib/libc68k.a(memset.o)
                              ./shell/commands.o (memset)
../../lib/libc68k.a(strcat.o)
                              ./shell/commands.o (strcat)
../../lib/libc68k.a(strcpy.o)
                              ./shell/commands.o (strcpy)
../../lib/libc68k.a(putchar.o)
                              ./shell/commands.o (putchar)
../../lib/libc68k.a(sprintf.o)
                              ./shell/commands.o (sprintf)
../../lib/libc68k.a(printf.o)
                              ../../lib/libc68k.a(sprintf.o) (itox)
../../lib/libc68k.a(__mulsi3.o)
                              ./shell/decodecmd.o (__mulsi3)
../../lib/libc68k.a(__umodsi3.o)
                              ./shell/commands.o (__umodsi3)
../../lib/libc68k.a(__udivsi3.o)
                              ./shell/commands.o (__udivsi3)
../../lib/libc68k.a(strtoul.o)
                              ./shell/commands.o (strtoul)
../../lib/libc68k.a(isspace.o)
                              ./shell/decodecmd.o (isspace)
../../lib/libc68k.a(atoi.o)   ./shell/commands.o (atoi)
../../lib/libc68k.a(strcasecmp.o)
                              ./shell/decodecmd.o (strcasecmp)
../../lib/libc68k.a(puts.o)   ../../lib/libc68k.a(printf.o) (puts)
../../lib/libc68k.a(strtol.o)
                              ../../lib/libc68k.a(atoi.o) (strtol)

Discarded input sections

 .comment       0x00000000       0x13 orion68.o
 .comment       0x00000000       0x13 vectors.o
 .comment       0x00000000       0x13 console.o
 .comment       0x00000000       0x13 ./dump/mem_dump.o
 .comment       0x00000000       0x13 ./shell/io.o
 .comment       0x00000000       0x13 ./shell/picow.o
 .comment       0x00000000       0x13 ./shell/printerro.o
 .comment       0x00000000       0x13 ./shell/commands.o
 .comment       0x00000000       0x13 ./shell/decodecmd.o
 .comment       0x00000000       0x13 ./shell/srecord.o
 .comment       0x00000000       0x13 ./kbd/drv_kbd.o
 .comment       0x00000000       0x13 ./kbd/keycodes_ps2.o
 .comment       0x00000000       0x13 ./kbd/kbdps2.o
 .comment       0x00000000       0x13 ./kbd/ringbuffer.o
 .comment       0x00000000       0x13 ./rtc/rp5c01a.o
 .comment       0x00000000       0x13 ./picoVga/drv_picoVga.o
 .comment       0x00000000       0x13 ./xmodem/xmodem.o
 .comment       0x00000000       0x13 ./uarts/drv_uart0.o
 .comment       0x00000000       0x13 ./ide/ata.o
 .comment       0x00000000       0x13 ./fatfs/ff.o
 .comment       0x00000000       0x13 ./fatfs/ffsystem.o
 .comment       0x00000000       0x13 ./fatfs/diskio.o
 .comment       0x00000000       0x13 ./tst_fat/tstfat.o
 .comment       0x00000000       0x13 timers.o
 .comment       0x00000000       0x13 interrupt.o
 .comment       0x00000000       0x13 ../../lib/libc68k.a(strchr.o)
 .comment       0x00000000       0x13 ../../lib/libc68k.a(memcpy.o)
 .comment       0x00000000       0x13 ../../lib/libc68k.a(malloc.o)
 .comment       0x00000000       0x13 ../../lib/libc68k.a(memcmp.o)
 .comment       0x00000000       0x13 ../../lib/libc68k.a(strlen.o)
 .comment       0x00000000       0x13 ../../lib/libc68k.a(memset.o)
 .comment       0x00000000       0x13 ../../lib/libc68k.a(strcat.o)
 .comment       0x00000000       0x13 ../../lib/libc68k.a(strcpy.o)
 .comment       0x00000000       0x13 ../../lib/libc68k.a(putchar.o)
 .comment       0x00000000       0x13 ../../lib/libc68k.a(sprintf.o)
 .comment       0x00000000       0x13 ../../lib/libc68k.a(printf.o)
 .comment       0x00000000       0x13 ../../lib/libc68k.a(__mulsi3.o)
 .comment       0x00000000       0x13 ../../lib/libc68k.a(__umodsi3.o)
 .comment       0x00000000       0x13 ../../lib/libc68k.a(__udivsi3.o)
 .comment       0x00000000       0x13 ../../lib/libc68k.a(strtoul.o)
 .comment       0x00000000       0x13 ../../lib/libc68k.a(isspace.o)
 .comment       0x00000000       0x13 ../../lib/libc68k.a(atoi.o)
 .comment       0x00000000       0x13 ../../lib/libc68k.a(strcasecmp.o)
 .comment       0x00000000       0x13 ../../lib/libc68k.a(puts.o)
 .comment       0x00000000       0x13 ../../lib/libc68k.a(strtol.o)

Memory Configuration

Name             Origin             Length             Attributes
ROM              0x00000000         0x00010000         xr
RAM              0x00080004         0x00080000         xrw
*default*        0x00000000         0xffffffff

Linker script and memory map

                0x00000000                        . = 0x0

.vectors        0x00000000        0x0
 *(.vectors)
                0x00000000                        . = ALIGN (0x400)

.text           0x00000000     0xcbba
                0x00000000                        . = ALIGN (0x2)
 *(.text*)
 .text          0x00000000      0x24c ../../obj/orion68_startup.o
                0x000000c0                _start
                0x00000158                UartWrCh
                0x00000180                uart0_initialize
                0x000001fa                _delay_ms
 .text          0x0000024c      0x248 orion68.o
                0x0000024c                executar_xmodem
                0x00000272                clr_flg_program_loaded
                0x0000028e                set_flg_program_loaded
                0x000002a8                get_flg_program_loaded
                0x000002ba                print_msg
                0x000002f8                write_string
                0x00000330                display_prompt
                0x000003b6                main
 .text          0x00000494       0xf6 vectors.o
                0x000004b2                TRAP14_Handler
                0x0000055e                get_system_tick
 *fill*         0x0000058a        0x2 
 .text          0x0000058c       0x3e console.o
                0x0000058c                set_console_output
                0x000005a4                set_console_input
                0x000005bc                enable_interrupts
 *fill*         0x000005ca        0x2 
 .text          0x000005cc      0x658 ./dump/mem_dump.o
                0x000005cc                dump_memory
                0x00000842                dump_memory2
                0x00000abe                dump_memory_by_addr
 .text          0x00000c24       0x50 ./shell/io.o
                0x00000c24                get_key
                0x00000c48                _putchar_hex
 .text          0x00000c74       0x54 ./shell/picow.o
                0x00000c74                receber_arquivo_do_pico
 .text          0x00000cc8       0x4a ./shell/printerro.o
                0x00000cc8                printerro
 *fill*         0x00000d12        0x2 
 .text          0x00000d14     0x1572 ./shell/commands.o
                0x00000d86                do_help
                0x00000e22                do_notimplemented
                0x00000e3a                do_dump
                0x00000e92                serial_has_char
                0x00000e9c                do_srecord
                0x00000f76                do_binfile
                0x00001106                do_binmem
                0x00001212                do_ideinit
                0x0000125c                do_idemode
                0x000012b0                do_run
                0x000012e2                do_writemem
                0x000014fc                do_ls
                0x00001738                do_delete
                0x0000176a                do_exit
                0x00001796                do_mkdir
                0x000018a4                do_rmdir
                0x000019ce                do_rename
                0x00001a26                do_cd
                0x00001a54                do_dir
                0x00001a64                do_shst
                0x00001a84                do_loadmem
                0x00001bde                do_copyfile
                0x00001daa                do_cat
                0x00001ee4                do_time
                0x00001fce                do_tstkbd
                0x00002020                do_uptime
                0x000020f4                do_ehbasic
                0x000020fe                do_readsect
                0x0000213a                do_writesect
                0x00002176                do_writemem1
 *fill*         0x00002286        0x2 
 .text          0x00002288      0xc6e ./shell/decodecmd.o
                0x00002288                getline
                0x00002554                process_command_builtin
                0x000026c2                load_elf_executable
                0x00002aba                open_executable_file
                0x00002bf2                process_command_executable
                0x00002d9a                process_command
                0x00002de4                execute_cmd
 *fill*         0x00002ef6        0x2 
 .text          0x00002ef8      0x45e ./shell/srecord.o
                0x00002ef8                srec_getnibble
                0x00002fa8                srec_getbyte
                0x00002fe0                srec_getword
                0x00003006                srec_getdword
                0x0000302e                srec_get6word
                0x00003054                srec_putbyte
                0x00003076                srec_getline
                0x000030f4                read_srecord
 *fill*         0x00003356        0x2 
 .text          0x00003358      0x7dc ./kbd/drv_kbd.o
                0x000033c0                liga_debug
                0x000033de                init_kbd
                0x0000369c                get_packet
                0x000038fe                get_kbd_key
                0x00003a32                ch9350_shut_up
                0x00003a46                get_char
                0x00003b0c                print_capslock
 .text          0x00003b34        0x0 ./kbd/keycodes_ps2.o
 .text          0x00003b34       0xd6 ./kbd/kbdps2.o
                0x00003b5c                init_keyboard
                0x00003b8c                keyboard_get_key
                0x00003ba6                keyboard_has_key
                0x00003bc0                enable_keyboard_interrupt
                0x00003bca                disable_keyboard_interrupt
                0x00003bd4                keyboard_flush
                0x00003bde                process_keyboard
 *fill*         0x00003c0a        0x2 
 .text          0x00003c0c      0x11e ./kbd/ringbuffer.o
                0x00003c0c                ring_buf_init
                0x00003c3c                ring_buf_get
                0x00003c92                ring_buf_put
 *fill*         0x00003d2a        0x2 
 .text          0x00003d2c      0x56c ./rtc/rp5c01a.o
                0x00003d66                get_fattime
                0x00003f1e                set_rtc_time
                0x00004124                rtc_delay
                0x0000414e                rtc_write_config_byte
                0x0000418c                rtc_read_config_byte
                0x000041c4                ler_segundo
                0x000041fe                rtc_inicializar
 .text          0x00004298      0x17c ./picoVga/drv_picoVga.o
                0x00004298                init_picoVga
                0x000042a2                run_cmd
                0x000042cc                picovga_putchar
                0x00004312                picovga_gotoxy
                0x0000438e                picovga_gohome
                0x000043a2                picovga_set_color
                0x000043f4                clrscr
 .text          0x00004414       0x6e ./xmodem/xmodem.o
                0x00004414                xmodem_loader
 *fill*         0x00004482        0x2 
 .text          0x00004484      0x266 ./uarts/drv_uart0.o
                0x00004484                uart0_debug_char
                0x000044b8                uart0_init
                0x00004508                uart0_write
                0x00004548                uart0_read
                0x00004582                uart0_read_timeout
                0x000045e4                _inbyte
                0x00004662                _outbyte
                0x000046a2                uart0_write_string
                0x000046d8                uart0_flush
 *fill*         0x000046ea        0x2 
 .text          0x000046ec      0x706 ./ide/ata.o
                0x00004706                set_ide_bus_mode
                0x00004748                go_8bits_mode
                0x000047c6                ata_detect
                0x00004882                ata_read_sector
                0x00004a34                ata_write_sector
                0x00004a42                read_partition_table
                0x00004b30                ata_init
                0x00004bc8                ata_disk_status
                0x00004bde                ata_disk_initialize
                0x00004bf4                ata_wait_not_busy
                0x00004c38                ata_wait_for_data
                0x00004c7c                ata_read_identity
 *fill*         0x00004df2        0x2 
 .text          0x00004df4     0x41e6 ./fatfs/ff.o
                0x00006fde                f_mount
                0x0000709a                f_open
                0x00007490                f_read
                0x00007814                f_write
                0x00007c32                f_sync
                0x00007d92                f_close
                0x00007dcc                f_chdrive
                0x00007df6                f_chdir
                0x00007e9a                f_getcwd
                0x000080e8                f_lseek
                0x0000846c                f_opendir
                0x00008548                f_closedir
                0x00008572                f_readdir
                0x00008616                f_stat
                0x0000868e                f_getfree
                0x00008834                f_truncate
                0x000089e6                f_unlink
                0x00008b44                f_mkdir
                0x00008d86                f_rename
 *fill*         0x00008fda        0x2 
 .text          0x00008fdc        0x0 ./fatfs/ffsystem.o
 .text          0x00008fdc      0x226 ./fatfs/diskio.o
                0x00008fdc                disk_status
                0x00008ff6                disk_initialize
                0x0000900e                disk_read
                0x0000908a                disk_write
                0x00009106                disk_ioctl
 *fill*         0x00009202        0x2 
 .text          0x00009204      0x46c ./tst_fat/tstfat.o
                0x00009204                listar_diretorio_raiz
                0x000093c8                open_dir
                0x0000948a                ler_e_exibir_joblog
                0x0000961a                le_setor
                0x0000964e                wr_setor
 .text          0x00009670      0x37c timers.o
                0x00009670                delay10ms
                0x00009698                cpu_delay
                0x000096bc                init_timer
                0x000096e2                get_tick_count
                0x000096f0                add_timer
                0x00009786                delete_timer
                0x000097d8                start_timer
                0x0000985e                stop_timer
                0x00009898                reset_timer
                0x000098ec                set_interval
                0x00009926                update_timers
 .text          0x000099ec        0x0 interrupt.o
 .text          0x000099ec      0x168 ./xmodem/xmodem_asm.o
                0x00009a2a                xmodem_receive
 .text          0x00009b54       0x7c vectors_asm.o
                0x00009b54                SvcBusError
                0x00009b54                TrapFHandler
                0x00009b54                SpuriousHandler
                0x00009b54                Int4Handler
                0x00009b54                SvcTrace
                0x00009b54                TrapBHandler
                0x00009b54                Int1Handler
                0x00009b54                TrapAHandler
                0x00009b54                SvcChkIns
                0x00009b54                Trap4Handler
                0x00009b54                Trap9Handler
                0x00009b54                Int5Handler
                0x00009b54                SvcDiv0_handler
                0x00009b54                Int7Handler
                0x00009b54                SvcIllegalIns
                0x00009b54                SvcLineA
                0x00009b54                SvcPrivViolation
                0x00009b54                Trap8Handler
                0x00009b54                Int6Handler
                0x00009b54                Trap2Handler
                0x00009b54                bad_exception
                0x00009b54                Int3Handler
                0x00009b54                Trap3Handler
                0x00009b54                Svcaddress_err
                0x00009b54                Trap7Handler
                0x00009b54                Trap0Handler
                0x00009b54                SvcLineF
                0x00009b54                TrapCHandler
                0x00009b54                SvcTrapvIns
                0x00009b54                Trap5Handler
                0x00009b54                Trap6Handler
                0x00009b56                TrapDHandler
                0x00009b58                Int2Handler
                0x00009b6a                Trap1Handler
                0x00009bba                TrapEHandler
 .text          0x00009bd0       0x1c ../../lib/libc68k.a(strchr.o)
                0x00009bd0                strchr
 .text          0x00009bec       0x1e ../../lib/libc68k.a(memcpy.o)
                0x00009bec                memcpy
 *fill*         0x00009c0a        0x2 
 .text          0x00009c0c      0x360 ../../lib/libc68k.a(malloc.o)
                0x00009dc0                malloc_init
                0x00009e36                free
                0x00009e82                malloc
                0x00009e96                calloc
                0x00009ef6                malloc_num_free
                0x00009f10                malloc_num_used
                0x00009f2c                malloc_num_fresh
                0x00009f48                malloc_check
 .text          0x00009f6c       0x3c ../../lib/libc68k.a(memcmp.o)
                0x00009f6c                memcmp
 .text          0x00009fa8       0x12 ../../lib/libc68k.a(strlen.o)
                0x00009fa8                strlen
 *fill*         0x00009fba        0x2 
 .text          0x00009fbc       0x16 ../../lib/libc68k.a(memset.o)
                0x00009fbc                memset
 *fill*         0x00009fd2        0x2 
 .text          0x00009fd4       0x26 ../../lib/libc68k.a(strcat.o)
                0x00009fd4                strcat
 *fill*         0x00009ffa        0x2 
 .text          0x00009ffc       0x18 ../../lib/libc68k.a(strcpy.o)
                0x00009ffc                strcpy
 .text          0x0000a014       0x1a ../../lib/libc68k.a(putchar.o)
                0x0000a014                putchar
 *fill*         0x0000a02e        0x2 
 .text          0x0000a030      0x206 ../../lib/libc68k.a(sprintf.o)
                0x0000a030                sprintf
 *fill*         0x0000a236        0x2 
 .text          0x0000a238      0x3a6 ../../lib/libc68k.a(printf.o)
                0x0000a238                itox
                0x0000a282                itodec
                0x0000a2e0                itooct
                0x0000a326                itoudec
                0x0000a378                pad_zeros
                0x0000a3bc                printf
 *fill*         0x0000a5de        0x2 
 .text          0x0000a5e0       0x36 ../../lib/libc68k.a(__mulsi3.o)
                0x0000a5e0                __mulsi3
 *fill*         0x0000a616        0x2 
 .text          0x0000a618       0x2c ../../lib/libc68k.a(__umodsi3.o)
                0x0000a618                __umodsi3
 .text          0x0000a644       0x3a ../../lib/libc68k.a(__udivsi3.o)
                0x0000a644                __udivsi3
 *fill*         0x0000a67e        0x2 
 .text          0x0000a680      0x148 ../../lib/libc68k.a(strtoul.o)
                0x0000a680                strtoul
 .text          0x0000a7c8        0xc ../../lib/libc68k.a(isspace.o)
                0x0000a7c8                isspace
 .text          0x0000a7d4       0x16 ../../lib/libc68k.a(atoi.o)
                0x0000a7d4                atoi
 *fill*         0x0000a7ea        0x2 
 .text          0x0000a7ec       0x54 ../../lib/libc68k.a(strcasecmp.o)
                0x0000a7ec                strcasecmp
 .text          0x0000a840       0x26 ../../lib/libc68k.a(puts.o)
                0x0000a840                puts
 *fill*         0x0000a866        0x2 
 .text          0x0000a868       0x32 ../../lib/libc68k.a(strtol.o)
                0x0000a868                strtol
 *(.rodata)
 .rodata        0x0000a89a      0x11f orion68.o
                0x0000a8ce                MsgOrionInit
 .rodata        0x0000a9b9       0x51 vectors.o
 .rodata        0x0000aa0a      0x2d6 ./dump/mem_dump.o
 .rodata        0x0000ace0        0x5 ./shell/io.o
 .rodata        0x0000ace5       0x22 ./shell/picow.o
 .rodata        0x0000ad07      0x2fa ./shell/printerro.o
 .rodata        0x0000b001      0x79c ./shell/commands.o
 *fill*         0x0000b79d        0x1 
 .rodata        0x0000b79e      0x9b7 ./shell/decodecmd.o
                0x0000b79e                g_elf_header_bytes
                0x0000bb94                g_cmd_table
 .rodata        0x0000c155      0x119 ./shell/srecord.o
 .rodata        0x0000c26e      0x2cd ./kbd/drv_kbd.o
                0x0000c26e                OE_BASE_KEYMAP
                0x0000c2ee                OE_SHIFT_KEYMAP
                0x0000c36e                OE_CTRL_KEYMAP
                0x0000c3ee                OE_ALT_KEYMAP
                0x0000c46e                OE_ALTGR_KEYMAP
 .rodata        0x0000c53b      0x108 ./kbd/keycodes_ps2.o
                0x0000c53b                g_ps2_keymap
                0x0000c5bf                g_ps2_keymap_shift
 .rodata        0x0000c643       0x48 ./rtc/rp5c01a.o
 .rodata        0x0000c68b       0x63 ./xmodem/xmodem.o
 .rodata        0x0000c6ee       0x2d ./uarts/drv_uart0.o
 .rodata        0x0000c71b      0x1b2 ./ide/ata.o
 .rodata        0x0000c8cd       0x98 ./fatfs/ff.o
 .rodata        0x0000c965       0x2d ./fatfs/diskio.o
 .rodata        0x0000c992      0x200 ./tst_fat/tstfat.o
 .rodata        0x0000cb92       0x28 ../../lib/libc68k.a(printf.o)
                0x0000cbba                        . = ALIGN (0x2)

.rodata         0x0000cbba       0x20
                0x0000cbba                        . = ALIGN (0x2)
 *(.rodata*)
 .rodata.str1.1
                0x0000cbba       0x20 ../../lib/libc68k.a(sprintf.o)
                                  0xf (size before relaxing)
 .rodata.str1.1
                0x0000cbda       0x20 ../../lib/libc68k.a(printf.o)
                0x0000cbfa                        . = ALIGN (0x2)

.data           0x00080004       0x58 load address 0x0000cbda
                0x00080004                        . = ALIGN (0x2)
                0x00080004                        __data_start = .
 *(.data*)
 .data          0x00080004        0x0 ../../obj/orion68_startup.o
 .data          0x00080004        0x0 orion68.o
 .data          0x00080004        0x0 vectors.o
 .data          0x00080004        0x0 console.o
 .data          0x00080004        0x0 ./dump/mem_dump.o
 .data          0x00080004        0x0 ./shell/io.o
 .data          0x00080004        0x0 ./shell/picow.o
 .data          0x00080004       0x50 ./shell/printerro.o
 .data          0x00080054        0x0 ./shell/commands.o
 .data          0x00080054        0x8 ./shell/decodecmd.o
 .data          0x0008005c        0x0 ./shell/srecord.o
 .data          0x0008005c        0x0 ./kbd/drv_kbd.o
 .data          0x0008005c        0x0 ./kbd/keycodes_ps2.o
 .data          0x0008005c        0x0 ./kbd/kbdps2.o
 .data          0x0008005c        0x0 ./kbd/ringbuffer.o
 .data          0x0008005c        0x0 ./rtc/rp5c01a.o
 .data          0x0008005c        0x0 ./picoVga/drv_picoVga.o
 .data          0x0008005c        0x0 ./xmodem/xmodem.o
 .data          0x0008005c        0x0 ./uarts/drv_uart0.o
 .data          0x0008005c        0x0 ./ide/ata.o
 .data          0x0008005c        0x0 ./fatfs/ff.o
 .data          0x0008005c        0x0 ./fatfs/ffsystem.o
 .data          0x0008005c        0x0 ./fatfs/diskio.o
 .data          0x0008005c        0x0 ./tst_fat/tstfat.o
 .data          0x0008005c        0x0 timers.o
 .data          0x0008005c        0x0 interrupt.o
 .data          0x0008005c        0x0 ./xmodem/xmodem_asm.o
 .data          0x0008005c        0x0 vectors_asm.o
 .data          0x0008005c        0x0 ../../lib/libc68k.a(strchr.o)
 .data          0x0008005c        0x0 ../../lib/libc68k.a(memcpy.o)
 .data          0x0008005c        0x0 ../../lib/libc68k.a(malloc.o)
 .data          0x0008005c        0x0 ../../lib/libc68k.a(memcmp.o)
 .data          0x0008005c        0x0 ../../lib/libc68k.a(strlen.o)
 .data          0x0008005c        0x0 ../../lib/libc68k.a(memset.o)
 .data          0x0008005c        0x0 ../../lib/libc68k.a(strcat.o)
 .data          0x0008005c        0x0 ../../lib/libc68k.a(strcpy.o)
 .data          0x0008005c        0x0 ../../lib/libc68k.a(putchar.o)
 .data          0x0008005c        0x0 ../../lib/libc68k.a(sprintf.o)
 .data          0x0008005c        0x0 ../../lib/libc68k.a(printf.o)
 .data          0x0008005c        0x0 ../../lib/libc68k.a(__mulsi3.o)
 .data          0x0008005c        0x0 ../../lib/libc68k.a(__umodsi3.o)
 .data          0x0008005c        0x0 ../../lib/libc68k.a(__udivsi3.o)
 .data          0x0008005c        0x0 ../../lib/libc68k.a(strtoul.o)
 .data          0x0008005c        0x0 ../../lib/libc68k.a(isspace.o)
 .data          0x0008005c        0x0 ../../lib/libc68k.a(atoi.o)
 .data          0x0008005c        0x0 ../../lib/libc68k.a(strcasecmp.o)
 .data          0x0008005c        0x0 ../../lib/libc68k.a(puts.o)
 .data          0x0008005c        0x0 ../../lib/libc68k.a(strtol.o)
                0x0008005c                        . = ALIGN (0x2)
                0x0008005c                        __data_end = .

.mram           0x0008005c        0x8 load address 0x0000cc32
 *(?.mram)
 .mram          0x0008005c        0x8 orion68.o
                0x0008005c                systemTick
                0x00080060                flg_system
                0x0000cbda                        __data_load_start = LOADADDR (.data)

.bss            0x00080064      0xaa4 load address 0x0000cc32
                0x00080064                        . = ALIGN (0x2)
                0x00080064                        __bss_start = .
 *(.bss*)
 .bss           0x00080064        0x0 ../../obj/orion68_startup.o
 .bss           0x00080064      0x3bc orion68.o
                0x00080064                sys_flags
                0x00080066                FatFs
                0x000802a0                g_cmd_buffer
                0x00080320                buffer
                0x000803a0                syspath
 .bss           0x00080420        0x0 vectors.o
 .bss           0x00080420        0x8 console.o
                0x00080420                cconin
                0x00080424                cconout
 .bss           0x00080428        0x0 ./dump/mem_dump.o
 .bss           0x00080428        0x0 ./shell/io.o
 .bss           0x00080428        0x0 ./shell/picow.o
 .bss           0x00080428        0x0 ./shell/printerro.o
 .bss           0x00080428      0x22a ./shell/commands.o
                0x00080428                basic_running
 *fill*         0x00080652        0x2 
 .bss           0x00080654        0x4 ./shell/decodecmd.o
 .bss           0x00080658        0x9 ./shell/srecord.o
                0x00080658                g_srec_buffer
                0x0008065c                g_srec_ptr
                0x00080660                g_srec_checksum
 *fill*         0x00080661        0x3 
 .bss           0x00080664       0x3b ./kbd/drv_kbd.o
                0x00080664                key_buffer
                0x00080694                cmd
                0x00080695                length
                0x00080696                type
                0x00080697                special_key_up
                0x00080698                special_key_down
                0x00080699                key_up
                0x0008069a                key_down
                0x0008069b                special_key_status
                0x0008069c                _CapsFlag
                0x0008069d                mod_caps
                0x0008069e                debug_pkt
 *fill*         0x0008069f        0x1 
 .bss           0x000806a0        0x0 ./kbd/keycodes_ps2.o
 .bss           0x000806a0       0x22 ./kbd/kbdps2.o
                0x000806a0                g_has_keyboard
                0x000806a2                g_buf_scancode
                0x000806b2                g_buf_keypress
 *fill*         0x000806c2        0x2 
 .bss           0x000806c4        0x0 ./kbd/ringbuffer.o
 .bss           0x000806c4        0x0 ./rtc/rp5c01a.o
 .bss           0x000806c4        0x0 ./picoVga/drv_picoVga.o
 .bss           0x000806c4        0x0 ./xmodem/xmodem.o
 .bss           0x000806c4        0x0 ./uarts/drv_uart0.o
 .bss           0x000806c4       0x29 ./ide/ata.o
                0x000806c4                drives
                0x000806ec                ide_bus_mode
 *fill*         0x000806ed        0x3 
 .bss           0x000806f0        0xd ./fatfs/ff.o
 *fill*         0x000806fd        0x3 
 .bss           0x00080700        0x0 ./fatfs/ffsystem.o
 .bss           0x00080700       0x64 ./fatfs/diskio.o
 .bss           0x00080764      0x2f0 ./tst_fat/tstfat.o
                0x00080764                Dir
                0x00080792                Fno
                0x000807ac                buffer_leitura
 .bss           0x00080a54       0x1c timers.o
                0x00080a54                g_timers
                0x00080a68                g_tick_count
 .bss           0x00080a70        0x0 interrupt.o
 .bss           0x00080a70       0x84 ./xmodem/xmodem_asm.o
 .bss           0x00080af4        0x0 vectors_asm.o
 .bss           0x00080af4        0x0 ../../lib/libc68k.a(strchr.o)
 .bss           0x00080af4        0x0 ../../lib/libc68k.a(memcpy.o)
 .bss           0x00080af4       0x14 ../../lib/libc68k.a(malloc.o)
 .bss           0x00080b08        0x0 ../../lib/libc68k.a(memcmp.o)
 .bss           0x00080b08        0x0 ../../lib/libc68k.a(strlen.o)
 .bss           0x00080b08        0x0 ../../lib/libc68k.a(memset.o)
 .bss           0x00080b08        0x0 ../../lib/libc68k.a(strcat.o)
 .bss           0x00080b08        0x0 ../../lib/libc68k.a(strcpy.o)
 .bss           0x00080b08        0x0 ../../lib/libc68k.a(putchar.o)
 .bss           0x00080b08        0x0 ../../lib/libc68k.a(sprintf.o)
 .bss           0x00080b08        0x0 ../../lib/libc68k.a(printf.o)
 .bss           0x00080b08        0x0 ../../lib/libc68k.a(__mulsi3.o)
 .bss           0x00080b08        0x0 ../../lib/libc68k.a(__umodsi3.o)
 .bss           0x00080b08        0x0 ../../lib/libc68k.a(__udivsi3.o)
 .bss           0x00080b08        0x0 ../../lib/libc68k.a(strtoul.o)
 .bss           0x00080b08        0x0 ../../lib/libc68k.a(isspace.o)
 .bss           0x00080b08        0x0 ../../lib/libc68k.a(atoi.o)
 .bss           0x00080b08        0x0 ../../lib/libc68k.a(strcasecmp.o)
 .bss           0x00080b08        0x0 ../../lib/libc68k.a(puts.o)
 .bss           0x00080b08        0x0 ../../lib/libc68k.a(strtol.o)
 *(COMMON)
                0x00080b08                        . = ALIGN (0x2)
                0x00080b08                        __bss_end = .
                0x00100000                        _stack_end = 0x100000
                0x000fe000                        _stack_start = (_stack_end - 0x2000)

/DISCARD/
 *(.comment)
 *(.note*)
 *(.align*)
LOAD ../../obj/orion68_startup.o
LOAD orion68.o
LOAD vectors.o
LOAD console.o
LOAD ./dump/mem_dump.o
LOAD ./shell/io.o
LOAD ./shell/picow.o
LOAD ./shell/printerro.o
LOAD ./shell/commands.o
LOAD ./shell/decodecmd.o
LOAD ./shell/srecord.o
LOAD ./kbd/drv_kbd.o
LOAD ./kbd/keycodes_ps2.o
LOAD ./kbd/kbdps2.o
LOAD ./kbd/ringbuffer.o
LOAD ./rtc/rp5c01a.o
LOAD ./picoVga/drv_picoVga.o
LOAD ./xmodem/xmodem.o
LOAD ./uarts/drv_uart0.o
LOAD ./ide/ata.o
LOAD ./fatfs/ff.o
LOAD ./fatfs/ffsystem.o
LOAD ./fatfs/diskio.o
LOAD ./tst_fat/tstfat.o
LOAD timers.o
LOAD interrupt.o
LOAD ./xmodem/xmodem_asm.o
LOAD vectors_asm.o
LOAD ../../lib/libc68k.a
OUTPUT(orion68.elf elf32-m68k)
