Archive member included to satisfy reference by file (symbol)

../../lib/libc68k.a(strchr.o)
                              ./fatfs/ff.o (strchr)
../../lib/libc68k.a(memcpy.o)
                              ./shell/commands.o (memcpy)
../../lib/libc68k.a(malloc.o)
                              ./shell/commands.o (free)
../../lib/libc68k.a(memcmp.o)
                              ./shell/decodecmd.o (memcmp)
../../lib/libc68k.a(strlen.o)
                              ./shell/commands.o (strlen)
../../lib/libc68k.a(memset.o)
                              ./shell/commands.o (memset)
../../lib/libc68k.a(strcat.o)
                              ./shell/commands.o (strcat)
../../lib/libc68k.a(strcpy.o)
                              ./shell/commands.o (strcpy)
../../lib/libc68k.a(putchar.o)
                              ./shell/commands.o (putchar)
../../lib/libc68k.a(sprintf.o)
                              ./shell/commands.o (sprintf)
../../lib/libc68k.a(printf.o)
                              ../../lib/libc68k.a(sprintf.o) (itox)
../../lib/libc68k.a(__mulsi3.o)
                              ./shell/decodecmd.o (__mulsi3)
../../lib/libc68k.a(__umodsi3.o)
                              ./shell/commands.o (__umodsi3)
../../lib/libc68k.a(__udivsi3.o)
                              ./shell/commands.o (__udivsi3)
../../lib/libc68k.a(strtoul.o)
                              ./shell/commands.o (strtoul)
../../lib/libc68k.a(isspace.o)
                              ./shell/decodecmd.o (isspace)
../../lib/libc68k.a(atoi.o)   ./shell/commands.o (atoi)
../../lib/libc68k.a(strcasecmp.o)
                              ./shell/decodecmd.o (strcasecmp)
../../lib/libc68k.a(puts.o)   ../../lib/libc68k.a(printf.o) (puts)
../../lib/libc68k.a(strtol.o)
                              ../../lib/libc68k.a(atoi.o) (strtol)

Discarded input sections

 .comment       0x00000000       0x13 orion68.o
 .comment       0x00000000       0x13 vectors.o
 .comment       0x00000000       0x13 console.o
 .comment       0x00000000       0x13 ./dump/mem_dump.o
 .comment       0x00000000       0x13 ./shell/io.o
 .comment       0x00000000       0x13 ./shell/printerro.o
 .comment       0x00000000       0x13 ./shell/commands.o
 .comment       0x00000000       0x13 ./shell/decodecmd.o
 .comment       0x00000000       0x13 ./shell/srecord.o
 .comment       0x00000000       0x13 ./kbd/drv_kbd.o
 .comment       0x00000000       0x13 ./picoVga/drv_picoVga.o
 .comment       0x00000000       0x13 ./xmodem/xmodem.o
 .comment       0x00000000       0x13 ./uarts/drv_uart0.o
 .comment       0x00000000       0x13 ./ide/ata.o
 .comment       0x00000000       0x13 ./fatfs/ff.o
 .comment       0x00000000       0x13 ./fatfs/ffsystem.o
 .comment       0x00000000       0x13 ./fatfs/diskio.o
 .comment       0x00000000       0x13 ./tst_fat/tstfat.o
 .comment       0x00000000       0x13 timers.o
 .comment       0x00000000       0x13 interrupt.o
 .comment       0x00000000       0x13 ../../lib/libc68k.a(strchr.o)
 .comment       0x00000000       0x13 ../../lib/libc68k.a(memcpy.o)
 .comment       0x00000000       0x13 ../../lib/libc68k.a(malloc.o)
 .comment       0x00000000       0x13 ../../lib/libc68k.a(memcmp.o)
 .comment       0x00000000       0x13 ../../lib/libc68k.a(strlen.o)
 .comment       0x00000000       0x13 ../../lib/libc68k.a(memset.o)
 .comment       0x00000000       0x13 ../../lib/libc68k.a(strcat.o)
 .comment       0x00000000       0x13 ../../lib/libc68k.a(strcpy.o)
 .comment       0x00000000       0x13 ../../lib/libc68k.a(putchar.o)
 .comment       0x00000000       0x13 ../../lib/libc68k.a(sprintf.o)
 .comment       0x00000000       0x13 ../../lib/libc68k.a(printf.o)
 .comment       0x00000000       0x13 ../../lib/libc68k.a(__mulsi3.o)
 .comment       0x00000000       0x13 ../../lib/libc68k.a(__umodsi3.o)
 .comment       0x00000000       0x13 ../../lib/libc68k.a(__udivsi3.o)
 .comment       0x00000000       0x13 ../../lib/libc68k.a(strtoul.o)
 .comment       0x00000000       0x13 ../../lib/libc68k.a(isspace.o)
 .comment       0x00000000       0x13 ../../lib/libc68k.a(atoi.o)
 .comment       0x00000000       0x13 ../../lib/libc68k.a(strcasecmp.o)
 .comment       0x00000000       0x13 ../../lib/libc68k.a(puts.o)
 .comment       0x00000000       0x13 ../../lib/libc68k.a(strtol.o)

Memory Configuration

Name             Origin             Length             Attributes
ROM              0x00000000         0x00010000         xr
RAM              0x00080000         0x00080000         xrw
*default*        0x00000000         0xffffffff

Linker script and memory map

                0x00000000                        . = 0x0

.vectors        0x00000000        0x0
 *(.vectors)
                0x00000000                        . = ALIGN (0x400)

.text           0x00000000     0xbdcc
                0x00000000                        . = ALIGN (0x2)
 *(.text*)
 .text          0x00000000      0x1f0 ../../obj/orion68_startup.o
                0x000000c0                _start
                0x0000012e                UartWrCh
                0x00000156                uart0_initialize
 .text          0x000001f0      0x25a orion68.o
                0x000001f0                executar_xmodem
                0x00000216                clr_flg_program_loaded
                0x00000232                set_flg_program_loaded
                0x0000024c                get_flg_program_loaded
                0x0000025e                print_msg
                0x0000029c                write_string
                0x000002d4                display_prompt
                0x0000035a                main
 *fill*         0x0000044a        0x2 
 .text          0x0000044c       0xf6 vectors.o
                0x0000046a                TRAP14_Handler
                0x00000516                get_system_tick
 *fill*         0x00000542        0x2 
 .text          0x00000544       0x3e console.o
                0x00000544                set_console_output
                0x0000055c                set_console_input
                0x00000574                enable_interrupts
 *fill*         0x00000582        0x2 
 .text          0x00000584      0x658 ./dump/mem_dump.o
                0x00000584                dump_memory
                0x000007fa                dump_memory2
                0x00000a76                dump_memory_by_addr
 .text          0x00000bdc       0x50 ./shell/io.o
                0x00000bdc                get_key
                0x00000c00                _putchar_hex
 .text          0x00000c2c       0x4a ./shell/printerro.o
                0x00000c2c                printerro
 *fill*         0x00000c76        0x2 
 .text          0x00000c78     0x1466 ./shell/commands.o
                0x00000cea                do_help
                0x00000d86                do_notimplemented
                0x00000d9e                do_dump
                0x00000df6                serial_has_char
                0x00000e00                do_srecord
                0x00000ede                do_binfile
                0x0000106e                do_binmem
                0x0000117a                do_run
                0x000011ac                do_writemem
                0x000013c6                do_ls
                0x000015e2                do_delete
                0x00001614                do_exit
                0x00001640                do_mkdir
                0x0000174e                do_rmdir
                0x00001878                do_rename
                0x000018d0                do_cd
                0x000018fe                do_dir
                0x0000190e                do_shst
                0x0000192e                do_loadmem
                0x00001a88                do_copyfile
                0x00001c54                do_cat
                0x00001d8e                do_time
                0x00001e78                do_uptime
                0x00001f4c                do_ehbasic
                0x00001f56                do_readsect
                0x00001f92                do_writesect
                0x00001fce                do_writemem1
 *fill*         0x000020de        0x2 
 .text          0x000020e0      0xc6e ./shell/decodecmd.o
                0x000020e0                getline
                0x000023ac                process_command_builtin
                0x0000251a                load_elf_executable
                0x00002912                open_executable_file
                0x00002a4a                process_command_executable
                0x00002bf2                process_command
                0x00002c3c                execute_cmd
 *fill*         0x00002d4e        0x2 
 .text          0x00002d50      0x45e ./shell/srecord.o
                0x00002d50                srec_getnibble
                0x00002e00                srec_getbyte
                0x00002e38                srec_getword
                0x00002e5e                srec_getdword
                0x00002e86                srec_get6word
                0x00002eac                srec_putbyte
                0x00002ece                srec_getline
                0x00002f4c                read_srecord
 *fill*         0x000031ae        0x2 
 .text          0x000031b0      0x7dc ./kbd/drv_kbd.o
                0x00003218                liga_debug
                0x00003236                init_kbd
                0x000034f4                get_packet
                0x00003756                get_kbd_key
                0x0000388a                ch9350_shut_up
                0x0000389e                get_char
                0x00003964                print_capslock
 .text          0x0000398c      0x17c ./picoVga/drv_picoVga.o
                0x0000398c                init_picoVga
                0x00003996                run_cmd
                0x000039c0                picovga_putchar
                0x00003a06                picovga_gotoxy
                0x00003a82                picovga_gohome
                0x00003a96                picovga_set_color
                0x00003ae8                clrscr
 .text          0x00003b08       0x6e ./xmodem/xmodem.o
                0x00003b08                xmodem_loader
 *fill*         0x00003b76        0x2 
 .text          0x00003b78      0x266 ./uarts/drv_uart0.o
                0x00003b78                uart0_debug_char
                0x00003bac                uart0_init
                0x00003bfc                uart0_write
                0x00003c3c                uart0_read
                0x00003c76                uart0_read_timeout
                0x00003cd8                _inbyte
                0x00003d56                _outbyte
                0x00003d96                uart0_write_string
                0x00003dcc                uart0_flush
 *fill*         0x00003dde        0x2 
 .text          0x00003de0      0x7da ./ide/ata.o
                0x00003dfa                ata_detect
                0x00003eb6                ata_read_sector
                0x0000402c                ata_write_sector
                0x0000420a                read_partition_table
                0x000042f8                ata_init
                0x00004390                ata_disk_status
                0x000043a6                ata_disk_initialize
                0x000043bc                ata_wait_not_busy
                0x00004400                ata_wait_for_data
                0x00004444                ata_read_identity
 *fill*         0x000045ba        0x2 
 .text          0x000045bc     0x41e6 ./fatfs/ff.o
                0x000067a6                f_mount
                0x00006862                f_open
                0x00006c58                f_read
                0x00006fdc                f_write
                0x000073fa                f_sync
                0x0000755a                f_close
                0x00007594                f_chdrive
                0x000075be                f_chdir
                0x00007662                f_getcwd
                0x000078b0                f_lseek
                0x00007c34                f_opendir
                0x00007d10                f_closedir
                0x00007d3a                f_readdir
                0x00007dde                f_stat
                0x00007e56                f_getfree
                0x00007ffc                f_truncate
                0x000081ae                f_unlink
                0x0000830c                f_mkdir
                0x0000854e                f_rename
 *fill*         0x000087a2        0x2 
 .text          0x000087a4        0x0 ./fatfs/ffsystem.o
 .text          0x000087a4      0x226 ./fatfs/diskio.o
                0x000087a4                disk_status
                0x000087be                disk_initialize
                0x000087d6                disk_read
                0x00008852                disk_write
                0x000088ce                disk_ioctl
 *fill*         0x000089ca        0x2 
 .text          0x000089cc      0x46c ./tst_fat/tstfat.o
                0x000089cc                listar_diretorio_raiz
                0x00008b90                open_dir
                0x00008c52                ler_e_exibir_joblog
                0x00008de2                le_setor
                0x00008e16                wr_setor
 .text          0x00008e38       0x28 timers.o
                0x00008e38                delay10ms
 .text          0x00008e60        0x0 interrupt.o
 .text          0x00008e60      0x168 ./xmodem/xmodem_asm.o
                0x00008e9e                xmodem_receive
 .text          0x00008fc8       0x7c vectors_asm.o
                0x00008fc8                SvcBusError
                0x00008fc8                TrapFHandler
                0x00008fc8                SpuriousHandler
                0x00008fc8                Int4Handler
                0x00008fc8                SvcTrace
                0x00008fc8                TrapBHandler
                0x00008fc8                Int1Handler
                0x00008fc8                TrapAHandler
                0x00008fc8                SvcChkIns
                0x00008fc8                Trap4Handler
                0x00008fc8                Trap9Handler
                0x00008fc8                Int5Handler
                0x00008fc8                SvcDiv0_handler
                0x00008fc8                Int7Handler
                0x00008fc8                SvcIllegalIns
                0x00008fc8                SvcLineA
                0x00008fc8                SvcPrivViolation
                0x00008fc8                Trap8Handler
                0x00008fc8                Int6Handler
                0x00008fc8                Trap2Handler
                0x00008fc8                bad_exception
                0x00008fc8                Int3Handler
                0x00008fc8                Trap3Handler
                0x00008fc8                Svcaddress_err
                0x00008fc8                Trap7Handler
                0x00008fc8                Trap0Handler
                0x00008fc8                SvcLineF
                0x00008fc8                TrapCHandler
                0x00008fc8                SvcTrapvIns
                0x00008fc8                Trap5Handler
                0x00008fc8                Trap6Handler
                0x00008fca                TrapDHandler
                0x00008fcc                Int2Handler
                0x00008fde                Trap1Handler
                0x0000902e                TrapEHandler
 .text          0x00009044       0x1c ../../lib/libc68k.a(strchr.o)
                0x00009044                strchr
 .text          0x00009060       0x1e ../../lib/libc68k.a(memcpy.o)
                0x00009060                memcpy
 *fill*         0x0000907e        0x2 
 .text          0x00009080      0x360 ../../lib/libc68k.a(malloc.o)
                0x00009234                malloc_init
                0x000092aa                free
                0x000092f6                malloc
                0x0000930a                calloc
                0x0000936a                malloc_num_free
                0x00009384                malloc_num_used
                0x000093a0                malloc_num_fresh
                0x000093bc                malloc_check
 .text          0x000093e0       0x3c ../../lib/libc68k.a(memcmp.o)
                0x000093e0                memcmp
 .text          0x0000941c       0x12 ../../lib/libc68k.a(strlen.o)
                0x0000941c                strlen
 *fill*         0x0000942e        0x2 
 .text          0x00009430       0x16 ../../lib/libc68k.a(memset.o)
                0x00009430                memset
 *fill*         0x00009446        0x2 
 .text          0x00009448       0x26 ../../lib/libc68k.a(strcat.o)
                0x00009448                strcat
 *fill*         0x0000946e        0x2 
 .text          0x00009470       0x18 ../../lib/libc68k.a(strcpy.o)
                0x00009470                strcpy
 .text          0x00009488       0x1a ../../lib/libc68k.a(putchar.o)
                0x00009488                putchar
 *fill*         0x000094a2        0x2 
 .text          0x000094a4      0x206 ../../lib/libc68k.a(sprintf.o)
                0x000094a4                sprintf
 *fill*         0x000096aa        0x2 
 .text          0x000096ac      0x3a6 ../../lib/libc68k.a(printf.o)
                0x000096ac                itox
                0x000096f6                itodec
                0x00009754                itooct
                0x0000979a                itoudec
                0x000097ec                pad_zeros
                0x00009830                printf
 *fill*         0x00009a52        0x2 
 .text          0x00009a54       0x36 ../../lib/libc68k.a(__mulsi3.o)
                0x00009a54                __mulsi3
 *fill*         0x00009a8a        0x2 
 .text          0x00009a8c       0x2c ../../lib/libc68k.a(__umodsi3.o)
                0x00009a8c                __umodsi3
 .text          0x00009ab8       0x3a ../../lib/libc68k.a(__udivsi3.o)
                0x00009ab8                __udivsi3
 *fill*         0x00009af2        0x2 
 .text          0x00009af4      0x148 ../../lib/libc68k.a(strtoul.o)
                0x00009af4                strtoul
 .text          0x00009c3c        0xc ../../lib/libc68k.a(isspace.o)
                0x00009c3c                isspace
 .text          0x00009c48       0x16 ../../lib/libc68k.a(atoi.o)
                0x00009c48                atoi
 *fill*         0x00009c5e        0x2 
 .text          0x00009c60       0x54 ../../lib/libc68k.a(strcasecmp.o)
                0x00009c60                strcasecmp
 .text          0x00009cb4       0x26 ../../lib/libc68k.a(puts.o)
                0x00009cb4                puts
 *fill*         0x00009cda        0x2 
 .text          0x00009cdc       0x32 ../../lib/libc68k.a(strtol.o)
                0x00009cdc                strtol
 *(.rodata)
 .rodata        0x00009d0e      0x134 orion68.o
                0x00009d42                MsgOrionInit
 .rodata        0x00009e42       0x51 vectors.o
 .rodata        0x00009e93      0x2d6 ./dump/mem_dump.o
 .rodata        0x0000a169        0x5 ./shell/io.o
 .rodata        0x0000a16e      0x2fa ./shell/printerro.o
 .rodata        0x0000a468      0x720 ./shell/commands.o
 .rodata        0x0000ab88      0x915 ./shell/decodecmd.o
                0x0000ab88                g_elf_header_bytes
                0x0000af18                g_cmd_table
 .rodata        0x0000b49d      0x119 ./shell/srecord.o
 .rodata        0x0000b5b6      0x2cd ./kbd/drv_kbd.o
                0x0000b5b6                OE_BASE_KEYMAP
                0x0000b636                OE_SHIFT_KEYMAP
                0x0000b6b6                OE_CTRL_KEYMAP
                0x0000b736                OE_ALT_KEYMAP
                0x0000b7b6                OE_ALTGR_KEYMAP
 .rodata        0x0000b883       0x63 ./xmodem/xmodem.o
 .rodata        0x0000b8e6       0x2d ./uarts/drv_uart0.o
 .rodata        0x0000b913      0x1cb ./ide/ata.o
 .rodata        0x0000bade       0x98 ./fatfs/ff.o
 .rodata        0x0000bb76       0x2d ./fatfs/diskio.o
 .rodata        0x0000bba3      0x200 ./tst_fat/tstfat.o
 *fill*         0x0000bda3        0x1 
 .rodata        0x0000bda4       0x28 ../../lib/libc68k.a(printf.o)
                0x0000bdcc                        . = ALIGN (0x2)

.rodata         0x0000bdcc       0x20
                0x0000bdcc                        . = ALIGN (0x2)
 *(.rodata*)
 .rodata.str1.1
                0x0000bdcc       0x20 ../../lib/libc68k.a(sprintf.o)
                                  0xf (size before relaxing)
 .rodata.str1.1
                0x0000bdec       0x20 ../../lib/libc68k.a(printf.o)
                0x0000be0c                        . = ALIGN (0x2)

.data           0x00080000       0x58 load address 0x0000bdec
                0x00080000                        . = ALIGN (0x2)
                0x00080000                        __data_start = .
 *(.data*)
 .data          0x00080000        0x0 ../../obj/orion68_startup.o
 .data          0x00080000        0x0 orion68.o
 .data          0x00080000        0x0 vectors.o
 .data          0x00080000        0x0 console.o
 .data          0x00080000        0x0 ./dump/mem_dump.o
 .data          0x00080000        0x0 ./shell/io.o
 .data          0x00080000       0x50 ./shell/printerro.o
 .data          0x00080050        0x0 ./shell/commands.o
 .data          0x00080050        0x8 ./shell/decodecmd.o
 .data          0x00080058        0x0 ./shell/srecord.o
 .data          0x00080058        0x0 ./kbd/drv_kbd.o
 .data          0x00080058        0x0 ./picoVga/drv_picoVga.o
 .data          0x00080058        0x0 ./xmodem/xmodem.o
 .data          0x00080058        0x0 ./uarts/drv_uart0.o
 .data          0x00080058        0x0 ./ide/ata.o
 .data          0x00080058        0x0 ./fatfs/ff.o
 .data          0x00080058        0x0 ./fatfs/ffsystem.o
 .data          0x00080058        0x0 ./fatfs/diskio.o
 .data          0x00080058        0x0 ./tst_fat/tstfat.o
 .data          0x00080058        0x0 timers.o
 .data          0x00080058        0x0 interrupt.o
 .data          0x00080058        0x0 ./xmodem/xmodem_asm.o
 .data          0x00080058        0x0 vectors_asm.o
 .data          0x00080058        0x0 ../../lib/libc68k.a(strchr.o)
 .data          0x00080058        0x0 ../../lib/libc68k.a(memcpy.o)
 .data          0x00080058        0x0 ../../lib/libc68k.a(malloc.o)
 .data          0x00080058        0x0 ../../lib/libc68k.a(memcmp.o)
 .data          0x00080058        0x0 ../../lib/libc68k.a(strlen.o)
 .data          0x00080058        0x0 ../../lib/libc68k.a(memset.o)
 .data          0x00080058        0x0 ../../lib/libc68k.a(strcat.o)
 .data          0x00080058        0x0 ../../lib/libc68k.a(strcpy.o)
 .data          0x00080058        0x0 ../../lib/libc68k.a(putchar.o)
 .data          0x00080058        0x0 ../../lib/libc68k.a(sprintf.o)
 .data          0x00080058        0x0 ../../lib/libc68k.a(printf.o)
 .data          0x00080058        0x0 ../../lib/libc68k.a(__mulsi3.o)
 .data          0x00080058        0x0 ../../lib/libc68k.a(__umodsi3.o)
 .data          0x00080058        0x0 ../../lib/libc68k.a(__udivsi3.o)
 .data          0x00080058        0x0 ../../lib/libc68k.a(strtoul.o)
 .data          0x00080058        0x0 ../../lib/libc68k.a(isspace.o)
 .data          0x00080058        0x0 ../../lib/libc68k.a(atoi.o)
 .data          0x00080058        0x0 ../../lib/libc68k.a(strcasecmp.o)
 .data          0x00080058        0x0 ../../lib/libc68k.a(puts.o)
 .data          0x00080058        0x0 ../../lib/libc68k.a(strtol.o)
                0x00080058                        . = ALIGN (0x2)
                0x00080058                        __data_end = .

.mram           0x00080058        0x8 load address 0x0000be44
 *(?.mram)
 .mram          0x00080058        0x8 orion68.o
                0x00080058                systemTick
                0x0008005c                flg_system
                0x0000bdec                        __data_load_start = LOADADDR (.data)

.bss            0x00080060      0xaa8 load address 0x0000be44
                0x00080060                        . = ALIGN (0x2)
                0x00080060                        __bss_start = .
 *(.bss*)
 .bss           0x00080060        0x0 ../../obj/orion68_startup.o
 .bss           0x00080060      0x3bc orion68.o
                0x00080060                sys_flags
                0x00080062                FatFs
                0x0008029c                g_cmd_buffer
                0x0008031c                buffer
                0x0008039c                syspath
 .bss           0x0008041c        0x0 vectors.o
 .bss           0x0008041c        0x8 console.o
                0x0008041c                cconin
                0x00080420                cconout
 .bss           0x00080424        0x0 ./dump/mem_dump.o
 .bss           0x00080424        0x0 ./shell/io.o
 .bss           0x00080424        0x0 ./shell/printerro.o
 .bss           0x00080424      0x272 ./shell/commands.o
                0x00080424                basic_running
 *fill*         0x00080696        0x2 
 .bss           0x00080698        0x4 ./shell/decodecmd.o
 .bss           0x0008069c        0x9 ./shell/srecord.o
                0x0008069c                g_srec_buffer
                0x000806a0                g_srec_ptr
                0x000806a4                g_srec_checksum
 *fill*         0x000806a5        0x3 
 .bss           0x000806a8       0x3b ./kbd/drv_kbd.o
                0x000806a8                key_buffer
                0x000806d8                cmd
                0x000806d9                length
                0x000806da                type
                0x000806db                special_key_up
                0x000806dc                special_key_down
                0x000806dd                key_up
                0x000806de                key_down
                0x000806df                special_key_status
                0x000806e0                _CapsFlag
                0x000806e1                mod_caps
                0x000806e2                debug_pkt
 *fill*         0x000806e3        0x1 
 .bss           0x000806e4        0x0 ./picoVga/drv_picoVga.o
 .bss           0x000806e4        0x0 ./xmodem/xmodem.o
 .bss           0x000806e4        0x0 ./uarts/drv_uart0.o
 .bss           0x000806e4       0x28 ./ide/ata.o
                0x000806e4                drives
 .bss           0x0008070c        0xd ./fatfs/ff.o
 *fill*         0x00080719        0x3 
 .bss           0x0008071c        0x0 ./fatfs/ffsystem.o
 .bss           0x0008071c       0x64 ./fatfs/diskio.o
 .bss           0x00080780      0x2f0 ./tst_fat/tstfat.o
                0x00080780                Dir
                0x000807ae                Fno
                0x000807c8                buffer_leitura
 .bss           0x00080a70        0x0 timers.o
 .bss           0x00080a70        0x0 interrupt.o
 .bss           0x00080a70       0x84 ./xmodem/xmodem_asm.o
 .bss           0x00080af4        0x0 vectors_asm.o
 .bss           0x00080af4        0x0 ../../lib/libc68k.a(strchr.o)
 .bss           0x00080af4        0x0 ../../lib/libc68k.a(memcpy.o)
 .bss           0x00080af4       0x14 ../../lib/libc68k.a(malloc.o)
 .bss           0x00080b08        0x0 ../../lib/libc68k.a(memcmp.o)
 .bss           0x00080b08        0x0 ../../lib/libc68k.a(strlen.o)
 .bss           0x00080b08        0x0 ../../lib/libc68k.a(memset.o)
 .bss           0x00080b08        0x0 ../../lib/libc68k.a(strcat.o)
 .bss           0x00080b08        0x0 ../../lib/libc68k.a(strcpy.o)
 .bss           0x00080b08        0x0 ../../lib/libc68k.a(putchar.o)
 .bss           0x00080b08        0x0 ../../lib/libc68k.a(sprintf.o)
 .bss           0x00080b08        0x0 ../../lib/libc68k.a(printf.o)
 .bss           0x00080b08        0x0 ../../lib/libc68k.a(__mulsi3.o)
 .bss           0x00080b08        0x0 ../../lib/libc68k.a(__umodsi3.o)
 .bss           0x00080b08        0x0 ../../lib/libc68k.a(__udivsi3.o)
 .bss           0x00080b08        0x0 ../../lib/libc68k.a(strtoul.o)
 .bss           0x00080b08        0x0 ../../lib/libc68k.a(isspace.o)
 .bss           0x00080b08        0x0 ../../lib/libc68k.a(atoi.o)
 .bss           0x00080b08        0x0 ../../lib/libc68k.a(strcasecmp.o)
 .bss           0x00080b08        0x0 ../../lib/libc68k.a(puts.o)
 .bss           0x00080b08        0x0 ../../lib/libc68k.a(strtol.o)
 *(COMMON)
                0x00080b08                        . = ALIGN (0x2)
                0x00080b08                        __bss_end = .
                0x00100000                        _stack_end = 0x100000
                0x000fe000                        _stack_start = (_stack_end - 0x2000)

/DISCARD/
 *(.comment)
 *(.note*)
 *(.align*)
LOAD ../../obj/orion68_startup.o
LOAD orion68.o
LOAD vectors.o
LOAD console.o
LOAD ./dump/mem_dump.o
LOAD ./shell/io.o
LOAD ./shell/printerro.o
LOAD ./shell/commands.o
LOAD ./shell/decodecmd.o
LOAD ./shell/srecord.o
LOAD ./kbd/drv_kbd.o
LOAD ./picoVga/drv_picoVga.o
LOAD ./xmodem/xmodem.o
LOAD ./uarts/drv_uart0.o
LOAD ./ide/ata.o
LOAD ./fatfs/ff.o
LOAD ./fatfs/ffsystem.o
LOAD ./fatfs/diskio.o
LOAD ./tst_fat/tstfat.o
LOAD timers.o
LOAD interrupt.o
LOAD ./xmodem/xmodem_asm.o
LOAD vectors_asm.o
LOAD ../../lib/libc68k.a
OUTPUT(orion68.elf elf32-m68k)
