Archive member included to satisfy reference by file (symbol)

/home/pdsilva/.pico-sdk/toolchain/14_2_Rel1/bin/../lib/gcc/arm-none-eabi/14.2.1/../../../../arm-none-eabi/lib/thumb/v8-m.main+fp/softfp/libm.a(libm_a-wf_sqrt.o)
                              CMakeFiles/pds200Pico2.dir/home/pdsilva/.pico-sdk/sdk/2.2.0/src/rp2_common/pico_float/float_math.c.o (sqrtf)
/home/pdsilva/.pico-sdk/toolchain/14_2_Rel1/bin/../lib/gcc/arm-none-eabi/14.2.1/../../../../arm-none-eabi/lib/thumb/v8-m.main+fp/softfp/libm.a(libm_a-ef_sqrt.o)
                              /home/pdsilva/.pico-sdk/toolchain/14_2_Rel1/bin/../lib/gcc/arm-none-eabi/14.2.1/../../../../arm-none-eabi/lib/thumb/v8-m.main+fp/softfp/libm.a(libm_a-wf_sqrt.o) (__ieee754_sqrtf)
/home/pdsilva/.pico-sdk/toolchain/14_2_Rel1/bin/../lib/gcc/arm-none-eabi/14.2.1/thumb/v8-m.main+fp/softfp/libgcc.a(_arm_addsubdf3.o)
                              CMakeFiles/pds200Pico2.dir/home/pdsilva/.pico-sdk/sdk/2.2.0/src/rp2_common/pico_float/float_math.c.o (__aeabi_f2d)
/home/pdsilva/.pico-sdk/toolchain/14_2_Rel1/bin/../lib/gcc/arm-none-eabi/14.2.1/thumb/v8-m.main+fp/softfp/libgcc.a(_aeabi_ldivmod.o)
                              CMakeFiles/pds200Pico2.dir/home/pdsilva/.pico-sdk/sdk/2.2.0/src/common/pico_time/time.c.o (__aeabi_ldivmod)
/home/pdsilva/.pico-sdk/toolchain/14_2_Rel1/bin/../lib/gcc/arm-none-eabi/14.2.1/thumb/v8-m.main+fp/softfp/libgcc.a(_aeabi_uldivmod.o)
                              CMakeFiles/pds200Pico2.dir/home/pdsilva/.pico-sdk/sdk/2.2.0/src/rp2_common/hardware_clocks/clocks.c.o (__aeabi_uldivmod)
/home/pdsilva/.pico-sdk/toolchain/14_2_Rel1/bin/../lib/gcc/arm-none-eabi/14.2.1/thumb/v8-m.main+fp/softfp/libgcc.a(_udivmoddi4.o)
                              /home/pdsilva/.pico-sdk/toolchain/14_2_Rel1/bin/../lib/gcc/arm-none-eabi/14.2.1/thumb/v8-m.main+fp/softfp/libgcc.a(_aeabi_ldivmod.o) (__udivmoddi4)
/home/pdsilva/.pico-sdk/toolchain/14_2_Rel1/bin/../lib/gcc/arm-none-eabi/14.2.1/thumb/v8-m.main+fp/softfp/libgcc.a(_dvmd_tls.o)
                              /home/pdsilva/.pico-sdk/toolchain/14_2_Rel1/bin/../lib/gcc/arm-none-eabi/14.2.1/thumb/v8-m.main+fp/softfp/libgcc.a(_aeabi_ldivmod.o) (__aeabi_ldiv0)
/home/pdsilva/.pico-sdk/toolchain/14_2_Rel1/bin/../lib/gcc/arm-none-eabi/14.2.1/../../../../arm-none-eabi/lib/thumb/v8-m.main+fp/softfp/libg.a(libc_a-atoi.o)
                              CMakeFiles/pds200Pico2.dir/home/pdsilva/.pico-sdk/sdk/2.2.0/lib/lwip/src/core/netif.c.o (atoi)
/home/pdsilva/.pico-sdk/toolchain/14_2_Rel1/bin/../lib/gcc/arm-none-eabi/14.2.1/../../../../arm-none-eabi/lib/thumb/v8-m.main+fp/softfp/libg.a(libc_a-calloc.o)
                              CMakeFiles/pds200Pico2.dir/home/pdsilva/.pico-sdk/sdk/2.2.0/src/rp2_common/pico_malloc/malloc.c.o (calloc)
/home/pdsilva/.pico-sdk/toolchain/14_2_Rel1/bin/../lib/gcc/arm-none-eabi/14.2.1/../../../../arm-none-eabi/lib/thumb/v8-m.main+fp/softfp/libg.a(libc_a-callocr.o)
                              /home/pdsilva/.pico-sdk/toolchain/14_2_Rel1/bin/../lib/gcc/arm-none-eabi/14.2.1/../../../../arm-none-eabi/lib/thumb/v8-m.main+fp/softfp/libg.a(libc_a-calloc.o) (_calloc_r)
/home/pdsilva/.pico-sdk/toolchain/14_2_Rel1/bin/../lib/gcc/arm-none-eabi/14.2.1/../../../../arm-none-eabi/lib/thumb/v8-m.main+fp/softfp/libg.a(libc_a-malloc.o)
                              CMakeFiles/pds200Pico2.dir/home/pdsilva/.pico-sdk/sdk/2.2.0/src/rp2_common/pico_malloc/malloc.c.o (malloc)
/home/pdsilva/.pico-sdk/toolchain/14_2_Rel1/bin/../lib/gcc/arm-none-eabi/14.2.1/../../../../arm-none-eabi/lib/thumb/v8-m.main+fp/softfp/libg.a(libc_a-mallocr.o)
                              /home/pdsilva/.pico-sdk/toolchain/14_2_Rel1/bin/../lib/gcc/arm-none-eabi/14.2.1/../../../../arm-none-eabi/lib/thumb/v8-m.main+fp/softfp/libg.a(libc_a-callocr.o) (_malloc_r)
/home/pdsilva/.pico-sdk/toolchain/14_2_Rel1/bin/../lib/gcc/arm-none-eabi/14.2.1/../../../../arm-none-eabi/lib/thumb/v8-m.main+fp/softfp/libg.a(libc_a-mlock.o)
                              /home/pdsilva/.pico-sdk/toolchain/14_2_Rel1/bin/../lib/gcc/arm-none-eabi/14.2.1/../../../../arm-none-eabi/lib/thumb/v8-m.main+fp/softfp/libg.a(libc_a-mallocr.o) (__malloc_lock)
/home/pdsilva/.pico-sdk/toolchain/14_2_Rel1/bin/../lib/gcc/arm-none-eabi/14.2.1/../../../../arm-none-eabi/lib/thumb/v8-m.main+fp/softfp/libg.a(libc_a-realloc.o)
                              CMakeFiles/pds200Pico2.dir/home/pdsilva/.pico-sdk/sdk/2.2.0/src/rp2_common/pico_malloc/malloc.c.o (realloc)
/home/pdsilva/.pico-sdk/toolchain/14_2_Rel1/bin/../lib/gcc/arm-none-eabi/14.2.1/../../../../arm-none-eabi/lib/thumb/v8-m.main+fp/softfp/libg.a(libc_a-reallocr.o)
                              /home/pdsilva/.pico-sdk/toolchain/14_2_Rel1/bin/../lib/gcc/arm-none-eabi/14.2.1/../../../../arm-none-eabi/lib/thumb/v8-m.main+fp/softfp/libg.a(libc_a-realloc.o) (_realloc_r)
/home/pdsilva/.pico-sdk/toolchain/14_2_Rel1/bin/../lib/gcc/arm-none-eabi/14.2.1/../../../../arm-none-eabi/lib/thumb/v8-m.main+fp/softfp/libg.a(libc_a-strtol.o)
[...]
Memory Configuration

Name             Origin             Length             Attributes
FLASH            0x10000000         0x00400000         xr
RAM              0x20000000         0x00080000         xrw
SCRATCH_X        0x20080000         0x00001000         xrw
SCRATCH_Y        0x20081000         0x00001000         xrw
*default*        0x00000000         0xffffffff

Linker script and memory map

LOAD /home/pdsilva/.pico-sdk/toolchain/14_2_Rel1/bin/../lib/gcc/arm-none-eabi/14.2.1/thumb/v8-m.main+fp/softfp/crti.o
LOAD /home/pdsilva/.pico-sdk/toolchain/14_2_Rel1/bin/../lib/gcc/arm-none-eabi/14.2.1/thumb/v8-m.main+fp/softfp/crtbegin.o
LOAD /home/pdsilva/.pico-sdk/toolchain/14_2_Rel1/bin/../lib/gcc/arm-none-eabi/14.2.1/../../../../arm-none-eabi/lib/thumb/v8-m.main+fp/softfp/crt0.o

.flash_begin    0x10000000        0x0
                0x10000000                        __flash_binary_start = .

.text           0x10000000    0x16760
                0x10000000                        __logical_binary_start = .
 *(.vectors)
 .vectors       0x10000000      0x124 CMakeFiles/pds200Pico2.dir/home/pdsilva/.pico-sdk/sdk/2.2.0/src/rp2_common/pico_crt0/crt0.S.o
                0x10000000                __vectors
                0x10000000                __VECTOR_TABLE
                0x10000110                isr_securefault
                0x10000110                isr_irq30
                0x10000110                __unhandled_user_irq
                0x10000110                isr_irq49
                0x10000110                isr_irq13
                0x10000110                isr_irq43
                0x10000110                isr_irq45
                0x10000110                isr_irq27
                0x10000110                isr_irq32
                0x10000110                isr_irq31
                0x10000110                isr_irq5
                0x10000110                isr_irq11
                0x10000110                isr_irq23
                0x10000110                isr_usagefault
                0x10000110                isr_irq48
                0x10000110                isr_irq35
                0x10000110                isr_irq18
                0x10000110                isr_irq50
                0x10000110                isr_irq40
                0x10000110                isr_irq28
                0x10000110                isr_irq19
                0x10000110                isr_irq36
                0x10000110                isr_irq41
                0x10000110                isr_irq0
                0x10000110                isr_irq6
                0x10000110                isr_memmanage
                0x10000110                isr_irq37
                0x10000110                isr_irq42
                0x10000110                isr_irq22
                0x10000110                isr_irq17
                0x10000110                isr_irq38
                0x10000110                isr_irq14
                0x10000110                __vectors_end
                0x10000110                __default_isrs_start
                0x10000110                isr_irq2
                0x10000110                isr_irq10
                0x10000110                isr_irq8
                0x10000110                isr_debugmonitor
                0x10000110                isr_irq24
                0x10000110                isr_irq46
                0x10000110                isr_irq1
                0x10000110                isr_irq47
                0x10000110                isr_irq51
                0x10000110                isr_irq7
                0x10000110                isr_irq21
                0x10000110                isr_irq39
                0x10000110                isr_irq20
                0x10000110                isr_irq15
                0x10000110                isr_irq25
                0x10000110                isr_irq34
                0x10000110                isr_irq4
                0x10000110                isr_busfault
                0x10000110                isr_irq16
                0x10000110                isr_irq44
                0x10000110                isr_irq29
                0x10000110                isr_irq26
                0x10000110                isr_irq33
                0x10000110                isr_irq3
                0x10000110                isr_irq12
                0x10000110                isr_irq9
                0x10000116                unhandled_user_irq_num_in_r0
                0x10000118                isr_invalid
                0x1000011a                isr_nmi
                0x1000011c                isr_hardfault
                0x1000011e                isr_svcall
                0x10000120                isr_pendsv
                0x10000122                isr_systick
                0x10000124                __default_isrs_end
 *(.binary_info_header)
 .binary_info_header
                0x10000124       0x14 CMakeFiles/pds200Pico2.dir/home/pdsilva/.pico-sdk/sdk/2.2.0/src/rp2_common/pico_crt0/crt0.S.o
                0x10000138                        __binary_info_header_end = .
 *(.embedded_block)
 .embedded_block
                0x10000138       0x14 CMakeFiles/pds200Pico2.dir/home/pdsilva/.pico-sdk/sdk/2.2.0/src/rp2_common/pico_crt0/crt0.S.o
                0x1000014c                        __embedded_block_end = .
 *(.reset)
 .reset         0x1000014c       0x98 CMakeFiles/pds200Pico2.dir/home/pdsilva/.pico-sdk/sdk/2.2.0/src/rp2_common/pico_crt0/crt0.S.o
                0x1000014c                _entry_point
 *(.init)
 .init          0x100001e4        0x4 /home/pdsilva/.pico-sdk/toolchain/14_2_Rel1/bin/../lib/gcc/arm-none-eabi/14.2.1/thumb/v8-m.main+fp/softfp/crti.o
                0x100001e4                _init
 *libgcc.a:cmse_nonsecure_call.o()
 *(EXCLUDE_FILE(*libm.a: *libc.a:*lib_a-mem*.o *libgcc.a:) .text*)
 .text.register_tm_clones
                0x100001e8       0x28 /home/pdsilva/.pico-sdk/toolchain/14_2_Rel1/bin/../lib/gcc/arm-none-eabi/14.2.1/thumb/v8-m.main+fp/softfp/crtbegin.o
 .text.frame_dummy
                0x10000210       0x24 /home/pdsilva/.pico-sdk/toolchain/14_2_Rel1/bin/../lib/gcc/arm-none-eabi/14.2.1/thumb/v8-m.main+fp/softfp/crtbegin.o
 .text.tcp_server_accept
                0x10000234       0x48 CMakeFiles/pds200Pico2.dir/pds200.c.o
 .text.tcp_server_recv
                0x1000027c      0x154 CMakeFiles/pds200Pico2.dir/pds200.c.o
 .text.start_tcp_server
                0x100003d0       0x70 CMakeFiles/pds200Pico2.dir/pds200.c.o
                0x100003d0                start_tcp_server
 .text.startup.main
                0x10000440      0x168 CMakeFiles/pds200Pico2.dir/pds200.c.o
                0x10000440                main
 .text.gerenciar_barramento_m68k
                0x100005a8       0x7c CMakeFiles/pds200Pico2.dir/orion_bus.c.o
                0x100005a8                gerenciar_barramento_m68k
 .text.gpio_set_function
                0x10000624       0x3c CMakeFiles/pds200Pico2.dir/home/pdsilva/.pico-sdk/sdk/2.2.0/src/rp2_common/hardware_gpio/gpio.c.o
                0x10000624                gpio_set_function
 .text.gpio_set_pulls
                0x10000660       0x28 CMakeFiles/pds200Pico2.dir/home/pdsilva/.pico-sdk/sdk/2.2.0/src/rp2_common/hardware_gpio/gpio.c.o
                0x10000660                gpio_set_pulls
 .text.gpio_set_input_hysteresis_enabled
                0x10000688       0x20 CMakeFiles/pds200Pico2.dir/home/pdsilva/.pico-sdk/sdk/2.2.0/src/rp2_common/hardware_gpio/gpio.c.o
                0x10000688                gpio_set_input_hysteresis_enabled
 .text.gpio_set_irq_enabled
                0x100006a8       0x48 CMakeFiles/pds200Pico2.dir/home/pdsilva/.pico-sdk/sdk/2.2.0/src/rp2_common/hardware_gpio/gpio.c.o
                0x100006a8                gpio_set_irq_enabled
 .text.gpio_add_raw_irq_handler_with_order_priority_masked
                0x100006f0       0x44 CMakeFiles/pds200Pico2.dir/home/pdsilva/.pico-sdk/sdk/2.2.0/src/rp2_common/hardware_gpio/gpio.c.o
                0x100006f0                gpio_add_raw_irq_handler_with_order_priority_masked
 .text.gpio_remove_raw_irq_handler_masked
                0x10000734       0x24 CMakeFiles/pds200Pico2.dir/home/pdsilva/.pico-sdk/sdk/2.2.0/src/rp2_common/hardware_gpio/gpio.c.o
                0x10000734                gpio_remove_raw_irq_handler_masked
 .text.gpio_init
                0x10000758       0x48 CMakeFiles/pds200Pico2.dir/home/pdsilva/.pico-sdk/sdk/2.2.0/src/rp2_common/hardware_gpio/gpio.c.o
                0x10000758                gpio_init
 .text.panic    0x100007a0       0x30 CMakeFiles/pds200Pico2.dir/home/pdsilva/.pico-sdk/sdk/2.2.0/src/rp2_common/pico_platform_panic/panic.c.o
                0x100007a0                panic
 .text.hw_claim_lock
                0x100007d0       0x24 CMakeFiles/pds200Pico2.dir/home/pdsilva/.pico-sdk/sdk/2.2.0/src/common/hardware_claim/claim.c.o
                0x100007d0                hw_claim_lock
 .text.hw_claim_unlock
                0x100007f4       0x14 CMakeFiles/pds200Pico2.dir/home/pdsilva/.pico-sdk/sdk/2.2.0/src/common/hardware_claim/claim.c.o
                0x100007f4                hw_claim_unlock
 .text.hw_claim_or_assert
                0x10000808       0x58 CMakeFiles/pds200Pico2.dir/home/pdsilva/.pico-sdk/sdk/2.2.0/src/common/hardware_claim/claim.c.o
                0x10000808                hw_claim_or_assert
 .text.hw_claim_unused_from_range
                0x10000860       0x80 CMakeFiles/pds200Pico2.dir/home/pdsilva/.pico-sdk/sdk/2.2.0/src/common/hardware_claim/claim.c.o
                0x10000860                hw_claim_unused_from_range
 .text.hw_claim_clear
                0x100008e0       0x50 CMakeFiles/pds200Pico2.dir/home/pdsilva/.pico-sdk/sdk/2.2.0/src/common/hardware_claim/claim.c.o
                0x100008e0                hw_claim_clear
 .text.next_striped_spin_lock_num
                0x10000930       0x18 CMakeFiles/pds200Pico2.dir/home/pdsilva/.pico-sdk/sdk/2.2.0/src/rp2_common/hardware_sync/sync.c.o
                0x10000930                next_striped_spin_lock_num
 .text.spin_lock_claim_unused
                0x10000948       0x20 CMakeFiles/pds200Pico2.dir/home/pdsilva/.pico-sdk/sdk/2.2.0/src/rp2_common/hardware_sync/sync.c.o
                0x10000948                spin_lock_claim_unused
 .text.spinlock_set_extexclall
                0x10000968       0x10 CMakeFiles/pds200Pico2.dir/home/pdsilva/.pico-sdk/sdk/2.2.0/src/rp2_common/hardware_sync_spin_lock/sync_spin_lock.c.o
 .text.spin_locks_reset
                0x10000978       0x18 CMakeFiles/pds200Pico2.dir/home/pdsilva/.pico-sdk/sdk/2.2.0/src/rp2_common/hardware_sync_spin_lock/sync_spin_lock.c.o
                0x10000978                spin_locks_reset
 .text.runtime_init_per_core_irq_priorities
                0x10000990       0x40 CMakeFiles/pds200Pico2.dir/home/pdsilva/.pico-sdk/sdk/2.2.0/src/rp2_common/hardware_irq/irq.c.o
                0x10000990                runtime_init_per_core_irq_priorities
 .text.irq_set_enabled
                0x100009d0       0x2c CMakeFiles/pds200Pico2.dir/home/pdsilva/.pico-sdk/sdk/2.2.0/src/rp2_common/hardware_irq/irq.c.o
                0x100009d0                irq_set_enabled
 .text.irq_is_enabled
                0x100009fc       0x20 CMakeFiles/pds200Pico2.dir/home/pdsilva/.pico-sdk/sdk/2.2.0/src/rp2_common/hardware_irq/irq.c.o
                0x100009fc                irq_is_enabled
 .text.irq_set_pending
                0x10000a1c       0x18 CMakeFiles/pds200Pico2.dir/home/pdsilva/.pico-sdk/sdk/2.2.0/src/rp2_common/hardware_irq/irq.c.o
                0x10000a1c                irq_set_pending
 .text.irq_has_shared_handler
                0x10000a34       0x20 CMakeFiles/pds200Pico2.dir/home/pdsilva/.pico-sdk/sdk/2.2.0/src/rp2_common/hardware_irq/irq.c.o
                0x10000a34                irq_has_shared_handler
 .text.irq_set_exclusive_handler
                0x10000a54       0x60 CMakeFiles/pds200Pico2.dir/home/pdsilva/.pico-sdk/sdk/2.2.0/src/rp2_common/hardware_irq/irq.c.o
                0x10000a54                irq_set_exclusive_handler
 .text.irq_add_shared_handler
                0x10000ab4      0x1e8 CMakeFiles/pds200Pico2.dir/home/pdsilva/.pico-sdk/sdk/2.2.0/src/rp2_common/hardware_irq/irq.c.o
                0x10000ab4                irq_add_shared_handler
 .text.irq_remove_handler
                0x10000c9c      0x1f4 CMakeFiles/pds200Pico2.dir/home/pdsilva/.pico-sdk/sdk/2.2.0/src/rp2_common/hardware_irq/irq.c.o
                0x10000c9c                irq_remove_handler
 .text.irq_set_priority
                0x10000e90       0x28 CMakeFiles/pds200Pico2.dir/home/pdsilva/.pico-sdk/sdk/2.2.0/src/rp2_common/hardware_irq/irq.c.o
                0x10000e90                irq_set_priority
 .text.irq_add_tail_to_free_list
                0x10000eb8       0xbc CMakeFiles/pds200Pico2.dir/home/pdsilva/.pico-sdk/sdk/2.2.0/src/rp2_common/hardware_irq/irq.c.o
                0x10000eb8                irq_add_tail_to_free_list
 .text.user_irq_unclaim
                0x10000f74       0x10 CMakeFiles/pds200Pico2.dir/home/pdsilva/.pico-sdk/sdk/2.2.0/src/rp2_common/hardware_irq/irq.c.o
                0x10000f74                user_irq_unclaim
 .text.user_irq_claim_unused
                0x10000f84       0x28 CMakeFiles/pds200Pico2.dir/home/pdsilva/.pico-sdk/sdk/2.2.0/src/rp2_common/hardware_irq/irq.c.o
                0x10000f84                user_irq_claim_unused
 .text.sem_init
                0x10000fac       0x20 CMakeFiles/pds200Pico2.dir/home/pdsilva/.pico-sdk/sdk/2.2.0/src/common/pico_sync/sem.c.o
                0x10000fac                sem_init
 .text.lock_init
                0x10000fcc        0xc CMakeFiles/pds200Pico2.dir/home/pdsilva/.pico-sdk/sdk/2.2.0/src/common/pico_sync/lock_core.c.o
                0x10000fcc                lock_init
 .text.runtime_init_mutex
                0x10000fd8       0x4c CMakeFiles/pds200Pico2.dir/home/pdsilva/.pico-sdk/sdk/2.2.0/src/common/pico_sync/mutex.c.o
                0x10000fd8                runtime_init_mutex
 .text.mutex_init
                0x10001024       0x1c CMakeFiles/pds200Pico2.dir/home/pdsilva/.pico-sdk/sdk/2.2.0/src/common/pico_sync/mutex.c.o
                0x10001024                mutex_init
 .text.recursive_mutex_init
                0x10001040       0x1c CMakeFiles/pds200Pico2.dir/home/pdsilva/.pico-sdk/sdk/2.2.0/src/common/pico_sync/mutex.c.o
                0x10001040                recursive_mutex_init
 .text.critical_section_init
                0x1000105c       0x1c CMakeFiles/pds200Pico2.dir/home/pdsilva/.pico-sdk/sdk/2.2.0/src/common/pico_sync/critical_section.c.o
                0x1000105c                critical_section_init
 .text.critical_section_init_with_lock_num
                0x10001078       0x10 CMakeFiles/pds200Pico2.dir/home/pdsilva/.pico-sdk/sdk/2.2.0/src/common/pico_sync/critical_section.c.o
                0x10001078                critical_section_init_with_lock_num
 .text.sleep_until_callback
                0x10001088       0x3c CMakeFiles/pds200Pico2.dir/home/pdsilva/.pico-sdk/sdk/2.2.0/src/common/pico_time/time.c.o
 *fill*         0x100010c4        0x4 
 .text.alarm_pool_irq_handler
                0x100010c8      0x2f0 CMakeFiles/pds200Pico2.dir/home/pdsilva/.pico-sdk/sdk/2.2.0/src/common/pico_time/time.c.o
 .text.runtime_init_default_alarm_pool
                0x100013b8      0x100 CMakeFiles/pds200Pico2.dir/home/pdsilva/.pico-sdk/sdk/2.2.0/src/common/pico_time/time.c.o
                0x100013b8                runtime_init_default_alarm_pool
 .text.alarm_pool_get_default
                0x100014b8        0x8 CMakeFiles/pds200Pico2.dir/home/pdsilva/.pico-sdk/sdk/2.2.0/src/common/pico_time/time.c.o
                0x100014b8                alarm_pool_get_default
 .text.alarm_pool_create_on_timer_with_unused_hardware_alarm
                0x100014c0       0xb4 CMakeFiles/pds200Pico2.dir/home/pdsilva/.pico-sdk/sdk/2.2.0/src/common/pico_time/time.c.o
                0x100014c0                alarm_pool_create_on_timer_with_unused_hardware_alarm
 .text.alarm_pool_destroy
                0x10001574       0x84 CMakeFiles/pds200Pico2.dir/home/pdsilva/.pico-sdk/sdk/2.2.0/src/common/pico_time/time.c.o
                0x10001574                alarm_pool_destroy
 .text.alarm_pool_add_alarm_at
                0x100015f8       0xdc CMakeFiles/pds200Pico2.dir/home/pdsilva/.pico-sdk/sdk/2.2.0/src/common/pico_time/time.c.o
                0x100015f8                alarm_pool_add_alarm_at
 .text.alarm_pool_add_alarm_at_force_in_context
                0x100016d4       0xc8 CMakeFiles/pds200Pico2.dir/home/pdsilva/.pico-sdk/sdk/2.2.0/src/common/pico_time/time.c.o
                0x100016d4                alarm_pool_add_alarm_at_force_in_context
 .text.alarm_pool_cancel_alarm
                0x1000179c       0x80 CMakeFiles/pds200Pico2.dir/home/pdsilva/.pico-sdk/sdk/2.2.0/src/common/pico_time/time.c.o
                0x1000179c                alarm_pool_cancel_alarm
 .text.alarm_pool_core_num
                0x1000181c        0x4 CMakeFiles/pds200Pico2.dir/home/pdsilva/.pico-sdk/sdk/2.2.0/src/common/pico_time/time.c.o
                0x1000181c                alarm_pool_core_num
 .text.sleep_until
                0x10001820       0xbc CMakeFiles/pds200Pico2.dir/home/pdsilva/.pico-sdk/sdk/2.2.0/src/common/pico_time/time.c.o
                0x10001820                sleep_until
 .text.sleep_ms
                0x100018dc       0xdc CMakeFiles/pds200Pico2.dir/home/pdsilva/.pico-sdk/sdk/2.2.0/src/common/pico_time/time.c.o
                0x100018dc                sleep_ms
 .text.best_effort_wfe_or_timeout
                0x100019b8       0xd4 CMakeFiles/pds200Pico2.dir/home/pdsilva/.pico-sdk/sdk/2.2.0/src/common/pico_time/time.c.o
                0x100019b8                best_effort_wfe_or_timeout
 .text.alarm_pool_get_default_timer
                0x10001a8c        0x8 CMakeFiles/pds200Pico2.dir/home/pdsilva/.pico-sdk/sdk/2.2.0/src/common/pico_time/time.c.o
                0x10001a8c                alarm_pool_get_default_timer
 .text.timer_hardware_alarm_claim
                0x10001a94       0x24 CMakeFiles/pds200Pico2.dir/home/pdsilva/.pico-sdk/sdk/2.2.0/src/rp2_common/hardware_timer/timer.c.o
                0x10001a94                timer_hardware_alarm_claim
 .text.timer_hardware_alarm_unclaim
                0x10001ab8       0x18 CMakeFiles/pds200Pico2.dir/home/pdsilva/.pico-sdk/sdk/2.2.0/src/rp2_common/hardware_timer/timer.c.o
                0x10001ab8                timer_hardware_alarm_unclaim
 .text.timer_hardware_alarm_claim_unused
                0x10001ad0       0x2c CMakeFiles/pds200Pico2.dir/home/pdsilva/.pico-sdk/sdk/2.2.0/src/rp2_common/hardware_timer/timer.c.o
                0x10001ad0                timer_hardware_alarm_claim_unused
 .text.timer_time_us_64
                0x10001afc       0x10 CMakeFiles/pds200Pico2.dir/home/pdsilva/.pico-sdk/sdk/2.2.0/src/rp2_common/hardware_timer/timer.c.o
                0x10001afc                timer_time_us_64
 .text.time_us_64
                0x10001b0c       0x14 CMakeFiles/pds200Pico2.dir/home/pdsilva/.pico-sdk/sdk/2.2.0/src/rp2_common/hardware_timer/timer.c.o
                0x10001b0c                time_us_64
 .text.busy_wait_until
                0x10001b20       0x24 CMakeFiles/pds200Pico2.dir/home/pdsilva/.pico-sdk/sdk/2.2.0/src/rp2_common/hardware_timer/timer.c.o
                0x10001b20                busy_wait_until
 .text.clock_configure_undivided
                0x10001b44       0xd0 CMakeFiles/pds200Pico2.dir/home/pdsilva/.pico-sdk/sdk/2.2.0/src/rp2_common/hardware_clocks/clocks.c.o
                0x10001b44                clock_configure_undivided
 .text.clock_get_hz
                0x10001c14        0xc CMakeFiles/pds200Pico2.dir/home/pdsilva/.pico-sdk/sdk/2.2.0/src/rp2_common/hardware_clocks/clocks.c.o
                0x10001c14                clock_get_hz
 .text.pll_init
                0x10001c20       0x8c CMakeFiles/pds200Pico2.dir/home/pdsilva/.pico-sdk/sdk/2.2.0/src/rp2_common/hardware_pll/pll.c.o
                0x10001c20                pll_init
 .text.watchdog_reboot
                0x10001cac       0x98 CMakeFiles/pds200Pico2.dir/home/pdsilva/.pico-sdk/sdk/2.2.0/src/rp2_common/hardware_watchdog/watchdog.c.o
                0x10001cac                watchdog_reboot
 .text.tick_start
                0x10001d44       0x18 CMakeFiles/pds200Pico2.dir/home/pdsilva/.pico-sdk/sdk/2.2.0/src/rp2_common/hardware_ticks/ticks.c.o
                0x10001d44                tick_start
 .text.rom_reboot.constprop.0.isra.0
                0x10001d5c       0x34 CMakeFiles/pds200Pico2.dir/home/pdsilva/.pico-sdk/sdk/2.2.0/src/rp2_common/pico_bootrom/bootrom.c.o
 .text.rom_func_lookup
                0x10001d90       0x18 CMakeFiles/pds200Pico2.dir/home/pdsilva/.pico-sdk/sdk/2.2.0/src/rp2_common/pico_bootrom/bootrom.c.o
                0x10001d90                rom_func_lookup
 .text.rom_reset_usb_boot_extra
                0x10001da8       0x1c CMakeFiles/pds200Pico2.dir/home/pdsilva/.pico-sdk/sdk/2.2.0/src/rp2_common/pico_bootrom/bootrom.c.o
                0x10001da8                rom_reset_usb_boot_extra
 .text.rom_get_boot_random
                0x10001dc4       0x48 CMakeFiles/pds200Pico2.dir/home/pdsilva/.pico-sdk/sdk/2.2.0/src/rp2_common/pico_bootrom/bootrom.c.o
                0x10001dc4                rom_get_boot_random
 .text.runtime_init_bootrom_locking_enable
                0x10001e0c       0x14 CMakeFiles/pds200Pico2.dir/home/pdsilva/.pico-sdk/sdk/2.2.0/src/rp2_common/pico_bootrom/bootrom_lock.c.o
                0x10001e0c                runtime_init_bootrom_locking_enable
 .text.runtime_init_boot_locks_reset
                0x10001e20       0x1c CMakeFiles/pds200Pico2.dir/home/pdsilva/.pico-sdk/sdk/2.2.0/src/rp2_common/hardware_boot_lock/boot_lock.c.o
                0x10001e20                runtime_init_boot_locks_reset
 .text.xosc_init
                0x10001e3c       0x30 CMakeFiles/pds200Pico2.dir/home/pdsilva/.pico-sdk/sdk/2.2.0/src/rp2_common/hardware_xosc/xosc.c.o
                0x10001e3c                xosc_init
 .text.first_per_core_initializer
                0x10001e6c        0x4 CMakeFiles/pds200Pico2.dir/home/pdsilva/.pico-sdk/sdk/2.2.0/src/rp2_common/pico_runtime/runtime.c.o
 .text.hard_assertion_failure
                0x10001e70        0xc CMakeFiles/pds200Pico2.dir/home/pdsilva/.pico-sdk/sdk/2.2.0/src/rp2_common/pico_runtime/runtime.c.o
                0x10001e70                hard_assertion_failure
 .text.runtime_run_initializers
                0x10001e7c       0x20 CMakeFiles/pds200Pico2.dir/home/pdsilva/.pico-sdk/sdk/2.2.0/src/rp2_common/pico_runtime/runtime.c.o
                0x10001e7c                runtime_run_initializers
 .text.runtime_init_early_resets
                0x10001e9c       0x34 CMakeFiles/pds200Pico2.dir/home/pdsilva/.pico-sdk/sdk/2.2.0/src/rp2_common/pico_runtime_init/runtime_init.c.o
                0x10001e9c                runtime_init_early_resets
 .text.runtime_init_usb_power_down
                0x10001ed0       0x1c CMakeFiles/pds200Pico2.dir/home/pdsilva/.pico-sdk/sdk/2.2.0/src/rp2_common/pico_runtime_init/runtime_init.c.o
                0x10001ed0                runtime_init_usb_power_down
 .text.runtime_init_per_core_enable_coprocessors
                0x10001eec       0x1c CMakeFiles/pds200Pico2.dir/home/pdsilva/.pico-sdk/sdk/2.2.0/src/rp2_common/pico_runtime_init/runtime_init.c.o
                0x10001eec                runtime_init_per_core_enable_coprocessors
 .text.runtime_init_post_clock_resets
                0x10001f08       0x20 CMakeFiles/pds200Pico2.dir/home/pdsilva/.pico-sdk/sdk/2.2.0/src/rp2_common/pico_runtime_init/runtime_init.c.o
                0x10001f08                runtime_init_post_clock_resets
 .text.runtime_init_bootrom_reset
                0x10001f28       0x14 CMakeFiles/pds200Pico2.dir/home/pdsilva/.pico-sdk/sdk/2.2.0/src/rp2_common/pico_runtime_init/runtime_init.c.o
                0x10001f28                runtime_init_bootrom_reset
 .text.runtime_init_per_core_bootrom_reset
                0x10001f3c       0x14 CMakeFiles/pds200Pico2.dir/home/pdsilva/.pico-sdk/sdk/2.2.0/src/rp2_common/pico_runtime_init/runtime_init.c.o
                0x10001f3c                runtime_init_per_core_bootrom_reset
 .text.runtime_init_spin_locks_reset
                0x10001f50        0x4 CMakeFiles/pds200Pico2.dir/home/pdsilva/.pico-sdk/sdk/2.2.0/src/rp2_common/pico_runtime_init/runtime_init.c.o
                0x10001f50                runtime_init_spin_locks_reset
 .text.runtime_init_install_ram_vector_table
                0x10001f54       0x68 CMakeFiles/pds200Pico2.dir/home/pdsilva/.pico-sdk/sdk/2.2.0/src/rp2_common/pico_runtime_init/runtime_init.c.o
                0x10001f54                runtime_init_install_ram_vector_table
 .text.runtime_init_clocks
                0x10001fbc       0xdc CMakeFiles/pds200Pico2.dir/home/pdsilva/.pico-sdk/sdk/2.2.0/src/rp2_common/pico_runtime_init/runtime_init_clocks.c.o
                0x10001fbc                runtime_init_clocks
 .text.__rp2350_dcp_engaged_state_save_restore
                0x10002098       0x3a CMakeFiles/pds200Pico2.dir/home/pdsilva/.pico-sdk/sdk/2.2.0/src/rp2_common/pico_double/double_aeabi_dcp.S.o
 *fill*         0x100020d2        0x2 
 .text.__wrap___aeabi_dadd
                0x100020d4       0x28 CMakeFiles/pds200Pico2.dir/home/pdsilva/.pico-sdk/sdk/2.2.0/src/rp2_common/pico_double/double_aeabi_dcp.S.o
                0x100020dc                __wrap___aeabi_dadd
 .text.__wrap___aeabi_dsub
                0x100020fc       0x28 CMakeFiles/pds200Pico2.dir/home/pdsilva/.pico-sdk/sdk/2.2.0/src/rp2_common/pico_double/double_aeabi_dcp.S.o
                0x10002104                __wrap___aeabi_dsub
 .text.__wrap___aeabi_dmul
                0x10002124       0x4c CMakeFiles/pds200Pico2.dir/home/pdsilva/.pico-sdk/sdk/2.2.0/src/rp2_common/pico_double/double_aeabi_dcp.S.o
                0x1000212c                __wrap___aeabi_dmul
 .text.__wrap___aeabi_ddiv
                0x10002170       0x9c CMakeFiles/pds200Pico2.dir/home/pdsilva/.pico-sdk/sdk/2.2.0/src/rp2_common/pico_double/double_aeabi_dcp.S.o
                0x10002178                __wrap___aeabi_ddiv
 .text.__wrap___aeabi_i2d
                0x1000220c       0x24 CMakeFiles/pds200Pico2.dir/home/pdsilva/.pico-sdk/sdk/2.2.0/src/rp2_common/pico_double/double_aeabi_dcp.S.o
                0x10002214                __wrap___aeabi_i2d
                0x10002214                int2double
 .text.__wrap___aeabi_ui2d
                0x10002230       0x24 CMakeFiles/pds200Pico2.dir/home/pdsilva/.pico-sdk/sdk/2.2.0/src/rp2_common/pico_double/double_aeabi_dcp.S.o
                0x10002238                __wrap___aeabi_ui2d
                0x10002238                uint2double
 .text.__wrap___aeabi_d2iz
                0x10002254       0x24 CMakeFiles/pds200Pico2.dir/home/pdsilva/.pico-sdk/sdk/2.2.0/src/rp2_common/pico_double/double_aeabi_dcp.S.o
                0x1000225c                __wrap___aeabi_d2iz
                0x1000225c                double2int_z
 .text.__wrap___aeabi_d2uiz
                0x10002278       0x24 CMakeFiles/pds200Pico2.dir/home/pdsilva/.pico-sdk/sdk/2.2.0/src/rp2_common/pico_double/double_aeabi_dcp.S.o
                0x10002280                double2uint_z
                0x10002280                double2uint
                0x10002280                __wrap___aeabi_d2uiz
 .text.__wrap___aeabi_dcmpun
                0x1000229c       0x24 CMakeFiles/pds200Pico2.dir/home/pdsilva/.pico-sdk/sdk/2.2.0/src/rp2_common/pico_double/double_aeabi_dcp.S.o
                0x100022a4                __wrap___aeabi_dcmpun
 .text.__wrap___aeabi_dcmplt
                0x100022c0       0x28 CMakeFiles/pds200Pico2.dir/home/pdsilva/.pico-sdk/sdk/2.2.0/src/rp2_common/pico_double/double_aeabi_dcp.S.o
                0x100022c8                __wrap___aeabi_dcmplt
 .text.__wrap___aeabi_dcmple
                0x100022e8       0x28 CMakeFiles/pds200Pico2.dir/home/pdsilva/.pico-sdk/sdk/2.2.0/src/rp2_common/pico_double/double_aeabi_dcp.S.o
                0x100022f0                __wrap___aeabi_dcmple
 .text.__wrap___aeabi_dcmpge
                0x10002310       0x28 CMakeFiles/pds200Pico2.dir/home/pdsilva/.pico-sdk/sdk/2.2.0/src/rp2_common/pico_double/double_aeabi_dcp.S.o
                0x10002318                __wrap___aeabi_dcmpge
 .text.__wrap___aeabi_dcmpgt
                0x10002338       0x28 CMakeFiles/pds200Pico2.dir/home/pdsilva/.pico-sdk/sdk/2.2.0/src/rp2_common/pico_double/double_aeabi_dcp.S.o
                0x10002340                __wrap___aeabi_dcmpgt
 .text.__wrap_malloc
                0x10002360       0x38 CMakeFiles/pds200Pico2.dir/home/pdsilva/.pico-sdk/sdk/2.2.0/src/rp2_common/pico_malloc/malloc.c.o
                0x10002360                __wrap_malloc
 .text.__wrap_calloc
                0x10002398       0x40 CMakeFiles/pds200Pico2.dir/home/pdsilva/.pico-sdk/sdk/2.2.0/src/rp2_common/pico_malloc/malloc.c.o
                0x10002398                __wrap_calloc
 .text.__wrap_free
                0x100023d8       0x20 CMakeFiles/pds200Pico2.dir/home/pdsilva/.pico-sdk/sdk/2.2.0/src/rp2_common/pico_malloc/malloc.c.o
                0x100023d8                __wrap_free
 .text._out_buffer
                0x100023f8        0x8 CMakeFiles/pds200Pico2.dir/home/pdsilva/.pico-sdk/sdk/2.2.0/src/rp2_common/pico_printf/printf.c.o
 .text._out_null
                0x10002400        0x4 CMakeFiles/pds200Pico2.dir/home/pdsilva/.pico-sdk/sdk/2.2.0/src/rp2_common/pico_printf/printf.c.o
 .text._out_rev
                0x10002404       0x9c CMakeFiles/pds200Pico2.dir/home/pdsilva/.pico-sdk/sdk/2.2.0/src/rp2_common/pico_printf/printf.c.o
 .text._ntoa_format
                0x100024a0      0x1d4 CMakeFiles/pds200Pico2.dir/home/pdsilva/.pico-sdk/sdk/2.2.0/src/rp2_common/pico_printf/printf.c.o
 .text._out_char
                0x10002674        0x8 CMakeFiles/pds200Pico2.dir/home/pdsilva/.pico-sdk/sdk/2.2.0/src/rp2_common/pico_printf/printf.c.o
 .text._out_fct
                0x1000267c        0xc CMakeFiles/pds200Pico2.dir/home/pdsilva/.pico-sdk/sdk/2.2.0/src/rp2_common/pico_printf/printf.c.o
 .text._ftoa    0x10002688      0x4bc CMakeFiles/pds200Pico2.dir/home/pdsilva/.pico-sdk/sdk/2.2.0/src/rp2_common/pico_printf/printf.c.o
 *fill*         0x10002b44        0x4 
 .text._etoa    0x10002b48      0x574 CMakeFiles/pds200Pico2.dir/home/pdsilva/.pico-sdk/sdk/2.2.0/src/rp2_common/pico_printf/printf.c.o
 .text._vsnprintf
                0x100030bc      0x9e4 CMakeFiles/pds200Pico2.dir/home/pdsilva/.pico-sdk/sdk/2.2.0/src/rp2_common/pico_printf/printf.c.o
 .text.__wrap_sprintf
                0x10003aa0       0x2c CMakeFiles/pds200Pico2.dir/home/pdsilva/.pico-sdk/sdk/2.2.0/src/rp2_common/pico_printf/printf.c.o
                0x10003aa0                __wrap_sprintf
 .text.vfctprintf
                0x10003acc       0x28 CMakeFiles/pds200Pico2.dir/home/pdsilva/.pico-sdk/sdk/2.2.0/src/rp2_common/pico_printf/printf.c.o
                0x10003acc                vfctprintf
 .text.weak_raw_vprintf
                0x10003af4       0x30 CMakeFiles/pds200Pico2.dir/home/pdsilva/.pico-sdk/sdk/2.2.0/src/rp2_common/pico_printf/printf.c.o
                0x10003af4                weak_raw_vprintf
 .text._exit    0x10003b24        0x4 CMakeFiles/pds200Pico2.dir/home/pdsilva/.pico-sdk/sdk/2.2.0/src/rp2_common/pico_clib_interface/newlib_interface.c.o
                0x10003b24                _exit
 .text._sbrk    0x10003b28       0x2c CMakeFiles/pds200Pico2.dir/home/pdsilva/.pico-sdk/sdk/2.2.0/src/rp2_common/pico_clib_interface/newlib_interface.c.o
                0x10003b28                _sbrk
 .text.exit     0x10003b54        0x8 CMakeFiles/pds200Pico2.dir/home/pdsilva/.pico-sdk/sdk/2.2.0/src/rp2_common/pico_clib_interface/newlib_interface.c.o
                0x10003b54                exit
 .text.runtime_init
                0x10003b5c       0x24 CMakeFiles/pds200Pico2.dir/home/pdsilva/.pico-sdk/sdk/2.2.0/src/rp2_common/pico_clib_interface/newlib_interface.c.o
                0x10003b5c                runtime_init
 .text.stdio_out_chars_no_crlf
                0x10003b80        0x8 CMakeFiles/pds200Pico2.dir/home/pdsilva/.pico-sdk/sdk/2.2.0/src/rp2_common/pico_stdio/stdio.c.o
 .text.stdio_out_chars_crlf
                0x10003b88       0xb0 CMakeFiles/pds200Pico2.dir/home/pdsilva/.pico-sdk/sdk/2.2.0/src/rp2_common/pico_stdio/stdio.c.o
 .text.stdio_buffered_printer
                0x10003c38       0x60 CMakeFiles/pds200Pico2.dir/home/pdsilva/.pico-sdk/sdk/2.2.0/src/rp2_common/pico_stdio/stdio.c.o
 .text.stdio_put_string
                0x10003c98       0xec CMakeFiles/pds200Pico2.dir/home/pdsilva/.pico-sdk/sdk/2.2.0/src/rp2_common/pico_stdio/stdio.c.o
                0x10003c98                stdio_put_string
 .text.stdio_set_driver_enabled
                0x10003d84       0x28 CMakeFiles/pds200Pico2.dir/home/pdsilva/.pico-sdk/sdk/2.2.0/src/rp2_common/pico_stdio/stdio.c.o
                0x10003d84                stdio_set_driver_enabled
 .text.stdio_init_all
                0x10003dac        0x4 CMakeFiles/pds200Pico2.dir/home/pdsilva/.pico-sdk/sdk/2.2.0/src/rp2_common/pico_stdio/stdio.c.o
                0x10003dac                stdio_init_all
 .text.__wrap_putchar
                0x10003db0       0x84 CMakeFiles/pds200Pico2.dir/home/pdsilva/.pico-sdk/sdk/2.2.0/src/rp2_common/pico_stdio/stdio.c.o
                0x10003db0                stdio_putchar
                0x10003db0                __wrap_putchar
 .text.__wrap_puts
                0x10003e34       0x3c CMakeFiles/pds200Pico2.dir/home/pdsilva/.pico-sdk/sdk/2.2.0/src/rp2_common/pico_stdio/stdio.c.o
                0x10003e34                __wrap_puts
                0x10003e34                stdio_puts
 .text.__wrap_vprintf
                0x10003e70       0xc4 CMakeFiles/pds200Pico2.dir/home/pdsilva/.pico-sdk/sdk/2.2.0/src/rp2_common/pico_stdio/stdio.c.o
                0x10003e70                __wrap_vprintf
                0x10003e70                stdio_vprintf
 .text.__wrap_printf
                0x10003f34       0x1c CMakeFiles/pds200Pico2.dir/home/pdsilva/.pico-sdk/sdk/2.2.0/src/rp2_common/pico_stdio/stdio.c.o
                0x10003f34                stdio_printf
                0x10003f34                __wrap_printf
 .text.resetd_init
                0x10003f50        0x4 CMakeFiles/pds200Pico2.dir/home/pdsilva/.pico-sdk/sdk/2.2.0/src/rp2_common/pico_stdio_usb/reset_interface.c.o
 .text.resetd_reset
                0x10003f54        0xc CMakeFiles/pds200Pico2.dir/home/pdsilva/.pico-sdk/sdk/2.2.0/src/rp2_common/pico_stdio_usb/reset_interface.c.o
 .text.resetd_open
                0x10003f60       0x28 CMakeFiles/pds200Pico2.dir/home/pdsilva/.pico-sdk/sdk/2.2.0/src/rp2_common/pico_stdio_usb/reset_interface.c.o
 .text.resetd_xfer_cb
                0x10003f88        0x4 CMakeFiles/pds200Pico2.dir/home/pdsilva/.pico-sdk/sdk/2.2.0/src/rp2_common/pico_stdio_usb/reset_interface.c.o
 .text.resetd_control_xfer_cb
                0x10003f8c       0x50 CMakeFiles/pds200Pico2.dir/home/pdsilva/.pico-sdk/sdk/2.2.0/src/rp2_common/pico_stdio_usb/reset_interface.c.o
 .text.tud_descriptor_bos_cb
                0x10003fdc        0x8 CMakeFiles/pds200Pico2.dir/home/pdsilva/.pico-sdk/sdk/2.2.0/src/rp2_common/pico_stdio_usb/reset_interface.c.o
                0x10003fdc                tud_descriptor_bos_cb
 .text.tud_vendor_control_xfer_cb
                0x10003fe4       0x28 CMakeFiles/pds200Pico2.dir/home/pdsilva/.pico-sdk/sdk/2.2.0/src/rp2_common/pico_stdio_usb/reset_interface.c.o
                0x10003fe4                tud_vendor_control_xfer_cb
 .text.usbd_app_driver_get_cb
                0x1000400c       0x10 CMakeFiles/pds200Pico2.dir/home/pdsilva/.pico-sdk/sdk/2.2.0/src/rp2_common/pico_stdio_usb/reset_interface.c.o
                0x1000400c                usbd_app_driver_get_cb
 .text.tud_cdc_line_coding_cb
                0x1000401c       0x18 CMakeFiles/pds200Pico2.dir/home/pdsilva/.pico-sdk/sdk/2.2.0/src/rp2_common/pico_stdio_usb/reset_interface.c.o
                0x1000401c                tud_cdc_line_coding_cb
 .text.stdio_usb_set_chars_available_callback
                0x10004034       0x14 CMakeFiles/pds200Pico2.dir/home/pdsilva/.pico-sdk/sdk/2.2.0/src/rp2_common/pico_stdio_usb/stdio_usb.c.o
                0x10004034                stdio_usb_set_chars_available_callback
 .text.timer_task
                0x10004048       0x70 CMakeFiles/pds200Pico2.dir/home/pdsilva/.pico-sdk/sdk/2.2.0/src/rp2_common/pico_stdio_usb/stdio_usb.c.o
 .text.usb_irq  0x100040b8        0xc CMakeFiles/pds200Pico2.dir/home/pdsilva/.pico-sdk/sdk/2.2.0/src/rp2_common/pico_stdio_usb/stdio_usb.c.o
 .text.stdio_usb_in_chars
                0x100040c4       0x88 CMakeFiles/pds200Pico2.dir/home/pdsilva/.pico-sdk/sdk/2.2.0/src/rp2_common/pico_stdio_usb/stdio_usb.c.o
                0x100040c4                stdio_usb_in_chars
 .text.stdio_usb_out_flush
                0x1000414c       0x54 CMakeFiles/pds200Pico2.dir/home/pdsilva/.pico-sdk/sdk/2.2.0/src/rp2_common/pico_stdio_usb/stdio_usb.c.o
 .text.stdio_usb_out_chars
                0x100041a0       0xf4 CMakeFiles/pds200Pico2.dir/home/pdsilva/.pico-sdk/sdk/2.2.0/src/rp2_common/pico_stdio_usb/stdio_usb.c.o
 .text.low_priority_worker_irq
                0x10004294       0xd8 CMakeFiles/pds200Pico2.dir/home/pdsilva/.pico-sdk/sdk/2.2.0/src/rp2_common/pico_stdio_usb/stdio_usb.c.o
 .text.stdio_usb_init
                0x1000436c       0xe8 CMakeFiles/pds200Pico2.dir/home/pdsilva/.pico-sdk/sdk/2.2.0/src/rp2_common/pico_stdio_usb/stdio_usb.c.o
                0x1000436c                stdio_usb_init
 .text.tud_descriptor_device_cb
                0x10004454        0x8 CMakeFiles/pds200Pico2.dir/home/pdsilva/.pico-sdk/sdk/2.2.0/src/rp2_common/pico_stdio_usb/stdio_usb_descriptors.c.o
                0x10004454                tud_descriptor_device_cb
 .text.tud_descriptor_configuration_cb
                0x1000445c        0x8 CMakeFiles/pds200Pico2.dir/home/pdsilva/.pico-sdk/sdk/2.2.0/src/rp2_common/pico_stdio_usb/stdio_usb_descriptors.c.o
                0x1000445c                tud_descriptor_configuration_cb
 .text.tud_descriptor_string_cb
                0x10004464       0x70 CMakeFiles/pds200Pico2.dir/home/pdsilva/.pico-sdk/sdk/2.2.0/src/rp2_common/pico_stdio_usb/stdio_usb_descriptors.c.o
                0x10004464                tud_descriptor_string_cb
 .text.startup._retrieve_unique_id_on_boot
                0x100044d4       0x30 CMakeFiles/pds200Pico2.dir/home/pdsilva/.pico-sdk/sdk/2.2.0/src/rp2_common/pico_unique_id/unique_id.c.o
 .text.pico_get_unique_board_id
                0x10004504       0x10 CMakeFiles/pds200Pico2.dir/home/pdsilva/.pico-sdk/sdk/2.2.0/src/rp2_common/pico_unique_id/unique_id.c.o
                0x10004504                pico_get_unique_board_id
 .text.pico_get_unique_board_id_string
                0x10004514      0x184 CMakeFiles/pds200Pico2.dir/home/pdsilva/.pico-sdk/sdk/2.2.0/src/rp2_common/pico_unique_id/unique_id.c.o
                0x10004514                pico_get_unique_board_id_string
 .text.dcd_init
                0x10004698       0x8c CMakeFiles/pds200Pico2.dir/home/pdsilva/.pico-sdk/sdk/2.2.0/lib/tinyusb/src/portable/raspberrypi/rp2040/dcd_rp2040.c.o
                0x10004698                dcd_init
 .text.dcd_int_enable
                0x10004724        0x8 CMakeFiles/pds200Pico2.dir/home/pdsilva/.pico-sdk/sdk/2.2.0/lib/tinyusb/src/portable/raspberrypi/rp2040/dcd_rp2040.c.o
                0x10004724                dcd_int_enable
 .text.dcd_set_address
                0x1000472c       0x10 CMakeFiles/pds200Pico2.dir/home/pdsilva/.pico-sdk/sdk/2.2.0/lib/tinyusb/src/portable/raspberrypi/rp2040/dcd_rp2040.c.o
                0x1000472c                dcd_set_address
 .text.dcd_sof_enable
                0x1000473c       0x1c CMakeFiles/pds200Pico2.dir/home/pdsilva/.pico-sdk/sdk/2.2.0/lib/tinyusb/src/portable/raspberrypi/rp2040/dcd_rp2040.c.o
                0x1000473c                dcd_sof_enable
 .text.dcd_edpt0_status_complete
                0x10004758       0x1c CMakeFiles/pds200Pico2.dir/home/pdsilva/.pico-sdk/sdk/2.2.0/lib/tinyusb/src/portable/raspberrypi/rp2040/dcd_rp2040.c.o
                0x10004758                dcd_edpt0_status_complete
 .text.dcd_edpt_open
                0x10004774      0x104 CMakeFiles/pds200Pico2.dir/home/pdsilva/.pico-sdk/sdk/2.2.0/lib/tinyusb/src/portable/raspberrypi/rp2040/dcd_rp2040.c.o
                0x10004774                dcd_edpt_open
 .text.dcd_edpt_close_all
                0x10004878        0x4 CMakeFiles/pds200Pico2.dir/home/pdsilva/.pico-sdk/sdk/2.2.0/lib/tinyusb/src/portable/raspberrypi/rp2040/dcd_rp2040.c.o
                0x10004878                dcd_edpt_close_all
 .text.dcd_edpt_xfer
                0x1000487c       0x28 CMakeFiles/pds200Pico2.dir/home/pdsilva/.pico-sdk/sdk/2.2.0/lib/tinyusb/src/portable/raspberrypi/rp2040/dcd_rp2040.c.o
                0x1000487c                dcd_edpt_xfer
 .text.dcd_edpt_stall
                0x100048a4       0x30 CMakeFiles/pds200Pico2.dir/home/pdsilva/.pico-sdk/sdk/2.2.0/lib/tinyusb/src/portable/raspberrypi/rp2040/dcd_rp2040.c.o
                0x100048a4                dcd_edpt_stall
 .text.dcd_edpt_clear_stall
                0x100048d4       0x24 CMakeFiles/pds200Pico2.dir/home/pdsilva/.pico-sdk/sdk/2.2.0/lib/tinyusb/src/portable/raspberrypi/rp2040/dcd_rp2040.c.o
                0x100048d4                dcd_edpt_clear_stall
 .text.rp2040_usb_init
                0x100048f8       0x40 CMakeFiles/pds200Pico2.dir/home/pdsilva/.pico-sdk/sdk/2.2.0/lib/tinyusb/src/portable/raspberrypi/rp2040/rp2040_usb.c.o
                0x100048f8                rp2040_usb_init
 .text.hw_endpoint_xfer_start
                0x10004938       0x40 CMakeFiles/pds200Pico2.dir/home/pdsilva/.pico-sdk/sdk/2.2.0/lib/tinyusb/src/portable/raspberrypi/rp2040/rp2040_usb.c.o
                0x10004938                hw_endpoint_xfer_start
 .text.configuration_reset
                0x10004978       0x8c CMakeFiles/pds200Pico2.dir/home/pdsilva/.pico-sdk/sdk/2.2.0/lib/tinyusb/src/device/usbd.c.o
 .text.tud_event_hook_cb
                0x10004a04        0x4 CMakeFiles/pds200Pico2.dir/home/pdsilva/.pico-sdk/sdk/2.2.0/lib/tinyusb/src/device/usbd.c.o
                0x10004a04                tud_event_hook_cb
 .text.tud_sof_cb
                0x10004a08        0x4 CMakeFiles/pds200Pico2.dir/home/pdsilva/.pico-sdk/sdk/2.2.0/lib/tinyusb/src/device/usbd.c.o
                0x10004a08                tud_sof_cb
 .text.tud_descriptor_device_qualifier_cb
                0x10004a0c        0x4 CMakeFiles/pds200Pico2.dir/home/pdsilva/.pico-sdk/sdk/2.2.0/lib/tinyusb/src/device/usbd.c.o
                0x10004a0c                tud_descriptor_device_qualifier_cb
 .text.tud_descriptor_other_speed_configuration_cb
                0x10004a10        0x4 CMakeFiles/pds200Pico2.dir/home/pdsilva/.pico-sdk/sdk/2.2.0/lib/tinyusb/src/device/usbd.c.o
                0x10004a10                tud_descriptor_other_speed_configuration_cb
 .text.tud_mount_cb
                0x10004a14        0x4 CMakeFiles/pds200Pico2.dir/home/pdsilva/.pico-sdk/sdk/2.2.0/lib/tinyusb/src/device/usbd.c.o
                0x10004a14                tud_mount_cb
 .text.tud_umount_cb
                0x10004a18        0x4 CMakeFiles/pds200Pico2.dir/home/pdsilva/.pico-sdk/sdk/2.2.0/lib/tinyusb/src/device/usbd.c.o
                0x10004a18                tud_umount_cb
 .text.tud_suspend_cb
                0x10004a1c        0x4 CMakeFiles/pds200Pico2.dir/home/pdsilva/.pico-sdk/sdk/2.2.0/lib/tinyusb/src/device/usbd.c.o
                0x10004a1c                tud_suspend_cb
 .text.tud_resume_cb
                0x10004a20        0x4 CMakeFiles/pds200Pico2.dir/home/pdsilva/.pico-sdk/sdk/2.2.0/lib/tinyusb/src/device/usbd.c.o
                0x10004a20                tud_resume_cb
 .text.tud_mounted
                0x10004a24       0x10 CMakeFiles/pds200Pico2.dir/home/pdsilva/.pico-sdk/sdk/2.2.0/lib/tinyusb/src/device/usbd.c.o
                0x10004a24                tud_mounted
 .text.tud_suspended
                0x10004a34       0x10 CMakeFiles/pds200Pico2.dir/home/pdsilva/.pico-sdk/sdk/2.2.0/lib/tinyusb/src/device/usbd.c.o
                0x10004a34                tud_suspended
 .text.tud_rhport_init
                0x10004a44       0xf4 CMakeFiles/pds200Pico2.dir/home/pdsilva/.pico-sdk/sdk/2.2.0/lib/tinyusb/src/device/usbd.c.o
                0x10004a44                tud_rhport_init
 .text.tud_task_ext
                0x10004b38      0x784 CMakeFiles/pds200Pico2.dir/home/pdsilva/.pico-sdk/sdk/2.2.0/lib/tinyusb/src/device/usbd.c.o
                0x10004b38                tud_task_ext
 .text.usbd_open_edpt_pair
                0x100052bc       0x9c CMakeFiles/pds200Pico2.dir/home/pdsilva/.pico-sdk/sdk/2.2.0/lib/tinyusb/src/device/usbd.c.o
                0x100052bc                usbd_open_edpt_pair
 .text.usbd_edpt_open
                0x10005358       0x44 CMakeFiles/pds200Pico2.dir/home/pdsilva/.pico-sdk/sdk/2.2.0/lib/tinyusb/src/device/usbd.c.o
                0x10005358                usbd_edpt_open
 .text.usbd_edpt_claim
                0x1000539c       0x24 CMakeFiles/pds200Pico2.dir/home/pdsilva/.pico-sdk/sdk/2.2.0/lib/tinyusb/src/device/usbd.c.o
                0x1000539c                usbd_edpt_claim
 .text.usbd_edpt_release
                0x100053c0       0x24 CMakeFiles/pds200Pico2.dir/home/pdsilva/.pico-sdk/sdk/2.2.0/lib/tinyusb/src/device/usbd.c.o
                0x100053c0                usbd_edpt_release
 .text.usbd_edpt_xfer
                0x100053e4       0x70 CMakeFiles/pds200Pico2.dir/home/pdsilva/.pico-sdk/sdk/2.2.0/lib/tinyusb/src/device/usbd.c.o
                0x100053e4                usbd_edpt_xfer
 .text.tud_control_status
                0x10005454       0x34 CMakeFiles/pds200Pico2.dir/home/pdsilva/.pico-sdk/sdk/2.2.0/lib/tinyusb/src/device/usbd_control.c.o
                0x10005454                tud_control_status
 .text.tud_control_xfer
                0x10005488       0xb0 CMakeFiles/pds200Pico2.dir/home/pdsilva/.pico-sdk/sdk/2.2.0/lib/tinyusb/src/device/usbd_control.c.o
                0x10005488                tud_control_xfer
 .text.usbd_control_reset
                0x10005538       0x14 CMakeFiles/pds200Pico2.dir/home/pdsilva/.pico-sdk/sdk/2.2.0/lib/tinyusb/src/device/usbd_control.c.o
                0x10005538                usbd_control_reset
 .text.usbd_control_set_complete_callback
                0x1000554c        0xc CMakeFiles/pds200Pico2.dir/home/pdsilva/.pico-sdk/sdk/2.2.0/lib/tinyusb/src/device/usbd_control.c.o
                0x1000554c                usbd_control_set_complete_callback
 .text.usbd_control_set_request
                0x10005558       0x1c CMakeFiles/pds200Pico2.dir/home/pdsilva/.pico-sdk/sdk/2.2.0/lib/tinyusb/src/device/usbd_control.c.o
                0x10005558                usbd_control_set_request
 .text.usbd_control_xfer_cb
                0x10005574      0x100 CMakeFiles/pds200Pico2.dir/home/pdsilva/.pico-sdk/sdk/2.2.0/lib/tinyusb/src/device/usbd_control.c.o
                0x10005574                usbd_control_xfer_cb
 .text._prep_out_transaction.isra.0
                0x10005674       0x74 CMakeFiles/pds200Pico2.dir/home/pdsilva/.pico-sdk/sdk/2.2.0/lib/tinyusb/src/class/cdc/cdc_device.c.o
 .text.tud_cdc_n_connected
                0x100056e8       0x2c CMakeFiles/pds200Pico2.dir/home/pdsilva/.pico-sdk/sdk/2.2.0/lib/tinyusb/src/class/cdc/cdc_device.c.o
                0x100056e8                tud_cdc_n_connected
 .text.tud_cdc_n_available
                0x10005714       0x14 CMakeFiles/pds200Pico2.dir/home/pdsilva/.pico-sdk/sdk/2.2.0/lib/tinyusb/src/class/cdc/cdc_device.c.o
                0x10005714                tud_cdc_n_available
 .text.tud_cdc_n_read
                0x10005728       0x90 CMakeFiles/pds200Pico2.dir/home/pdsilva/.pico-sdk/sdk/2.2.0/lib/tinyusb/src/class/cdc/cdc_device.c.o
                0x10005728                tud_cdc_n_read
 .text.tud_cdc_n_write_flush
                0x100057b8       0x8c CMakeFiles/pds200Pico2.dir/home/pdsilva/.pico-sdk/sdk/2.2.0/lib/tinyusb/src/class/cdc/cdc_device.c.o
                0x100057b8                tud_cdc_n_write_flush
 .text.tud_cdc_n_write
                0x10005844       0x40 CMakeFiles/pds200Pico2.dir/home/pdsilva/.pico-sdk/sdk/2.2.0/lib/tinyusb/src/class/cdc/cdc_device.c.o
                0x10005844                tud_cdc_n_write
 .text.tud_cdc_n_write_available
                0x10005884       0x14 CMakeFiles/pds200Pico2.dir/home/pdsilva/.pico-sdk/sdk/2.2.0/lib/tinyusb/src/class/cdc/cdc_device.c.o
                0x10005884                tud_cdc_n_write_available
 .text.cdcd_init
                0x10005898       0x70 CMakeFiles/pds200Pico2.dir/home/pdsilva/.pico-sdk/sdk/2.2.0/lib/tinyusb/src/class/cdc/cdc_device.c.o
                0x10005898                cdcd_init
 .text.cdcd_deinit
                0x10005908       0x30 CMakeFiles/pds200Pico2.dir/home/pdsilva/.pico-sdk/sdk/2.2.0/lib/tinyusb/src/class/cdc/cdc_device.c.o
                0x10005908                cdcd_deinit
 .text.cdcd_reset
                0x10005938       0x4c CMakeFiles/pds200Pico2.dir/home/pdsilva/.pico-sdk/sdk/2.2.0/lib/tinyusb/src/class/cdc/cdc_device.c.o
                0x10005938                cdcd_reset
 .text.cdcd_open
                0x10005984       0xc0 CMakeFiles/pds200Pico2.dir/home/pdsilva/.pico-sdk/sdk/2.2.0/lib/tinyusb/src/class/cdc/cdc_device.c.o
                0x10005984                cdcd_open
 .text.cdcd_control_xfer_cb
                0x10005a44       0xc0 CMakeFiles/pds200Pico2.dir/home/pdsilva/.pico-sdk/sdk/2.2.0/lib/tinyusb/src/class/cdc/cdc_device.c.o
                0x10005a44                cdcd_control_xfer_cb
 .text.cdcd_xfer_cb
                0x10005b04       0xf8 CMakeFiles/pds200Pico2.dir/home/pdsilva/.pico-sdk/sdk/2.2.0/lib/tinyusb/src/class/cdc/cdc_device.c.o
                0x10005b04                cdcd_xfer_cb
 .text.vendord_init
                0x10005bfc       0x5c CMakeFiles/pds200Pico2.dir/home/pdsilva/.pico-sdk/sdk/2.2.0/lib/tinyusb/src/class/vendor/vendor_device.c.o
                0x10005bfc                vendord_init
 .text.vendord_deinit
                0x10005c58       0x1c CMakeFiles/pds200Pico2.dir/home/pdsilva/.pico-sdk/sdk/2.2.0/lib/tinyusb/src/class/vendor/vendor_device.c.o
                0x10005c58                vendord_deinit
 .text.vendord_reset
                0x10005c74       0x24 CMakeFiles/pds200Pico2.dir/home/pdsilva/.pico-sdk/sdk/2.2.0/lib/tinyusb/src/class/vendor/vendor_device.c.o
                0x10005c74                vendord_reset
 .text.vendord_open
                0x10005c98       0xf4 CMakeFiles/pds200Pico2.dir/home/pdsilva/.pico-sdk/sdk/2.2.0/lib/tinyusb/src/class/vendor/vendor_device.c.o
                0x10005c98                vendord_open
 .text.vendord_xfer_cb
                0x10005d8c       0x88 CMakeFiles/pds200Pico2.dir/home/pdsilva/.pico-sdk/sdk/2.2.0/lib/tinyusb/src/class/vendor/vendor_device.c.o
                0x10005d8c                vendord_xfer_cb
 .text.tusb_rhport_init
                0x10005e14       0x64 CMakeFiles/pds200Pico2.dir/home/pdsilva/.pico-sdk/sdk/2.2.0/lib/tinyusb/src/tusb.c.o
                0x10005e14                tusb_rhport_init
 .text.tu_edpt_claim
                0x10005e78       0x54 CMakeFiles/pds200Pico2.dir/home/pdsilva/.pico-sdk/sdk/2.2.0/lib/tinyusb/src/tusb.c.o
                0x10005e78                tu_edpt_claim
 .text.tu_edpt_release
                0x10005ecc       0x38 CMakeFiles/pds200Pico2.dir/home/pdsilva/.pico-sdk/sdk/2.2.0/lib/tinyusb/src/tusb.c.o
                0x10005ecc                tu_edpt_release
 .text.tu_edpt_validate
                0x10005f04       0x60 CMakeFiles/pds200Pico2.dir/home/pdsilva/.pico-sdk/sdk/2.2.0/lib/tinyusb/src/tusb.c.o
                0x10005f04                tu_edpt_validate
 .text.tu_edpt_bind_driver
                0x10005f64       0x58 CMakeFiles/pds200Pico2.dir/home/pdsilva/.pico-sdk/sdk/2.2.0/lib/tinyusb/src/tusb.c.o
                0x10005f64                tu_edpt_bind_driver
 .text.tu_edpt_stream_init
                0x10005fbc       0x58 CMakeFiles/pds200Pico2.dir/home/pdsilva/.pico-sdk/sdk/2.2.0/lib/tinyusb/src/tusb.c.o
                0x10005fbc                tu_edpt_stream_init
 .text.tu_edpt_stream_deinit
                0x10006014        0x4 CMakeFiles/pds200Pico2.dir/home/pdsilva/.pico-sdk/sdk/2.2.0/lib/tinyusb/src/tusb.c.o
                0x10006014                tu_edpt_stream_deinit
 .text.tu_edpt_stream_write_zlp_if_needed
                0x10006018       0x68 CMakeFiles/pds200Pico2.dir/home/pdsilva/.pico-sdk/sdk/2.2.0/lib/tinyusb/src/tusb.c.o
                0x10006018                tu_edpt_stream_write_zlp_if_needed
 .text.tu_edpt_stream_write_xfer
                0x10006080       0x70 CMakeFiles/pds200Pico2.dir/home/pdsilva/.pico-sdk/sdk/2.2.0/lib/tinyusb/src/tusb.c.o
                0x10006080                tu_edpt_stream_write_xfer
 .text.tu_edpt_stream_read_xfer
                0x100060f0       0xc8 CMakeFiles/pds200Pico2.dir/home/pdsilva/.pico-sdk/sdk/2.2.0/lib/tinyusb/src/tusb.c.o
                0x100060f0                tu_edpt_stream_read_xfer
 .text.tu_fifo_config
                0x100061b8       0x60 CMakeFiles/pds200Pico2.dir/home/pdsilva/.pico-sdk/sdk/2.2.0/lib/tinyusb/src/common/tusb_fifo.c.o
                0x100061b8                tu_fifo_config
 .text.tu_fifo_count
                0x10006218       0x20 CMakeFiles/pds200Pico2.dir/home/pdsilva/.pico-sdk/sdk/2.2.0/lib/tinyusb/src/common/tusb_fifo.c.o
                0x10006218                tu_fifo_count
 .text.tu_fifo_empty
                0x10006238       0x14 CMakeFiles/pds200Pico2.dir/home/pdsilva/.pico-sdk/sdk/2.2.0/lib/tinyusb/src/common/tusb_fifo.c.o
                0x10006238                tu_fifo_empty
 .text.tu_fifo_remaining
                0x1000624c       0x24 CMakeFiles/pds200Pico2.dir/home/pdsilva/.pico-sdk/sdk/2.2.0/lib/tinyusb/src/common/tusb_fifo.c.o
                0x1000624c                tu_fifo_remaining
 .text.tu_fifo_read
                0x10006270       0x94 CMakeFiles/pds200Pico2.dir/home/pdsilva/.pico-sdk/sdk/2.2.0/lib/tinyusb/src/common/tusb_fifo.c.o
                0x10006270                tu_fifo_read
 .text.tu_fifo_read_n
                0x10006304       0xd8 CMakeFiles/pds200Pico2.dir/home/pdsilva/.pico-sdk/sdk/2.2.0/lib/tinyusb/src/common/tusb_fifo.c.o
                0x10006304                tu_fifo_read_n
 .text.tu_fifo_write
                0x100063dc       0xa4 CMakeFiles/pds200Pico2.dir/home/pdsilva/.pico-sdk/sdk/2.2.0/lib/tinyusb/src/common/tusb_fifo.c.o
                0x100063dc                tu_fifo_write
 .text.tu_fifo_write_n
                0x10006480      0x15c CMakeFiles/pds200Pico2.dir/home/pdsilva/.pico-sdk/sdk/2.2.0/lib/tinyusb/src/common/tusb_fifo.c.o
                0x10006480                tu_fifo_write_n
 .text.tu_fifo_clear
                0x100065dc       0x38 CMakeFiles/pds200Pico2.dir/home/pdsilva/.pico-sdk/sdk/2.2.0/lib/tinyusb/src/common/tusb_fifo.c.o
                0x100065dc                tu_fifo_clear
 .text.tu_fifo_set_overwritable
                0x10006614       0x3c CMakeFiles/pds200Pico2.dir/home/pdsilva/.pico-sdk/sdk/2.2.0/lib/tinyusb/src/common/tusb_fifo.c.o
                0x10006614                tu_fifo_set_overwritable
 .text.pio_add_program
                0x10006650       0xf4 CMakeFiles/pds200Pico2.dir/home/pdsilva/.pico-sdk/sdk/2.2.0/src/rp2_common/hardware_pio/pio.c.o
                0x10006650                pio_add_program
 .text.pio_sm_set_pindirs_with_mask
                0x10006744       0x6c CMakeFiles/pds200Pico2.dir/home/pdsilva/.pico-sdk/sdk/2.2.0/src/rp2_common/hardware_pio/pio.c.o
                0x10006744                pio_sm_set_pindirs_with_mask
 .text.pio_sm_set_pindirs_with_mask64
                0x100067b0       0x68 CMakeFiles/pds200Pico2.dir/home/pdsilva/.pico-sdk/sdk/2.2.0/src/rp2_common/hardware_pio/pio.c.o
                0x100067b0                pio_sm_set_pindirs_with_mask64
 .text.pio_sm_set_consecutive_pindirs
                0x10006818       0x8c CMakeFiles/pds200Pico2.dir/home/pdsilva/.pico-sdk/sdk/2.2.0/src/rp2_common/hardware_pio/pio.c.o
                0x10006818                pio_sm_set_consecutive_pindirs
 .text.pio_sm_init
                0x100068a4       0xa8 CMakeFiles/pds200Pico2.dir/home/pdsilva/.pico-sdk/sdk/2.2.0/src/rp2_common/hardware_pio/pio.c.o
                0x100068a4                pio_sm_init
 .text.pio_claim_free_sm_and_add_program_for_gpio_range
                0x1000694c      0x170 CMakeFiles/pds200Pico2.dir/home/pdsilva/.pico-sdk/sdk/2.2.0/src/rp2_common/hardware_pio/pio.c.o
                0x1000694c                pio_claim_free_sm_and_add_program_for_gpio_range
 .text.pio_remove_program_and_unclaim_sm
                0x10006abc       0x4c CMakeFiles/pds200Pico2.dir/home/pdsilva/.pico-sdk/sdk/2.2.0/src/rp2_common/hardware_pio/pio.c.o
                0x10006abc                pio_remove_program_and_unclaim_sm
 .text.dma_channel_unclaim
                0x10006b08        0xc CMakeFiles/pds200Pico2.dir/home/pdsilva/.pico-sdk/sdk/2.2.0/src/rp2_common/hardware_dma/dma.c.o
                0x10006b08                dma_channel_unclaim
 .text.dma_claim_unused_channel
                0x10006b14       0x20 CMakeFiles/pds200Pico2.dir/home/pdsilva/.pico-sdk/sdk/2.2.0/src/rp2_common/hardware_dma/dma.c.o
                0x10006b14                dma_claim_unused_channel
 .text.dma_channel_cleanup
                0x10006b34       0x50 CMakeFiles/pds200Pico2.dir/home/pdsilva/.pico-sdk/sdk/2.2.0/src/rp2_common/hardware_dma/dma.c.o
                0x10006b34                dma_channel_cleanup
 .text.lwip_timeout_reached
                0x10006b84        0x4 CMakeFiles/pds200Pico2.dir/home/pdsilva/.pico-sdk/sdk/2.2.0/src/rp2_common/pico_lwip/lwip_nosys.c.o
 .text.update_next_timeout
                0x10006b88       0x5c CMakeFiles/pds200Pico2.dir/home/pdsilva/.pico-sdk/sdk/2.2.0/src/rp2_common/pico_lwip/lwip_nosys.c.o
 .text.lwip_nosys_init
                0x10006be4       0x30 CMakeFiles/pds200Pico2.dir/home/pdsilva/.pico-sdk/sdk/2.2.0/src/rp2_common/pico_lwip/lwip_nosys.c.o
                0x10006be4                lwip_nosys_init
 .text.lwip_nosys_deinit
                0x10006c14       0x24 CMakeFiles/pds200Pico2.dir/home/pdsilva/.pico-sdk/sdk/2.2.0/src/rp2_common/pico_lwip/lwip_nosys.c.o
                0x10006c14                lwip_nosys_deinit
 .text.sys_arch_protect
                0x10006c38        0x4 CMakeFiles/pds200Pico2.dir/home/pdsilva/.pico-sdk/sdk/2.2.0/src/rp2_common/pico_lwip/lwip_nosys.c.o
                0x10006c38                sys_arch_protect
 .text.sys_arch_unprotect
                0x10006c3c        0x4 CMakeFiles/pds200Pico2.dir/home/pdsilva/.pico-sdk/sdk/2.2.0/src/rp2_common/pico_lwip/lwip_nosys.c.o
                0x10006c3c                sys_arch_unprotect
 .text.sys_now  0x10006c40       0x24 CMakeFiles/pds200Pico2.dir/home/pdsilva/.pico-sdk/sdk/2.2.0/src/rp2_common/pico_lwip/lwip_nosys.c.o
                0x10006c40                sys_now
 .text.async_context_base_add_at_time_worker
                0x10006c64       0x24 CMakeFiles/pds200Pico2.dir/home/pdsilva/.pico-sdk/sdk/2.2.0/src/rp2_common/pico_async_context/async_context_base.c.o
                0x10006c64                async_context_base_add_at_time_worker
 .text.async_context_base_remove_at_time_worker
                0x10006c88       0x20 CMakeFiles/pds200Pico2.dir/home/pdsilva/.pico-sdk/sdk/2.2.0/src/rp2_common/pico_async_context/async_context_base.c.o
                0x10006c88                async_context_base_remove_at_time_worker
 .text.async_context_base_add_when_pending_worker
                0x10006ca8       0x20 CMakeFiles/pds200Pico2.dir/home/pdsilva/.pico-sdk/sdk/2.2.0/src/rp2_common/pico_async_context/async_context_base.c.o
                0x10006ca8                async_context_base_add_when_pending_worker
 .text.async_context_base_remove_when_pending_worker
                0x10006cc8       0x20 CMakeFiles/pds200Pico2.dir/home/pdsilva/.pico-sdk/sdk/2.2.0/src/rp2_common/pico_async_context/async_context_base.c.o
                0x10006cc8                async_context_base_remove_when_pending_worker
 .text.async_context_base_execute_once
                0x10006ce8       0xd8 CMakeFiles/pds200Pico2.dir/home/pdsilva/.pico-sdk/sdk/2.2.0/src/rp2_common/pico_async_context/async_context_base.c.o
                0x10006ce8                async_context_base_execute_once
 .text.async_context_base_needs_servicing
                0x10006dc0       0x3c CMakeFiles/pds200Pico2.dir/home/pdsilva/.pico-sdk/sdk/2.2.0/src/rp2_common/pico_async_context/async_context_base.c.o
                0x10006dc0                async_context_base_needs_servicing
 .text.splitmix64
                0x10006dfc       0x70 CMakeFiles/pds200Pico2.dir/home/pdsilva/.pico-sdk/sdk/2.2.0/src/rp2_common/pico_rand/rand.c.o
 .text.capture_additional_trng_samples
                0x10006e6c       0xa0 CMakeFiles/pds200Pico2.dir/home/pdsilva/.pico-sdk/sdk/2.2.0/src/rp2_common/pico_rand/rand.c.o
 .text.xoroshiro128ss
                0x10006f0c       0x8c CMakeFiles/pds200Pico2.dir/home/pdsilva/.pico-sdk/sdk/2.2.0/src/rp2_common/pico_rand/rand.c.o
 .text.get_rand_64
                0x10006f98      0x188 CMakeFiles/pds200Pico2.dir/home/pdsilva/.pico-sdk/sdk/2.2.0/src/rp2_common/pico_rand/rand.c.o
                0x10006f98                get_rand_64
 .text.get_rand_32
                0x10007120        0x8 CMakeFiles/pds200Pico2.dir/home/pdsilva/.pico-sdk/sdk/2.2.0/src/rp2_common/pico_rand/rand.c.o
                0x10007120                get_rand_32
 .text.lwip_init
                0x10007128       0x28 CMakeFiles/pds200Pico2.dir/home/pdsilva/.pico-sdk/sdk/2.2.0/lib/lwip/src/core/init.c.o
                0x10007128                lwip_init
 .text.lwip_htons
                0x10007150        0x8 CMakeFiles/pds200Pico2.dir/home/pdsilva/.pico-sdk/sdk/2.2.0/lib/lwip/src/core/def.c.o
                0x10007150                lwip_htons
 .text.lwip_htonl
                0x10007158        0x4 CMakeFiles/pds200Pico2.dir/home/pdsilva/.pico-sdk/sdk/2.2.0/lib/lwip/src/core/def.c.o
                0x10007158                lwip_htonl
 .text.dns_call_found
                0x1000715c      0x15c CMakeFiles/pds200Pico2.dir/home/pdsilva/.pico-sdk/sdk/2.2.0/lib/lwip/src/core/dns.c.o
 .text.dns_send.isra.0
                0x100072b8      0x168 CMakeFiles/pds200Pico2.dir/home/pdsilva/.pico-sdk/sdk/2.2.0/lib/lwip/src/core/dns.c.o
 .text.dns_init
                0x10007420        0x4 CMakeFiles/pds200Pico2.dir/home/pdsilva/.pico-sdk/sdk/2.2.0/lib/lwip/src/core/dns.c.o
                0x10007420                dns_init
 .text.dns_setserver
                0x10007424       0x28 CMakeFiles/pds200Pico2.dir/home/pdsilva/.pico-sdk/sdk/2.2.0/lib/lwip/src/core/dns.c.o
                0x10007424                dns_setserver
 .text.dns_tmr  0x1000744c      0x134 CMakeFiles/pds200Pico2.dir/home/pdsilva/.pico-sdk/sdk/2.2.0/lib/lwip/src/core/dns.c.o
                0x1000744c                dns_tmr
 .text.lwip_standard_chksum
                0x10007580       0x74 CMakeFiles/pds200Pico2.dir/home/pdsilva/.pico-sdk/sdk/2.2.0/lib/lwip/src/core/inet_chksum.c.o
                0x10007580                lwip_standard_chksum
 .text.inet_chksum_pseudo
                0x100075f4       0x88 CMakeFiles/pds200Pico2.dir/home/pdsilva/.pico-sdk/sdk/2.2.0/lib/lwip/src/core/inet_chksum.c.o
                0x100075f4                inet_chksum_pseudo
 .text.ip_chksum_pseudo
                0x1000767c        0x4 CMakeFiles/pds200Pico2.dir/home/pdsilva/.pico-sdk/sdk/2.2.0/lib/lwip/src/core/inet_chksum.c.o
                0x1000767c                ip_chksum_pseudo
 .text.inet_chksum
                0x10007680       0x88 CMakeFiles/pds200Pico2.dir/home/pdsilva/.pico-sdk/sdk/2.2.0/lib/lwip/src/core/inet_chksum.c.o
                0x10007680                inet_chksum
 .text.inet_chksum_pbuf
                0x10007708       0x48 CMakeFiles/pds200Pico2.dir/home/pdsilva/.pico-sdk/sdk/2.2.0/lib/lwip/src/core/inet_chksum.c.o
                0x10007708                inet_chksum_pbuf
 .text.mem_init
                0x10007750       0x58 CMakeFiles/pds200Pico2.dir/home/pdsilva/.pico-sdk/sdk/2.2.0/lib/lwip/src/core/mem.c.o
                0x10007750                mem_init
 .text.mem_free
                0x100077a8      0x134 CMakeFiles/pds200Pico2.dir/home/pdsilva/.pico-sdk/sdk/2.2.0/lib/lwip/src/core/mem.c.o
                0x100077a8                mem_free
 .text.mem_trim
                0x100078dc      0x140 CMakeFiles/pds200Pico2.dir/home/pdsilva/.pico-sdk/sdk/2.2.0/lib/lwip/src/core/mem.c.o
                0x100078dc                mem_trim
 .text.mem_malloc
                0x10007a1c      0x160 CMakeFiles/pds200Pico2.dir/home/pdsilva/.pico-sdk/sdk/2.2.0/lib/lwip/src/core/mem.c.o
                0x10007a1c                mem_malloc
 .text.memp_init
                0x10007b7c       0x74 CMakeFiles/pds200Pico2.dir/home/pdsilva/.pico-sdk/sdk/2.2.0/lib/lwip/src/core/memp.c.o
                0x10007b7c                memp_init
 .text.memp_malloc
                0x10007bf0       0x5c CMakeFiles/pds200Pico2.dir/home/pdsilva/.pico-sdk/sdk/2.2.0/lib/lwip/src/core/memp.c.o
                0x10007bf0                memp_malloc
 .text.memp_free
                0x10007c4c       0x44 CMakeFiles/pds200Pico2.dir/home/pdsilva/.pico-sdk/sdk/2.2.0/lib/lwip/src/core/memp.c.o
                0x10007c4c                memp_free
 .text.netif_null_output_ip4
                0x10007c90        0x8 CMakeFiles/pds200Pico2.dir/home/pdsilva/.pico-sdk/sdk/2.2.0/lib/lwip/src/core/netif.c.o
 .text.netif_init
                0x10007c98        0x4 CMakeFiles/pds200Pico2.dir/home/pdsilva/.pico-sdk/sdk/2.2.0/lib/lwip/src/core/netif.c.o
                0x10007c98                netif_init
 .text.netif_add
                0x10007c9c      0x160 CMakeFiles/pds200Pico2.dir/home/pdsilva/.pico-sdk/sdk/2.2.0/lib/lwip/src/core/netif.c.o
                0x10007c9c                netif_add
 .text.netif_set_addr
                0x10007dfc       0xc0 CMakeFiles/pds200Pico2.dir/home/pdsilva/.pico-sdk/sdk/2.2.0/lib/lwip/src/core/netif.c.o
                0x10007dfc                netif_set_addr
 .text.netif_remove
                0x10007ebc       0x90 CMakeFiles/pds200Pico2.dir/home/pdsilva/.pico-sdk/sdk/2.2.0/lib/lwip/src/core/netif.c.o
                0x10007ebc                netif_remove
 .text.netif_set_default
                0x10007f4c        0xc CMakeFiles/pds200Pico2.dir/home/pdsilva/.pico-sdk/sdk/2.2.0/lib/lwip/src/core/netif.c.o
                0x10007f4c                netif_set_default
 .text.netif_set_up
                0x10007f58       0x1c CMakeFiles/pds200Pico2.dir/home/pdsilva/.pico-sdk/sdk/2.2.0/lib/lwip/src/core/netif.c.o
                0x10007f58                netif_set_up
 .text.netif_set_link_up
                0x10007f74       0x2c CMakeFiles/pds200Pico2.dir/home/pdsilva/.pico-sdk/sdk/2.2.0/lib/lwip/src/core/netif.c.o
                0x10007f74                netif_set_link_up
 .text.netif_set_link_down
                0x10007fa0       0x2c CMakeFiles/pds200Pico2.dir/home/pdsilva/.pico-sdk/sdk/2.2.0/lib/lwip/src/core/netif.c.o
                0x10007fa0                netif_set_link_down
 .text.netif_get_by_index
                0x10007fcc       0x24 CMakeFiles/pds200Pico2.dir/home/pdsilva/.pico-sdk/sdk/2.2.0/lib/lwip/src/core/netif.c.o
                0x10007fcc                netif_get_by_index
 .text.pbuf_free.part.0
                0x10007ff0       0x90 CMakeFiles/pds200Pico2.dir/home/pdsilva/.pico-sdk/sdk/2.2.0/lib/lwip/src/core/pbuf.c.o
 .text.pbuf_free_ooseq
                0x10008080       0x34 CMakeFiles/pds200Pico2.dir/home/pdsilva/.pico-sdk/sdk/2.2.0/lib/lwip/src/core/pbuf.c.o
                0x10008080                pbuf_free_ooseq
 .text.pbuf_alloc
                0x100080b4      0x124 CMakeFiles/pds200Pico2.dir/home/pdsilva/.pico-sdk/sdk/2.2.0/lib/lwip/src/core/pbuf.c.o
                0x100080b4                pbuf_alloc
 .text.pbuf_alloced_custom
                0x100081d8       0x40 CMakeFiles/pds200Pico2.dir/home/pdsilva/.pico-sdk/sdk/2.2.0/lib/lwip/src/core/pbuf.c.o
                0x100081d8                pbuf_alloced_custom
 .text.pbuf_realloc
                0x10008218       0x8c CMakeFiles/pds200Pico2.dir/home/pdsilva/.pico-sdk/sdk/2.2.0/lib/lwip/src/core/pbuf.c.o
                0x10008218                pbuf_realloc
 .text.pbuf_add_header
                0x100082a4       0x4c CMakeFiles/pds200Pico2.dir/home/pdsilva/.pico-sdk/sdk/2.2.0/lib/lwip/src/core/pbuf.c.o
                0x100082a4                pbuf_add_header
 .text.pbuf_remove_header
                0x100082f0       0x38 CMakeFiles/pds200Pico2.dir/home/pdsilva/.pico-sdk/sdk/2.2.0/lib/lwip/src/core/pbuf.c.o
                0x100082f0                pbuf_remove_header
 .text.pbuf_header_force
                0x10008328       0x68 CMakeFiles/pds200Pico2.dir/home/pdsilva/.pico-sdk/sdk/2.2.0/lib/lwip/src/core/pbuf.c.o
                0x10008328                pbuf_header_force
 .text.pbuf_free
                0x10008390       0x14 CMakeFiles/pds200Pico2.dir/home/pdsilva/.pico-sdk/sdk/2.2.0/lib/lwip/src/core/pbuf.c.o
                0x10008390                pbuf_free
 .text.pbuf_clen
                0x100083a4       0x14 CMakeFiles/pds200Pico2.dir/home/pdsilva/.pico-sdk/sdk/2.2.0/lib/lwip/src/core/pbuf.c.o
                0x100083a4                pbuf_clen
 .text.pbuf_ref
                0x100083b8       0x28 CMakeFiles/pds200Pico2.dir/home/pdsilva/.pico-sdk/sdk/2.2.0/lib/lwip/src/core/pbuf.c.o
                0x100083b8                pbuf_ref
 .text.pbuf_cat
                0x100083e0       0x50 CMakeFiles/pds200Pico2.dir/home/pdsilva/.pico-sdk/sdk/2.2.0/lib/lwip/src/core/pbuf.c.o
                0x100083e0                pbuf_cat
 .text.pbuf_chain
                0x10008430       0x68 CMakeFiles/pds200Pico2.dir/home/pdsilva/.pico-sdk/sdk/2.2.0/lib/lwip/src/core/pbuf.c.o
                0x10008430                pbuf_chain
 .text.pbuf_copy_partial_pbuf
                0x10008498      0x148 CMakeFiles/pds200Pico2.dir/home/pdsilva/.pico-sdk/sdk/2.2.0/lib/lwip/src/core/pbuf.c.o
                0x10008498                pbuf_copy_partial_pbuf
 .text.pbuf_copy
                0x100085e0       0x10 CMakeFiles/pds200Pico2.dir/home/pdsilva/.pico-sdk/sdk/2.2.0/lib/lwip/src/core/pbuf.c.o
                0x100085e0                pbuf_copy
 .text.pbuf_copy_partial
                0x100085f0       0x7c CMakeFiles/pds200Pico2.dir/home/pdsilva/.pico-sdk/sdk/2.2.0/lib/lwip/src/core/pbuf.c.o
                0x100085f0                pbuf_copy_partial
 .text.pbuf_take
                0x1000866c       0x6c CMakeFiles/pds200Pico2.dir/home/pdsilva/.pico-sdk/sdk/2.2.0/lib/lwip/src/core/pbuf.c.o
                0x1000866c                pbuf_take
 .text.pbuf_take_at
                0x100086d8       0xb4 CMakeFiles/pds200Pico2.dir/home/pdsilva/.pico-sdk/sdk/2.2.0/lib/lwip/src/core/pbuf.c.o
                0x100086d8                pbuf_take_at
 .text.pbuf_clone
                0x1000878c       0x2c CMakeFiles/pds200Pico2.dir/home/pdsilva/.pico-sdk/sdk/2.2.0/lib/lwip/src/core/pbuf.c.o
                0x1000878c                pbuf_clone
 .text.pbuf_put_at
                0x100087b8       0x1c CMakeFiles/pds200Pico2.dir/home/pdsilva/.pico-sdk/sdk/2.2.0/lib/lwip/src/core/pbuf.c.o
                0x100087b8                pbuf_put_at
 .text.raw_input
                0x100087d4      0x124 CMakeFiles/pds200Pico2.dir/home/pdsilva/.pico-sdk/sdk/2.2.0/lib/lwip/src/core/raw.c.o
                0x100087d4                raw_input
 .text.raw_netif_ip_addr_changed
                0x100088f8       0x3c CMakeFiles/pds200Pico2.dir/home/pdsilva/.pico-sdk/sdk/2.2.0/lib/lwip/src/core/raw.c.o
                0x100088f8                raw_netif_ip_addr_changed
 .text.stats_init
                0x10008934        0x4 CMakeFiles/pds200Pico2.dir/home/pdsilva/.pico-sdk/sdk/2.2.0/lib/lwip/src/core/stats.c.o
                0x10008934                stats_init
 .text.tcp_close_shutdown_fin
                0x10008938       0x4c CMakeFiles/pds200Pico2.dir/home/pdsilva/.pico-sdk/sdk/2.2.0/lib/lwip/src/core/tcp.c.o
 .text.tcp_pcb_purge.part.0
                0x10008984       0xb0 CMakeFiles/pds200Pico2.dir/home/pdsilva/.pico-sdk/sdk/2.2.0/lib/lwip/src/core/tcp.c.o
 .text.tcp_init
                0x10008a34       0x18 CMakeFiles/pds200Pico2.dir/home/pdsilva/.pico-sdk/sdk/2.2.0/lib/lwip/src/core/tcp.c.o
                0x10008a34                tcp_init
 .text.tcp_free
                0x10008a4c       0x20 CMakeFiles/pds200Pico2.dir/home/pdsilva/.pico-sdk/sdk/2.2.0/lib/lwip/src/core/tcp.c.o
                0x10008a4c                tcp_free
 .text.tcp_bind
                0x10008a6c       0xd0 CMakeFiles/pds200Pico2.dir/home/pdsilva/.pico-sdk/sdk/2.2.0/lib/lwip/src/core/tcp.c.o
                0x10008a6c                tcp_bind
 .text.tcp_listen_with_backlog
                0x10008b3c       0xa0 CMakeFiles/pds200Pico2.dir/home/pdsilva/.pico-sdk/sdk/2.2.0/lib/lwip/src/core/tcp.c.o
                0x10008b3c                tcp_listen_with_backlog
 .text.tcp_update_rcv_ann_wnd
                0x10008bdc       0x58 CMakeFiles/pds200Pico2.dir/home/pdsilva/.pico-sdk/sdk/2.2.0/lib/lwip/src/core/tcp.c.o
                0x10008bdc                tcp_update_rcv_ann_wnd
 .text.tcp_recved
                0x10008c34       0x90 CMakeFiles/pds200Pico2.dir/home/pdsilva/.pico-sdk/sdk/2.2.0/lib/lwip/src/core/tcp.c.o
                0x10008c34                tcp_recved
 .text.tcp_slowtmr
                0x10008cc4      0x4c4 CMakeFiles/pds200Pico2.dir/home/pdsilva/.pico-sdk/sdk/2.2.0/lib/lwip/src/core/tcp.c.o
                0x10008cc4                tcp_slowtmr
 .text.tcp_segs_free
                0x10009188       0x34 CMakeFiles/pds200Pico2.dir/home/pdsilva/.pico-sdk/sdk/2.2.0/lib/lwip/src/core/tcp.c.o
                0x10009188                tcp_segs_free
 .text.tcp_seg_free
                0x100091bc       0x1c CMakeFiles/pds200Pico2.dir/home/pdsilva/.pico-sdk/sdk/2.2.0/lib/lwip/src/core/tcp.c.o
                0x100091bc                tcp_seg_free
 .text.tcp_seg_copy
                0x100091d8       0x34 CMakeFiles/pds200Pico2.dir/home/pdsilva/.pico-sdk/sdk/2.2.0/lib/lwip/src/core/tcp.c.o
                0x100091d8                tcp_seg_copy
 .text.tcp_arg  0x1000920c        0x8 CMakeFiles/pds200Pico2.dir/home/pdsilva/.pico-sdk/sdk/2.2.0/lib/lwip/src/core/tcp.c.o
                0x1000920c                tcp_arg
 .text.tcp_recv
                0x10009214       0x1c CMakeFiles/pds200Pico2.dir/home/pdsilva/.pico-sdk/sdk/2.2.0/lib/lwip/src/core/tcp.c.o
                0x10009214                tcp_recv
 .text.tcp_accept
                0x10009230        0xc CMakeFiles/pds200Pico2.dir/home/pdsilva/.pico-sdk/sdk/2.2.0/lib/lwip/src/core/tcp.c.o
                0x10009230                tcp_accept
 .text.tcp_pcb_purge
                0x1000923c       0x14 CMakeFiles/pds200Pico2.dir/home/pdsilva/.pico-sdk/sdk/2.2.0/lib/lwip/src/core/tcp.c.o
                0x1000923c                tcp_pcb_purge
 .text.tcp_pcb_remove
                0x10009250       0xd4 CMakeFiles/pds200Pico2.dir/home/pdsilva/.pico-sdk/sdk/2.2.0/lib/lwip/src/core/tcp.c.o
                0x10009250                tcp_pcb_remove
 .text.tcp_abandon
                0x10009324      0x188 CMakeFiles/pds200Pico2.dir/home/pdsilva/.pico-sdk/sdk/2.2.0/lib/lwip/src/core/tcp.c.o
                0x10009324                tcp_abandon
 .text.tcp_abort
                0x100094ac        0x8 CMakeFiles/pds200Pico2.dir/home/pdsilva/.pico-sdk/sdk/2.2.0/lib/lwip/src/core/tcp.c.o
                0x100094ac                tcp_abort
 .text.tcp_accept_null
                0x100094b4       0x1c CMakeFiles/pds200Pico2.dir/home/pdsilva/.pico-sdk/sdk/2.2.0/lib/lwip/src/core/tcp.c.o
 .text.tcp_alloc
                0x100094d0      0x1cc CMakeFiles/pds200Pico2.dir/home/pdsilva/.pico-sdk/sdk/2.2.0/lib/lwip/src/core/tcp.c.o
                0x100094d0                tcp_alloc
 .text.tcp_new  0x1000969c        0x8 CMakeFiles/pds200Pico2.dir/home/pdsilva/.pico-sdk/sdk/2.2.0/lib/lwip/src/core/tcp.c.o
                0x1000969c                tcp_new
 .text.tcp_close_shutdown
                0x100096a4      0x184 CMakeFiles/pds200Pico2.dir/home/pdsilva/.pico-sdk/sdk/2.2.0/lib/lwip/src/core/tcp.c.o
 .text.tcp_recv_null
                0x10009828       0xc0 CMakeFiles/pds200Pico2.dir/home/pdsilva/.pico-sdk/sdk/2.2.0/lib/lwip/src/core/tcp.c.o
                0x10009828                tcp_recv_null
 .text.tcp_process_refused_data
                0x100098e8       0x70 CMakeFiles/pds200Pico2.dir/home/pdsilva/.pico-sdk/sdk/2.2.0/lib/lwip/src/core/tcp.c.o
                0x100098e8                tcp_process_refused_data
 .text.tcp_fasttmr
                0x10009958       0x84 CMakeFiles/pds200Pico2.dir/home/pdsilva/.pico-sdk/sdk/2.2.0/lib/lwip/src/core/tcp.c.o
                0x10009958                tcp_fasttmr
 .text.tcp_tmr  0x100099dc       0x24 CMakeFiles/pds200Pico2.dir/home/pdsilva/.pico-sdk/sdk/2.2.0/lib/lwip/src/core/tcp.c.o
                0x100099dc                tcp_tmr
 .text.tcp_close
                0x10009a00      0x178 CMakeFiles/pds200Pico2.dir/home/pdsilva/.pico-sdk/sdk/2.2.0/lib/lwip/src/core/tcp.c.o
                0x10009a00                tcp_close
 .text.tcp_next_iss
                0x10009b78       0x24 CMakeFiles/pds200Pico2.dir/home/pdsilva/.pico-sdk/sdk/2.2.0/lib/lwip/src/core/tcp.c.o
                0x10009b78                tcp_next_iss
 .text.tcp_eff_send_mss_netif
                0x10009b9c       0x28 CMakeFiles/pds200Pico2.dir/home/pdsilva/.pico-sdk/sdk/2.2.0/lib/lwip/src/core/tcp.c.o
                0x10009b9c                tcp_eff_send_mss_netif
 .text.tcp_netif_ip_addr_changed
                0x10009bc4       0x94 CMakeFiles/pds200Pico2.dir/home/pdsilva/.pico-sdk/sdk/2.2.0/lib/lwip/src/core/tcp.c.o
                0x10009bc4                tcp_netif_ip_addr_changed
 .text.tcp_free_ooseq
                0x10009c58       0x38 CMakeFiles/pds200Pico2.dir/home/pdsilva/.pico-sdk/sdk/2.2.0/lib/lwip/src/core/tcp.c.o
                0x10009c58                tcp_free_ooseq
 .text.tcp_parseopt
                0x10009c90      0x1a8 CMakeFiles/pds200Pico2.dir/home/pdsilva/.pico-sdk/sdk/2.2.0/lib/lwip/src/core/tcp_in.c.o
 .text.tcp_oos_insert_segment
                0x10009e38       0x88 CMakeFiles/pds200Pico2.dir/home/pdsilva/.pico-sdk/sdk/2.2.0/lib/lwip/src/core/tcp_in.c.o
 .text.tcp_free_acked_segments.isra.0
                0x10009ec0       0xb0 CMakeFiles/pds200Pico2.dir/home/pdsilva/.pico-sdk/sdk/2.2.0/lib/lwip/src/core/tcp_in.c.o
 .text.tcp_receive
                0x10009f70      0x8b0 CMakeFiles/pds200Pico2.dir/home/pdsilva/.pico-sdk/sdk/2.2.0/lib/lwip/src/core/tcp_in.c.o
 .text.tcp_input
                0x1000a820      0xce4 CMakeFiles/pds200Pico2.dir/home/pdsilva/.pico-sdk/sdk/2.2.0/lib/lwip/src/core/tcp_in.c.o
                0x1000a820                tcp_input
 .text.tcp_trigger_input_pcb_close
                0x1000b504       0x10 CMakeFiles/pds200Pico2.dir/home/pdsilva/.pico-sdk/sdk/2.2.0/lib/lwip/src/core/tcp_in.c.o
                0x1000b504                tcp_trigger_input_pcb_close
 .text.tcp_create_segment
                0x1000b514       0xc4 CMakeFiles/pds200Pico2.dir/home/pdsilva/.pico-sdk/sdk/2.2.0/lib/lwip/src/core/tcp_out.c.o
 .text.tcp_output_control_segment
                0x1000b5d8       0xa8 CMakeFiles/pds200Pico2.dir/home/pdsilva/.pico-sdk/sdk/2.2.0/lib/lwip/src/core/tcp_out.c.o
 .text.tcp_write
                0x1000b680      0x838 CMakeFiles/pds200Pico2.dir/home/pdsilva/.pico-sdk/sdk/2.2.0/lib/lwip/src/core/tcp_out.c.o
                0x1000b680                tcp_write
 .text.tcp_split_unsent_seg
                0x1000beb8      0x180 CMakeFiles/pds200Pico2.dir/home/pdsilva/.pico-sdk/sdk/2.2.0/lib/lwip/src/core/tcp_out.c.o
                0x1000beb8                tcp_split_unsent_seg
 .text.tcp_send_fin
                0x1000c038      0x100 CMakeFiles/pds200Pico2.dir/home/pdsilva/.pico-sdk/sdk/2.2.0/lib/lwip/src/core/tcp_out.c.o
                0x1000c038                tcp_send_fin
 .text.tcp_enqueue_flags
                0x1000c138      0x110 CMakeFiles/pds200Pico2.dir/home/pdsilva/.pico-sdk/sdk/2.2.0/lib/lwip/src/core/tcp_out.c.o
                0x1000c138                tcp_enqueue_flags
 .text.tcp_rexmit_rto_prepare
                0x1000c248       0x74 CMakeFiles/pds200Pico2.dir/home/pdsilva/.pico-sdk/sdk/2.2.0/lib/lwip/src/core/tcp_out.c.o
                0x1000c248                tcp_rexmit_rto_prepare
 .text.tcp_rexmit
                0x1000c2bc       0x78 CMakeFiles/pds200Pico2.dir/home/pdsilva/.pico-sdk/sdk/2.2.0/lib/lwip/src/core/tcp_out.c.o
                0x1000c2bc                tcp_rexmit
 .text.tcp_rexmit_fast
                0x1000c334       0x64 CMakeFiles/pds200Pico2.dir/home/pdsilva/.pico-sdk/sdk/2.2.0/lib/lwip/src/core/tcp_out.c.o
                0x1000c334                tcp_rexmit_fast
 .text.tcp_rst  0x1000c398       0xb4 CMakeFiles/pds200Pico2.dir/home/pdsilva/.pico-sdk/sdk/2.2.0/lib/lwip/src/core/tcp_out.c.o
                0x1000c398                tcp_rst
 .text.tcp_rst_netif
                0x1000c44c       0xfc CMakeFiles/pds200Pico2.dir/home/pdsilva/.pico-sdk/sdk/2.2.0/lib/lwip/src/core/tcp_out.c.o
                0x1000c44c                tcp_rst_netif
 .text.tcp_send_empty_ack
                0x1000c548       0xc4 CMakeFiles/pds200Pico2.dir/home/pdsilva/.pico-sdk/sdk/2.2.0/lib/lwip/src/core/tcp_out.c.o
                0x1000c548                tcp_send_empty_ack
 .text.tcp_output
                0x1000c60c      0x398 CMakeFiles/pds200Pico2.dir/home/pdsilva/.pico-sdk/sdk/2.2.0/lib/lwip/src/core/tcp_out.c.o
                0x1000c60c                tcp_output
 .text.tcp_rexmit_rto_commit
                0x1000c9a4       0x24 CMakeFiles/pds200Pico2.dir/home/pdsilva/.pico-sdk/sdk/2.2.0/lib/lwip/src/core/tcp_out.c.o
                0x1000c9a4                tcp_rexmit_rto_commit
 .text.tcp_rexmit_rto
                0x1000c9c8       0x84 CMakeFiles/pds200Pico2.dir/home/pdsilva/.pico-sdk/sdk/2.2.0/lib/lwip/src/core/tcp_out.c.o
                0x1000c9c8                tcp_rexmit_rto
 .text.tcp_keepalive
                0x1000ca4c       0xa8 CMakeFiles/pds200Pico2.dir/home/pdsilva/.pico-sdk/sdk/2.2.0/lib/lwip/src/core/tcp_out.c.o
                0x1000ca4c                tcp_keepalive
 .text.tcp_zero_window_probe
                0x1000caf4      0x148 CMakeFiles/pds200Pico2.dir/home/pdsilva/.pico-sdk/sdk/2.2.0/lib/lwip/src/core/tcp_out.c.o
                0x1000caf4                tcp_zero_window_probe
 .text.tcpip_tcp_timer
                0x1000cc3c       0x70 CMakeFiles/pds200Pico2.dir/home/pdsilva/.pico-sdk/sdk/2.2.0/lib/lwip/src/core/timeouts.c.o
 .text.lwip_cyclic_timer
                0x1000ccac       0x90 CMakeFiles/pds200Pico2.dir/home/pdsilva/.pico-sdk/sdk/2.2.0/lib/lwip/src/core/timeouts.c.o
 .text.tcp_timer_needed
                0x1000cd3c       0x74 CMakeFiles/pds200Pico2.dir/home/pdsilva/.pico-sdk/sdk/2.2.0/lib/lwip/src/core/timeouts.c.o
                0x1000cd3c                tcp_timer_needed
 .text.sys_timeouts_init
                0x1000cdb0       0x90 CMakeFiles/pds200Pico2.dir/home/pdsilva/.pico-sdk/sdk/2.2.0/lib/lwip/src/core/timeouts.c.o
                0x1000cdb0                sys_timeouts_init
 .text.sys_check_timeouts
                0x1000ce40       0x5c CMakeFiles/pds200Pico2.dir/home/pdsilva/.pico-sdk/sdk/2.2.0/lib/lwip/src/core/timeouts.c.o
                0x1000ce40                sys_check_timeouts
 .text.sys_timeouts_sleeptime
                0x1000ce9c       0x24 CMakeFiles/pds200Pico2.dir/home/pdsilva/.pico-sdk/sdk/2.2.0/lib/lwip/src/core/timeouts.c.o
                0x1000ce9c                sys_timeouts_sleeptime
 .text.udp_init
                0x1000cec0       0x18 CMakeFiles/pds200Pico2.dir/home/pdsilva/.pico-sdk/sdk/2.2.0/lib/lwip/src/core/udp.c.o
                0x1000cec0                udp_init
 .text.udp_input
                0x1000ced8      0x2ec CMakeFiles/pds200Pico2.dir/home/pdsilva/.pico-sdk/sdk/2.2.0/lib/lwip/src/core/udp.c.o
                0x1000ced8                udp_input
 .text.udp_bind
                0x1000d1c4       0xf4 CMakeFiles/pds200Pico2.dir/home/pdsilva/.pico-sdk/sdk/2.2.0/lib/lwip/src/core/udp.c.o
                0x1000d1c4                udp_bind
 .text.udp_sendto_if_src
                0x1000d2b8      0x118 CMakeFiles/pds200Pico2.dir/home/pdsilva/.pico-sdk/sdk/2.2.0/lib/lwip/src/core/udp.c.o
                0x1000d2b8                udp_sendto_if_src
 .text.udp_sendto_if
                0x1000d3d0       0x40 CMakeFiles/pds200Pico2.dir/home/pdsilva/.pico-sdk/sdk/2.2.0/lib/lwip/src/core/udp.c.o
                0x1000d3d0                udp_sendto_if
 .text.udp_sendto
                0x1000d410       0x7c CMakeFiles/pds200Pico2.dir/home/pdsilva/.pico-sdk/sdk/2.2.0/lib/lwip/src/core/udp.c.o
                0x1000d410                udp_sendto
 .text.udp_connect
                0x1000d48c       0x58 CMakeFiles/pds200Pico2.dir/home/pdsilva/.pico-sdk/sdk/2.2.0/lib/lwip/src/core/udp.c.o
                0x1000d48c                udp_connect
 .text.udp_recv
                0x1000d4e4        0x8 CMakeFiles/pds200Pico2.dir/home/pdsilva/.pico-sdk/sdk/2.2.0/lib/lwip/src/core/udp.c.o
                0x1000d4e4                udp_recv
 .text.udp_remove
                0x1000d4ec       0x34 CMakeFiles/pds200Pico2.dir/home/pdsilva/.pico-sdk/sdk/2.2.0/lib/lwip/src/core/udp.c.o
                0x1000d4ec                udp_remove
 .text.udp_new  0x1000d520       0x1c CMakeFiles/pds200Pico2.dir/home/pdsilva/.pico-sdk/sdk/2.2.0/lib/lwip/src/core/udp.c.o
                0x1000d520                udp_new
 .text.udp_netif_ip_addr_changed
                0x1000d53c       0x3c CMakeFiles/pds200Pico2.dir/home/pdsilva/.pico-sdk/sdk/2.2.0/lib/lwip/src/core/udp.c.o
                0x1000d53c                udp_netif_ip_addr_changed
 .text.dhcp_create_msg
                0x1000d578      0x10c CMakeFiles/pds200Pico2.dir/home/pdsilva/.pico-sdk/sdk/2.2.0/lib/lwip/src/core/ipv4/dhcp.c.o
 .text.dhcp_bind
                0x1000d684      0x140 CMakeFiles/pds200Pico2.dir/home/pdsilva/.pico-sdk/sdk/2.2.0/lib/lwip/src/core/ipv4/dhcp.c.o
 .text.dhcp_inc_pcb_refcount
                0x1000d7c4       0x64 CMakeFiles/pds200Pico2.dir/home/pdsilva/.pico-sdk/sdk/2.2.0/lib/lwip/src/core/ipv4/dhcp.c.o
 .text.dhcp_option_hostname.isra.0
                0x1000d828       0x7c CMakeFiles/pds200Pico2.dir/home/pdsilva/.pico-sdk/sdk/2.2.0/lib/lwip/src/core/ipv4/dhcp.c.o
 .text.dhcp_handle_ack.isra.0
                0x1000d8a4       0xbc CMakeFiles/pds200Pico2.dir/home/pdsilva/.pico-sdk/sdk/2.2.0/lib/lwip/src/core/ipv4/dhcp.c.o
 .text.dhcp_discover.isra.0
                0x1000d960      0x140 CMakeFiles/pds200Pico2.dir/home/pdsilva/.pico-sdk/sdk/2.2.0/lib/lwip/src/core/ipv4/dhcp.c.o
 .text.dhcp_reboot.isra.0
                0x1000daa0      0x19c CMakeFiles/pds200Pico2.dir/home/pdsilva/.pico-sdk/sdk/2.2.0/lib/lwip/src/core/ipv4/dhcp.c.o
 .text.dhcp_select.isra.0
                0x1000dc3c      0x1f8 CMakeFiles/pds200Pico2.dir/home/pdsilva/.pico-sdk/sdk/2.2.0/lib/lwip/src/core/ipv4/dhcp.c.o
 .text.dhcp_recv
                0x1000de34      0x5ec CMakeFiles/pds200Pico2.dir/home/pdsilva/.pico-sdk/sdk/2.2.0/lib/lwip/src/core/ipv4/dhcp.c.o
 .text.dhcp_conflict_callback
                0x1000e420      0x13c CMakeFiles/pds200Pico2.dir/home/pdsilva/.pico-sdk/sdk/2.2.0/lib/lwip/src/core/ipv4/dhcp.c.o
 .text.dhcp_set_struct
                0x1000e55c       0x3c CMakeFiles/pds200Pico2.dir/home/pdsilva/.pico-sdk/sdk/2.2.0/lib/lwip/src/core/ipv4/dhcp.c.o
                0x1000e55c                dhcp_set_struct
 .text.dhcp_start
                0x1000e598       0xb4 CMakeFiles/pds200Pico2.dir/home/pdsilva/.pico-sdk/sdk/2.2.0/lib/lwip/src/core/ipv4/dhcp.c.o
                0x1000e598                dhcp_start
 .text.dhcp_network_changed_link_up
                0x1000e64c       0x40 CMakeFiles/pds200Pico2.dir/home/pdsilva/.pico-sdk/sdk/2.2.0/lib/lwip/src/core/ipv4/dhcp.c.o
                0x1000e64c                dhcp_network_changed_link_up
 .text.dhcp_renew
                0x1000e68c      0x154 CMakeFiles/pds200Pico2.dir/home/pdsilva/.pico-sdk/sdk/2.2.0/lib/lwip/src/core/ipv4/dhcp.c.o
                0x1000e68c                dhcp_renew
 .text.dhcp_release_and_stop
                0x1000e7e0      0x16c CMakeFiles/pds200Pico2.dir/home/pdsilva/.pico-sdk/sdk/2.2.0/lib/lwip/src/core/ipv4/dhcp.c.o
                0x1000e7e0                dhcp_release_and_stop
 .text.dhcp_coarse_tmr
                0x1000e94c      0x1e4 CMakeFiles/pds200Pico2.dir/home/pdsilva/.pico-sdk/sdk/2.2.0/lib/lwip/src/core/ipv4/dhcp.c.o
                0x1000e94c                dhcp_coarse_tmr
 .text.dhcp_fine_tmr
                0x1000eb30       0xa0 CMakeFiles/pds200Pico2.dir/home/pdsilva/.pico-sdk/sdk/2.2.0/lib/lwip/src/core/ipv4/dhcp.c.o
                0x1000eb30                dhcp_fine_tmr
 .text.dhcp_stop
                0x1000ebd0        0x4 CMakeFiles/pds200Pico2.dir/home/pdsilva/.pico-sdk/sdk/2.2.0/lib/lwip/src/core/ipv4/dhcp.c.o
                0x1000ebd0                dhcp_stop
 .text.etharp_find_entry
                0x1000ebd4      0x3cc CMakeFiles/pds200Pico2.dir/home/pdsilva/.pico-sdk/sdk/2.2.0/lib/lwip/src/core/ipv4/etharp.c.o
 .text.etharp_raw
                0x1000efa0       0xd4 CMakeFiles/pds200Pico2.dir/home/pdsilva/.pico-sdk/sdk/2.2.0/lib/lwip/src/core/ipv4/etharp.c.o
 .text.etharp_output_to_arp_index
                0x1000f074       0xb8 CMakeFiles/pds200Pico2.dir/home/pdsilva/.pico-sdk/sdk/2.2.0/lib/lwip/src/core/ipv4/etharp.c.o
 .text.etharp_tmr
                0x1000f12c       0x84 CMakeFiles/pds200Pico2.dir/home/pdsilva/.pico-sdk/sdk/2.2.0/lib/lwip/src/core/ipv4/etharp.c.o
                0x1000f12c                etharp_tmr
 .text.etharp_cleanup_netif
                0x1000f1b0      0x164 CMakeFiles/pds200Pico2.dir/home/pdsilva/.pico-sdk/sdk/2.2.0/lib/lwip/src/core/ipv4/etharp.c.o
                0x1000f1b0                etharp_cleanup_netif
 .text.etharp_input
                0x1000f314      0x17c CMakeFiles/pds200Pico2.dir/home/pdsilva/.pico-sdk/sdk/2.2.0/lib/lwip/src/core/ipv4/etharp.c.o
                0x1000f314                etharp_input
 .text.etharp_query
                0x1000f490      0x180 CMakeFiles/pds200Pico2.dir/home/pdsilva/.pico-sdk/sdk/2.2.0/lib/lwip/src/core/ipv4/etharp.c.o
                0x1000f490                etharp_query
 .text.etharp_output
                0x1000f610      0x224 CMakeFiles/pds200Pico2.dir/home/pdsilva/.pico-sdk/sdk/2.2.0/lib/lwip/src/core/ipv4/etharp.c.o
                0x1000f610                etharp_output
 .text.etharp_acd_probe
                0x1000f834       0xd4 CMakeFiles/pds200Pico2.dir/home/pdsilva/.pico-sdk/sdk/2.2.0/lib/lwip/src/core/ipv4/etharp.c.o
                0x1000f834                etharp_acd_probe
 .text.etharp_acd_announce
                0x1000f908       0xd0 CMakeFiles/pds200Pico2.dir/home/pdsilva/.pico-sdk/sdk/2.2.0/lib/lwip/src/core/ipv4/etharp.c.o
                0x1000f908                etharp_acd_announce
 .text.icmp_input
                0x1000f9d8      0x1b8 CMakeFiles/pds200Pico2.dir/home/pdsilva/.pico-sdk/sdk/2.2.0/lib/lwip/src/core/ipv4/icmp.c.o
                0x1000f9d8                icmp_input
 .text.icmp_dest_unreach
                0x1000fb90       0xac CMakeFiles/pds200Pico2.dir/home/pdsilva/.pico-sdk/sdk/2.2.0/lib/lwip/src/core/ipv4/icmp.c.o
                0x1000fb90                icmp_dest_unreach
 .text.icmp_time_exceeded
                0x1000fc3c       0xac CMakeFiles/pds200Pico2.dir/home/pdsilva/.pico-sdk/sdk/2.2.0/lib/lwip/src/core/ipv4/icmp.c.o
                0x1000fc3c                icmp_time_exceeded
 .text.ipfrag_free_pbuf_custom
                0x1000fce8       0x24 CMakeFiles/pds200Pico2.dir/home/pdsilva/.pico-sdk/sdk/2.2.0/lib/lwip/src/core/ipv4/ip4_frag.c.o
 .text.ip_reass_free_complete_datagram
                0x1000fd0c       0xe4 CMakeFiles/pds200Pico2.dir/home/pdsilva/.pico-sdk/sdk/2.2.0/lib/lwip/src/core/ipv4/ip4_frag.c.o
 .text.ip_reass_remove_oldest_datagram
                0x1000fdf0       0xc0 CMakeFiles/pds200Pico2.dir/home/pdsilva/.pico-sdk/sdk/2.2.0/lib/lwip/src/core/ipv4/ip4_frag.c.o
 .text.ip_reass_tmr
                0x1000feb0       0x30 CMakeFiles/pds200Pico2.dir/home/pdsilva/.pico-sdk/sdk/2.2.0/lib/lwip/src/core/ipv4/ip4_frag.c.o
                0x1000feb0                ip_reass_tmr
 .text.ip4_reass
                0x1000fee0      0x428 CMakeFiles/pds200Pico2.dir/home/pdsilva/.pico-sdk/sdk/2.2.0/lib/lwip/src/core/ipv4/ip4_frag.c.o
                0x1000fee0                ip4_reass
 .text.ip4_frag
                0x10010308      0x1d8 CMakeFiles/pds200Pico2.dir/home/pdsilva/.pico-sdk/sdk/2.2.0/lib/lwip/src/core/ipv4/ip4_frag.c.o
                0x10010308                ip4_frag
 .text.ip4_route
                0x100104e0       0x70 CMakeFiles/pds200Pico2.dir/home/pdsilva/.pico-sdk/sdk/2.2.0/lib/lwip/src/core/ipv4/ip4.c.o
                0x100104e0                ip4_route
 .text.ip4_input
                0x10010550      0x2d4 CMakeFiles/pds200Pico2.dir/home/pdsilva/.pico-sdk/sdk/2.2.0/lib/lwip/src/core/ipv4/ip4.c.o
                0x10010550                ip4_input
 .text.ip4_output_if
                0x10010824      0x13c CMakeFiles/pds200Pico2.dir/home/pdsilva/.pico-sdk/sdk/2.2.0/lib/lwip/src/core/ipv4/ip4.c.o
                0x10010824                ip4_output_if
 .text.ip4_output_if_src
                0x10010960      0x140 CMakeFiles/pds200Pico2.dir/home/pdsilva/.pico-sdk/sdk/2.2.0/lib/lwip/src/core/ipv4/ip4.c.o
                0x10010960                ip4_output_if_src
 .text.ip4_addr_isbroadcast_u32
                0x10010aa0       0x38 CMakeFiles/pds200Pico2.dir/home/pdsilva/.pico-sdk/sdk/2.2.0/lib/lwip/src/core/ipv4/ip4_addr.c.o
                0x10010aa0                ip4_addr_isbroadcast_u32
 .text.ip4addr_ntoa
                0x10010ad8       0xcc CMakeFiles/pds200Pico2.dir/home/pdsilva/.pico-sdk/sdk/2.2.0/lib/lwip/src/core/ipv4/ip4_addr.c.o
                0x10010ad8                ip4addr_ntoa
 .text.acd_add  0x10010ba4       0x2c CMakeFiles/pds200Pico2.dir/home/pdsilva/.pico-sdk/sdk/2.2.0/lib/lwip/src/core/ipv4/acd.c.o
                0x10010ba4                acd_add
 .text.acd_remove
                0x10010bd0       0x2c CMakeFiles/pds200Pico2.dir/home/pdsilva/.pico-sdk/sdk/2.2.0/lib/lwip/src/core/ipv4/acd.c.o
                0x10010bd0                acd_remove
 .text.acd_start