Archive member included to satisfy reference by file (symbol)

/home/pdsilva/.pico-sdk/toolchain/14_2_Rel1/bin/../lib/gcc/arm-none-eabi/14.2.1/../../../../arm-none-eabi/lib/thumb/v8-m.main+fp/softfp/libm.a(libm_a-wf_sqrt.o)
                              CMakeFiles/pds200Pico2.dir/home/pdsilva/.pico-sdk/sdk/2.2.0/src/rp2_common/pico_float/float_math.c.o (sqrtf)
/home/pdsilva/.pico-sdk/toolchain/14_2_Rel1/bin/../lib/gcc/arm-none-eabi/14.2.1/../../../../arm-none-eabi/lib/thumb/v8-m.main+fp/softfp/libm.a(libm_a-ef_sqrt.o)
                              /home/pdsilva/.pico-sdk/toolchain/14_2_Rel1/bin/../lib/gcc/arm-none-eabi/14.2.1/../../../../arm-none-eabi/lib/thumb/v8-m.main+fp/softfp/libm.a(libm_a-wf_sqrt.o) (__ieee754_sqrtf)
/home/pdsilva/.pico-sdk/toolchain/14_2_Rel1/bin/../lib/gcc/arm-none-eabi/14.2.1/thumb/v8-m.main+fp/softfp/libgcc.a(_arm_addsubdf3.o)
                              CMakeFiles/pds200Pico2.dir/home/pdsilva/.pico-sdk/sdk/2.2.0/src/rp2_common/pico_float/float_math.c.o (__aeabi_f2d)
/home/pdsilva/.pico-sdk/toolchain/14_2_Rel1/bin/../lib/gcc/arm-none-eabi/14.2.1/thumb/v8-m.main+fp/softfp/libgcc.a(_aeabi_ldivmod.o)
                              CMakeFiles/pds200Pico2.dir/home/pdsilva/.pico-sdk/sdk/2.2.0/src/common/pico_time/time.c.o (__aeabi_ldivmod)
/home/pdsilva/.pico-sdk/toolchain/14_2_Rel1/bin/../lib/gcc/arm-none-eabi/14.2.1/thumb/v8-m.main+fp/softfp/libgcc.a(_aeabi_uldivmod.o)
                              CMakeFiles/pds200Pico2.dir/home/pdsilva/.pico-sdk/sdk/2.2.0/src/rp2_common/hardware_clocks/clocks.c.o (__aeabi_uldivmod)
/home/pdsilva/.pico-sdk/toolchain/14_2_Rel1/bin/../lib/gcc/arm-none-eabi/14.2.1/thumb/v8-m.main+fp/softfp/libgcc.a(_udivmoddi4.o)
                              /home/pdsilva/.pico-sdk/toolchain/14_2_Rel1/bin/../lib/gcc/arm-none-eabi/14.2.1/thumb/v8-m.main+fp/softfp/libgcc.a(_aeabi_ldivmod.o) (__udivmoddi4)
/home/pdsilva/.pico-sdk/toolchain/14_2_Rel1/bin/../lib/gcc/arm-none-eabi/14.2.1/thumb/v8-m.main+fp/softfp/libgcc.a(_dvmd_tls.o)
                              /home/pdsilva/.pico-sdk/toolchain/14_2_Rel1/bin/../lib/gcc/arm-none-eabi/14.2.1/thumb/v8-m.main+fp/softfp/libgcc.a(_aeabi_ldivmod.o) (__aeabi_ldiv0)
/home/pdsilva/.pico-sdk/toolchain/14_2_Rel1/bin/../lib/gcc/arm-none-eabi/14.2.1/../../../../arm-none-eabi/lib/thumb/v8-m.main+fp/softfp/libg.a(libc_a-atoi.o)
                              CMakeFiles/pds200Pico2.dir/home/pdsilva/.pico-sdk/sdk/2.2.0/lib/lwip/src/core/netif.c.o (atoi)
/home/pdsilva/.pico-sdk/toolchain/14_2_Rel1/bin/../lib/gcc/arm-none-eabi/14.2.1/../../../../arm-none-eabi/lib/thumb/v8-m.main+fp/softfp/libg.a(libc_a-calloc.o)
                              CMakeFiles/pds200Pico2.dir/home/pdsilva/.pico-sdk/sdk/2.2.0/src/rp2_common/pico_malloc/malloc.c.o (calloc)
/home/pdsilva/.pico-sdk/toolchain/14_2_Rel1/bin/../lib/gcc/arm-none-eabi/14.2.1/../../../../arm-none-eabi/lib/thumb/v8-m.main+fp/softfp/libg.a(libc_a-callocr.o)
                              /home/pdsilva/.pico-sdk/toolchain/14_2_Rel1/bin/../lib/gcc/arm-none-eabi/14.2.1/../../../../arm-none-eabi/lib/thumb/v8-m.main+fp/softfp/libg.a(libc_a-calloc.o) (_calloc_r)
/home/pdsilva/.pico-sdk/toolchain/14_2_Rel1/bin/../lib/gcc/arm-none-eabi/14.2.1/../../../../arm-none-eabi/lib/thumb/v8-m.main+fp/softfp/libg.a(libc_a-malloc.o)
                              CMakeFiles/pds200Pico2.dir/home/pdsilva/.pico-sdk/sdk/2.2.0/src/rp2_common/pico_malloc/malloc.c.o (malloc)
/home/pdsilva/.pico-sdk/toolchain/14_2_Rel1/bin/../lib/gcc/arm-none-eabi/14.2.1/../../../../arm-none-eabi/lib/thumb/v8-m.main+fp/softfp/libg.a(libc_a-mallocr.o)
                              /home/pdsilva/.pico-sdk/toolchain/14_2_Rel1/bin/../lib/gcc/arm-none-eabi/14.2.1/../../../../arm-none-eabi/lib/thumb/v8-m.main+fp/softfp/libg.a(libc_a-callocr.o) (_malloc_r)
/home/pdsilva/.pico-sdk/toolchain/14_2_Rel1/bin/../lib/gcc/arm-none-eabi/14.2.1/../../../../arm-none-eabi/lib/thumb/v8-m.main+fp/softfp/libg.a(libc_a-mlock.o)
                              /home/pdsilva/.pico-sdk/toolchain/14_2_Rel1/bin/../lib/gcc/arm-none-eabi/14.2.1/../../../../arm-none-eabi/lib/thumb/v8-m.main+fp/softfp/libg.a(libc_a-mallocr.o) (__malloc_lock)
/home/pdsilva/.pico-sdk/toolchain/14_2_Rel1/bin/../lib/gcc/arm-none-eabi/14.2.1/../../../../arm-none-eabi/lib/thumb/v8-m.main+fp/softfp/libg.a(libc_a-realloc.o)
                              CMakeFiles/pds200Pico2.dir/home/pdsilva/.pico-sdk/sdk/2.2.0/src/rp2_common/pico_malloc/malloc.c.o (realloc)
/home/pdsilva/.pico-sdk/toolchain/14_2_Rel1/bin/../lib/gcc/arm-none-eabi/14.2.1/../../../../arm-none-eabi/lib/thumb/v8-m.main+fp/softfp/libg.a(libc_a-reallocr.o)
                              /home/pdsilva/.pico-sdk/toolchain/14_2_Rel1/bin/../lib/gcc/arm-none-eabi/14.2.1/../../../../arm-none-eabi/lib/thumb/v8-m.main+fp/softfp/libg.a(libc_a-realloc.o) (_realloc_r)
/home/pdsilva/.pico-sdk/toolchain/14_2_Rel1/bin/../lib/gcc/arm-none-eabi/14.2.1/../../../../arm-none-eabi/lib/thumb/v8-m.main+fp/softfp/libg.a(libc_a-strtol.o)
[...]
Memory Configuration

Name             Origin             Length             Attributes
FLASH            0x10000000         0x00400000         xr
RAM              0x20000000         0x00080000         xrw
SCRATCH_X        0x20080000         0x00001000         xrw
SCRATCH_Y        0x20081000         0x00001000         xrw
*default*        0x00000000         0xffffffff

Linker script and memory map

LOAD /home/pdsilva/.pico-sdk/toolchain/14_2_Rel1/bin/../lib/gcc/arm-none-eabi/14.2.1/thumb/v8-m.main+fp/softfp/crti.o
LOAD /home/pdsilva/.pico-sdk/toolchain/14_2_Rel1/bin/../lib/gcc/arm-none-eabi/14.2.1/thumb/v8-m.main+fp/softfp/crtbegin.o
LOAD /home/pdsilva/.pico-sdk/toolchain/14_2_Rel1/bin/../lib/gcc/arm-none-eabi/14.2.1/../../../../arm-none-eabi/lib/thumb/v8-m.main+fp/softfp/crt0.o

.flash_begin    0x10000000        0x0
                0x10000000                        __flash_binary_start = .

.text           0x10000000    0x170a0
                0x10000000                        __logical_binary_start = .
 *(.vectors)
 .vectors       0x10000000      0x124 CMakeFiles/pds200Pico2.dir/home/pdsilva/.pico-sdk/sdk/2.2.0/src/rp2_common/pico_crt0/crt0.S.o
                0x10000000                __vectors
                0x10000000                __VECTOR_TABLE
                0x10000110                isr_securefault
                0x10000110                isr_irq30
                0x10000110                __unhandled_user_irq
                0x10000110                isr_irq49
                0x10000110                isr_irq13
                0x10000110                isr_irq43
                0x10000110                isr_irq45
                0x10000110                isr_irq27
                0x10000110                isr_irq32
                0x10000110                isr_irq31
                0x10000110                isr_irq5
                0x10000110                isr_irq11
                0x10000110                isr_irq23
                0x10000110                isr_usagefault
                0x10000110                isr_irq48
                0x10000110                isr_irq35
                0x10000110                isr_irq18
                0x10000110                isr_irq50
                0x10000110                isr_irq40
                0x10000110                isr_irq28
                0x10000110                isr_irq19
                0x10000110                isr_irq36
                0x10000110                isr_irq41
                0x10000110                isr_irq0
                0x10000110                isr_irq6
                0x10000110                isr_memmanage
                0x10000110                isr_irq37
                0x10000110                isr_irq42
                0x10000110                isr_irq22
                0x10000110                isr_irq17
                0x10000110                isr_irq38
                0x10000110                isr_irq14
                0x10000110                __vectors_end
                0x10000110                __default_isrs_start
                0x10000110                isr_irq2
                0x10000110                isr_irq10
                0x10000110                isr_irq8
                0x10000110                isr_debugmonitor
                0x10000110                isr_irq24
                0x10000110                isr_irq46
                0x10000110                isr_irq1
                0x10000110                isr_irq47
                0x10000110                isr_irq51
                0x10000110                isr_irq7
                0x10000110                isr_irq21
                0x10000110                isr_irq39
                0x10000110                isr_irq20
                0x10000110                isr_irq15
                0x10000110                isr_irq25
                0x10000110                isr_irq34
                0x10000110                isr_irq4
                0x10000110                isr_busfault
                0x10000110                isr_irq16
                0x10000110                isr_irq44
                0x10000110                isr_irq29
                0x10000110                isr_irq26
                0x10000110                isr_irq33
                0x10000110                isr_irq3
                0x10000110                isr_irq12
                0x10000110                isr_irq9
                0x10000116                unhandled_user_irq_num_in_r0
                0x10000118                isr_invalid
                0x1000011a                isr_nmi
                0x1000011c                isr_hardfault
                0x1000011e                isr_svcall
                0x10000120                isr_pendsv
                0x10000122                isr_systick
                0x10000124                __default_isrs_end
 *(.binary_info_header)
 .binary_info_header
                0x10000124       0x14 CMakeFiles/pds200Pico2.dir/home/pdsilva/.pico-sdk/sdk/2.2.0/src/rp2_common/pico_crt0/crt0.S.o
                0x10000138                        __binary_info_header_end = .
 *(.embedded_block)
 .embedded_block
                0x10000138       0x14 CMakeFiles/pds200Pico2.dir/home/pdsilva/.pico-sdk/sdk/2.2.0/src/rp2_common/pico_crt0/crt0.S.o
                0x1000014c                        __embedded_block_end = .
 *(.reset)
 .reset         0x1000014c       0x98 CMakeFiles/pds200Pico2.dir/home/pdsilva/.pico-sdk/sdk/2.2.0/src/rp2_common/pico_crt0/crt0.S.o
                0x1000014c                _entry_point
 *(.init)
 .init          0x100001e4        0x4 /home/pdsilva/.pico-sdk/toolchain/14_2_Rel1/bin/../lib/gcc/arm-none-eabi/14.2.1/thumb/v8-m.main+fp/softfp/crti.o
                0x100001e4                _init
 *libgcc.a:cmse_nonsecure_call.o()
 *(EXCLUDE_FILE(*libm.a: *libc.a:*lib_a-mem*.o *libgcc.a:) .text*)
 .text.register_tm_clones
                0x100001e8       0x28 /home/pdsilva/.pico-sdk/toolchain/14_2_Rel1/bin/../lib/gcc/arm-none-eabi/14.2.1/thumb/v8-m.main+fp/softfp/crtbegin.o
 .text.frame_dummy
                0x10000210       0x24 /home/pdsilva/.pico-sdk/toolchain/14_2_Rel1/bin/../lib/gcc/arm-none-eabi/14.2.1/thumb/v8-m.main+fp/softfp/crtbegin.o
 .text.tcp_server_accept
                0x10000234       0x48 CMakeFiles/pds200Pico2.dir/pds200.c.o
 .text.tcp_server_recv
                0x1000027c      0x194 CMakeFiles/pds200Pico2.dir/pds200.c.o
 .text.start_tcp_server
                0x10000410       0x70 CMakeFiles/pds200Pico2.dir/pds200.c.o
                0x10000410                start_tcp_server
 .text.startup.main
                0x10000480      0x244 CMakeFiles/pds200Pico2.dir/pds200.c.o
                0x10000480                main
 .text.core1_entry
                0x100006c4       0x30 CMakeFiles/pds200Pico2.dir/pds200_1.c.o
                0x100006c4                core1_entry
 .text.ps2_ihandler
                0x100006f4       0xf4 CMakeFiles/pds200Pico2.dir/ps2_keyboard.c.o
 .text.initPS2  0x100007e8      0x244 CMakeFiles/pds200Pico2.dir/ps2_keyboard.c.o
                0x100007e8                initPS2
 .text.kb_init  0x10000a2c       0x14 CMakeFiles/pds200Pico2.dir/ringbuffer.c.o
                0x10000a2c                kb_init
 .text.kb_put   0x10000a40       0x30 CMakeFiles/pds200Pico2.dir/ringbuffer.c.o
                0x10000a40                kb_put
 .text.kb_get   0x10000a70       0x38 CMakeFiles/pds200Pico2.dir/ringbuffer.c.o
                0x10000a70                kb_get
 .text.kb_available
                0x10000aa8       0x18 CMakeFiles/pds200Pico2.dir/ringbuffer.c.o
                0x10000aa8                kb_available
 .text.gpio_set_function
                0x10000ac0       0x3c CMakeFiles/pds200Pico2.dir/home/pdsilva/.pico-sdk/sdk/2.2.0/src/rp2_common/hardware_gpio/gpio.c.o
                0x10000ac0                gpio_set_function
 .text.gpio_set_pulls
                0x10000afc       0x28 CMakeFiles/pds200Pico2.dir/home/pdsilva/.pico-sdk/sdk/2.2.0/src/rp2_common/hardware_gpio/gpio.c.o
                0x10000afc                gpio_set_pulls
 .text.gpio_set_input_hysteresis_enabled
                0x10000b24       0x20 CMakeFiles/pds200Pico2.dir/home/pdsilva/.pico-sdk/sdk/2.2.0/src/rp2_common/hardware_gpio/gpio.c.o
                0x10000b24                gpio_set_input_hysteresis_enabled
 .text.gpio_set_irq_enabled
                0x10000b44       0x48 CMakeFiles/pds200Pico2.dir/home/pdsilva/.pico-sdk/sdk/2.2.0/src/rp2_common/hardware_gpio/gpio.c.o
                0x10000b44                gpio_set_irq_enabled
 .text.gpio_add_raw_irq_handler_with_order_priority_masked
                0x10000b8c       0x44 CMakeFiles/pds200Pico2.dir/home/pdsilva/.pico-sdk/sdk/2.2.0/src/rp2_common/hardware_gpio/gpio.c.o
                0x10000b8c                gpio_add_raw_irq_handler_with_order_priority_masked
 .text.gpio_remove_raw_irq_handler_masked
                0x10000bd0       0x24 CMakeFiles/pds200Pico2.dir/home/pdsilva/.pico-sdk/sdk/2.2.0/src/rp2_common/hardware_gpio/gpio.c.o
                0x10000bd0                gpio_remove_raw_irq_handler_masked
 .text.gpio_init
                0x10000bf4       0x48 CMakeFiles/pds200Pico2.dir/home/pdsilva/.pico-sdk/sdk/2.2.0/src/rp2_common/hardware_gpio/gpio.c.o
                0x10000bf4                gpio_init
 .text.panic    0x10000c3c       0x30 CMakeFiles/pds200Pico2.dir/home/pdsilva/.pico-sdk/sdk/2.2.0/src/rp2_common/pico_platform_panic/panic.c.o
                0x10000c3c                panic
 .text.hw_claim_lock
                0x10000c6c       0x24 CMakeFiles/pds200Pico2.dir/home/pdsilva/.pico-sdk/sdk/2.2.0/src/common/hardware_claim/claim.c.o
                0x10000c6c                hw_claim_lock
 .text.hw_claim_unlock
                0x10000c90       0x14 CMakeFiles/pds200Pico2.dir/home/pdsilva/.pico-sdk/sdk/2.2.0/src/common/hardware_claim/claim.c.o
                0x10000c90                hw_claim_unlock
 .text.hw_claim_or_assert
                0x10000ca4       0x58 CMakeFiles/pds200Pico2.dir/home/pdsilva/.pico-sdk/sdk/2.2.0/src/common/hardware_claim/claim.c.o
                0x10000ca4                hw_claim_or_assert
 .text.hw_claim_unused_from_range
                0x10000cfc       0x80 CMakeFiles/pds200Pico2.dir/home/pdsilva/.pico-sdk/sdk/2.2.0/src/common/hardware_claim/claim.c.o
                0x10000cfc                hw_claim_unused_from_range
 .text.hw_claim_clear
                0x10000d7c       0x50 CMakeFiles/pds200Pico2.dir/home/pdsilva/.pico-sdk/sdk/2.2.0/src/common/hardware_claim/claim.c.o
                0x10000d7c                hw_claim_clear
 .text.next_striped_spin_lock_num
                0x10000dcc       0x18 CMakeFiles/pds200Pico2.dir/home/pdsilva/.pico-sdk/sdk/2.2.0/src/rp2_common/hardware_sync/sync.c.o
                0x10000dcc                next_striped_spin_lock_num
 .text.spin_lock_claim_unused
                0x10000de4       0x20 CMakeFiles/pds200Pico2.dir/home/pdsilva/.pico-sdk/sdk/2.2.0/src/rp2_common/hardware_sync/sync.c.o
                0x10000de4                spin_lock_claim_unused
 .text.spinlock_set_extexclall
                0x10000e04       0x10 CMakeFiles/pds200Pico2.dir/home/pdsilva/.pico-sdk/sdk/2.2.0/src/rp2_common/hardware_sync_spin_lock/sync_spin_lock.c.o
 .text.spin_locks_reset
                0x10000e14       0x18 CMakeFiles/pds200Pico2.dir/home/pdsilva/.pico-sdk/sdk/2.2.0/src/rp2_common/hardware_sync_spin_lock/sync_spin_lock.c.o
                0x10000e14                spin_locks_reset
 .text.runtime_init_per_core_irq_priorities
                0x10000e2c       0x40 CMakeFiles/pds200Pico2.dir/home/pdsilva/.pico-sdk/sdk/2.2.0/src/rp2_common/hardware_irq/irq.c.o
                0x10000e2c                runtime_init_per_core_irq_priorities
 .text.irq_set_enabled
                0x10000e6c       0x2c CMakeFiles/pds200Pico2.dir/home/pdsilva/.pico-sdk/sdk/2.2.0/src/rp2_common/hardware_irq/irq.c.o
                0x10000e6c                irq_set_enabled
 .text.irq_is_enabled
                0x10000e98       0x20 CMakeFiles/pds200Pico2.dir/home/pdsilva/.pico-sdk/sdk/2.2.0/src/rp2_common/hardware_irq/irq.c.o
                0x10000e98                irq_is_enabled
 .text.irq_set_pending
                0x10000eb8       0x18 CMakeFiles/pds200Pico2.dir/home/pdsilva/.pico-sdk/sdk/2.2.0/src/rp2_common/hardware_irq/irq.c.o
                0x10000eb8                irq_set_pending
 .text.irq_has_shared_handler
                0x10000ed0       0x20 CMakeFiles/pds200Pico2.dir/home/pdsilva/.pico-sdk/sdk/2.2.0/src/rp2_common/hardware_irq/irq.c.o
                0x10000ed0                irq_has_shared_handler
 .text.irq_set_exclusive_handler
                0x10000ef0       0x60 CMakeFiles/pds200Pico2.dir/home/pdsilva/.pico-sdk/sdk/2.2.0/src/rp2_common/hardware_irq/irq.c.o
                0x10000ef0                irq_set_exclusive_handler
 .text.irq_add_shared_handler
                0x10000f50      0x1e8 CMakeFiles/pds200Pico2.dir/home/pdsilva/.pico-sdk/sdk/2.2.0/src/rp2_common/hardware_irq/irq.c.o
                0x10000f50                irq_add_shared_handler
 .text.irq_remove_handler
                0x10001138      0x1f4 CMakeFiles/pds200Pico2.dir/home/pdsilva/.pico-sdk/sdk/2.2.0/src/rp2_common/hardware_irq/irq.c.o
                0x10001138                irq_remove_handler
 .text.irq_set_priority
                0x1000132c       0x28 CMakeFiles/pds200Pico2.dir/home/pdsilva/.pico-sdk/sdk/2.2.0/src/rp2_common/hardware_irq/irq.c.o
                0x1000132c                irq_set_priority
 .text.irq_add_tail_to_free_list
                0x10001354       0xbc CMakeFiles/pds200Pico2.dir/home/pdsilva/.pico-sdk/sdk/2.2.0/src/rp2_common/hardware_irq/irq.c.o
                0x10001354                irq_add_tail_to_free_list
 .text.user_irq_unclaim
                0x10001410       0x10 CMakeFiles/pds200Pico2.dir/home/pdsilva/.pico-sdk/sdk/2.2.0/src/rp2_common/hardware_irq/irq.c.o
                0x10001410                user_irq_unclaim
 .text.user_irq_claim_unused
                0x10001420       0x28 CMakeFiles/pds200Pico2.dir/home/pdsilva/.pico-sdk/sdk/2.2.0/src/rp2_common/hardware_irq/irq.c.o
                0x10001420                user_irq_claim_unused
 .text.sem_init
                0x10001448       0x20 CMakeFiles/pds200Pico2.dir/home/pdsilva/.pico-sdk/sdk/2.2.0/src/common/pico_sync/sem.c.o
                0x10001448                sem_init
 .text.lock_init
                0x10001468        0xc CMakeFiles/pds200Pico2.dir/home/pdsilva/.pico-sdk/sdk/2.2.0/src/common/pico_sync/lock_core.c.o
                0x10001468                lock_init
 .text.runtime_init_mutex
                0x10001474       0x4c CMakeFiles/pds200Pico2.dir/home/pdsilva/.pico-sdk/sdk/2.2.0/src/common/pico_sync/mutex.c.o
                0x10001474                runtime_init_mutex
 .text.mutex_init
                0x100014c0       0x1c CMakeFiles/pds200Pico2.dir/home/pdsilva/.pico-sdk/sdk/2.2.0/src/common/pico_sync/mutex.c.o
                0x100014c0                mutex_init
 .text.recursive_mutex_init
                0x100014dc       0x1c CMakeFiles/pds200Pico2.dir/home/pdsilva/.pico-sdk/sdk/2.2.0/src/common/pico_sync/mutex.c.o
                0x100014dc                recursive_mutex_init
 .text.critical_section_init
                0x100014f8       0x1c CMakeFiles/pds200Pico2.dir/home/pdsilva/.pico-sdk/sdk/2.2.0/src/common/pico_sync/critical_section.c.o
                0x100014f8                critical_section_init
 .text.critical_section_init_with_lock_num
                0x10001514       0x10 CMakeFiles/pds200Pico2.dir/home/pdsilva/.pico-sdk/sdk/2.2.0/src/common/pico_sync/critical_section.c.o
                0x10001514                critical_section_init_with_lock_num
 .text.sleep_until_callback
                0x10001524       0x3c CMakeFiles/pds200Pico2.dir/home/pdsilva/.pico-sdk/sdk/2.2.0/src/common/pico_time/time.c.o
 .text.alarm_pool_irq_handler
                0x10001560      0x2f0 CMakeFiles/pds200Pico2.dir/home/pdsilva/.pico-sdk/sdk/2.2.0/src/common/pico_time/time.c.o
 .text.runtime_init_default_alarm_pool
                0x10001850      0x100 CMakeFiles/pds200Pico2.dir/home/pdsilva/.pico-sdk/sdk/2.2.0/src/common/pico_time/time.c.o
                0x10001850                runtime_init_default_alarm_pool
 .text.alarm_pool_get_default
                0x10001950        0x8 CMakeFiles/pds200Pico2.dir/home/pdsilva/.pico-sdk/sdk/2.2.0/src/common/pico_time/time.c.o
                0x10001950                alarm_pool_get_default
 .text.alarm_pool_create_on_timer_with_unused_hardware_alarm
                0x10001958       0xb4 CMakeFiles/pds200Pico2.dir/home/pdsilva/.pico-sdk/sdk/2.2.0/src/common/pico_time/time.c.o
                0x10001958                alarm_pool_create_on_timer_with_unused_hardware_alarm
 .text.alarm_pool_destroy
                0x10001a0c       0x84 CMakeFiles/pds200Pico2.dir/home/pdsilva/.pico-sdk/sdk/2.2.0/src/common/pico_time/time.c.o
                0x10001a0c                alarm_pool_destroy
 .text.alarm_pool_add_alarm_at
                0x10001a90       0xdc CMakeFiles/pds200Pico2.dir/home/pdsilva/.pico-sdk/sdk/2.2.0/src/common/pico_time/time.c.o
                0x10001a90                alarm_pool_add_alarm_at
 .text.alarm_pool_add_alarm_at_force_in_context
                0x10001b6c       0xc8 CMakeFiles/pds200Pico2.dir/home/pdsilva/.pico-sdk/sdk/2.2.0/src/common/pico_time/time.c.o
                0x10001b6c                alarm_pool_add_alarm_at_force_in_context
 .text.alarm_pool_cancel_alarm
                0x10001c34       0x80 CMakeFiles/pds200Pico2.dir/home/pdsilva/.pico-sdk/sdk/2.2.0/src/common/pico_time/time.c.o
                0x10001c34                alarm_pool_cancel_alarm
 .text.alarm_pool_core_num
                0x10001cb4        0x4 CMakeFiles/pds200Pico2.dir/home/pdsilva/.pico-sdk/sdk/2.2.0/src/common/pico_time/time.c.o
                0x10001cb4                alarm_pool_core_num
 .text.sleep_until
                0x10001cb8       0xbc CMakeFiles/pds200Pico2.dir/home/pdsilva/.pico-sdk/sdk/2.2.0/src/common/pico_time/time.c.o
                0x10001cb8                sleep_until
 .text.sleep_ms
                0x10001d74       0xdc CMakeFiles/pds200Pico2.dir/home/pdsilva/.pico-sdk/sdk/2.2.0/src/common/pico_time/time.c.o
                0x10001d74                sleep_ms
 .text.best_effort_wfe_or_timeout
                0x10001e50       0xd4 CMakeFiles/pds200Pico2.dir/home/pdsilva/.pico-sdk/sdk/2.2.0/src/common/pico_time/time.c.o
                0x10001e50                best_effort_wfe_or_timeout
 .text.alarm_pool_get_default_timer
                0x10001f24        0x8 CMakeFiles/pds200Pico2.dir/home/pdsilva/.pico-sdk/sdk/2.2.0/src/common/pico_time/time.c.o
                0x10001f24                alarm_pool_get_default_timer
 .text.timer_hardware_alarm_claim
                0x10001f2c       0x24 CMakeFiles/pds200Pico2.dir/home/pdsilva/.pico-sdk/sdk/2.2.0/src/rp2_common/hardware_timer/timer.c.o
                0x10001f2c                timer_hardware_alarm_claim
 .text.timer_hardware_alarm_unclaim
                0x10001f50       0x18 CMakeFiles/pds200Pico2.dir/home/pdsilva/.pico-sdk/sdk/2.2.0/src/rp2_common/hardware_timer/timer.c.o
                0x10001f50                timer_hardware_alarm_unclaim
 .text.timer_hardware_alarm_claim_unused
                0x10001f68       0x2c CMakeFiles/pds200Pico2.dir/home/pdsilva/.pico-sdk/sdk/2.2.0/src/rp2_common/hardware_timer/timer.c.o
                0x10001f68                timer_hardware_alarm_claim_unused
 .text.timer_time_us_64
                0x10001f94       0x10 CMakeFiles/pds200Pico2.dir/home/pdsilva/.pico-sdk/sdk/2.2.0/src/rp2_common/hardware_timer/timer.c.o
                0x10001f94                timer_time_us_64
 .text.time_us_64
                0x10001fa4       0x14 CMakeFiles/pds200Pico2.dir/home/pdsilva/.pico-sdk/sdk/2.2.0/src/rp2_common/hardware_timer/timer.c.o
                0x10001fa4                time_us_64
 .text.busy_wait_until
                0x10001fb8       0x24 CMakeFiles/pds200Pico2.dir/home/pdsilva/.pico-sdk/sdk/2.2.0/src/rp2_common/hardware_timer/timer.c.o
                0x10001fb8                busy_wait_until
 .text.clock_configure_undivided
                0x10001fdc       0xd0 CMakeFiles/pds200Pico2.dir/home/pdsilva/.pico-sdk/sdk/2.2.0/src/rp2_common/hardware_clocks/clocks.c.o
                0x10001fdc                clock_configure_undivided
 .text.clock_get_hz
                0x100020ac        0xc CMakeFiles/pds200Pico2.dir/home/pdsilva/.pico-sdk/sdk/2.2.0/src/rp2_common/hardware_clocks/clocks.c.o
                0x100020ac                clock_get_hz
 .text.set_sys_clock_pll
                0x100020b8      0x184 CMakeFiles/pds200Pico2.dir/home/pdsilva/.pico-sdk/sdk/2.2.0/src/rp2_common/hardware_clocks/clocks.c.o
                0x100020b8                set_sys_clock_pll
 .text.check_sys_clock_khz
                0x1000223c      0x19c CMakeFiles/pds200Pico2.dir/home/pdsilva/.pico-sdk/sdk/2.2.0/src/rp2_common/hardware_clocks/clocks.c.o
                0x1000223c                check_sys_clock_khz
 .text.pll_init
                0x100023d8       0x8c CMakeFiles/pds200Pico2.dir/home/pdsilva/.pico-sdk/sdk/2.2.0/src/rp2_common/hardware_pll/pll.c.o
                0x100023d8                pll_init
 .text.vreg_set_voltage
                0x10002464       0x44 CMakeFiles/pds200Pico2.dir/home/pdsilva/.pico-sdk/sdk/2.2.0/src/rp2_common/hardware_vreg/vreg.c.o
                0x10002464                vreg_set_voltage
 .text.watchdog_reboot
                0x100024a8       0x98 CMakeFiles/pds200Pico2.dir/home/pdsilva/.pico-sdk/sdk/2.2.0/src/rp2_common/hardware_watchdog/watchdog.c.o
                0x100024a8                watchdog_reboot
 .text.tick_start
                0x10002540       0x18 CMakeFiles/pds200Pico2.dir/home/pdsilva/.pico-sdk/sdk/2.2.0/src/rp2_common/hardware_ticks/ticks.c.o
                0x10002540                tick_start
 .text.rom_reboot.constprop.0.isra.0
                0x10002558       0x34 CMakeFiles/pds200Pico2.dir/home/pdsilva/.pico-sdk/sdk/2.2.0/src/rp2_common/pico_bootrom/bootrom.c.o
 .text.rom_func_lookup
                0x1000258c       0x18 CMakeFiles/pds200Pico2.dir/home/pdsilva/.pico-sdk/sdk/2.2.0/src/rp2_common/pico_bootrom/bootrom.c.o
                0x1000258c                rom_func_lookup
 .text.rom_reset_usb_boot_extra
                0x100025a4       0x1c CMakeFiles/pds200Pico2.dir/home/pdsilva/.pico-sdk/sdk/2.2.0/src/rp2_common/pico_bootrom/bootrom.c.o
                0x100025a4                rom_reset_usb_boot_extra
 .text.rom_get_boot_random
                0x100025c0       0x48 CMakeFiles/pds200Pico2.dir/home/pdsilva/.pico-sdk/sdk/2.2.0/src/rp2_common/pico_bootrom/bootrom.c.o
                0x100025c0                rom_get_boot_random
 .text.runtime_init_bootrom_locking_enable
                0x10002608       0x14 CMakeFiles/pds200Pico2.dir/home/pdsilva/.pico-sdk/sdk/2.2.0/src/rp2_common/pico_bootrom/bootrom_lock.c.o
                0x10002608                runtime_init_bootrom_locking_enable
 .text.runtime_init_boot_locks_reset
                0x1000261c       0x1c CMakeFiles/pds200Pico2.dir/home/pdsilva/.pico-sdk/sdk/2.2.0/src/rp2_common/hardware_boot_lock/boot_lock.c.o
                0x1000261c                runtime_init_boot_locks_reset
 .text.xosc_init
                0x10002638       0x30 CMakeFiles/pds200Pico2.dir/home/pdsilva/.pico-sdk/sdk/2.2.0/src/rp2_common/hardware_xosc/xosc.c.o
                0x10002638                xosc_init
 .text.first_per_core_initializer
                0x10002668        0x4 CMakeFiles/pds200Pico2.dir/home/pdsilva/.pico-sdk/sdk/2.2.0/src/rp2_common/pico_runtime/runtime.c.o
 .text.hard_assertion_failure
                0x1000266c        0xc CMakeFiles/pds200Pico2.dir/home/pdsilva/.pico-sdk/sdk/2.2.0/src/rp2_common/pico_runtime/runtime.c.o
                0x1000266c                hard_assertion_failure
 .text.runtime_run_initializers
                0x10002678       0x20 CMakeFiles/pds200Pico2.dir/home/pdsilva/.pico-sdk/sdk/2.2.0/src/rp2_common/pico_runtime/runtime.c.o
                0x10002678                runtime_run_initializers
 .text.runtime_run_per_core_initializers
                0x10002698       0x20 CMakeFiles/pds200Pico2.dir/home/pdsilva/.pico-sdk/sdk/2.2.0/src/rp2_common/pico_runtime/runtime.c.o
                0x10002698                runtime_run_per_core_initializers
 .text.runtime_init_early_resets
                0x100026b8       0x34 CMakeFiles/pds200Pico2.dir/home/pdsilva/.pico-sdk/sdk/2.2.0/src/rp2_common/pico_runtime_init/runtime_init.c.o
                0x100026b8                runtime_init_early_resets
 .text.runtime_init_usb_power_down
                0x100026ec       0x1c CMakeFiles/pds200Pico2.dir/home/pdsilva/.pico-sdk/sdk/2.2.0/src/rp2_common/pico_runtime_init/runtime_init.c.o
                0x100026ec                runtime_init_usb_power_down
 .text.runtime_init_per_core_enable_coprocessors
                0x10002708       0x1c CMakeFiles/pds200Pico2.dir/home/pdsilva/.pico-sdk/sdk/2.2.0/src/rp2_common/pico_runtime_init/runtime_init.c.o
                0x10002708                runtime_init_per_core_enable_coprocessors
 .text.runtime_init_post_clock_resets
                0x10002724       0x20 CMakeFiles/pds200Pico2.dir/home/pdsilva/.pico-sdk/sdk/2.2.0/src/rp2_common/pico_runtime_init/runtime_init.c.o
                0x10002724                runtime_init_post_clock_resets
 .text.runtime_init_bootrom_reset
                0x10002744       0x14 CMakeFiles/pds200Pico2.dir/home/pdsilva/.pico-sdk/sdk/2.2.0/src/rp2_common/pico_runtime_init/runtime_init.c.o
                0x10002744                runtime_init_bootrom_reset
 .text.runtime_init_per_core_bootrom_reset
                0x10002758       0x14 CMakeFiles/pds200Pico2.dir/home/pdsilva/.pico-sdk/sdk/2.2.0/src/rp2_common/pico_runtime_init/runtime_init.c.o
                0x10002758                runtime_init_per_core_bootrom_reset
 .text.runtime_init_spin_locks_reset
                0x1000276c        0x4 CMakeFiles/pds200Pico2.dir/home/pdsilva/.pico-sdk/sdk/2.2.0/src/rp2_common/pico_runtime_init/runtime_init.c.o
                0x1000276c                runtime_init_spin_locks_reset
 .text.runtime_init_install_ram_vector_table
                0x10002770       0x68 CMakeFiles/pds200Pico2.dir/home/pdsilva/.pico-sdk/sdk/2.2.0/src/rp2_common/pico_runtime_init/runtime_init.c.o
                0x10002770                runtime_init_install_ram_vector_table
 .text.runtime_init_clocks
                0x100027d8       0xdc CMakeFiles/pds200Pico2.dir/home/pdsilva/.pico-sdk/sdk/2.2.0/src/rp2_common/pico_runtime_init/runtime_init_clocks.c.o
                0x100027d8                runtime_init_clocks
 .text.__rp2350_dcp_engaged_state_save_restore
                0x100028b4       0x3a CMakeFiles/pds200Pico2.dir/home/pdsilva/.pico-sdk/sdk/2.2.0/src/rp2_common/pico_double/double_aeabi_dcp.S.o
 *fill*         0x100028ee        0x2 
 .text.__wrap___aeabi_dadd
                0x100028f0       0x28 CMakeFiles/pds200Pico2.dir/home/pdsilva/.pico-sdk/sdk/2.2.0/src/rp2_common/pico_double/double_aeabi_dcp.S.o
                0x100028f8                __wrap___aeabi_dadd
 .text.__wrap___aeabi_dsub
                0x10002918       0x28 CMakeFiles/pds200Pico2.dir/home/pdsilva/.pico-sdk/sdk/2.2.0/src/rp2_common/pico_double/double_aeabi_dcp.S.o
                0x10002920                __wrap___aeabi_dsub
 .text.__wrap___aeabi_dmul
                0x10002940       0x4c CMakeFiles/pds200Pico2.dir/home/pdsilva/.pico-sdk/sdk/2.2.0/src/rp2_common/pico_double/double_aeabi_dcp.S.o
                0x10002948                __wrap___aeabi_dmul
 .text.__wrap___aeabi_ddiv
                0x1000298c       0x9c CMakeFiles/pds200Pico2.dir/home/pdsilva/.pico-sdk/sdk/2.2.0/src/rp2_common/pico_double/double_aeabi_dcp.S.o
                0x10002994                __wrap___aeabi_ddiv
 .text.__wrap___aeabi_i2d
                0x10002a28       0x24 CMakeFiles/pds200Pico2.dir/home/pdsilva/.pico-sdk/sdk/2.2.0/src/rp2_common/pico_double/double_aeabi_dcp.S.o
                0x10002a30                __wrap___aeabi_i2d
                0x10002a30                int2double
 .text.__wrap___aeabi_ui2d
                0x10002a4c       0x24 CMakeFiles/pds200Pico2.dir/home/pdsilva/.pico-sdk/sdk/2.2.0/src/rp2_common/pico_double/double_aeabi_dcp.S.o
                0x10002a54                __wrap___aeabi_ui2d
                0x10002a54                uint2double
 .text.__wrap___aeabi_d2iz
                0x10002a70       0x24 CMakeFiles/pds200Pico2.dir/home/pdsilva/.pico-sdk/sdk/2.2.0/src/rp2_common/pico_double/double_aeabi_dcp.S.o
                0x10002a78                __wrap___aeabi_d2iz
                0x10002a78                double2int_z
 .text.__wrap___aeabi_d2uiz
                0x10002a94       0x24 CMakeFiles/pds200Pico2.dir/home/pdsilva/.pico-sdk/sdk/2.2.0/src/rp2_common/pico_double/double_aeabi_dcp.S.o
                0x10002a9c                double2uint_z
                0x10002a9c                double2uint
                0x10002a9c                __wrap___aeabi_d2uiz
 .text.__wrap___aeabi_dcmpun
                0x10002ab8       0x24 CMakeFiles/pds200Pico2.dir/home/pdsilva/.pico-sdk/sdk/2.2.0/src/rp2_common/pico_double/double_aeabi_dcp.S.o
                0x10002ac0                __wrap___aeabi_dcmpun
 .text.__wrap___aeabi_dcmplt
                0x10002adc       0x28 CMakeFiles/pds200Pico2.dir/home/pdsilva/.pico-sdk/sdk/2.2.0/src/rp2_common/pico_double/double_aeabi_dcp.S.o
                0x10002ae4                __wrap___aeabi_dcmplt
 .text.__wrap___aeabi_dcmple
                0x10002b04       0x28 CMakeFiles/pds200Pico2.dir/home/pdsilva/.pico-sdk/sdk/2.2.0/src/rp2_common/pico_double/double_aeabi_dcp.S.o
                0x10002b0c                __wrap___aeabi_dcmple
 .text.__wrap___aeabi_dcmpge
                0x10002b2c       0x28 CMakeFiles/pds200Pico2.dir/home/pdsilva/.pico-sdk/sdk/2.2.0/src/rp2_common/pico_double/double_aeabi_dcp.S.o
                0x10002b34                __wrap___aeabi_dcmpge
 .text.__wrap___aeabi_dcmpgt
                0x10002b54       0x28 CMakeFiles/pds200Pico2.dir/home/pdsilva/.pico-sdk/sdk/2.2.0/src/rp2_common/pico_double/double_aeabi_dcp.S.o
                0x10002b5c                __wrap___aeabi_dcmpgt
 .text.__wrap_malloc
                0x10002b7c       0x38 CMakeFiles/pds200Pico2.dir/home/pdsilva/.pico-sdk/sdk/2.2.0/src/rp2_common/pico_malloc/malloc.c.o
                0x10002b7c                __wrap_malloc
 .text.__wrap_calloc
                0x10002bb4       0x40 CMakeFiles/pds200Pico2.dir/home/pdsilva/.pico-sdk/sdk/2.2.0/src/rp2_common/pico_malloc/malloc.c.o
                0x10002bb4                __wrap_calloc
 .text.__wrap_free
                0x10002bf4       0x20 CMakeFiles/pds200Pico2.dir/home/pdsilva/.pico-sdk/sdk/2.2.0/src/rp2_common/pico_malloc/malloc.c.o
                0x10002bf4                __wrap_free
 .text._out_buffer
                0x10002c14        0x8 CMakeFiles/pds200Pico2.dir/home/pdsilva/.pico-sdk/sdk/2.2.0/src/rp2_common/pico_printf/printf.c.o
 .text._out_null
                0x10002c1c        0x4 CMakeFiles/pds200Pico2.dir/home/pdsilva/.pico-sdk/sdk/2.2.0/src/rp2_common/pico_printf/printf.c.o
 .text._out_rev
                0x10002c20       0x9c CMakeFiles/pds200Pico2.dir/home/pdsilva/.pico-sdk/sdk/2.2.0/src/rp2_common/pico_printf/printf.c.o
 .text._ntoa_format
                0x10002cbc      0x1d4 CMakeFiles/pds200Pico2.dir/home/pdsilva/.pico-sdk/sdk/2.2.0/src/rp2_common/pico_printf/printf.c.o
 .text._out_char
                0x10002e90        0x8 CMakeFiles/pds200Pico2.dir/home/pdsilva/.pico-sdk/sdk/2.2.0/src/rp2_common/pico_printf/printf.c.o
 .text._out_fct
                0x10002e98        0xc CMakeFiles/pds200Pico2.dir/home/pdsilva/.pico-sdk/sdk/2.2.0/src/rp2_common/pico_printf/printf.c.o
 *fill*         0x10002ea4        0x4 
 .text._ftoa    0x10002ea8      0x4bc CMakeFiles/pds200Pico2.dir/home/pdsilva/.pico-sdk/sdk/2.2.0/src/rp2_common/pico_printf/printf.c.o
 *fill*         0x10003364        0x4 
 .text._etoa    0x10003368      0x574 CMakeFiles/pds200Pico2.dir/home/pdsilva/.pico-sdk/sdk/2.2.0/src/rp2_common/pico_printf/printf.c.o
 .text._vsnprintf
                0x100038dc      0x9e4 CMakeFiles/pds200Pico2.dir/home/pdsilva/.pico-sdk/sdk/2.2.0/src/rp2_common/pico_printf/printf.c.o
 .text.__wrap_sprintf
                0x100042c0       0x2c CMakeFiles/pds200Pico2.dir/home/pdsilva/.pico-sdk/sdk/2.2.0/src/rp2_common/pico_printf/printf.c.o
                0x100042c0                __wrap_sprintf
 .text.vfctprintf
                0x100042ec       0x28 CMakeFiles/pds200Pico2.dir/home/pdsilva/.pico-sdk/sdk/2.2.0/src/rp2_common/pico_printf/printf.c.o
                0x100042ec                vfctprintf
 .text.weak_raw_vprintf
                0x10004314       0x30 CMakeFiles/pds200Pico2.dir/home/pdsilva/.pico-sdk/sdk/2.2.0/src/rp2_common/pico_printf/printf.c.o
                0x10004314                weak_raw_vprintf
 .text._exit    0x10004344        0x4 CMakeFiles/pds200Pico2.dir/home/pdsilva/.pico-sdk/sdk/2.2.0/src/rp2_common/pico_clib_interface/newlib_interface.c.o
                0x10004344                _exit
 .text._sbrk    0x10004348       0x2c CMakeFiles/pds200Pico2.dir/home/pdsilva/.pico-sdk/sdk/2.2.0/src/rp2_common/pico_clib_interface/newlib_interface.c.o
                0x10004348                _sbrk
 .text.exit     0x10004374        0x8 CMakeFiles/pds200Pico2.dir/home/pdsilva/.pico-sdk/sdk/2.2.0/src/rp2_common/pico_clib_interface/newlib_interface.c.o
                0x10004374                exit
 .text.runtime_init
                0x1000437c       0x24 CMakeFiles/pds200Pico2.dir/home/pdsilva/.pico-sdk/sdk/2.2.0/src/rp2_common/pico_clib_interface/newlib_interface.c.o
                0x1000437c                runtime_init
 .text.stdio_out_chars_no_crlf
                0x100043a0        0x8 CMakeFiles/pds200Pico2.dir/home/pdsilva/.pico-sdk/sdk/2.2.0/src/rp2_common/pico_stdio/stdio.c.o
 .text.stdio_out_chars_crlf
                0x100043a8       0xb0 CMakeFiles/pds200Pico2.dir/home/pdsilva/.pico-sdk/sdk/2.2.0/src/rp2_common/pico_stdio/stdio.c.o
 .text.stdio_buffered_printer
                0x10004458       0x60 CMakeFiles/pds200Pico2.dir/home/pdsilva/.pico-sdk/sdk/2.2.0/src/rp2_common/pico_stdio/stdio.c.o
 .text.stdio_put_string
                0x100044b8       0xec CMakeFiles/pds200Pico2.dir/home/pdsilva/.pico-sdk/sdk/2.2.0/src/rp2_common/pico_stdio/stdio.c.o
                0x100044b8                stdio_put_string
 .text.stdio_set_driver_enabled
                0x100045a4       0x28 CMakeFiles/pds200Pico2.dir/home/pdsilva/.pico-sdk/sdk/2.2.0/src/rp2_common/pico_stdio/stdio.c.o
                0x100045a4                stdio_set_driver_enabled
 .text.stdio_init_all
                0x100045cc        0x4 CMakeFiles/pds200Pico2.dir/home/pdsilva/.pico-sdk/sdk/2.2.0/src/rp2_common/pico_stdio/stdio.c.o
                0x100045cc                stdio_init_all
 .text.__wrap_putchar
                0x100045d0       0x84 CMakeFiles/pds200Pico2.dir/home/pdsilva/.pico-sdk/sdk/2.2.0/src/rp2_common/pico_stdio/stdio.c.o
                0x100045d0                stdio_putchar
                0x100045d0                __wrap_putchar
 .text.__wrap_puts
                0x10004654       0x3c CMakeFiles/pds200Pico2.dir/home/pdsilva/.pico-sdk/sdk/2.2.0/src/rp2_common/pico_stdio/stdio.c.o
                0x10004654                __wrap_puts
                0x10004654                stdio_puts
 .text.__wrap_vprintf
                0x10004690       0xc4 CMakeFiles/pds200Pico2.dir/home/pdsilva/.pico-sdk/sdk/2.2.0/src/rp2_common/pico_stdio/stdio.c.o
                0x10004690                __wrap_vprintf
                0x10004690                stdio_vprintf
 .text.__wrap_printf
                0x10004754       0x1c CMakeFiles/pds200Pico2.dir/home/pdsilva/.pico-sdk/sdk/2.2.0/src/rp2_common/pico_stdio/stdio.c.o
                0x10004754                stdio_printf
                0x10004754                __wrap_printf
 .text.resetd_init
                0x10004770        0x4 CMakeFiles/pds200Pico2.dir/home/pdsilva/.pico-sdk/sdk/2.2.0/src/rp2_common/pico_stdio_usb/reset_interface.c.o
 .text.resetd_reset
                0x10004774        0xc CMakeFiles/pds200Pico2.dir/home/pdsilva/.pico-sdk/sdk/2.2.0/src/rp2_common/pico_stdio_usb/reset_interface.c.o
 .text.resetd_open
                0x10004780       0x28 CMakeFiles/pds200Pico2.dir/home/pdsilva/.pico-sdk/sdk/2.2.0/src/rp2_common/pico_stdio_usb/reset_interface.c.o
 .text.resetd_xfer_cb
                0x100047a8        0x4 CMakeFiles/pds200Pico2.dir/home/pdsilva/.pico-sdk/sdk/2.2.0/src/rp2_common/pico_stdio_usb/reset_interface.c.o
 .text.resetd_control_xfer_cb
                0x100047ac       0x50 CMakeFiles/pds200Pico2.dir/home/pdsilva/.pico-sdk/sdk/2.2.0/src/rp2_common/pico_stdio_usb/reset_interface.c.o
 .text.tud_descriptor_bos_cb
                0x100047fc        0x8 CMakeFiles/pds200Pico2.dir/home/pdsilva/.pico-sdk/sdk/2.2.0/src/rp2_common/pico_stdio_usb/reset_interface.c.o
                0x100047fc                tud_descriptor_bos_cb
 .text.tud_vendor_control_xfer_cb
                0x10004804       0x28 CMakeFiles/pds200Pico2.dir/home/pdsilva/.pico-sdk/sdk/2.2.0/src/rp2_common/pico_stdio_usb/reset_interface.c.o
                0x10004804                tud_vendor_control_xfer_cb
 .text.usbd_app_driver_get_cb
                0x1000482c       0x10 CMakeFiles/pds200Pico2.dir/home/pdsilva/.pico-sdk/sdk/2.2.0/src/rp2_common/pico_stdio_usb/reset_interface.c.o
                0x1000482c                usbd_app_driver_get_cb
 .text.tud_cdc_line_coding_cb
                0x1000483c       0x18 CMakeFiles/pds200Pico2.dir/home/pdsilva/.pico-sdk/sdk/2.2.0/src/rp2_common/pico_stdio_usb/reset_interface.c.o
                0x1000483c                tud_cdc_line_coding_cb
 .text.stdio_usb_set_chars_available_callback
                0x10004854       0x14 CMakeFiles/pds200Pico2.dir/home/pdsilva/.pico-sdk/sdk/2.2.0/src/rp2_common/pico_stdio_usb/stdio_usb.c.o
                0x10004854                stdio_usb_set_chars_available_callback
 .text.timer_task
                0x10004868       0x70 CMakeFiles/pds200Pico2.dir/home/pdsilva/.pico-sdk/sdk/2.2.0/src/rp2_common/pico_stdio_usb/stdio_usb.c.o
 .text.usb_irq  0x100048d8        0xc CMakeFiles/pds200Pico2.dir/home/pdsilva/.pico-sdk/sdk/2.2.0/src/rp2_common/pico_stdio_usb/stdio_usb.c.o
 .text.stdio_usb_in_chars
                0x100048e4       0x88 CMakeFiles/pds200Pico2.dir/home/pdsilva/.pico-sdk/sdk/2.2.0/src/rp2_common/pico_stdio_usb/stdio_usb.c.o
                0x100048e4                stdio_usb_in_chars
 .text.stdio_usb_out_flush
                0x1000496c       0x54 CMakeFiles/pds200Pico2.dir/home/pdsilva/.pico-sdk/sdk/2.2.0/src/rp2_common/pico_stdio_usb/stdio_usb.c.o
 .text.stdio_usb_out_chars
                0x100049c0       0xf4 CMakeFiles/pds200Pico2.dir/home/pdsilva/.pico-sdk/sdk/2.2.0/src/rp2_common/pico_stdio_usb/stdio_usb.c.o
 .text.low_priority_worker_irq
                0x10004ab4       0xd8 CMakeFiles/pds200Pico2.dir/home/pdsilva/.pico-sdk/sdk/2.2.0/src/rp2_common/pico_stdio_usb/stdio_usb.c.o
 .text.stdio_usb_init
                0x10004b8c       0xe8 CMakeFiles/pds200Pico2.dir/home/pdsilva/.pico-sdk/sdk/2.2.0/src/rp2_common/pico_stdio_usb/stdio_usb.c.o
                0x10004b8c                stdio_usb_init
 .text.tud_descriptor_device_cb
                0x10004c74        0x8 CMakeFiles/pds200Pico2.dir/home/pdsilva/.pico-sdk/sdk/2.2.0/src/rp2_common/pico_stdio_usb/stdio_usb_descriptors.c.o
                0x10004c74                tud_descriptor_device_cb
 .text.tud_descriptor_configuration_cb
                0x10004c7c        0x8 CMakeFiles/pds200Pico2.dir/home/pdsilva/.pico-sdk/sdk/2.2.0/src/rp2_common/pico_stdio_usb/stdio_usb_descriptors.c.o
                0x10004c7c                tud_descriptor_configuration_cb
 .text.tud_descriptor_string_cb
                0x10004c84       0x70 CMakeFiles/pds200Pico2.dir/home/pdsilva/.pico-sdk/sdk/2.2.0/src/rp2_common/pico_stdio_usb/stdio_usb_descriptors.c.o
                0x10004c84                tud_descriptor_string_cb
 .text.startup._retrieve_unique_id_on_boot
                0x10004cf4       0x30 CMakeFiles/pds200Pico2.dir/home/pdsilva/.pico-sdk/sdk/2.2.0/src/rp2_common/pico_unique_id/unique_id.c.o
 .text.pico_get_unique_board_id
                0x10004d24       0x10 CMakeFiles/pds200Pico2.dir/home/pdsilva/.pico-sdk/sdk/2.2.0/src/rp2_common/pico_unique_id/unique_id.c.o
                0x10004d24                pico_get_unique_board_id
 .text.pico_get_unique_board_id_string
                0x10004d34      0x184 CMakeFiles/pds200Pico2.dir/home/pdsilva/.pico-sdk/sdk/2.2.0/src/rp2_common/pico_unique_id/unique_id.c.o
                0x10004d34                pico_get_unique_board_id_string
 .text.dcd_init
                0x10004eb8       0x8c CMakeFiles/pds200Pico2.dir/home/pdsilva/.pico-sdk/sdk/2.2.0/lib/tinyusb/src/portable/raspberrypi/rp2040/dcd_rp2040.c.o
                0x10004eb8                dcd_init
 .text.dcd_int_enable
                0x10004f44        0x8 CMakeFiles/pds200Pico2.dir/home/pdsilva/.pico-sdk/sdk/2.2.0/lib/tinyusb/src/portable/raspberrypi/rp2040/dcd_rp2040.c.o
                0x10004f44                dcd_int_enable
 .text.dcd_set_address
                0x10004f4c       0x10 CMakeFiles/pds200Pico2.dir/home/pdsilva/.pico-sdk/sdk/2.2.0/lib/tinyusb/src/portable/raspberrypi/rp2040/dcd_rp2040.c.o
                0x10004f4c                dcd_set_address
 .text.dcd_sof_enable
                0x10004f5c       0x1c CMakeFiles/pds200Pico2.dir/home/pdsilva/.pico-sdk/sdk/2.2.0/lib/tinyusb/src/portable/raspberrypi/rp2040/dcd_rp2040.c.o
                0x10004f5c                dcd_sof_enable
 .text.dcd_edpt0_status_complete
                0x10004f78       0x1c CMakeFiles/pds200Pico2.dir/home/pdsilva/.pico-sdk/sdk/2.2.0/lib/tinyusb/src/portable/raspberrypi/rp2040/dcd_rp2040.c.o
                0x10004f78                dcd_edpt0_status_complete
 .text.dcd_edpt_open
                0x10004f94      0x104 CMakeFiles/pds200Pico2.dir/home/pdsilva/.pico-sdk/sdk/2.2.0/lib/tinyusb/src/portable/raspberrypi/rp2040/dcd_rp2040.c.o
                0x10004f94                dcd_edpt_open
 .text.dcd_edpt_close_all
                0x10005098        0x4 CMakeFiles/pds200Pico2.dir/home/pdsilva/.pico-sdk/sdk/2.2.0/lib/tinyusb/src/portable/raspberrypi/rp2040/dcd_rp2040.c.o
                0x10005098                dcd_edpt_close_all
 .text.dcd_edpt_xfer
                0x1000509c       0x28 CMakeFiles/pds200Pico2.dir/home/pdsilva/.pico-sdk/sdk/2.2.0/lib/tinyusb/src/portable/raspberrypi/rp2040/dcd_rp2040.c.o
                0x1000509c                dcd_edpt_xfer
 .text.dcd_edpt_stall
                0x100050c4       0x30 CMakeFiles/pds200Pico2.dir/home/pdsilva/.pico-sdk/sdk/2.2.0/lib/tinyusb/src/portable/raspberrypi/rp2040/dcd_rp2040.c.o
                0x100050c4                dcd_edpt_stall
 .text.dcd_edpt_clear_stall
                0x100050f4       0x24 CMakeFiles/pds200Pico2.dir/home/pdsilva/.pico-sdk/sdk/2.2.0/lib/tinyusb/src/portable/raspberrypi/rp2040/dcd_rp2040.c.o
                0x100050f4                dcd_edpt_clear_stall
 .text.rp2040_usb_init
                0x10005118       0x40 CMakeFiles/pds200Pico2.dir/home/pdsilva/.pico-sdk/sdk/2.2.0/lib/tinyusb/src/portable/raspberrypi/rp2040/rp2040_usb.c.o
                0x10005118                rp2040_usb_init
 .text.hw_endpoint_xfer_start
                0x10005158       0x40 CMakeFiles/pds200Pico2.dir/home/pdsilva/.pico-sdk/sdk/2.2.0/lib/tinyusb/src/portable/raspberrypi/rp2040/rp2040_usb.c.o
                0x10005158                hw_endpoint_xfer_start
 .text.configuration_reset
                0x10005198       0x8c CMakeFiles/pds200Pico2.dir/home/pdsilva/.pico-sdk/sdk/2.2.0/lib/tinyusb/src/device/usbd.c.o
 .text.tud_event_hook_cb
                0x10005224        0x4 CMakeFiles/pds200Pico2.dir/home/pdsilva/.pico-sdk/sdk/2.2.0/lib/tinyusb/src/device/usbd.c.o
                0x10005224                tud_event_hook_cb
 .text.tud_sof_cb
                0x10005228        0x4 CMakeFiles/pds200Pico2.dir/home/pdsilva/.pico-sdk/sdk/2.2.0/lib/tinyusb/src/device/usbd.c.o
                0x10005228                tud_sof_cb
 .text.tud_descriptor_device_qualifier_cb
                0x1000522c        0x4 CMakeFiles/pds200Pico2.dir/home/pdsilva/.pico-sdk/sdk/2.2.0/lib/tinyusb/src/device/usbd.c.o
                0x1000522c                tud_descriptor_device_qualifier_cb
 .text.tud_descriptor_other_speed_configuration_cb
                0x10005230        0x4 CMakeFiles/pds200Pico2.dir/home/pdsilva/.pico-sdk/sdk/2.2.0/lib/tinyusb/src/device/usbd.c.o
                0x10005230                tud_descriptor_other_speed_configuration_cb
 .text.tud_mount_cb
                0x10005234        0x4 CMakeFiles/pds200Pico2.dir/home/pdsilva/.pico-sdk/sdk/2.2.0/lib/tinyusb/src/device/usbd.c.o
                0x10005234                tud_mount_cb
 .text.tud_umount_cb
                0x10005238        0x4 CMakeFiles/pds200Pico2.dir/home/pdsilva/.pico-sdk/sdk/2.2.0/lib/tinyusb/src/device/usbd.c.o
                0x10005238                tud_umount_cb
 .text.tud_suspend_cb
                0x1000523c        0x4 CMakeFiles/pds200Pico2.dir/home/pdsilva/.pico-sdk/sdk/2.2.0/lib/tinyusb/src/device/usbd.c.o
                0x1000523c                tud_suspend_cb
 .text.tud_resume_cb
                0x10005240        0x4 CMakeFiles/pds200Pico2.dir/home/pdsilva/.pico-sdk/sdk/2.2.0/lib/tinyusb/src/device/usbd.c.o
                0x10005240                tud_resume_cb
 .text.tud_mounted
                0x10005244       0x10 CMakeFiles/pds200Pico2.dir/home/pdsilva/.pico-sdk/sdk/2.2.0/lib/tinyusb/src/device/usbd.c.o
                0x10005244                tud_mounted
 .text.tud_suspended
                0x10005254       0x10 CMakeFiles/pds200Pico2.dir/home/pdsilva/.pico-sdk/sdk/2.2.0/lib/tinyusb/src/device/usbd.c.o
                0x10005254                tud_suspended
 .text.tud_rhport_init
                0x10005264       0xf4 CMakeFiles/pds200Pico2.dir/home/pdsilva/.pico-sdk/sdk/2.2.0/lib/tinyusb/src/device/usbd.c.o
                0x10005264                tud_rhport_init
 .text.tud_task_ext
                0x10005358      0x784 CMakeFiles/pds200Pico2.dir/home/pdsilva/.pico-sdk/sdk/2.2.0/lib/tinyusb/src/device/usbd.c.o
                0x10005358                tud_task_ext
 .text.usbd_open_edpt_pair
                0x10005adc       0x9c CMakeFiles/pds200Pico2.dir/home/pdsilva/.pico-sdk/sdk/2.2.0/lib/tinyusb/src/device/usbd.c.o
                0x10005adc                usbd_open_edpt_pair
 .text.usbd_edpt_open
                0x10005b78       0x44 CMakeFiles/pds200Pico2.dir/home/pdsilva/.pico-sdk/sdk/2.2.0/lib/tinyusb/src/device/usbd.c.o
                0x10005b78                usbd_edpt_open
 .text.usbd_edpt_claim
                0x10005bbc       0x24 CMakeFiles/pds200Pico2.dir/home/pdsilva/.pico-sdk/sdk/2.2.0/lib/tinyusb/src/device/usbd.c.o
                0x10005bbc                usbd_edpt_claim
 .text.usbd_edpt_release
                0x10005be0       0x24 CMakeFiles/pds200Pico2.dir/home/pdsilva/.pico-sdk/sdk/2.2.0/lib/tinyusb/src/device/usbd.c.o
                0x10005be0                usbd_edpt_release
 .text.usbd_edpt_xfer
                0x10005c04       0x70 CMakeFiles/pds200Pico2.dir/home/pdsilva/.pico-sdk/sdk/2.2.0/lib/tinyusb/src/device/usbd.c.o
                0x10005c04                usbd_edpt_xfer
 .text.tud_control_status
                0x10005c74       0x34 CMakeFiles/pds200Pico2.dir/home/pdsilva/.pico-sdk/sdk/2.2.0/lib/tinyusb/src/device/usbd_control.c.o
                0x10005c74                tud_control_status
 .text.tud_control_xfer
                0x10005ca8       0xb0 CMakeFiles/pds200Pico2.dir/home/pdsilva/.pico-sdk/sdk/2.2.0/lib/tinyusb/src/device/usbd_control.c.o
                0x10005ca8                tud_control_xfer
 .text.usbd_control_reset
                0x10005d58       0x14 CMakeFiles/pds200Pico2.dir/home/pdsilva/.pico-sdk/sdk/2.2.0/lib/tinyusb/src/device/usbd_control.c.o
                0x10005d58                usbd_control_reset
 .text.usbd_control_set_complete_callback
                0x10005d6c        0xc CMakeFiles/pds200Pico2.dir/home/pdsilva/.pico-sdk/sdk/2.2.0/lib/tinyusb/src/device/usbd_control.c.o
                0x10005d6c                usbd_control_set_complete_callback
 .text.usbd_control_set_request
                0x10005d78       0x1c CMakeFiles/pds200Pico2.dir/home/pdsilva/.pico-sdk/sdk/2.2.0/lib/tinyusb/src/device/usbd_control.c.o
                0x10005d78                usbd_control_set_request
 .text.usbd_control_xfer_cb
                0x10005d94      0x100 CMakeFiles/pds200Pico2.dir/home/pdsilva/.pico-sdk/sdk/2.2.0/lib/tinyusb/src/device/usbd_control.c.o
                0x10005d94                usbd_control_xfer_cb
 .text._prep_out_transaction.isra.0
                0x10005e94       0x74 CMakeFiles/pds200Pico2.dir/home/pdsilva/.pico-sdk/sdk/2.2.0/lib/tinyusb/src/class/cdc/cdc_device.c.o
 .text.tud_cdc_n_connected
                0x10005f08       0x2c CMakeFiles/pds200Pico2.dir/home/pdsilva/.pico-sdk/sdk/2.2.0/lib/tinyusb/src/class/cdc/cdc_device.c.o
                0x10005f08                tud_cdc_n_connected
 .text.tud_cdc_n_available
                0x10005f34       0x14 CMakeFiles/pds200Pico2.dir/home/pdsilva/.pico-sdk/sdk/2.2.0/lib/tinyusb/src/class/cdc/cdc_device.c.o
                0x10005f34                tud_cdc_n_available
 .text.tud_cdc_n_read
                0x10005f48       0x90 CMakeFiles/pds200Pico2.dir/home/pdsilva/.pico-sdk/sdk/2.2.0/lib/tinyusb/src/class/cdc/cdc_device.c.o
                0x10005f48                tud_cdc_n_read
 .text.tud_cdc_n_write_flush
                0x10005fd8       0x8c CMakeFiles/pds200Pico2.dir/home/pdsilva/.pico-sdk/sdk/2.2.0/lib/tinyusb/src/class/cdc/cdc_device.c.o
                0x10005fd8                tud_cdc_n_write_flush
 .text.tud_cdc_n_write
                0x10006064       0x40 CMakeFiles/pds200Pico2.dir/home/pdsilva/.pico-sdk/sdk/2.2.0/lib/tinyusb/src/class/cdc/cdc_device.c.o
                0x10006064                tud_cdc_n_write
 .text.tud_cdc_n_write_available
                0x100060a4       0x14 CMakeFiles/pds200Pico2.dir/home/pdsilva/.pico-sdk/sdk/2.2.0/lib/tinyusb/src/class/cdc/cdc_device.c.o
                0x100060a4                tud_cdc_n_write_available
 .text.cdcd_init
                0x100060b8       0x70 CMakeFiles/pds200Pico2.dir/home/pdsilva/.pico-sdk/sdk/2.2.0/lib/tinyusb/src/class/cdc/cdc_device.c.o
                0x100060b8                cdcd_init
 .text.cdcd_deinit
                0x10006128       0x30 CMakeFiles/pds200Pico2.dir/home/pdsilva/.pico-sdk/sdk/2.2.0/lib/tinyusb/src/class/cdc/cdc_device.c.o
                0x10006128                cdcd_deinit
 .text.cdcd_reset
                0x10006158       0x4c CMakeFiles/pds200Pico2.dir/home/pdsilva/.pico-sdk/sdk/2.2.0/lib/tinyusb/src/class/cdc/cdc_device.c.o
                0x10006158                cdcd_reset
 .text.cdcd_open
                0x100061a4       0xc0 CMakeFiles/pds200Pico2.dir/home/pdsilva/.pico-sdk/sdk/2.2.0/lib/tinyusb/src/class/cdc/cdc_device.c.o
                0x100061a4                cdcd_open
 .text.cdcd_control_xfer_cb
                0x10006264       0xc0 CMakeFiles/pds200Pico2.dir/home/pdsilva/.pico-sdk/sdk/2.2.0/lib/tinyusb/src/class/cdc/cdc_device.c.o
                0x10006264                cdcd_control_xfer_cb
 .text.cdcd_xfer_cb
                0x10006324       0xf8 CMakeFiles/pds200Pico2.dir/home/pdsilva/.pico-sdk/sdk/2.2.0/lib/tinyusb/src/class/cdc/cdc_device.c.o
                0x10006324                cdcd_xfer_cb
 .text.vendord_init
                0x1000641c       0x5c CMakeFiles/pds200Pico2.dir/home/pdsilva/.pico-sdk/sdk/2.2.0/lib/tinyusb/src/class/vendor/vendor_device.c.o
                0x1000641c                vendord_init
 .text.vendord_deinit
                0x10006478       0x1c CMakeFiles/pds200Pico2.dir/home/pdsilva/.pico-sdk/sdk/2.2.0/lib/tinyusb/src/class/vendor/vendor_device.c.o
                0x10006478                vendord_deinit
 .text.vendord_reset
                0x10006494       0x24 CMakeFiles/pds200Pico2.dir/home/pdsilva/.pico-sdk/sdk/2.2.0/lib/tinyusb/src/class/vendor/vendor_device.c.o
                0x10006494                vendord_reset
 .text.vendord_open
                0x100064b8       0xf4 CMakeFiles/pds200Pico2.dir/home/pdsilva/.pico-sdk/sdk/2.2.0/lib/tinyusb/src/class/vendor/vendor_device.c.o
                0x100064b8                vendord_open
 .text.vendord_xfer_cb
                0x100065ac       0x88 CMakeFiles/pds200Pico2.dir/home/pdsilva/.pico-sdk/sdk/2.2.0/lib/tinyusb/src/class/vendor/vendor_device.c.o
                0x100065ac                vendord_xfer_cb
 .text.tusb_rhport_init
                0x10006634       0x64 CMakeFiles/pds200Pico2.dir/home/pdsilva/.pico-sdk/sdk/2.2.0/lib/tinyusb/src/tusb.c.o
                0x10006634                tusb_rhport_init
 .text.tu_edpt_claim
                0x10006698       0x54 CMakeFiles/pds200Pico2.dir/home/pdsilva/.pico-sdk/sdk/2.2.0/lib/tinyusb/src/tusb.c.o
                0x10006698                tu_edpt_claim
 .text.tu_edpt_release
                0x100066ec       0x38 CMakeFiles/pds200Pico2.dir/home/pdsilva/.pico-sdk/sdk/2.2.0/lib/tinyusb/src/tusb.c.o
                0x100066ec                tu_edpt_release
 .text.tu_edpt_validate
                0x10006724       0x60 CMakeFiles/pds200Pico2.dir/home/pdsilva/.pico-sdk/sdk/2.2.0/lib/tinyusb/src/tusb.c.o
                0x10006724                tu_edpt_validate
 .text.tu_edpt_bind_driver
                0x10006784       0x58 CMakeFiles/pds200Pico2.dir/home/pdsilva/.pico-sdk/sdk/2.2.0/lib/tinyusb/src/tusb.c.o
                0x10006784                tu_edpt_bind_driver
 .text.tu_edpt_stream_init
                0x100067dc       0x58 CMakeFiles/pds200Pico2.dir/home/pdsilva/.pico-sdk/sdk/2.2.0/lib/tinyusb/src/tusb.c.o
                0x100067dc                tu_edpt_stream_init
 .text.tu_edpt_stream_deinit
                0x10006834        0x4 CMakeFiles/pds200Pico2.dir/home/pdsilva/.pico-sdk/sdk/2.2.0/lib/tinyusb/src/tusb.c.o
                0x10006834                tu_edpt_stream_deinit
 .text.tu_edpt_stream_write_zlp_if_needed
                0x10006838       0x68 CMakeFiles/pds200Pico2.dir/home/pdsilva/.pico-sdk/sdk/2.2.0/lib/tinyusb/src/tusb.c.o
                0x10006838                tu_edpt_stream_write_zlp_if_needed
 .text.tu_edpt_stream_write_xfer
                0x100068a0       0x70 CMakeFiles/pds200Pico2.dir/home/pdsilva/.pico-sdk/sdk/2.2.0/lib/tinyusb/src/tusb.c.o
                0x100068a0                tu_edpt_stream_write_xfer
 .text.tu_edpt_stream_read_xfer
                0x10006910       0xc8 CMakeFiles/pds200Pico2.dir/home/pdsilva/.pico-sdk/sdk/2.2.0/lib/tinyusb/src/tusb.c.o
                0x10006910                tu_edpt_stream_read_xfer
 .text.tu_fifo_config
                0x100069d8       0x60 CMakeFiles/pds200Pico2.dir/home/pdsilva/.pico-sdk/sdk/2.2.0/lib/tinyusb/src/common/tusb_fifo.c.o
                0x100069d8                tu_fifo_config
 .text.tu_fifo_count
                0x10006a38       0x20 CMakeFiles/pds200Pico2.dir/home/pdsilva/.pico-sdk/sdk/2.2.0/lib/tinyusb/src/common/tusb_fifo.c.o
                0x10006a38                tu_fifo_count
 .text.tu_fifo_empty
                0x10006a58       0x14 CMakeFiles/pds200Pico2.dir/home/pdsilva/.pico-sdk/sdk/2.2.0/lib/tinyusb/src/common/tusb_fifo.c.o
                0x10006a58                tu_fifo_empty
 .text.tu_fifo_remaining
                0x10006a6c       0x24 CMakeFiles/pds200Pico2.dir/home/pdsilva/.pico-sdk/sdk/2.2.0/lib/tinyusb/src/common/tusb_fifo.c.o
                0x10006a6c                tu_fifo_remaining
 .text.tu_fifo_read
                0x10006a90       0x94 CMakeFiles/pds200Pico2.dir/home/pdsilva/.pico-sdk/sdk/2.2.0/lib/tinyusb/src/common/tusb_fifo.c.o
                0x10006a90                tu_fifo_read
 .text.tu_fifo_read_n
                0x10006b24       0xd8 CMakeFiles/pds200Pico2.dir/home/pdsilva/.pico-sdk/sdk/2.2.0/lib/tinyusb/src/common/tusb_fifo.c.o
                0x10006b24                tu_fifo_read_n
 .text.tu_fifo_write
                0x10006bfc       0xa4 CMakeFiles/pds200Pico2.dir/home/pdsilva/.pico-sdk/sdk/2.2.0/lib/tinyusb/src/common/tusb_fifo.c.o
                0x10006bfc                tu_fifo_write
 .text.tu_fifo_write_n
                0x10006ca0      0x15c CMakeFiles/pds200Pico2.dir/home/pdsilva/.pico-sdk/sdk/2.2.0/lib/tinyusb/src/common/tusb_fifo.c.o
                0x10006ca0                tu_fifo_write_n
 .text.tu_fifo_clear
                0x10006dfc       0x38 CMakeFiles/pds200Pico2.dir/home/pdsilva/.pico-sdk/sdk/2.2.0/lib/tinyusb/src/common/tusb_fifo.c.o
                0x10006dfc                tu_fifo_clear
 .text.tu_fifo_set_overwritable
                0x10006e34       0x3c CMakeFiles/pds200Pico2.dir/home/pdsilva/.pico-sdk/sdk/2.2.0/lib/tinyusb/src/common/tusb_fifo.c.o
                0x10006e34                tu_fifo_set_overwritable
 .text.pio_claim_unused_sm
                0x10006e70       0x38 CMakeFiles/pds200Pico2.dir/home/pdsilva/.pico-sdk/sdk/2.2.0/src/rp2_common/hardware_pio/pio.c.o
                0x10006e70                pio_claim_unused_sm
 .text.pio_add_program
                0x10006ea8       0xf4 CMakeFiles/pds200Pico2.dir/home/pdsilva/.pico-sdk/sdk/2.2.0/src/rp2_common/hardware_pio/pio.c.o
                0x10006ea8                pio_add_program
 .text.pio_sm_set_pindirs_with_mask
                0x10006f9c       0x6c CMakeFiles/pds200Pico2.dir/home/pdsilva/.pico-sdk/sdk/2.2.0/src/rp2_common/hardware_pio/pio.c.o
                0x10006f9c                pio_sm_set_pindirs_with_mask
 .text.pio_sm_set_pindirs_with_mask64
                0x10007008       0x68 CMakeFiles/pds200Pico2.dir/home/pdsilva/.pico-sdk/sdk/2.2.0/src/rp2_common/hardware_pio/pio.c.o
                0x10007008                pio_sm_set_pindirs_with_mask64
 .text.pio_sm_set_consecutive_pindirs
                0x10007070       0x8c CMakeFiles/pds200Pico2.dir/home/pdsilva/.pico-sdk/sdk/2.2.0/src/rp2_common/hardware_pio/pio.c.o
                0x10007070                pio_sm_set_consecutive_pindirs
 .text.pio_sm_init
                0x100070fc       0xa8 CMakeFiles/pds200Pico2.dir/home/pdsilva/.pico-sdk/sdk/2.2.0/src/rp2_common/hardware_pio/pio.c.o
                0x100070fc                pio_sm_init
 .text.pio_claim_free_sm_and_add_program_for_gpio_range
                0x100071a4      0x170 CMakeFiles/pds200Pico2.dir/home/pdsilva/.pico-sdk/sdk/2.2.0/src/rp2_common/hardware_pio/pio.c.o
                0x100071a4                pio_claim_free_sm_and_add_program_for_gpio_range
 .text.pio_remove_program_and_unclaim_sm
                0x10007314       0x4c CMakeFiles/pds200Pico2.dir/home/pdsilva/.pico-sdk/sdk/2.2.0/src/rp2_common/hardware_pio/pio.c.o
                0x10007314                pio_remove_program_and_unclaim_sm
 .text.dma_channel_unclaim
                0x10007360        0xc CMakeFiles/pds200Pico2.dir/home/pdsilva/.pico-sdk/sdk/2.2.0/src/rp2_common/hardware_dma/dma.c.o
                0x10007360                dma_channel_unclaim
 .text.dma_claim_unused_channel
                0x1000736c       0x20 CMakeFiles/pds200Pico2.dir/home/pdsilva/.pico-sdk/sdk/2.2.0/src/rp2_common/hardware_dma/dma.c.o
                0x1000736c                dma_claim_unused_channel
 .text.dma_channel_cleanup
                0x1000738c       0x50 CMakeFiles/pds200Pico2.dir/home/pdsilva/.pico-sdk/sdk/2.2.0/src/rp2_common/hardware_dma/dma.c.o
                0x1000738c                dma_channel_cleanup
 .text.core1_trampoline
                0x100073dc        0x4 CMakeFiles/pds200Pico2.dir/home/pdsilva/.pico-sdk/sdk/2.2.0/src/rp2_common/pico_multicore/multicore.c.o
 .text.core1_wrapper
                0x100073e0       0x10 CMakeFiles/pds200Pico2.dir/home/pdsilva/.pico-sdk/sdk/2.2.0/src/rp2_common/pico_multicore/multicore.c.o
                0x100073e0                core1_wrapper
 .text.multicore_launch_core1_raw
                0x100073f0       0x84 CMakeFiles/pds200Pico2.dir/home/pdsilva/.pico-sdk/sdk/2.2.0/src/rp2_common/pico_multicore/multicore.c.o
                0x100073f0                multicore_launch_core1_raw
 .text.multicore_launch_core1
                0x10007474       0x48 CMakeFiles/pds200Pico2.dir/home/pdsilva/.pico-sdk/sdk/2.2.0/src/rp2_common/pico_multicore/multicore.c.o
                0x10007474                multicore_launch_core1
 .text.lwip_timeout_reached
                0x100074bc        0x4 CMakeFiles/pds200Pico2.dir/home/pdsilva/.pico-sdk/sdk/2.2.0/src/rp2_common/pico_lwip/lwip_nosys.c.o
 .text.update_next_timeout
                0x100074c0       0x5c CMakeFiles/pds200Pico2.dir/home/pdsilva/.pico-sdk/sdk/2.2.0/src/rp2_common/pico_lwip/lwip_nosys.c.o
 .text.lwip_nosys_init
                0x1000751c       0x30 CMakeFiles/pds200Pico2.dir/home/pdsilva/.pico-sdk/sdk/2.2.0/src/rp2_common/pico_lwip/lwip_nosys.c.o
                0x1000751c                lwip_nosys_init
 .text.lwip_nosys_deinit
                0x1000754c       0x24 CMakeFiles/pds200Pico2.dir/home/pdsilva/.pico-sdk/sdk/2.2.0/src/rp2_common/pico_lwip/lwip_nosys.c.o
                0x1000754c                lwip_nosys_deinit
 .text.sys_arch_protect
                0x10007570        0x4 CMakeFiles/pds200Pico2.dir/home/pdsilva/.pico-sdk/sdk/2.2.0/src/rp2_common/pico_lwip/lwip_nosys.c.o
                0x10007570                sys_arch_protect
 .text.sys_arch_unprotect
                0x10007574        0x4 CMakeFiles/pds200Pico2.dir/home/pdsilva/.pico-sdk/sdk/2.2.0/src/rp2_common/pico_lwip/lwip_nosys.c.o
                0x10007574                sys_arch_unprotect
 .text.sys_now  0x10007578       0x24 CMakeFiles/pds200Pico2.dir/home/pdsilva/.pico-sdk/sdk/2.2.0/src/rp2_common/pico_lwip/lwip_nosys.c.o
                0x10007578                sys_now
 .text.async_context_base_add_at_time_worker
                0x1000759c       0x24 CMakeFiles/pds200Pico2.dir/home/pdsilva/.pico-sdk/sdk/2.2.0/src/rp2_common/pico_async_context/async_context_base.c.o
                0x1000759c                async_context_base_add_at_time_worker
 .text.async_context_base_remove_at_time_worker
                0x100075c0       0x20 CMakeFiles/pds200Pico2.dir/home/pdsilva/.pico-sdk/sdk/2.2.0/src/rp2_common/pico_async_context/async_context_base.c.o
                0x100075c0                async_context_base_remove_at_time_worker
 .text.async_context_base_add_when_pending_worker
                0x100075e0       0x20 CMakeFiles/pds200Pico2.dir/home/pdsilva/.pico-sdk/sdk/2.2.0/src/rp2_common/pico_async_context/async_context_base.c.o
                0x100075e0                async_context_base_add_when_pending_worker
 .text.async_context_base_remove_when_pending_worker
                0x10007600       0x20 CMakeFiles/pds200Pico2.dir/home/pdsilva/.pico-sdk/sdk/2.2.0/src/rp2_common/pico_async_context/async_context_base.c.o
                0x10007600                async_context_base_remove_when_pending_worker
 .text.async_context_base_execute_once
                0x10007620       0xd8 CMakeFiles/pds200Pico2.dir/home/pdsilva/.pico-sdk/sdk/2.2.0/src/rp2_common/pico_async_context/async_context_base.c.o
                0x10007620                async_context_base_execute_once
 .text.async_context_base_needs_servicing
                0x100076f8       0x3c CMakeFiles/pds200Pico2.dir/home/pdsilva/.pico-sdk/sdk/2.2.0/src/rp2_common/pico_async_context/async_context_base.c.o
                0x100076f8                async_context_base_needs_servicing
 .text.splitmix64
                0x10007734       0x70 CMakeFiles/pds200Pico2.dir/home/pdsilva/.pico-sdk/sdk/2.2.0/src/rp2_common/pico_rand/rand.c.o
 .text.capture_additional_trng_samples
                0x100077a4       0xa0 CMakeFiles/pds200Pico2.dir/home/pdsilva/.pico-sdk/sdk/2.2.0/src/rp2_common/pico_rand/rand.c.o
 .text.xoroshiro128ss
                0x10007844       0x8c CMakeFiles/pds200Pico2.dir/home/pdsilva/.pico-sdk/sdk/2.2.0/src/rp2_common/pico_rand/rand.c.o
 .text.get_rand_64
                0x100078d0      0x188 CMakeFiles/pds200Pico2.dir/home/pdsilva/.pico-sdk/sdk/2.2.0/src/rp2_common/pico_rand/rand.c.o
                0x100078d0                get_rand_64
 .text.get_rand_32
                0x10007a58        0x8 CMakeFiles/pds200Pico2.dir/home/pdsilva/.pico-sdk/sdk/2.2.0/src/rp2_common/pico_rand/rand.c.o
                0x10007a58                get_rand_32
 .text.lwip_init
                0x10007a60       0x28 CMakeFiles/pds200Pico2.dir/home/pdsilva/.pico-sdk/sdk/2.2.0/lib/lwip/src/core/init.c.o
                0x10007a60                lwip_init
 .text.lwip_htons
                0x10007a88        0x8 CMakeFiles/pds200Pico2.dir/home/pdsilva/.pico-sdk/sdk/2.2.0/lib/lwip/src/core/def.c.o
                0x10007a88                lwip_htons
 .text.lwip_htonl
                0x10007a90        0x4 CMakeFiles/pds200Pico2.dir/home/pdsilva/.pico-sdk/sdk/2.2.0/lib/lwip/src/core/def.c.o
                0x10007a90                lwip_htonl
 .text.dns_call_found
                0x10007a94      0x15c CMakeFiles/pds200Pico2.dir/home/pdsilva/.pico-sdk/sdk/2.2.0/lib/lwip/src/core/dns.c.o
 .text.dns_send.isra.0
                0x10007bf0      0x168 CMakeFiles/pds200Pico2.dir/home/pdsilva/.pico-sdk/sdk/2.2.0/lib/lwip/src/core/dns.c.o
 .text.dns_init
                0x10007d58        0x4 CMakeFiles/pds200Pico2.dir/home/pdsilva/.pico-sdk/sdk/2.2.0/lib/lwip/src/core/dns.c.o
                0x10007d58                dns_init
 .text.dns_setserver
                0x10007d5c       0x28 CMakeFiles/pds200Pico2.dir/home/pdsilva/.pico-sdk/sdk/2.2.0/lib/lwip/src/core/dns.c.o
                0x10007d5c                dns_setserver
 .text.dns_tmr  0x10007d84      0x134 CMakeFiles/pds200Pico2.dir/home/pdsilva/.pico-sdk/sdk/2.2.0/lib/lwip/src/core/dns.c.o
                0x10007d84                dns_tmr
 .text.lwip_standard_chksum
                0x10007eb8       0x74 CMakeFiles/pds200Pico2.dir/home/pdsilva/.pico-sdk/sdk/2.2.0/lib/lwip/src/core/inet_chksum.c.o
                0x10007eb8                lwip_standard_chksum
 .text.inet_chksum_pseudo
                0x10007f2c       0x88 CMakeFiles/pds200Pico2.dir/home/pdsilva/.pico-sdk/sdk/2.2.0/lib/lwip/src/core/inet_chksum.c.o
                0x10007f2c                inet_chksum_pseudo
 .text.ip_chksum_pseudo
                0x10007fb4        0x4 CMakeFiles/pds200Pico2.dir/home/pdsilva/.pico-sdk/sdk/2.2.0/lib/lwip/src/core/inet_chksum.c.o
                0x10007fb4                ip_chksum_pseudo
 .text.inet_chksum
                0x10007fb8       0x88 CMakeFiles/pds200Pico2.dir/home/pdsilva/.pico-sdk/sdk/2.2.0/lib/lwip/src/core/inet_chksum.c.o
                0x10007fb8                inet_chksum
 .text.inet_chksum_pbuf
                0x10008040       0x48 CMakeFiles/pds200Pico2.dir/home/pdsilva/.pico-sdk/sdk/2.2.0/lib/lwip/src/core/inet_chksum.c.o
                0x10008040                inet_chksum_pbuf
 .text.mem_init
                0x10008088       0x58 CMakeFiles/pds200Pico2.dir/home/pdsilva/.pico-sdk/sdk/2.2.0/lib/lwip/src/core/mem.c.o
                0x10008088                mem_init
 .text.mem_free
                0x100080e0      0x134 CMakeFiles/pds200Pico2.dir/home/pdsilva/.pico-sdk/sdk/2.2.0/lib/lwip/src/core/mem.c.o
                0x100080e0                mem_free
 .text.mem_trim
                0x10008214      0x140 CMakeFiles/pds200Pico2.dir/home/pdsilva/.pico-sdk/sdk/2.2.0/lib/lwip/src/core/mem.c.o
                0x10008214                mem_trim
 .text.mem_malloc
                0x10008354      0x160 CMakeFiles/pds200Pico2.dir/home/pdsilva/.pico-sdk/sdk/2.2.0/lib/lwip/src/core/mem.c.o
                0x10008354                mem_malloc
 .text.memp_init
                0x100084b4       0x74 CMakeFiles/pds200Pico2.dir/home/pdsilva/.pico-sdk/sdk/2.2.0/lib/lwip/src/core/memp.c.o
                0x100084b4                memp_init
 .text.memp_malloc
                0x10008528       0x5c CMakeFiles/pds200Pico2.dir/home/pdsilva/.pico-sdk/sdk/2.2.0/lib/lwip/src/core/memp.c.o
                0x10008528                memp_malloc
 .text.memp_free
                0x10008584       0x44 CMakeFiles/pds200Pico2.dir/home/pdsilva/.pico-sdk/sdk/2.2.0/lib/lwip/src/core/memp.c.o
                0x10008584                memp_free
 .text.netif_null_output_ip4
                0x100085c8        0x8 CMakeFiles/pds200Pico2.dir/home/pdsilva/.pico-sdk/sdk/2.2.0/lib/lwip/src/core/netif.c.o
 .text.netif_init
                0x100085d0        0x4 CMakeFiles/pds200Pico2.dir/home/pdsilva/.pico-sdk/sdk/2.2.0/lib/lwip/src/core/netif.c.o
                0x100085d0                netif_init
 .text.netif_add
                0x100085d4      0x160 CMakeFiles/pds200Pico2.dir/home/pdsilva/.pico-sdk/sdk/2.2.0/lib/lwip/src/core/netif.c.o
                0x100085d4                netif_add
 .text.netif_set_addr
                0x10008734       0xc0 CMakeFiles/pds200Pico2.dir/home/pdsilva/.pico-sdk/sdk/2.2.0/lib/lwip/src/core/netif.c.o
                0x10008734                netif_set_addr
 .text.netif_remove
                0x100087f4       0x90 CMakeFiles/pds200Pico2.dir/home/pdsilva/.pico-sdk/sdk/2.2.0/lib/lwip/src/core/netif.c.o
                0x100087f4                netif_remove
 .text.netif_set_default
                0x10008884        0xc CMakeFiles/pds200Pico2.dir/home/pdsilva/.pico-sdk/sdk/2.2.0/lib/lwip/src/core/netif.c.o
                0x10008884                netif_set_default
 .text.netif_set_up
                0x10008890       0x1c CMakeFiles/pds200Pico2.dir/home/pdsilva/.pico-sdk/sdk/2.2.0/lib/lwip/src/core/netif.c.o
                0x10008890                netif_set_up
 .text.netif_set_link_up
                0x100088ac       0x2c CMakeFiles/pds200Pico2.dir/home/pdsilva/.pico-sdk/sdk/2.2.0/lib/lwip/src/core/netif.c.o
                0x100088ac                netif_set_link_up
 .text.netif_set_link_down
                0x100088d8       0x2c CMakeFiles/pds200Pico2.dir/home/pdsilva/.pico-sdk/sdk/2.2.0/lib/lwip/src/core/netif.c.o
                0x100088d8                netif_set_link_down
 .text.netif_get_by_index
                0x10008904       0x24 CMakeFiles/pds200Pico2.dir/home/pdsilva/.pico-sdk/sdk/2.2.0/lib/lwip/src/core/netif.c.o
                0x10008904                netif_get_by_index
 .text.pbuf_free.part.0
                0x10008928       0x90 CMakeFiles/pds200Pico2.dir/home/pdsilva/.pico-sdk/sdk/2.2.0/lib/lwip/src/core/pbuf.c.o
 .text.pbuf_free_ooseq
                0x100089b8       0x34 CMakeFiles/pds200Pico2.dir/home/pdsilva/.pico-sdk/sdk/2.2.0/lib/lwip/src/core/pbuf.c.o
                0x100089b8                pbuf_free_ooseq
 .text.pbuf_alloc
                0x100089ec      0x124 CMakeFiles/pds200Pico2.dir/home/pdsilva/.pico-sdk/sdk/2.2.0/lib/lwip/src/core/pbuf.c.o
                0x100089ec                pbuf_alloc
 .text.pbuf_alloced_custom
                0x10008b10       0x40 CMakeFiles/pds200Pico2.dir/home/pdsilva/.pico-sdk/sdk/2.2.0/lib/lwip/src/core/pbuf.c.o
                0x10008b10                pbuf_alloced_custom
 .text.pbuf_realloc
                0x10008b50       0x8c CMakeFiles/pds200Pico2.dir/home/pdsilva/.pico-sdk/sdk/2.2.0/lib/lwip/src/core/pbuf.c.o
                0x10008b50                pbuf_realloc
 .text.pbuf_add_header
                0x10008bdc       0x4c CMakeFiles/pds200Pico2.dir/home/pdsilva/.pico-sdk/sdk/2.2.0/lib/lwip/src/core/pbuf.c.o
                0x10008bdc                pbuf_add_header
 .text.pbuf_remove_header
                0x10008c28       0x38 CMakeFiles/pds200Pico2.dir/home/pdsilva/.pico-sdk/sdk/2.2.0/lib/lwip/src/core/pbuf.c.o
                0x10008c28                pbuf_remove_header
 .text.pbuf_header_force
                0x10008c60       0x68 CMakeFiles/pds200Pico2.dir/home/pdsilva/.pico-sdk/sdk/2.2.0/lib/lwip/src/core/pbuf.c.o
                0x10008c60                pbuf_header_force
 .text.pbuf_free
                0x10008cc8       0x14 CMakeFiles/pds200Pico2.dir/home/pdsilva/.pico-sdk/sdk/2.2.0/lib/lwip/src/core/pbuf.c.o
                0x10008cc8                pbuf_free
 .text.pbuf_clen
                0x10008cdc       0x14 CMakeFiles/pds200Pico2.dir/home/pdsilva/.pico-sdk/sdk/2.2.0/lib/lwip/src/core/pbuf.c.o
                0x10008cdc                pbuf_clen
 .text.pbuf_ref
                0x10008cf0       0x28 CMakeFiles/pds200Pico2.dir/home/pdsilva/.pico-sdk/sdk/2.2.0/lib/lwip/src/core/pbuf.c.o
                0x10008cf0                pbuf_ref
 .text.pbuf_cat
                0x10008d18       0x50 CMakeFiles/pds200Pico2.dir/home/pdsilva/.pico-sdk/sdk/2.2.0/lib/lwip/src/core/pbuf.c.o
                0x10008d18                pbuf_cat
 .text.pbuf_chain
                0x10008d68       0x68 CMakeFiles/pds200Pico2.dir/home/pdsilva/.pico-sdk/sdk/2.2.0/lib/lwip/src/core/pbuf.c.o
                0x10008d68                pbuf_chain
 .text.pbuf_copy_partial_pbuf
                0x10008dd0      0x148 CMakeFiles/pds200Pico2.dir/home/pdsilva/.pico-sdk/sdk/2.2.0/lib/lwip/src/core/pbuf.c.o
                0x10008dd0                pbuf_copy_partial_pbuf
 .text.pbuf_copy
                0x10008f18       0x10 CMakeFiles/pds200Pico2.dir/home/pdsilva/.pico-sdk/sdk/2.2.0/lib/lwip/src/core/pbuf.c.o
                0x10008f18                pbuf_copy
 .text.pbuf_copy_partial
                0x10008f28       0x7c CMakeFiles/pds200Pico2.dir/home/pdsilva/.pico-sdk/sdk/2.2.0/lib/lwip/src/core/pbuf.c.o
                0x10008f28                pbuf_copy_partial
 .text.pbuf_take
                0x10008fa4       0x6c CMakeFiles/pds200Pico2.dir/home/pdsilva/.pico-sdk/sdk/2.2.0/lib/lwip/src/core/pbuf.c.o
                0x10008fa4                pbuf_take
 .text.pbuf_take_at
                0x10009010       0xb4 CMakeFiles/pds200Pico2.dir/home/pdsilva/.pico-sdk/sdk/2.2.0/lib/lwip/src/core/pbuf.c.o
                0x10009010                pbuf_take_at
 .text.pbuf_clone
                0x100090c4       0x2c CMakeFiles/pds200Pico2.dir/home/pdsilva/.pico-sdk/sdk/2.2.0/lib/lwip/src/core/pbuf.c.o
                0x100090c4                pbuf_clone
 .text.pbuf_put_at
                0x100090f0       0x1c CMakeFiles/pds200Pico2.dir/home/pdsilva/.pico-sdk/sdk/2.2.0/lib/lwip/src/core/pbuf.c.o
                0x100090f0                pbuf_put_at
 .text.raw_input
                0x1000910c      0x124 CMakeFiles/pds200Pico2.dir/home/pdsilva/.pico-sdk/sdk/2.2.0/lib/lwip/src/core/raw.c.o
                0x1000910c                raw_input
 .text.raw_netif_ip_addr_changed
                0x10009230       0x3c CMakeFiles/pds200Pico2.dir/home/pdsilva/.pico-sdk/sdk/2.2.0/lib/lwip/src/core/raw.c.o
                0x10009230                raw_netif_ip_addr_changed
 .text.stats_init
                0x1000926c        0x4 CMakeFiles/pds200Pico2.dir/home/pdsilva/.pico-sdk/sdk/2.2.0/lib/lwip/src/core/stats.c.o
                0x1000926c                stats_init
 .text.tcp_close_shutdown_fin
                0x10009270       0x4c CMakeFiles/pds200Pico2.dir/home/pdsilva/.pico-sdk/sdk/2.2.0/lib/lwip/src/core/tcp.c.o
 .text.tcp_pcb_purge.part.0
                0x100092bc       0xb0 CMakeFiles/pds200Pico2.dir/home/pdsilva/.pico-sdk/sdk/2.2.0/lib/lwip/src/core/tcp.c.o
 .text.tcp_init
                0x1000936c       0x18 CMakeFiles/pds200Pico2.dir/home/pdsilva/.pico-sdk/sdk/2.2.0/lib/lwip/src/core/tcp.c.o
                0x1000936c                tcp_init
 .text.tcp_free
                0x10009384       0x20 CMakeFiles/pds200Pico2.dir/home/pdsilva/.pico-sdk/sdk/2.2.0/lib/lwip/src/core/tcp.c.o
                0x10009384                tcp_free
 .text.tcp_bind
                0x100093a4       0xd0 CMakeFiles/pds200Pico2.dir/home/pdsilva/.pico-sdk/sdk/2.2.0/lib/lwip/src/core/tcp.c.o
                0x100093a4                tcp_bind
 .text.tcp_listen_with_backlog
                0x10009474       0xa0 CMakeFiles/pds200Pico2.dir/home/pdsilva/.pico-sdk/sdk/2.2.0/lib/lwip/src/core/tcp.c.o
                0x10009474                tcp_listen_with_backlog
 .text.tcp_update_rcv_ann_wnd
                0x10009514       0x58 CMakeFiles/pds200Pico2.dir/home/pdsilva/.pico-sdk/sdk/2.2.0/lib/lwip/src/core/tcp.c.o
                0x10009514                tcp_update_rcv_ann_wnd
 .text.tcp_recved
                0x1000956c       0x90 CMakeFiles/pds200Pico2.dir/home/pdsilva/.pico-sdk/sdk/2.2.0/lib/lwip/src/core/tcp.c.o
                0x1000956c                tcp_recved
 .text.tcp_slowtmr
                0x100095fc      0x4c4 CMakeFiles/pds200Pico2.dir/home/pdsilva/.pico-sdk/sdk/2.2.0/lib/lwip/src/core/tcp.c.o
                0x100095fc                tcp_slowtmr
 .text.tcp_segs_free
                0x10009ac0       0x34 CMakeFiles/pds200Pico2.dir/home/pdsilva/.pico-sdk/sdk/2.2.0/lib/lwip/src/core/tcp.c.o
                0x10009ac0                tcp_segs_free
 .text.tcp_seg_free
                0x10009af4       0x1c CMakeFiles/pds200Pico2.dir/home/pdsilva/.pico-sdk/sdk/2.2.0/lib/lwip/src/core/tcp.c.o
                0x10009af4                tcp_seg_free
 .text.tcp_seg_copy
                0x10009b10       0x34 CMakeFiles/pds200Pico2.dir/home/pdsilva/.pico-sdk/sdk/2.2.0/lib/lwip/src/core/tcp.c.o
                0x10009b10                tcp_seg_copy
 .text.tcp_arg  0x10009b44        0x8 CMakeFiles/pds200Pico2.dir/home/pdsilva/.pico-sdk/sdk/2.2.0/lib/lwip/src/core/tcp.c.o
                0x10009b44                tcp_arg
 .text.tcp_recv
                0x10009b4c       0x1c CMakeFiles/pds200Pico2.dir/home/pdsilva/.pico-sdk/sdk/2.2.0/lib/lwip/src/core/tcp.c.o
                0x10009b4c                tcp_recv
 .text.tcp_accept
                0x10009b68        0xc CMakeFiles/pds200Pico2.dir/home/pdsilva/.pico-sdk/sdk/2.2.0/lib/lwip/src/core/tcp.c.o
                0x10009b68                tcp_accept
 .text.tcp_pcb_purge
                0x10009b74       0x14 CMakeFiles/pds200Pico2.dir/home/pdsilva/.pico-sdk/sdk/2.2.0/lib/lwip/src/core/tcp.c.o
                0x10009b74                tcp_pcb_purge
 .text.tcp_pcb_remove
                0x10009b88       0xd4 CMakeFiles/pds200Pico2.dir/home/pdsilva/.pico-sdk/sdk/2.2.0/lib/lwip/src/core/tcp.c.o
                0x10009b88                tcp_pcb_remove
 .text.tcp_abandon
                0x10009c5c      0x188 CMakeFiles/pds200Pico2.dir/home/pdsilva/.pico-sdk/sdk/2.2.0/lib/lwip/src/core/tcp.c.o
                0x10009c5c                tcp_abandon
 .text.tcp_abort
                0x10009de4        0x8 CMakeFiles/pds200Pico2.dir/home/pdsilva/.pico-sdk/sdk/2.2.0/lib/lwip/src/core/tcp.c.o
                0x10009de4                tcp_abort
 .text.tcp_accept_null
                0x10009dec       0x1c CMakeFiles/pds200Pico2.dir/home/pdsilva/.pico-sdk/sdk/2.2.0/lib/lwip/src/core/tcp.c.o
 .text.tcp_alloc
                0x10009e08      0x1cc CMakeFiles/pds200Pico2.dir/home/pdsilva/.pico-sdk/sdk/2.2.0/lib/lwip/src/core/tcp.c.o
                0x10009e08                tcp_alloc
 .text.tcp_new  0x10009fd4        0x8 CMakeFiles/pds200Pico2.dir/home/pdsilva/.pico-sdk/sdk/2.2.0/lib/lwip/src/core/tcp.c.o
                0x10009fd4                tcp_new
 .text.tcp_close_shutdown
                0x10009fdc      0x184 CMakeFiles/pds200Pico2.dir/home/pdsilva/.pico-sdk/sdk/2.2.0/lib/lwip/src/core/tcp.c.o
 .text.tcp_recv_null
                0x1000a160       0xc0 CMakeFiles/pds200Pico2.dir/home/pdsilva/.pico-sdk/sdk/2.2.0/lib/lwip/src/core/tcp.c.o
                0x1000a160                tcp_recv_null
 .text.tcp_process_refused_data
                0x1000a220       0x70 CMakeFiles/pds200Pico2.dir/home/pdsilva/.pico-sdk/sdk/2.2.0/lib/lwip/src/core/tcp.c.o
                0x1000a220                tcp_process_refused_data
 .text.tcp_fasttmr
                0x1000a290       0x84 CMakeFiles/pds200Pico2.dir/home/pdsilva/.pico-sdk/sdk/2.2.0/lib/lwip/src/core/tcp.c.o
                0x1000a290                tcp_fasttmr
 .text.tcp_tmr  0x1000a314       0x24 CMakeFiles/pds200Pico2.dir/home/pdsilva/.pico-sdk/sdk/2.2.0/lib/lwip/src/core/tcp.c.o
                0x1000a314                tcp_tmr
 .text.tcp_close
                0x1000a338      0x178 CMakeFiles/pds200Pico2.dir/home/pdsilva/.pico-sdk/sdk/2.2.0/lib/lwip/src/core/tcp.c.o
                0x1000a338                tcp_close
 .text.tcp_next_iss
                0x1000a4b0       0x24 CMakeFiles/pds200Pico2.dir/home/pdsilva/.pico-sdk/sdk/2.2.0/lib/lwip/src/core/tcp.c.o
                0x1000a4b0                tcp_next_iss
 .text.tcp_eff_send_mss_netif
                0x1000a4d4       0x28 CMakeFiles/pds200Pico2.dir/home/pdsilva/.pico-sdk/sdk/2.2.0/lib/lwip/src/core/tcp.c.o
                0x1000a4d4                tcp_eff_send_mss_netif
 .text.tcp_netif_ip_addr_changed
                0x1000a4fc       0x94 CMakeFiles/pds200Pico2.dir/home/pdsilva/.pico-sdk/sdk/2.2.0/lib/lwip/src/core/tcp.c.o
                0x1000a4fc                tcp_netif_ip_addr_changed
 .text.tcp_free_ooseq
                0x1000a590       0x38 CMakeFiles/pds200Pico2.dir/home/pdsilva/.pico-sdk/sdk/2.2.0/lib/lwip/src/core/tcp.c.o
                0x1000a590                tcp_free_ooseq
 .text.tcp_parseopt
                0x1000a5c8      0x1a8 CMakeFiles/pds200Pico2.dir/home/pdsilva/.pico-sdk/sdk/2.2.0/lib/lwip/src/core/tcp_in.c.o
 .text.tcp_oos_insert_segment
                0x1000a770       0x88 CMakeFiles/pds200Pico2.dir/home/pdsilva/.pico-sdk/sdk/2.2.0/lib/lwip/src/core/tcp_in.c.o
 .text.tcp_free_acked_segments.isra.0
                0x1000a7f8       0xb0 CMakeFiles/pds200Pico2.dir/home/pdsilva/.pico-sdk/sdk/2.2.0/lib/lwip/src/core/tcp_in.c.o
 .text.tcp_receive
                0x1000a8a8      0x8b0 CMakeFiles/pds200Pico2.dir/home/pdsilva/.pico-sdk/sdk/2.2.0/lib/lwip/src/core/tcp_in.c.o
 .text.tcp_input
                0x1000b158      0xce4 CMakeFiles/pds200Pico2.dir/home/pdsilva/.pico-sdk/sdk/2.2.0/lib/lwip/src/core/tcp_in.c.o
                0x1000b158                tcp_input
 .text.tcp_trigger_input_pcb_close
                0x1000be3c       0x10 CMakeFiles/pds200Pico2.dir/home/pdsilva/.pico-sdk/sdk/2.2.0/lib/lwip/src/core/tcp_in.c.o
                0x1000be3c                tcp_trigger_input_pcb_close
 .text.tcp_create_segment
                0x1000be4c       0xc4 CMakeFiles/pds200Pico2.dir/home/pdsilva/.pico-sdk/sdk/2.2.0/lib/lwip/src/core/tcp_out.c.o
 .text.tcp_output_control_segment
                0x1000bf10       0xa8 CMakeFiles/pds200Pico2.dir/home/pdsilva/.pico-sdk/sdk/2.2.0/lib/lwip/src/core/tcp_out.c.o
 .text.tcp_write
                0x1000bfb8      0x838 CMakeFiles/pds200Pico2.dir/home/pdsilva/.pico-sdk/sdk/2.2.0/lib/lwip/src/core/tcp_out.c.o
                0x1000bfb8                tcp_write
 .text.tcp_split_unsent_seg
                0x1000c7f0      0x180 CMakeFiles/pds200Pico2.dir/home/pdsilva/.pico-sdk/sdk/2.2.0/lib/lwip/src/core/tcp_out.c.o
                0x1000c7f0                tcp_split_unsent_seg
 .text.tcp_send_fin
                0x1000c970      0x100 CMakeFiles/pds200Pico2.dir/home/pdsilva/.pico-sdk/sdk/2.2.0/lib/lwip/src/core/tcp_out.c.o
                0x1000c970                tcp_send_fin
 .text.tcp_enqueue_flags
                0x1000ca70      0x110 CMakeFiles/pds200Pico2.dir/home/pdsilva/.pico-sdk/sdk/2.2.0/lib/lwip/src/core/tcp_out.c.o
                0x1000ca70                tcp_enqueue_flags
 .text.tcp_rexmit_rto_prepare
                0x1000cb80       0x74 CMakeFiles/pds200Pico2.dir/home/pdsilva/.pico-sdk/sdk/2.2.0/lib/lwip/src/core/tcp_out.c.o
                0x1000cb80                tcp_rexmit_rto_prepare
 .text.tcp_rexmit
                0x1000cbf4       0x78 CMakeFiles/pds200Pico2.dir/home/pdsilva/.pico-sdk/sdk/2.2.0/lib/lwip/src/core/tcp_out.c.o
                0x1000cbf4                tcp_rexmit
 .text.tcp_rexmit_fast
                0x1000cc6c       0x64 CMakeFiles/pds200Pico2.dir/home/pdsilva/.pico-sdk/sdk/2.2.0/lib/lwip/src/core/tcp_out.c.o
                0x1000cc6c                tcp_rexmit_fast
 .text.tcp_rst  0x1000ccd0       0xb4 CMakeFiles/pds200Pico2.dir/home/pdsilva/.pico-sdk/sdk/2.2.0/lib/lwip/src/core/tcp_out.c.o
                0x1000ccd0                tcp_rst
 .text.tcp_rst_netif
                0x1000cd84       0xfc CMakeFiles/pds200Pico2.dir/home/pdsilva/.pico-sdk/sdk/2.2.0/lib/lwip/src/core/tcp_out.c.o
                0x1000cd84                tcp_rst_netif
 .text.tcp_send_empty_ack
                0x1000ce80       0xc4 CMakeFiles/pds200Pico2.dir/home/pdsilva/.pico-sdk/sdk/2.2.0/lib/lwip/src/core/tcp_out.c.o
                0x1000ce80                tcp_send_empty_ack
 .text.tcp_output
                0x1000cf44      0x398 CMakeFiles/pds200Pico2.dir/home/pdsilva/.pico-sdk/sdk/2.2.0/lib/lwip/src/core/tcp_out.c.o
                0x1000cf44                tcp_output
 .text.tcp_rexmit_rto_commit
                0x1000d2dc       0x24 CMakeFiles/pds200Pico2.dir/home/pdsilva/.pico-sdk/sdk/2.2.0/lib/lwip/src/core/tcp_out.c.o
                0x1000d2dc                tcp_rexmit_rto_commit
 .text.tcp_rexmit_rto
                0x1000d300       0x84 CMakeFiles/pds200Pico2.dir/home/pdsilva/.pico-sdk/sdk/2.2.0/lib/lwip/src/core/tcp_out.c.o
                0x1000d300                tcp_rexmit_rto
 .text.tcp_keepalive
                0x1000d384       0xa8 CMakeFiles/pds200Pico2.dir/home/pdsilva/.pico-sdk/sdk/2.2.0/lib/lwip/src/core/tcp_out.c.o
                0x1000d384                tcp_keepalive
 .text.tcp_zero_window_probe
                0x1000d42c      0x148 CMakeFiles/pds200Pico2.dir/home/pdsilva/.pico-sdk/sdk/2.2.0/lib/lwip/src/core/tcp_out.c.o
                0x1000d42c                tcp_zero_window_probe
 .text.tcpip_tcp_timer
                0x1000d574       0x70 CMakeFiles/pds200Pico2.dir/home/pdsilva/.pico-sdk/sdk/2.2.0/lib/lwip/src/core/timeouts.c.o
 .text.lwip_cyclic_timer
                0x1000d5e4       0x90 CMakeFiles/pds200Pico2.dir/home/pdsilva/.pico-sdk/sdk/2.2.0/lib/lwip/src/core/timeouts.c.o
 .text.tcp_timer_needed
                0x1000d674       0x74 CMakeFiles/pds200Pico2.dir/home/pdsilva/.pico-sdk/sdk/2.2.0/lib/lwip/src/core/timeouts.c.o
                0x1000d674                tcp_timer_needed
 .text.sys_timeouts_init
                0x1000d6e8       0x90 CMakeFiles/pds200Pico2.dir/home/pdsilva/.pico-sdk/sdk/2.2.0/lib/lwip/src/core/timeouts.c.o
                0x1000d6e8                sys_timeouts_init
 .text.sys_check_timeouts
                0x1000d778       0x5c CMakeFiles/pds200Pico2.dir/home/pdsilva/.pico-sdk/sdk/2.2.0/lib/lwip/src/core/timeouts.c.o
                0x1000d778                sys_check_timeouts
 .text.sys_timeouts_sleeptime
                0x1000d7d4       0x24 CMakeFiles/pds200Pico2.dir/home/pdsilva/.pico-sdk/sdk/2.2.0/lib/lwip/src/core/timeouts.c.o
                0x1000d7d4                sys_timeouts_sleeptime
 .text.udp_init
                0x1000d7f8       0x18 CMakeFiles/pds200Pico2.dir/home/pdsilva/.pico-sdk/sdk/2.2.0/lib/lwip/src/core/udp.c.o
                0x1000d7f8                udp_init
 .text.udp_input
                0x1000d810      0x2ec CMakeFiles/pds200Pico2.dir/home/pdsilva/.pico-sdk/sdk/2.2.0/lib/lwip/src/core/udp.c.o
                0x1000d810                udp_input
 .text.udp_bind
                0x1000dafc       0xf4 CMakeFiles/pds200Pico2.dir/home/pdsilva/.pico-sdk/sdk/2.2.0/lib/lwip/src/core/udp.c.o
                0x1000dafc                udp_bind
 .text.udp_sendto_if_src
                0x1000dbf0      0x118 CMakeFiles/pds200Pico2.dir/home/pdsilva/.pico-sdk/sdk/2.2.0/lib/lwip/src/core/udp.c.o
                0x1000dbf0                udp_sendto_if_src
 .text.udp_sendto_if
                0x1000dd08       0x40 CMakeFiles/pds200Pico2.dir/home/pdsilva/.pico-sdk/sdk/2.2.0/lib/lwip/src/core/udp.c.o
                0x1000dd08                udp_sendto_if
 .text.udp_sendto
                0x1000dd48       0x7c CMakeFiles/pds200Pico2.dir/home/pdsilva/.pico-sdk/sdk/2.2.0/lib/lwip/src/core/udp.c.o
                0x1000dd48                udp_sendto
 .text.udp_connect
                0x1000ddc4       0x58 CMakeFiles/pds200Pico2.dir/home/pdsilva/.pico-sdk/sdk/2.2.0/lib/lwip/src/core/udp.c.o
                0x1000ddc4                udp_connect
 .text.udp_recv
                0x1000de1c        0x8 CMakeFiles/pds200Pico2.dir/home/pdsilva/.pico-sdk/sdk/2.2.0/lib/lwip/src/core/udp.c.o
                0x1000de1c                udp_recv
 .text.udp_remove
                0x1000de24       0x34 CMakeFiles/pds200Pico2.dir/home/pdsilva/.pico-sdk/sdk/2.2.0/lib/lwip/src/core/udp.c.o
                0x1000de24                udp_remove
 .text.udp_new  0x1000de58       0x1c CMakeFiles/pds200Pico2.dir/home/pdsilva/.pico-sdk/sdk/2.2.0/lib/lwip/src/core/udp.c.o
                0x1000de58                udp_new
 .text.udp_netif_ip_addr_changed
                0x1000de74       0x3c CMakeFiles/pds200Pico2.dir/home/pdsilva/.pico-sdk/sdk/2.2.0/lib/lwip/src/core/udp.c.o
                0x1000de74                udp_netif_ip_addr_changed
 .text.dhcp_create_msg
                0x1000deb0      0x10c CMakeFiles/pds200Pico2.dir/home/pdsilva/.pico-sdk/sdk/2.2.0/lib/lwip/src/core/ipv4/dhcp.c.o
 .text.dhcp_bind
                0x1000dfbc      0x140 CMakeFiles/pds200Pico2.dir/home/pdsilva/.pico-sdk/sdk/2.2.0/lib/lwip/src/core/ipv4/dhcp.c.o
 .text.dhcp_inc_pcb_refcount
                0x1000e0fc       0x64 CMakeFiles/pds200Pico2.dir/home/pdsilva/.pico-sdk/sdk/2.2.0/lib/lwip/src/core/ipv4/dhcp.c.o
 .text.dhcp_option_hostname.isra.0
                0x1000e160       0x7c CMakeFiles/pds200Pico2.dir/home/pdsilva/.pico-sdk/sdk/2.2.0/lib/lwip/src/core/ipv4/dhcp.c.o
 .text.dhcp_handle_ack.isra.0
                0x1000e1dc       0xbc CMakeFiles/pds200Pico2.dir/home/pdsilva/.pico-sdk/sdk/2.2.0/lib/lwip/src/core/ipv4/dhcp.c.o
 .text.dhcp_discover.isra.0
                0x1000e298      0x140 CMakeFiles/pds200Pico2.dir/home/pdsilva/.pico-sdk/sdk/2.2.0/lib/lwip/src/core/ipv4/dhcp.c.o
 .text.dhcp_reboot.isra.0
                0x1000e3d8      0x19c CMakeFiles/pds200Pico2.dir/home/pdsilva/.pico-sdk/sdk/2.2.0/lib/lwip/src/core/ipv4/dhcp.c.o
 .text.dhcp_select.isra.0
                0x1000e574      0x1f8 CMakeFiles/pds200Pico2.dir/home/pdsilva/.pico-sdk/sdk/2.2.0/lib/lwip/src/core/ipv4/dhcp.c.o
 .text.dhcp_recv
                0x1000e76c      0x5ec CMakeFiles/pds200Pico2.dir/home/pdsilva/.pico-sdk/sdk/2.2.0/lib/lwip/src/core/ipv4/dhcp.c.o
 .text.dhcp_conflict_callback
                0x1000ed58      0x13c CMakeFiles/pds200Pico2.dir/home/pdsilva/.pico-sdk/sdk/2.2.0/lib/lwip/src/core/ipv4/dhcp.c.o
 .text.dhcp_set_struct
                0x1000ee94       0x3c CMakeFiles/pds200Pico2.dir/home/pdsilva/.pico-sdk/sdk/2.2.0/lib/lwip/src/core/ipv4/dhcp.c.o
                0x1000ee94                dhcp_set_struct
 .text.dhcp_start
                0x1000eed0       0xb4 CMakeFiles/pds200Pico2.dir/home/pdsilva/.pico-sdk/sdk/2.2.0/lib/lwip/src/core/ipv4/dhcp.c.o
                0x1000eed0                dhcp_start
 .text.dhcp_network_changed_link_up
                0x1000ef84       0x40 CMakeFiles/pds200Pico2.dir/home/pdsilva/.pico-sdk/sdk/2.2.0/lib/lwip/src/core/ipv4/dhcp.c.o
                0x1000ef84                dhcp_network_changed_link_up
 .text.dhcp_renew
                0x1000efc4      0x154 CMakeFiles/pds200Pico2.dir/home/pdsilva/.pico-sdk/sdk/2.2.0/lib/lwip/src/core/ipv4/dhcp.c.o
                0x1000efc4                dhcp_renew
 .text.dhcp_release_and_stop
                0x1000f118      0x16c CMakeFiles/pds200Pico2.dir/home/pdsilva/.pico-sdk/sdk/2.2.0/lib/lwip/src/core/ipv4/dhcp.c.o
                0x1000f118                dhcp_release_and_stop
 .text.dhcp_coarse_tmr
                0x1000f284      0x1e4 CMakeFiles/pds200Pico2.dir/home/pdsilva/.pico-sdk/sdk/2.2.0/lib/lwip/src/core/ipv4/dhcp.c.o
                0x1000f284                dhcp_coarse_tmr
 .text.dhcp_fine_tmr
                0x1000f468       0xa0 CMakeFiles/pds200Pico2.dir/home/pdsilva/.pico-sdk/sdk/2.2.0/lib/lwip/src/core/ipv4/dhcp.c.o
                0x1000f468                dhcp_fine_tmr
 .text.dhcp_stop
                0x1000f508        0x4 CMakeFiles/pds200Pico2.dir/home/pdsilva/.pico-sdk/sdk/2.2.0/lib/lwip/src/core/ipv4/dhcp.c.o
                0x1000f508                dhcp_stop
 .text.etharp_find_entry
                0x1000f50c      0x3cc CMakeFiles/pds200Pico2.dir/home/pdsilva/.pico-sdk/sdk/2.2.0/lib/lwip/src/core/ipv4/etharp.c.o
 .text.etharp_raw
                0x1000f8d8       0xd4 CMakeFiles/pds200Pico2.dir/home/pdsilva/.pico-sdk/sdk/2.2.0/lib/lwip/src/core/ipv4/etharp.c.o
 .text.etharp_output_to_arp_index
                0x1000f9ac       0xb8 CMakeFiles/pds200Pico2.dir/home/pdsilva/.pico-sdk/sdk/2.2.0/lib/lwip/src/core/ipv4/etharp.c.o
 .text.etharp_tmr
                0x1000fa64       0x84 CMakeFiles/pds200Pico2.dir/home/pdsilva/.pico-sdk/sdk/2.2.0/lib/lwip/src/core/ipv4/etharp.c.o
                0x1000fa64                etharp_tmr
 .text.etharp_cleanup_netif
                0x1000fae8      0x164 CMakeFiles/pds200Pico2.dir/home/pdsilva/.pico-sdk/sdk/2.2.0/lib/lwip/src/core/ipv4/etharp.c.o
                0x1000fae8                etharp_cleanup_netif
 .text.etharp_input
                0x1000fc4c      0x17c CMakeFiles/pds200Pico2.dir/home/pdsilva/.pico-sdk/sdk/2.2.0/lib/lwip/src/core/ipv4/etharp.c.o
                0x1000fc4c                etharp_input
 .text.etharp_query
                0x1000fdc8      0x180 CMakeFiles/pds200Pico2.dir/home/pdsilva/.pico-sdk/sdk/2.2.0/lib/lwip/src/core/ipv4/etharp.c.o
                0x1000fdc8                etharp_query
 .text.etharp_output
                0x1000ff48      0x224 CMakeFiles/pds200Pico2.dir/home/pdsilva/.pico-sdk/sdk/2.2.0/lib/lwip/src/core/ipv4/etharp.c.o
                0x1000ff48                etharp_output
 .text.etharp_acd_probe
                0x1001016c       0xd4 CMakeFiles/pds200Pico2.dir/home/pdsilva/.pico-sdk/sdk/2.2.0/lib/lwip/src/core/ipv4/etharp.c.o
                0x1001016c                etharp_acd_probe
 .text.etharp_acd_announce
                0x10010240       0xd0 CMakeFiles/pds200Pico2.dir/home/pdsilva/.pico-sdk/sdk/2.2.0/lib/lwip/src/core/ipv4/etharp.c.o
                0x10010240                etharp_acd_announce
 .text.icmp_input
                0x10010310      0x1b8 CMakeFiles/pds200Pico2.dir/home/pdsilva/.pico-sdk/sdk/2.2.0/lib/lwip/src/core/ipv4/icmp.c.o
                0x10010310                icmp_input
 .text.icmp_dest_unreach
                0x100104c8       0xac CMakeFiles/pds200Pico2.dir/home/pdsilva/.pico-sdk/sdk/2.2.0/lib/lwip/src/core/ipv4/icmp.c.o
                0x100104c8                icmp_dest_unreach
 .text.icmp_time_exceeded
                0x10010574       0xac CMakeFiles/pds200Pico2.dir/home/pdsilva/.pico-sdk/sdk/2.2.0/lib/lwip/src/core/ipv4/icmp.c.o
                0x10010574                icmp_time_exceeded