
There are no discarded input sections

Memory Configuration

Name             Origin             Length             Attributes
ROM              0x00000000         0x00010000         xr
RAM              0x00080000         0x00100000         xrw
*default*        0x00000000         0xffffffff

Linker script and memory map


.vectors        0x00000000      0x2c0
                0x00000000                        . = ALIGN (0x2)
 *(.vectors)
 .vectors       0x00000000      0x2c0 vbug2-2.o

.jumptable      0x00000400        0x0
 *(.jumptable)
 .jumptable     0x00000400        0x0 vbug2-2.o

.text           0x00001000      0x202
                0x00001000                        _start = .
 *(.text .text.*)
 .text          0x00001000      0x202 vbug2-2.o
                0x00001202                        . = ALIGN (0x2)
                0x00001202                        _start_end = .

.code           0x00001202      0x92a
 .code          0x00001202      0x92a vbug2-2.o

.rodata         0x00001b2c     0x15d0
 *(.rodata .rodata.*)
 .rodata        0x00001b2c     0x15cf vbug2-2.o
                0x00001b2c                _OE_BASE_KEYMAP
                0x00001bac                _OE_SHIFT_KEYMAP
                0x00001c2c                _OE_CTRL_KEYMAP
                0x00001cac                _OE_ALT_KEYMAP
                0x00001d2c                _OE_ALTGR_KEYMAP
                0x000030fc                        . = ALIGN (0x2)
 *fill*         0x000030fb        0x1 

.data           0x000030fc      0x5a4
                0x000030fc                        __data_load = LOADADDR (.data)
                0x000030fc                        __data_start = .
 *(.data .data.*)
 .data          0x000030fc      0x5a3 vbug2-2.o
                0x000036a0                        . = ALIGN (0x2)
 *fill*         0x0000369f        0x1 
                0x000036a0                        __data_end = .

DATA            0x000036a0     0x2000
 DATA           0x000036a0     0x2000 vbug2-2.o

.checksum       0x000056a0        0x4
                0x000056a0                        . = ALIGN (0x2)
                0x000056a0                        __checksum_addr = .
                0x000056a0        0x4 LONG 0x0

.bss            0x00080000      0x722
                0x00080000                        __bss_start = .
 *(.bss .bss.*)
 .bss           0x00080000      0x722 vbug2-2.o
 *(COMMON)
                0x00080722                        . = ALIGN (0x2)
                0x00080722                        __bss_end = .

/DISCARD/
 *(.comment)
 *(.note.*)
LOAD vbug2-2.o
OUTPUT(vbug2-2.elf elf32-m68k)
