
There are no discarded input sections

Memory Configuration

Name             Origin             Length             Attributes
ROM              0x00000000         0x00010000         xr
RAM              0x00080000         0x00100000         xrw
*default*        0x00000000         0xffffffff

Linker script and memory map


.vectors        0x00000000        0x8
                0x00000000                        . = ALIGN (0x2)
 *(.vectors)
 .vectors       0x00000000        0x8 test.o

.jumptable
 *(.jumptable)

.text           0x00001000      0x22a
                0x00001000                        _start = .
 *(.text .text.*)
 .text          0x00001000      0x22a test.o
                0x0000122a                        . = ALIGN (0x2)
                0x0000122a                        _start_end = .

.rodata         0x0000122a        0x0
 *(.rodata .rodata.*)
                0x0000122a                        . = ALIGN (0x2)

.data           0x0000122c      0x480 load address 0x0000122a
                0x0000122a                        __data_load = LOADADDR (.data)
                0x0000122c                        __data_start = .
 *(.data .data.*)
 .data          0x0000122c      0x480 test.o
                0x000016ac                        . = ALIGN (0x2)
                0x000016ac                        __data_end = .

.checksum       0x000016ac        0x4 load address 0x000016aa
                0x000016ac                        . = ALIGN (0x2)
                0x000016ac                        __checksum_addr = .
                0x000016ac        0x4 LONG 0x0

.bss            0x00080000     0x2238
                0x00080000                        __bss_start = .
 *(.bss .bss.*)
 .bss           0x00080000     0x2238 test.o
 *(COMMON)
                0x00082238                        . = ALIGN (0x2)
                0x00082238                        __bss_end = .

/DISCARD/
 *(.comment)
 *(.note.*)
LOAD test.o
OUTPUT(test.elf elf32-m68k)
