
There are no discarded input sections

Memory Configuration

Name             Origin             Length             Attributes
ROM              0x00000000         0x00040000         xr
RAM              0x00080000         0x00100000         xrw
*default*        0x00000000         0xffffffff

Linker script and memory map


.vectors        0x00000000      0x2c0
                0x00000000                        . = ALIGN (0x2)
 *(.vectors)
 .vectors       0x00000000      0x2c0 vbug2-0.o

.jumptable      0x00000400        0x0
 *(.jumptable)
 .jumptable     0x00000400        0x0 vbug2-0.o

.text           0x00001000      0xbb8
                0x00001000                        _start = .
 *(.text .text.*)
 .text          0x00001000      0xbb8 vbug2-0.o
                0x00001bb8                        . = ALIGN (0x2)
                0x00001bb8                        _start_end = .

.rodata         0x00001bb8        0x0
 *(.rodata .rodata.*)
                0x00001bb8                        . = ALIGN (0x2)

.data           0x00001bb8      0x534
                0x00001bb8                        __data_load = LOADADDR (.data)
                0x00001bb8                        __data_start = .
 *(.data .data.*)
 .data          0x00001bb8      0x533 vbug2-0.o
                0x000020ec                        . = ALIGN (0x2)
 *fill*         0x000020eb        0x1 
                0x000020ec                        __data_end = .

DATA            0x000020ec     0x2070
 DATA           0x000020ec     0x2070 vbug2-0.o

.checksum       0x0000415c        0x4
                0x0000415c                        . = ALIGN (0x2)
                0x0000415c                        __checksum_addr = .
                0x0000415c        0x4 LONG 0x0

.bss            0x00080000      0x63c
                0x00080000                        __bss_start = .
 *(.bss .bss.*)
 .bss           0x00080000      0x63c vbug2-0.o
 *(COMMON)
                0x0008063c                        . = ALIGN (0x2)
                0x0008063c                        __bss_end = .

/DISCARD/
 *(.comment)
 *(.note.*)
LOAD vbug2-0.o
OUTPUT(vbug2-0.elf elf32-m68k)
